******************************************************************************
             TMS320C2000 Linker PC v6.1.0                      
******************************************************************************
>> Linked Thu Aug 07 12:54:04 2014

OUTPUT FILE NAME:   <IIC_24C02.out>
ENTRY POINT SYMBOL: "_c_int00"  address: 003ea5d1


MEMORY CONFIGURATION

         name            origin    length      used     unused   attr    fill
----------------------  --------  ---------  --------  --------  ----  --------
PAGE 0:
  RAML0                 00008000   00000800  0000001f  000007e1  RWIX
  RAML1                 00008800   00000400  00000000  00000400  RWIX
  OTP                   003d7800   00000400  00000000  00000400  RWIX
  FLASHCDEFGH           003e8000   00004000  0000325b  00000da5  RWIX
  FLASHB2               003f5000   00001000  0000001f  00000fe1  RWIX
  FLASHA                003f6000   00001f80  00000000  00001f80  RWIX
  CSM_RSVD              003f7f80   00000076  00000000  00000076  RWIX
  BEGIN                 003f7ff6   00000002  00000002  00000000  RWIX
  CSM_PWL_P0            003f7ff8   00000008  00000000  00000008  RWIX
  IQTABLES              003fe000   00000b50  00000000  00000b50  RWIX
  IQTABLES2             003feb50   0000008c  00000000  0000008c  RWIX
  IQTABLES3             003febdc   000000aa  00000000  000000aa  RWIX
  ROM                   003ff27c   00000d44  00000000  00000d44  RWIX
  RESET                 003fffc0   00000002  00000000  00000002  RWIX
  VECTORS               003fffc2   0000003e  00000000  0000003e  RWIX

PAGE 1:
  BOOT_RSVD             00000000   00000050  00000000  00000050  RWIX
  RAMM0                 00000050   000003b0  00000300  000000b0  RWIX
  RAMM1                 00000400   00000400  00000400  00000000  RWIX
  DEV_EMU               00000880   00000105  00000004  00000101  RWIX
  SYS_PWR_CTL           00000985   00000003  00000003  00000000  RWIX
  FLASH_REGS            00000a80   00000060  00000008  00000058  RWIX
  CSM                   00000ae0   00000010  00000010  00000000  RWIX
  ADC_RESULT            00000b00   00000020  00000020  00000000  RWIX
  CPU_TIMER0            00000c00   00000008  00000008  00000000  RWIX
  CPU_TIMER1            00000c08   00000008  00000008  00000000  RWIX
  CPU_TIMER2            00000c10   00000008  00000008  00000000  RWIX
  PIE_CTRL              00000ce0   00000020  0000001a  00000006  RWIX
  PIE_VECT              00000d00   00000100  00000100  00000000  RWIX
  CLA1                  00001400   00000080  00000040  00000040  RWIX
  ECANA                 00006000   00000040  00000034  0000000c  RWIX
  ECANA_LAM             00006040   00000040  00000040  00000000  RWIX
  ECANA_MOTS            00006080   00000040  00000040  00000000  RWIX
  ECANA_MOTO            000060c0   00000040  00000040  00000000  RWIX
  ECANA_MBOX            00006100   00000100  00000100  00000000  RWIX
  COMP1                 00006400   00000020  00000014  0000000c  RWIX
  COMP2                 00006420   00000020  00000014  0000000c  RWIX
  COMP3                 00006440   00000020  00000014  0000000c  RWIX
  EPWM1                 00006800   00000040  00000040  00000000  RWIX
  EPWM2                 00006840   00000040  00000040  00000000  RWIX
  EPWM3                 00006880   00000040  00000040  00000000  RWIX
  EPWM4                 000068c0   00000040  00000040  00000000  RWIX
  EPWM5                 00006900   00000040  00000040  00000000  RWIX
  EPWM6                 00006940   00000040  00000040  00000000  RWIX
  EPWM7                 00006980   00000040  00000040  00000000  RWIX
  ECAP1                 00006a00   00000020  00000020  00000000  RWIX
  HRCAP1                00006ac0   00000020  00000020  00000000  RWIX
  HRCAP2                00006ae0   00000020  00000020  00000000  RWIX
  EQEP1                 00006b00   00000040  00000040  00000000  RWIX
  LINA                  00006c00   00000080  0000004a  00000036  RWIX
  GPIOCTRL              00006f80   00000040  00000040  00000000  RWIX
  GPIODAT               00006fc0   00000020  00000020  00000000  RWIX
  GPIOINT               00006fe0   00000020  0000000c  00000014  RWIX
  SYSTEM                00007010   00000020  00000020  00000000  RWIX
  SPIA                  00007040   00000010  00000010  00000000  RWIX
  SCIA                  00007050   00000010  00000010  00000000  RWIX
  NMIINTRUPT            00007060   00000010  00000010  00000000  RWIX
  XINTRUPT              00007070   00000010  00000010  00000000  RWIX
  ADC                   00007100   00000080  00000050  00000030  RWIX
  SPIB                  00007740   00000010  00000010  00000000  RWIX
  I2CA                  00007900   00000040  00000022  0000001e  RWIX
  RAML2                 00008c00   00000400  000003dd  00000023  RWIX
  RAML3                 00009000   00001000  00000000  00001000  RWIX
  PARTID                003d7e80   00000001  00000001  00000000  RWIX
  FLASHB1               003f4000   00001000  00000000  00001000  RWIX
  CSM_PWL               003f7ff8   00000008  00000008  00000000  RWIX


SECTION ALLOCATION MAP

 output                                  attributes/
section   page    origin      length       input sections
--------  ----  ----------  ----------   ----------------
.pinit     0    003e8000    00000000     UNINITIALIZED

.text      0    003e8000    00002acd     
                  003e8000    00000870     rts2800_ml.lib : _printfi.obj (.text)
                  003e8870    00000320     segscan.obj (.text)
                  003e8b90    0000031d     at24c02.obj (.text)
                  003e8ead    00000237     rts2800_ml.lib : lowlev.obj (.text)
                  003e90e4    000001f0                    : trgdrv.obj (.text)
                  003e92d4    000001c8                    : memory.obj (.text)
                  003e949c    0000017c     DSP2803x_DefaultIsr.obj (.text:retain)
                  003e9618    00000170     pwm_led.obj (.text)
                  003e9788    00000137     DSP2803x_SysCtrl.obj (.text)
                  003e98bf    00000136     printf_uart.obj (.text)
                  003e99f5    00000107     rts2800_ml.lib : ll_div.obj (.text)
                  003e9afc    00000100                    : fopen.obj (.text)
                  003e9bfc    000000c4     DSP2803x_EPwm.obj (.text)
                  003e9cc0    000000a5     rts2800_ml.lib : fputs.obj (.text)
                  003e9d65    000000a3     main.obj (.text)
                  003e9e08    0000009e     rts2800_ml.lib : exp.obj (.text)
                  003e9ea6    0000009c                    : fd_add.obj (.text)
                  003e9f42    0000008d                    : _log.obj (.text)
                  003e9fcf    0000008b                    : fd_div.obj (.text)
                  003ea05a    00000083                    : fd_mpy.obj (.text)
                  003ea0dd    00000083                    : fs_div.obj (.text)
                  003ea160    00000083                    : pow.obj (.text)
                  003ea1e3    00000082                    : ankmsg.obj (.text)
                  003ea265    00000078                    : fs_add.obj (.text)
                  003ea2dd    00000076     DSP2803x_CpuTimers.obj (.text)
                  003ea353    00000070     rts2800_ml.lib : setvbuf.obj (.text)
                  003ea3c3    00000065                    : _io_perm.obj (.text)
                  003ea428    00000060                    : fflush.obj (.text)
                  003ea488    0000005a                    : fs_mpy.obj (.text)
                  003ea4e2    00000054     printf_uart.obj (.text:retain)
                  003ea536    00000050     rts2800_ml.lib : fputc.obj (.text)
                  003ea586    0000004b                    : fclose.obj (.text)
                  003ea5d1    00000044                    : boot.obj (.text)
                  003ea615    00000041                    : ldexp.obj (.text)
                  003ea656    0000003d                    : fseek.obj (.text)
                  003ea693    00000032                    : printf.obj (.text)
                  003ea6c5    00000031                    : atoi.obj (.text)
                  003ea6f6    00000030     timer0_base.obj (.text:retain)
                  003ea726    0000002c     rts2800_ml.lib : ltoa.obj (.text)
                  003ea752    0000002a                    : fd_cmp.obj (.text)
                  003ea77c    0000002a                    : l_div.obj (.text)
                  003ea7a6    00000029                    : fs_tol.obj (.text)
                  003ea7cf    00000028     DSP2803x_PieCtrl.obj (.text)
                  003ea7f7    00000025     DSP2803x_PieVect.obj (.text)
                  003ea81c    00000025     rts2800_ml.lib : fs_toi.obj (.text)
                  003ea841    00000022                    : i_div.obj (.text)
                  003ea863    00000022     timer0_base.obj (.text)
                  003ea885    00000021     rts2800_ml.lib : fd_toi.obj (.text)
                  003ea8a6    00000021                    : memcpy_ff.obj (.text)
                  003ea8c7    0000001f                    : fd_tol.obj (.text)
                  003ea8e6    0000001e                    : ll_cmp.obj (.text)
                  003ea904    0000001e                    : strncpy.obj (.text)
                  003ea922    0000001c                    : fs_tofd.obj (.text)
                  003ea93e    0000001c                    : l_tofd.obj (.text)
                  003ea95a    0000001a     DSP2803x_Sci.obj (.text)
                  003ea974    0000001a     rts2800_ml.lib : i_tofs.obj (.text)
                  003ea98e    00000019     DSP2803x_I2C.obj (.text)
                  003ea9a7    00000019     rts2800_ml.lib : args_main.obj (.text)
                  003ea9c0    00000019                    : exit.obj (.text)
                  003ea9d9    00000017                    : fs_cmp.obj (.text)
                  003ea9f0    00000014                    : frexp.obj (.text)
                  003eaa04    00000014                    : ll_mpy.obj (.text)
                  003eaa18    00000013     DSP2803x_Gpio.obj (.text)
                  003eaa2b    00000012     rts2800_ml.lib : memccpy.obj (.text)
                  003eaa3d    00000010                    : u_tofs.obj (.text)
                  003eaa4d    0000000e                    : fd_sub.obj (.text)
                  003eaa5b    0000000d                    : memchr.obj (.text)
                  003eaa68    0000000b                    : strchr.obj (.text)
                  003eaa73    0000000b                    : u_div.obj (.text)
                  003eaa7e    0000000a                    : strcmp.obj (.text)
                  003eaa88    0000000a                    : strlen.obj (.text)
                  003eaa92    00000009     at24c02.obj (.text:retain)
                  003eaa9b    00000009     rts2800_ml.lib : _lock.obj (.text)
                  003eaaa4    00000009                    : fd_neg.obj (.text)
                  003eaaad    00000009                    : strcpy.obj (.text)
                  003eaab6    00000008     DSP2803x_CodeStartBranch.obj (.text)
                  003eaabe    00000007     rts2800_ml.lib : memset.obj (.text)
                  003eaac5    00000005                    : fs_neg.obj (.text)
                  003eaaca    00000003                    : remove.obj (.text)

.econst    0    003eaace    00000680     
                  003eaace    000001b0     main.obj (.econst:.string)
                  003eac7e    00000123     at24c02.obj (.econst:.string)
                  003eada1    00000101     rts2800_ml.lib : ctype.obj (.econst:__ctypes_)
                  003eaea2    00000100     DSP2803x_PieVect.obj (.econst)
                  003eafa2    000000f4     printf_uart.obj (.econst:.string)
                  003eb096    00000055     pwm_led.obj (.econst:.string)
                  003eb0eb    00000001     --HOLE-- [fill = 0]
                  003eb0ec    00000024     rts2800_ml.lib : _printfi.obj (.econst:.string)
                  003eb110    00000023     segscan.obj (.econst:.string)
                  003eb133    00000001     --HOLE-- [fill = 0]
                  003eb134    00000018     rts2800_ml.lib : _printfi.obj (.econst)
                  003eb14c    00000002                    : fputs.obj (.econst:.string)

.cinit     0    003eb14e    0000010e     
                  003eb14e    00000049     segscan.obj (.cinit)
                  003eb197    0000002d     rts2800_ml.lib : lowlev.obj (.cinit)
                  003eb1c4    0000002a                    : defs.obj (.cinit)
                  003eb1ee    00000021     at24c02.obj (.cinit)
                  003eb20f    00000013     main.obj (.cinit)
                  003eb222    0000000b     printf_uart.obj (.cinit)
                  003eb22d    0000000a     rts2800_ml.lib : _lock.obj (.cinit)
                  003eb237    0000000a                    : exit.obj (.cinit)
                  003eb241    00000007     timer0_base.obj (.cinit)
                  003eb248    00000006     pwm_led.obj (.cinit)
                  003eb24e    00000004     rts2800_ml.lib : errno.obj (.cinit)
                  003eb252    00000004                    : fopen.obj (.cinit)
                  003eb256    00000004                    : memory.obj (.cinit)
                  003eb25a    00000002     --HOLE-- [fill = 0]

ramfuncs   0    003f5000    0000001f     RUN ADDR = 00008000
                  003f5000    0000001b     DSP2803x_SysCtrl.obj (ramfuncs)
                  003f501b    00000004     DSP2803x_usDelay.obj (ramfuncs)

codestart 
*          0    003f7ff6    00000002     
                  003f7ff6    00000002     DSP2803x_CodeStartBranch.obj (codestart)

.reset     0    003fffc0    00000002     DSECT
                  003fffc0    00000002     rts2800_ml.lib : boot.obj (.reset)

vectors    0    003fffc2    00000000     DSECT

.stack     1    00000050    00000300     UNINITIALIZED
                  00000050    00000300     --HOLE--

.sysmem    1    00000400    00000400     UNINITIALIZED
                  00000400    00000001     rts2800_ml.lib : memory.obj (.sysmem)
                  00000401    000003ff     --HOLE--

DevEmuRegsFile 
*          1    00000880    00000004     UNINITIALIZED
                  00000880    00000004     DSP2803x_GlobalVariableDefs.obj (DevEmuRegsFile)

SysPwrCtrlRegsFile 
*          1    00000985    00000003     UNINITIALIZED
                  00000985    00000003     DSP2803x_GlobalVariableDefs.obj (SysPwrCtrlRegsFile)

FlashRegsFile 
*          1    00000a80    00000008     UNINITIALIZED
                  00000a80    00000008     DSP2803x_GlobalVariableDefs.obj (FlashRegsFile)

CsmRegsFile 
*          1    00000ae0    00000010     UNINITIALIZED
                  00000ae0    00000010     DSP2803x_GlobalVariableDefs.obj (CsmRegsFile)

AdcResultFile 
*          1    00000b00    00000020     UNINITIALIZED
                  00000b00    00000020     DSP2803x_GlobalVariableDefs.obj (AdcResultFile)

CpuTimer0RegsFile 
*          1    00000c00    00000008     UNINITIALIZED
                  00000c00    00000008     DSP2803x_GlobalVariableDefs.obj (CpuTimer0RegsFile)

CpuTimer1RegsFile 
*          1    00000c08    00000008     UNINITIALIZED
                  00000c08    00000008     DSP2803x_GlobalVariableDefs.obj (CpuTimer1RegsFile)

CpuTimer2RegsFile 
*          1    00000c10    00000008     UNINITIALIZED
                  00000c10    00000008     DSP2803x_GlobalVariableDefs.obj (CpuTimer2RegsFile)

PieCtrlRegsFile 
*          1    00000ce0    0000001a     UNINITIALIZED
                  00000ce0    0000001a     DSP2803x_GlobalVariableDefs.obj (PieCtrlRegsFile)

PieVectTableFile 
*          1    00000d00    00000100     UNINITIALIZED
                  00000d00    00000100     DSP2803x_GlobalVariableDefs.obj (PieVectTableFile)

EmuKeyVar 
*          1    00000d00    00000001     UNINITIALIZED
                  00000d00    00000001     DSP2803x_GlobalVariableDefs.obj (EmuKeyVar)

EmuBModeVar 
*          1    00000d01    00000001     UNINITIALIZED
                  00000d01    00000001     DSP2803x_GlobalVariableDefs.obj (EmuBModeVar)

FlashCallbackVar 
*          1    00000d02    00000002     UNINITIALIZED
                  00000d02    00000002     DSP2803x_GlobalVariableDefs.obj (FlashCallbackVar)

FlashScalingVar 
*          1    00000d04    00000002     UNINITIALIZED
                  00000d04    00000002     DSP2803x_GlobalVariableDefs.obj (FlashScalingVar)

Cla1RegsFile 
*          1    00001400    00000040     UNINITIALIZED
                  00001400    00000040     DSP2803x_GlobalVariableDefs.obj (Cla1RegsFile)

ECanaRegsFile 
*          1    00006000    00000034     UNINITIALIZED
                  00006000    00000034     DSP2803x_GlobalVariableDefs.obj (ECanaRegsFile)

ECanaLAMRegsFile 
*          1    00006040    00000040     UNINITIALIZED
                  00006040    00000040     DSP2803x_GlobalVariableDefs.obj (ECanaLAMRegsFile)

ECanaMOTSRegsFile 
*          1    00006080    00000040     UNINITIALIZED
                  00006080    00000040     DSP2803x_GlobalVariableDefs.obj (ECanaMOTSRegsFile)

ECanaMOTORegsFile 
*          1    000060c0    00000040     UNINITIALIZED
                  000060c0    00000040     DSP2803x_GlobalVariableDefs.obj (ECanaMOTORegsFile)

ECanaMboxesFile 
*          1    00006100    00000100     UNINITIALIZED
                  00006100    00000100     DSP2803x_GlobalVariableDefs.obj (ECanaMboxesFile)

Comp1RegsFile 
*          1    00006400    00000014     UNINITIALIZED
                  00006400    00000014     DSP2803x_GlobalVariableDefs.obj (Comp1RegsFile)

Comp2RegsFile 
*          1    00006420    00000014     UNINITIALIZED
                  00006420    00000014     DSP2803x_GlobalVariableDefs.obj (Comp2RegsFile)

Comp3RegsFile 
*          1    00006440    00000014     UNINITIALIZED
                  00006440    00000014     DSP2803x_GlobalVariableDefs.obj (Comp3RegsFile)

EPwm1RegsFile 
*          1    00006800    00000040     UNINITIALIZED
                  00006800    00000040     DSP2803x_GlobalVariableDefs.obj (EPwm1RegsFile)

EPwm2RegsFile 
*          1    00006840    00000040     UNINITIALIZED
                  00006840    00000040     DSP2803x_GlobalVariableDefs.obj (EPwm2RegsFile)

EPwm3RegsFile 
*          1    00006880    00000040     UNINITIALIZED
                  00006880    00000040     DSP2803x_GlobalVariableDefs.obj (EPwm3RegsFile)

EPwm4RegsFile 
*          1    000068c0    00000040     UNINITIALIZED
                  000068c0    00000040     DSP2803x_GlobalVariableDefs.obj (EPwm4RegsFile)

EPwm5RegsFile 
*          1    00006900    00000040     UNINITIALIZED
                  00006900    00000040     DSP2803x_GlobalVariableDefs.obj (EPwm5RegsFile)

EPwm6RegsFile 
*          1    00006940    00000040     UNINITIALIZED
                  00006940    00000040     DSP2803x_GlobalVariableDefs.obj (EPwm6RegsFile)

EPwm7RegsFile 
*          1    00006980    00000040     UNINITIALIZED
                  00006980    00000040     DSP2803x_GlobalVariableDefs.obj (EPwm7RegsFile)

ECap1RegsFile 
*          1    00006a00    00000020     UNINITIALIZED
                  00006a00    00000020     DSP2803x_GlobalVariableDefs.obj (ECap1RegsFile)

HRCap1RegsFile 
*          1    00006ac0    00000020     UNINITIALIZED
                  00006ac0    00000020     DSP2803x_GlobalVariableDefs.obj (HRCap1RegsFile)

HRCap2RegsFile 
*          1    00006ae0    00000020     UNINITIALIZED
                  00006ae0    00000020     DSP2803x_GlobalVariableDefs.obj (HRCap2RegsFile)

EQep1RegsFile 
*          1    00006b00    00000040     UNINITIALIZED
                  00006b00    00000040     DSP2803x_GlobalVariableDefs.obj (EQep1RegsFile)

LinaRegsFile 
*          1    00006c00    0000004a     UNINITIALIZED
                  00006c00    0000004a     DSP2803x_GlobalVariableDefs.obj (LinaRegsFile)

GpioCtrlRegsFile 
*          1    00006f80    00000040     UNINITIALIZED
                  00006f80    00000040     DSP2803x_GlobalVariableDefs.obj (GpioCtrlRegsFile)

GpioDataRegsFile 
*          1    00006fc0    00000020     UNINITIALIZED
                  00006fc0    00000020     DSP2803x_GlobalVariableDefs.obj (GpioDataRegsFile)

GpioIntRegsFile 
*          1    00006fe0    0000000c     UNINITIALIZED
                  00006fe0    0000000c     DSP2803x_GlobalVariableDefs.obj (GpioIntRegsFile)

SysCtrlRegsFile 
*          1    00007010    00000020     UNINITIALIZED
                  00007010    00000020     DSP2803x_GlobalVariableDefs.obj (SysCtrlRegsFile)

SpiaRegsFile 
*          1    00007040    00000010     UNINITIALIZED
                  00007040    00000010     DSP2803x_GlobalVariableDefs.obj (SpiaRegsFile)

SciaRegsFile 
*          1    00007050    00000010     UNINITIALIZED
                  00007050    00000010     DSP2803x_GlobalVariableDefs.obj (SciaRegsFile)

NmiIntruptRegsFile 
*          1    00007060    00000010     UNINITIALIZED
                  00007060    00000010     DSP2803x_GlobalVariableDefs.obj (NmiIntruptRegsFile)

XIntruptRegsFile 
*          1    00007070    00000010     UNINITIALIZED
                  00007070    00000010     DSP2803x_GlobalVariableDefs.obj (XIntruptRegsFile)

AdcRegsFile 
*          1    00007100    00000050     UNINITIALIZED
                  00007100    00000050     DSP2803x_GlobalVariableDefs.obj (AdcRegsFile)

SpibRegsFile 
*          1    00007740    00000010     UNINITIALIZED
                  00007740    00000010     DSP2803x_GlobalVariableDefs.obj (SpibRegsFile)

I2caRegsFile 
*          1    00007900    00000022     UNINITIALIZED
                  00007900    00000022     DSP2803x_GlobalVariableDefs.obj (I2caRegsFile)

.ebss      1    00008c00    000002bd     UNINITIALIZED
                  00008c00    00000160     rts2800_ml.lib : defs.obj (.ebss)
                  00008d60    00000018     DSP2803x_CpuTimers.obj (.ebss)
                  00008d78    00000008     rts2800_ml.lib : memory.obj (.ebss)
                  00008d80    00000088                    : lowlev.obj (.ebss)
                  00008e08    00000038     segscan.obj (.ebss)
                  00008e40    0000003a     at24c02.obj (.ebss)
                  00008e7a    00000004     rts2800_ml.lib : _lock.obj (.ebss)
                  00008e7e    00000001                    : errno.obj (.ebss)
                  00008e7f    00000001                    : fopen.obj (.ebss)
                  00008e80    00000018     printf_uart.obj (.ebss)
                  00008e98    00000012     main.obj (.ebss)
                  00008eaa    00000008     rts2800_ml.lib : trgdrv.obj (.ebss)
                  00008eb2    00000004                    : exit.obj (.ebss)
                  00008eb6    00000004     timer0_base.obj (.ebss)
                  00008eba    00000003     pwm_led.obj (.ebss)

.cio       1    00008ec0    00000120     UNINITIALIZED
                  00008ec0    00000120     rts2800_ml.lib : ankmsg.obj (.cio)

PartIdRegsFile 
*          1    003d7e80    00000001     UNINITIALIZED
                  003d7e80    00000001     DSP2803x_GlobalVariableDefs.obj (PartIdRegsFile)

CsmPwlFile 
*          1    003f7ff8    00000008     UNINITIALIZED
                  003f7ff8    00000008     DSP2803x_GlobalVariableDefs.obj (CsmPwlFile)


GLOBAL SYMBOLS: SORTED ALPHABETICALLY BY Name 

address    name
--------   ----
003e8000   .text
003ea9c0   C$$EXIT
003ea22e   C$$IO$$
003e9ea6   FD$$ADD
003ea752   FD$$CMP
003e9fcf   FD$$DIV
003ea05a   FD$$MPY
003eaaa4   FD$$NEG
003eaa4d   FD$$SUB
003ea885   FD$$TOI
003ea8c7   FD$$TOL
003ea26a   FS$$ADD
003ea9d9   FS$$CMP
003ea0dd   FS$$DIV
003ea488   FS$$MPY
003eaac5   FS$$NEG
003ea265   FS$$SUB
003ea922   FS$$TOFD
003ea81c   FS$$TOI
003ea7a6   FS$$TOL
003ea841   I$$DIV
003ea852   I$$MOD
003ea974   I$$TOFS
003ea77c   L$$DIV
003ea78b   L$$MOD
003ea93e   L$$TOFD
003ea8e6   LL$$CMP
003e99f5   LL$$DIV
003e9a31   LL$$MOD
003eaa04   LL$$MPY
003eaa73   U$$DIV
003eaa78   U$$MOD
003eaa3d   U$$TOFS
003ea799   UL$$DIV
003ea7a0   UL$$MOD
003ea8f8   ULL$$CMP
003e9a6b   ULL$$DIV
003e9a9a   ULL$$MOD
003e94fb   _ADCINT1_ISR
003e9500   _ADCINT2_ISR
003e95b4   _ADCINT3_ISR
003e95b9   _ADCINT4_ISR
003e95be   _ADCINT5_ISR
003e95c3   _ADCINT6_ISR
003e95c8   _ADCINT7_ISR
003e95cd   _ADCINT8_ISR
003e950f   _ADCINT9_ISR
00008e44   _AT24C02Msg
00007100   _AdcRegs
00000b00   _AdcResult
003e95d2   _CLA1_INT1_ISR
003e95d7   _CLA1_INT2_ISR
003e95dc   _CLA1_INT3_ISR
003e95e1   _CLA1_INT4_ISR
003e95e6   _CLA1_INT5_ISR
003e95eb   _CLA1_INT6_ISR
003e95f0   _CLA1_INT7_ISR
003e95f5   _CLA1_INT8_ISR
003e96a6   _ChangePWMDutyCycle
00001400   _Cla1Regs
00006400   _Comp1Regs
00006420   _Comp2Regs
00006440   _Comp3Regs
003ea31e   _ConfigCpuTimer
00008d70   _CpuTimer0
00000c00   _CpuTimer0Regs
00008d60   _CpuTimer1
00000c08   _CpuTimer1Regs
00008d68   _CpuTimer2
00000c10   _CpuTimer2Regs
003f7ff8   _CsmPwl
00000ae0   _CsmRegs
003e9840   _CsmUnlock
003e94a6   _DATALOG_ISR
0000801b   _DSP28x_usDelay
00000880   _DevEmuRegs
003e97ac   _DisableDog
003e95aa   _ECAN0INTA_ISR
003e95af   _ECAN1INTA_ISR
003e9564   _ECAP1_INT_ISR
00006040   _ECanaLAMRegs
000060c0   _ECanaMOTORegs
00006080   _ECanaMOTSRegs
00006100   _ECanaMboxes
00006000   _ECanaRegs
00006a00   _ECap1Regs
003e9609   _EMPTY_ISR
003e94b0   _EMUINT_ISR
003e9541   _EPWM1_INT_ISR
003e951e   _EPWM1_TZINT_ISR
003e9546   _EPWM2_INT_ISR
003e9523   _EPWM2_TZINT_ISR
003e954b   _EPWM3_INT_ISR
003e9528   _EPWM3_TZINT_ISR
003e9550   _EPWM4_INT_ISR
003e952d   _EPWM4_TZINT_ISR
003e9555   _EPWM5_INT_ISR
003e9532   _EPWM5_TZINT_ISR
003e955a   _EPWM6_INT_ISR
003e9537   _EPWM6_TZINT_ISR
003e955f   _EPWM7_INT_ISR
003e953c   _EPWM7_TZINT_ISR
00006800   _EPwm1Regs
00006840   _EPwm2Regs
00006880   _EPwm3Regs
000068c0   _EPwm4Regs
00006900   _EPwm5Regs
00006940   _EPwm6Regs
00006980   _EPwm7Regs
003e9573   _EQEP1_INT_ISR
00006b00   _EQep1Regs
00000d01   _EmuBMode
00000d00   _EmuKey
003ea7ee   _EnableInterrupts
00008e98   _Error
003e98a9   _ExtOscSel
00000a80   _FlashRegs
00000d04   _Flash_CPUScaleFactor
00000d02   _Flash_CallbackPtr
00006f80   _GpioCtrlRegs
00006fc0   _GpioDataRegs
00006fe0   _GpioIntRegs
003e8870   _HC595_Init
003e8b90   _HIKE_InitI2CGpio
003e92aa   _HOSTclock
003e9283   _HOSTclose
003e925b   _HOSTgetenv
003e9214   _HOSTlseek
003e91dd   _HOSTopen
003e91a7   _HOSTread
003e9169   _HOSTrename
003e913f   _HOSTtime
003e911a   _HOSTunlink
003e90e4   _HOSTwrite
003e9569   _HRCAP1_INT_ISR
003e956e   _HRCAP2_INT_ISR
00006ac0   _HRCap1Regs
00006ae0   _HRCap2Regs
003e8ba6   _I2CA_Init
003e8c44   _I2CA_Rxdata_STOP
003e8bf0   _I2CA_Txdata_NoSTOP
003e8c12   _I2CA_Txdata_STOP
003e958c   _I2CINT1A_ISR
003e9591   _I2CINT2A_ISR
00007900   _I2caRegs
00008e5f   _ICF8591Msg
00008e9a   _IIC_ISR_String
003e94ba   _ILLEGAL_ISR
003e949c   _INT13_ISR
003e94a1   _INT14_ISR
003ea2dd   _InitCpuTimers
003e9bfc   _InitEPwm
003e9c0c   _InitEPwm1Gpio
003e9652   _InitEPwm1_AQ_DB
003e9c1e   _InitEPwm2Gpio
003e9c30   _InitEPwm3Gpio
003e9c44   _InitEPwm4Gpio
003e9c58   _InitEPwm5Gpio
003e9c6a   _InitEPwm6Gpio
003e9618   _InitEPwm7A
003e9c7c   _InitEPwm7Gpio
003e9bfd   _InitEPwmGpio
003e9c8e   _InitEPwmSyncGpio
00008000   _InitFlash
003eaa18   _InitGpio
003ea98e   _InitI2C
003ea98f   _InitI2CGpio
003e9df6   _InitLED
003e9804   _InitPeripheralClocks
003ea7cf   _InitPieCtrl
003ea7f7   _InitPieVectTable
003e97b4   _InitPll
003ea95a   _InitSci
003ea95b   _InitSciGpio
003ea95e   _InitSciaGpio
003e9788   _InitSysCtrl
003e9c9f   _InitTzGpio
003e9871   _IntOsc1Sel
003e9881   _IntOsc2Sel
003e95a0   _LIN0INTA_ISR
003e95a5   _LIN1INTA_ISR
003e9604   _LUF_ISR
003e95ff   _LVF_ISR
00006c00   _LinaRegs
003e94b5   _NMI_ISR
00007060   _NmiIntruptRegs
003e960e   _PIE_RESERVED
00008eba   _PWM7ALED
003d7e80   _PartIdRegs
00000ce0   _PieCtrlRegs
00000d00   _PieVectTable
003eaea2   _PieVectTableInit
00008e42   _PtrMsg
003e94ab   _RTOSINT_ISR
0000001f   _RamfuncsLoadSize
003f5000   _RamfuncsLoadStart
00008000   _RamfuncsRunStart
00008e26   _Running
003e9596   _SCIRXINTA_ISR
003e959b   _SCITXINTA_ISR
003e992f   _SCI_Init
00008e80   _SCI_Msg
00008e16   _SEG7Table
003e9578   _SPIRXINTA_ISR
003e9582   _SPIRXINTB_ISR
003e957d   _SPITXINTA_ISR
003e9587   _SPITXINTB_ISR
00007050   _SciaRegs
003e8a9c   _SegScanTask
003e8892   _Send_One_595
003e97a2   _ServiceDog
003e88b0   _Shuma
003e88c5   _ShumaSlt
00007040   _SpiaRegs
00007740   _SpibRegs
00007010   _SysCtrlRegs
00000985   _SysPwrCtrlRegs
003e9514   _TINT0_ISR
003ea863   _Timer0_init
003e94ec   _USER10_ISR
003e94f1   _USER11_ISR
003e94f6   _USER12_ISR
003e94bf   _USER1_ISR
003e94c4   _USER2_ISR
003e94c9   _USER3_ISR
003e94ce   _USER4_ISR
003e94d3   _USER5_ISR
003e94d8   _USER6_ISR
003e94dd   _USER7_ISR
003e94e2   _USER8_ISR
003e94e7   _USER9_ISR
003e9519   _WAKEINT_ISR
003e9505   _XINT1_ISR
003e950a   _XINT2_ISR
003e95fa   _XINT3_ISR
00007070   _XIntruptRegs
003e9895   _XtalOscSel
00008ec0   __CIOBUF_
00000350   __STACK_END
00000300   __STACK_SIZE
00000400   __SYSMEM_SIZE
00000001   __TI_args_main
ffffffff   ___binit__
ffffffff   ___c_args__
003eb14e   ___cinit__
003eaacd   ___etext__
003ea8a6   ___memcpy_ff
ffffffff   ___pinit__
003e8000   ___text__
003ea9a7   __args_main
003e9b74   __cleanup
00008eb2   __cleanup_ptr
003ea586   __closefile
003eada1   __ctypes_
003ea428   __doflush
00008eb4   __dtors_ptr
00008c00   __ft_end
00008c40   __ftable
00008e7c   __lock
003e9f42   __log
003eaaa3   __nop
003e877e   __printfi
003ea3fd   __rd_ok
003eaa9f   __register_lock
003eaa9b   __register_unlock
00000050   __stack
00000400   __sys_memory
00008cc0   __tmpnams
00008e7a   __unlock
003ea3c3   __wrt_ok
003ea9c0   _abort
003e9086   _add_device
003ea6c5   _atoi
003ea5d1   _c_int00
003e9483   _calloc
003e9481   _chkheap
003e9054   _close
003ea6f6   _cpu_timer0_isr
00008e7e   _errno
003ea9c2   _exit
003e9e08   _exp
003ea5c0   _fclose
003ea457   _fflush
003e9be2   _fopen
003ea536   _fputc
003e9cc0   _fputs
003e92d4   _free
003e9465   _free_memory
003e9b92   _freopen
003ea9f0   _frexp
003ea656   _fseek
00008e0a   _ftestData
003e8c53   _handleCommEEprom
003e98bf   _handleRxFIFO
003e8b41   _handleScanKey
003e96d5   _handleScanKeyforPWM_LED
003eaa92   _i2c_int1a_isr
00008e40   _index
00008e10   _keyStr
003ea615   _ldexp
00008e0c   _ledRam
003e9026   _lseek
003ea726   _ltoa
003e9d65   _main
003e933d   _malloc
003e9445   _max_free
003eaa2b   _memccpy
003eaa5b   _memchr
003eaabe   _memset
003e9319   _minit
003e99b3   _my_close
003e99db   _my_lseek
003e99aa   _my_open
003e99b8   _my_read
003e99eb   _my_rename
003e99e4   _my_unlink
003e99c1   _my_write
003e8fd0   _open
003e997a   _open_uart_debug
00008e08   _poitPosition
003ea160   _pow
003ea699   _printf
003ea536   _putc
003ea581   _putchar
003e9d53   _puts
003e8f82   _read
003ea232   _readmsg
003e9393   _realloc
003eaaca   _remove
003e8f68   _remove_device
003e8f3f   _rename
003e9613   _rsvd_ISR
003e9960   _scia_xmit
003e88ec   _segGetShow
003ea353   _setvbuf
003e8ded   _softResetIIC_BUS
003eaa68   _strchr
003eaa7e   _strcmp
003eaaad   _strcpy
003eaa88   _strlen
003ea904   _strncpy
00008eb6   _timer0Base
003ea4e2   _uartRx_isr
003e8f27   _unlink
003e8ead   _write
003ea1e3   _writemsg
ffffffff   binit
003eb14e   cinit
003f7ff6   code_start
003eaacd   etext
ffffffff   pinit


GLOBAL SYMBOLS: SORTED BY Symbol Address 

address    name
--------   ----
00000001   __TI_args_main
0000001f   _RamfuncsLoadSize
00000050   __stack
00000300   __STACK_SIZE
00000350   __STACK_END
00000400   __SYSMEM_SIZE
00000400   __sys_memory
00000880   _DevEmuRegs
00000985   _SysPwrCtrlRegs
00000a80   _FlashRegs
00000ae0   _CsmRegs
00000b00   _AdcResult
00000c00   _CpuTimer0Regs
00000c08   _CpuTimer1Regs
00000c10   _CpuTimer2Regs
00000ce0   _PieCtrlRegs
00000d00   _EmuKey
00000d00   _PieVectTable
00000d01   _EmuBMode
00000d02   _Flash_CallbackPtr
00000d04   _Flash_CPUScaleFactor
00001400   _Cla1Regs
00006000   _ECanaRegs
00006040   _ECanaLAMRegs
00006080   _ECanaMOTSRegs
000060c0   _ECanaMOTORegs
00006100   _ECanaMboxes
00006400   _Comp1Regs
00006420   _Comp2Regs
00006440   _Comp3Regs
00006800   _EPwm1Regs
00006840   _EPwm2Regs
00006880   _EPwm3Regs
000068c0   _EPwm4Regs
00006900   _EPwm5Regs
00006940   _EPwm6Regs
00006980   _EPwm7Regs
00006a00   _ECap1Regs
00006ac0   _HRCap1Regs
00006ae0   _HRCap2Regs
00006b00   _EQep1Regs
00006c00   _LinaRegs
00006f80   _GpioCtrlRegs
00006fc0   _GpioDataRegs
00006fe0   _GpioIntRegs
00007010   _SysCtrlRegs
00007040   _SpiaRegs
00007050   _SciaRegs
00007060   _NmiIntruptRegs
00007070   _XIntruptRegs
00007100   _AdcRegs
00007740   _SpibRegs
00007900   _I2caRegs
00008000   _InitFlash
00008000   _RamfuncsRunStart
0000801b   _DSP28x_usDelay
00008c00   __ft_end
00008c40   __ftable
00008cc0   __tmpnams
00008d60   _CpuTimer1
00008d68   _CpuTimer2
00008d70   _CpuTimer0
00008e08   _poitPosition
00008e0a   _ftestData
00008e0c   _ledRam
00008e10   _keyStr
00008e16   _SEG7Table
00008e26   _Running
00008e40   _index
00008e42   _PtrMsg
00008e44   _AT24C02Msg
00008e5f   _ICF8591Msg
00008e7a   __unlock
00008e7c   __lock
00008e7e   _errno
00008e80   _SCI_Msg
00008e98   _Error
00008e9a   _IIC_ISR_String
00008eb2   __cleanup_ptr
00008eb4   __dtors_ptr
00008eb6   _timer0Base
00008eba   _PWM7ALED
00008ec0   __CIOBUF_
003d7e80   _PartIdRegs
003e8000   .text
003e8000   ___text__
003e877e   __printfi
003e8870   _HC595_Init
003e8892   _Send_One_595
003e88b0   _Shuma
003e88c5   _ShumaSlt
003e88ec   _segGetShow
003e8a9c   _SegScanTask
003e8b41   _handleScanKey
003e8b90   _HIKE_InitI2CGpio
003e8ba6   _I2CA_Init
003e8bf0   _I2CA_Txdata_NoSTOP
003e8c12   _I2CA_Txdata_STOP
003e8c44   _I2CA_Rxdata_STOP
003e8c53   _handleCommEEprom
003e8ded   _softResetIIC_BUS
003e8ead   _write
003e8f27   _unlink
003e8f3f   _rename
003e8f68   _remove_device
003e8f82   _read
003e8fd0   _open
003e9026   _lseek
003e9054   _close
003e9086   _add_device
003e90e4   _HOSTwrite
003e911a   _HOSTunlink
003e913f   _HOSTtime
003e9169   _HOSTrename
003e91a7   _HOSTread
003e91dd   _HOSTopen
003e9214   _HOSTlseek
003e925b   _HOSTgetenv
003e9283   _HOSTclose
003e92aa   _HOSTclock
003e92d4   _free
003e9319   _minit
003e933d   _malloc
003e9393   _realloc
003e9445   _max_free
003e9465   _free_memory
003e9481   _chkheap
003e9483   _calloc
003e949c   _INT13_ISR
003e94a1   _INT14_ISR
003e94a6   _DATALOG_ISR
003e94ab   _RTOSINT_ISR
003e94b0   _EMUINT_ISR
003e94b5   _NMI_ISR
003e94ba   _ILLEGAL_ISR
003e94bf   _USER1_ISR
003e94c4   _USER2_ISR
003e94c9   _USER3_ISR
003e94ce   _USER4_ISR
003e94d3   _USER5_ISR
003e94d8   _USER6_ISR
003e94dd   _USER7_ISR
003e94e2   _USER8_ISR
003e94e7   _USER9_ISR
003e94ec   _USER10_ISR
003e94f1   _USER11_ISR
003e94f6   _USER12_ISR
003e94fb   _ADCINT1_ISR
003e9500   _ADCINT2_ISR
003e9505   _XINT1_ISR
003e950a   _XINT2_ISR
003e950f   _ADCINT9_ISR
003e9514   _TINT0_ISR
003e9519   _WAKEINT_ISR
003e951e   _EPWM1_TZINT_ISR
003e9523   _EPWM2_TZINT_ISR
003e9528   _EPWM3_TZINT_ISR
003e952d   _EPWM4_TZINT_ISR
003e9532   _EPWM5_TZINT_ISR
003e9537   _EPWM6_TZINT_ISR
003e953c   _EPWM7_TZINT_ISR
003e9541   _EPWM1_INT_ISR
003e9546   _EPWM2_INT_ISR
003e954b   _EPWM3_INT_ISR
003e9550   _EPWM4_INT_ISR
003e9555   _EPWM5_INT_ISR
003e955a   _EPWM6_INT_ISR
003e955f   _EPWM7_INT_ISR
003e9564   _ECAP1_INT_ISR
003e9569   _HRCAP1_INT_ISR
003e956e   _HRCAP2_INT_ISR
003e9573   _EQEP1_INT_ISR
003e9578   _SPIRXINTA_ISR
003e957d   _SPITXINTA_ISR
003e9582   _SPIRXINTB_ISR
003e9587   _SPITXINTB_ISR
003e958c   _I2CINT1A_ISR
003e9591   _I2CINT2A_ISR
003e9596   _SCIRXINTA_ISR
003e959b   _SCITXINTA_ISR
003e95a0   _LIN0INTA_ISR
003e95a5   _LIN1INTA_ISR
003e95aa   _ECAN0INTA_ISR
003e95af   _ECAN1INTA_ISR
003e95b4   _ADCINT3_ISR
003e95b9   _ADCINT4_ISR
003e95be   _ADCINT5_ISR
003e95c3   _ADCINT6_ISR
003e95c8   _ADCINT7_ISR
003e95cd   _ADCINT8_ISR
003e95d2   _CLA1_INT1_ISR
003e95d7   _CLA1_INT2_ISR
003e95dc   _CLA1_INT3_ISR
003e95e1   _CLA1_INT4_ISR
003e95e6   _CLA1_INT5_ISR
003e95eb   _CLA1_INT6_ISR
003e95f0   _CLA1_INT7_ISR
003e95f5   _CLA1_INT8_ISR
003e95fa   _XINT3_ISR
003e95ff   _LVF_ISR
003e9604   _LUF_ISR
003e9609   _EMPTY_ISR
003e960e   _PIE_RESERVED
003e9613   _rsvd_ISR
003e9618   _InitEPwm7A
003e9652   _InitEPwm1_AQ_DB
003e96a6   _ChangePWMDutyCycle
003e96d5   _handleScanKeyforPWM_LED
003e9788   _InitSysCtrl
003e97a2   _ServiceDog
003e97ac   _DisableDog
003e97b4   _InitPll
003e9804   _InitPeripheralClocks
003e9840   _CsmUnlock
003e9871   _IntOsc1Sel
003e9881   _IntOsc2Sel
003e9895   _XtalOscSel
003e98a9   _ExtOscSel
003e98bf   _handleRxFIFO
003e992f   _SCI_Init
003e9960   _scia_xmit
003e997a   _open_uart_debug
003e99aa   _my_open
003e99b3   _my_close
003e99b8   _my_read
003e99c1   _my_write
003e99db   _my_lseek
003e99e4   _my_unlink
003e99eb   _my_rename
003e99f5   LL$$DIV
003e9a31   LL$$MOD
003e9a6b   ULL$$DIV
003e9a9a   ULL$$MOD
003e9b74   __cleanup
003e9b92   _freopen
003e9be2   _fopen
003e9bfc   _InitEPwm
003e9bfd   _InitEPwmGpio
003e9c0c   _InitEPwm1Gpio
003e9c1e   _InitEPwm2Gpio
003e9c30   _InitEPwm3Gpio
003e9c44   _InitEPwm4Gpio
003e9c58   _InitEPwm5Gpio
003e9c6a   _InitEPwm6Gpio
003e9c7c   _InitEPwm7Gpio
003e9c8e   _InitEPwmSyncGpio
003e9c9f   _InitTzGpio
003e9cc0   _fputs
003e9d53   _puts
003e9d65   _main
003e9df6   _InitLED
003e9e08   _exp
003e9ea6   FD$$ADD
003e9f42   __log
003e9fcf   FD$$DIV
003ea05a   FD$$MPY
003ea0dd   FS$$DIV
003ea160   _pow
003ea1e3   _writemsg
003ea22e   C$$IO$$
003ea232   _readmsg
003ea265   FS$$SUB
003ea26a   FS$$ADD
003ea2dd   _InitCpuTimers
003ea31e   _ConfigCpuTimer
003ea353   _setvbuf
003ea3c3   __wrt_ok
003ea3fd   __rd_ok
003ea428   __doflush
003ea457   _fflush
003ea488   FS$$MPY
003ea4e2   _uartRx_isr
003ea536   _fputc
003ea536   _putc
003ea581   _putchar
003ea586   __closefile
003ea5c0   _fclose
003ea5d1   _c_int00
003ea615   _ldexp
003ea656   _fseek
003ea699   _printf
003ea6c5   _atoi
003ea6f6   _cpu_timer0_isr
003ea726   _ltoa
003ea752   FD$$CMP
003ea77c   L$$DIV
003ea78b   L$$MOD
003ea799   UL$$DIV
003ea7a0   UL$$MOD
003ea7a6   FS$$TOL
003ea7cf   _InitPieCtrl
003ea7ee   _EnableInterrupts
003ea7f7   _InitPieVectTable
003ea81c   FS$$TOI
003ea841   I$$DIV
003ea852   I$$MOD
003ea863   _Timer0_init
003ea885   FD$$TOI
003ea8a6   ___memcpy_ff
003ea8c7   FD$$TOL
003ea8e6   LL$$CMP
003ea8f8   ULL$$CMP
003ea904   _strncpy
003ea922   FS$$TOFD
003ea93e   L$$TOFD
003ea95a   _InitSci
003ea95b   _InitSciGpio
003ea95e   _InitSciaGpio
003ea974   I$$TOFS
003ea98e   _InitI2C
003ea98f   _InitI2CGpio
003ea9a7   __args_main
003ea9c0   C$$EXIT
003ea9c0   _abort
003ea9c2   _exit
003ea9d9   FS$$CMP
003ea9f0   _frexp
003eaa04   LL$$MPY
003eaa18   _InitGpio
003eaa2b   _memccpy
003eaa3d   U$$TOFS
003eaa4d   FD$$SUB
003eaa5b   _memchr
003eaa68   _strchr
003eaa73   U$$DIV
003eaa78   U$$MOD
003eaa7e   _strcmp
003eaa88   _strlen
003eaa92   _i2c_int1a_isr
003eaa9b   __register_unlock
003eaa9f   __register_lock
003eaaa3   __nop
003eaaa4   FD$$NEG
003eaaad   _strcpy
003eaabe   _memset
003eaac5   FS$$NEG
003eaaca   _remove
003eaacd   ___etext__
003eaacd   etext
003eada1   __ctypes_
003eaea2   _PieVectTableInit
003eb14e   ___cinit__
003eb14e   cinit
003f5000   _RamfuncsLoadStart
003f7ff6   code_start
003f7ff8   _CsmPwl
ffffffff   ___binit__
ffffffff   ___c_args__
ffffffff   ___pinit__
ffffffff   binit
ffffffff   pinit

[351 symbols]
