******************************************************************************
             TMS320C2000 Linker PC v6.1.0                      
******************************************************************************
>> Linked Tue Jun 24 09:07:55 2014

OUTPUT FILE NAME:   <IIC_ICF8591.out>
ENTRY POINT SYMBOL: "_c_int00"  address: 003ea42b


MEMORY CONFIGURATION

         name            origin    length      used     unused   attr    fill
----------------------  --------  ---------  --------  --------  ----  --------
PAGE 0:
  RAML0                 00008000   00000800  0000001f  000007e1  RWIX
  RAML1                 00008800   00000400  00000000  00000400  RWIX
  OTP                   003d7800   00000400  00000000  00000400  RWIX
  FLASHCDEFGH           003e8000   00004000  00002fc7  00001039  RWIX
  FLASHB2               003f5000   00001000  0000001f  00000fe1  RWIX
  FLASHA                003f6000   00001f80  00000000  00001f80  RWIX
  CSM_RSVD              003f7f80   00000076  00000000  00000076  RWIX
  BEGIN                 003f7ff6   00000002  00000002  00000000  RWIX
  CSM_PWL_P0            003f7ff8   00000008  00000000  00000008  RWIX
  IQTABLES              003fe000   00000b50  00000000  00000b50  RWIX
  IQTABLES2             003feb50   0000008c  00000000  0000008c  RWIX
  IQTABLES3             003febdc   000000aa  00000000  000000aa  RWIX
  ROM                   003ff27c   00000d44  00000000  00000d44  RWIX
  RESET                 003fffc0   00000002  00000000  00000002  RWIX
  VECTORS               003fffc2   0000003e  00000000  0000003e  RWIX

PAGE 1:
  BOOT_RSVD             00000000   00000050  00000000  00000050  RWIX
  RAMM0                 00000050   000003b0  00000300  000000b0  RWIX
  RAMM1                 00000400   00000400  00000400  00000000  RWIX
  DEV_EMU               00000880   00000105  00000004  00000101  RWIX
  SYS_PWR_CTL           00000985   00000003  00000003  00000000  RWIX
  FLASH_REGS            00000a80   00000060  00000008  00000058  RWIX
  CSM                   00000ae0   00000010  00000010  00000000  RWIX
  ADC_RESULT            00000b00   00000020  00000020  00000000  RWIX
  CPU_TIMER0            00000c00   00000008  00000008  00000000  RWIX
  CPU_TIMER1            00000c08   00000008  00000008  00000000  RWIX
  CPU_TIMER2            00000c10   00000008  00000008  00000000  RWIX
  PIE_CTRL              00000ce0   00000020  0000001a  00000006  RWIX
  PIE_VECT              00000d00   00000100  00000100  00000000  RWIX
  CLA1                  00001400   00000080  00000040  00000040  RWIX
  ECANA                 00006000   00000040  00000034  0000000c  RWIX
  ECANA_LAM             00006040   00000040  00000040  00000000  RWIX
  ECANA_MOTS            00006080   00000040  00000040  00000000  RWIX
  ECANA_MOTO            000060c0   00000040  00000040  00000000  RWIX
  ECANA_MBOX            00006100   00000100  00000100  00000000  RWIX
  COMP1                 00006400   00000020  00000014  0000000c  RWIX
  COMP2                 00006420   00000020  00000014  0000000c  RWIX
  COMP3                 00006440   00000020  00000014  0000000c  RWIX
  EPWM1                 00006800   00000040  00000040  00000000  RWIX
  EPWM2                 00006840   00000040  00000040  00000000  RWIX
  EPWM3                 00006880   00000040  00000040  00000000  RWIX
  EPWM4                 000068c0   00000040  00000040  00000000  RWIX
  EPWM5                 00006900   00000040  00000040  00000000  RWIX
  EPWM6                 00006940   00000040  00000040  00000000  RWIX
  EPWM7                 00006980   00000040  00000040  00000000  RWIX
  ECAP1                 00006a00   00000020  00000020  00000000  RWIX
  HRCAP1                00006ac0   00000020  00000020  00000000  RWIX
  HRCAP2                00006ae0   00000020  00000020  00000000  RWIX
  EQEP1                 00006b00   00000040  00000040  00000000  RWIX
  LINA                  00006c00   00000080  0000004a  00000036  RWIX
  GPIOCTRL              00006f80   00000040  00000040  00000000  RWIX
  GPIODAT               00006fc0   00000020  00000020  00000000  RWIX
  GPIOINT               00006fe0   00000020  0000000c  00000014  RWIX
  SYSTEM                00007010   00000020  00000020  00000000  RWIX
  SPIA                  00007040   00000010  00000010  00000000  RWIX
  SCIA                  00007050   00000010  00000010  00000000  RWIX
  NMIINTRUPT            00007060   00000010  00000010  00000000  RWIX
  XINTRUPT              00007070   00000010  00000010  00000000  RWIX
  ADC                   00007100   00000080  00000050  00000030  RWIX
  SPIB                  00007740   00000010  00000010  00000000  RWIX
  I2CA                  00007900   00000040  00000022  0000001e  RWIX
  RAML2                 00008c00   00000400  000003c1  0000003f  RWIX
  RAML3                 00009000   00001000  00000120  00000ee0  RWIX
  PARTID                003d7e80   00000001  00000001  00000000  RWIX
  FLASHB1               003f4000   00001000  00000000  00001000  RWIX
  CSM_PWL               003f7ff8   00000008  00000008  00000000  RWIX


SECTION ALLOCATION MAP

 output                                  attributes/
section   page    origin      length       input sections
--------  ----  ----------  ----------   ----------------
.pinit     0    003e8000    00000000     UNINITIALIZED

.text      0    003e8000    00002945     
                  003e8000    00000870     rts2800_ml.lib : _printfi.obj (.text)
                  003e8870    00000351     segscan.obj (.text)
                  003e8bc1    00000237     rts2800_ml.lib : lowlev.obj (.text)
                  003e8df8    000001f0                    : trgdrv.obj (.text)
                  003e8fe8    000001c8                    : memory.obj (.text)
                  003e91b0    0000017c     DSP2803x_DefaultIsr.obj (.text:retain)
                  003e932c    00000170     pwm_led.obj (.text)
                  003e949c    00000137     DSP2803x_SysCtrl.obj (.text)
                  003e95d3    00000136     printf_uart.obj (.text)
                  003e9709    00000107     rts2800_ml.lib : ll_div.obj (.text)
                  003e9810    00000100                    : fopen.obj (.text)
                  003e9910    000000fd     IIC_ICF8591.obj (.text)
                  003e9a0d    000000ec     main.obj (.text)
                  003e9af9    000000c4     DSP2803x_EPwm.obj (.text)
                  003e9bbd    000000a5     rts2800_ml.lib : fputs.obj (.text)
                  003e9c62    0000009e                    : exp.obj (.text)
                  003e9d00    0000009c                    : fd_add.obj (.text)
                  003e9d9c    0000008d                    : _log.obj (.text)
                  003e9e29    0000008b                    : fd_div.obj (.text)
                  003e9eb4    00000083                    : fd_mpy.obj (.text)
                  003e9f37    00000083                    : fs_div.obj (.text)
                  003e9fba    00000083                    : pow.obj (.text)
                  003ea03d    00000082                    : ankmsg.obj (.text)
                  003ea0bf    00000078                    : fs_add.obj (.text)
                  003ea137    00000076     DSP2803x_CpuTimers.obj (.text)
                  003ea1ad    00000070     rts2800_ml.lib : setvbuf.obj (.text)
                  003ea21d    00000065                    : _io_perm.obj (.text)
                  003ea282    00000060                    : fflush.obj (.text)
                  003ea2e2    0000005a                    : fs_mpy.obj (.text)
                  003ea33c    00000054     printf_uart.obj (.text:retain)
                  003ea390    00000050     rts2800_ml.lib : fputc.obj (.text)
                  003ea3e0    0000004b                    : fclose.obj (.text)
                  003ea42b    00000044                    : boot.obj (.text)
                  003ea46f    00000041                    : ldexp.obj (.text)
                  003ea4b0    0000003d                    : fseek.obj (.text)
                  003ea4ed    00000032     timer0_base.obj (.text:retain)
                  003ea51f    00000032     rts2800_ml.lib : printf.obj (.text)
                  003ea551    00000031                    : atoi.obj (.text)
                  003ea582    0000002c                    : ltoa.obj (.text)
                  003ea5ae    0000002a                    : fd_cmp.obj (.text)
                  003ea5d8    0000002a                    : l_div.obj (.text)
                  003ea602    00000029                    : fs_tol.obj (.text)
                  003ea62b    00000028     DSP2803x_PieCtrl.obj (.text)
                  003ea653    00000025     DSP2803x_PieVect.obj (.text)
                  003ea678    00000025     IIC_ICF8591.obj (.text:retain)
                  003ea69d    00000025     rts2800_ml.lib : fs_toi.obj (.text)
                  003ea6c2    00000022                    : i_div.obj (.text)
                  003ea6e4    00000022     timer0_base.obj (.text)
                  003ea706    00000021     rts2800_ml.lib : fd_toi.obj (.text)
                  003ea727    00000021                    : memcpy_ff.obj (.text)
                  003ea748    0000001f                    : fd_tol.obj (.text)
                  003ea767    0000001e                    : ll_cmp.obj (.text)
                  003ea785    0000001e                    : strncpy.obj (.text)
                  003ea7a3    0000001c                    : fs_tofd.obj (.text)
                  003ea7bf    0000001c                    : l_tofd.obj (.text)
                  003ea7db    0000001a     DSP2803x_Sci.obj (.text)
                  003ea7f5    0000001a     rts2800_ml.lib : i_tofs.obj (.text)
                  003ea80f    00000019     DSP2803x_I2C.obj (.text)
                  003ea828    00000019     rts2800_ml.lib : args_main.obj (.text)
                  003ea841    00000019                    : exit.obj (.text)
                  003ea85a    00000017                    : fs_cmp.obj (.text)
                  003ea871    00000014                    : frexp.obj (.text)
                  003ea885    00000014                    : ll_mpy.obj (.text)
                  003ea899    00000013     DSP2803x_Gpio.obj (.text)
                  003ea8ac    00000012     rts2800_ml.lib : memccpy.obj (.text)
                  003ea8be    00000010                    : u_tofs.obj (.text)
                  003ea8ce    0000000e                    : fd_sub.obj (.text)
                  003ea8dc    0000000d                    : memchr.obj (.text)
                  003ea8e9    0000000b                    : strchr.obj (.text)
                  003ea8f4    0000000b                    : u_div.obj (.text)
                  003ea8ff    0000000a                    : strcmp.obj (.text)
                  003ea909    0000000a                    : strlen.obj (.text)
                  003ea913    00000009                    : _lock.obj (.text)
                  003ea91c    00000009                    : fd_neg.obj (.text)
                  003ea925    00000009                    : strcpy.obj (.text)
                  003ea92e    00000008     DSP2803x_CodeStartBranch.obj (.text)
                  003ea936    00000007     rts2800_ml.lib : memset.obj (.text)
                  003ea93d    00000005                    : fs_neg.obj (.text)
                  003ea942    00000003                    : remove.obj (.text)

.econst    0    003ea946    00000576     
                  003ea946    000001b3     main.obj (.econst:.string)
                  003eaaf9    00000101     rts2800_ml.lib : ctype.obj (.econst:__ctypes_)
                  003eabfa    00000100     DSP2803x_PieVect.obj (.econst)
                  003eacfa    000000f4     printf_uart.obj (.econst:.string)
                  003eadee    00000055     pwm_led.obj (.econst:.string)
                  003eae43    00000001     --HOLE-- [fill = 0]
                  003eae44    00000039     segscan.obj (.econst:.string)
                  003eae7d    00000001     --HOLE-- [fill = 0]
                  003eae7e    00000024     rts2800_ml.lib : _printfi.obj (.econst:.string)
                  003eaea2    00000018                    : _printfi.obj (.econst)
                  003eaeba    00000002                    : fputs.obj (.econst:.string)

.cinit     0    003eaebc    0000010c     
                  003eaebc    00000049     segscan.obj (.cinit)
                  003eaf05    0000002d     rts2800_ml.lib : lowlev.obj (.cinit)
                  003eaf32    0000002a                    : defs.obj (.cinit)
                  003eaf5c    0000001b     main.obj (.cinit)
                  003eaf77    00000014     IIC_ICF8591.obj (.cinit)
                  003eaf8b    0000000b     timer0_base.obj (.cinit)
                  003eaf96    0000000a     printf_uart.obj (.cinit)
                  003eafa0    0000000a     rts2800_ml.lib : _lock.obj (.cinit)
                  003eafaa    0000000a                    : exit.obj (.cinit)
                  003eafb4    00000006     pwm_led.obj (.cinit)
                  003eafba    00000004     rts2800_ml.lib : errno.obj (.cinit)
                  003eafbe    00000004                    : fopen.obj (.cinit)
                  003eafc2    00000004                    : memory.obj (.cinit)
                  003eafc6    00000002     --HOLE-- [fill = 0]

ramfuncs   0    003f5000    0000001f     RUN ADDR = 00008000
                  003f5000    0000001b     DSP2803x_SysCtrl.obj (ramfuncs)
                  003f501b    00000004     DSP2803x_usDelay.obj (ramfuncs)

codestart 
*          0    003f7ff6    00000002     
                  003f7ff6    00000002     DSP2803x_CodeStartBranch.obj (codestart)

.reset     0    003fffc0    00000002     DSECT
                  003fffc0    00000002     rts2800_ml.lib : boot.obj (.reset)

vectors    0    003fffc2    00000000     DSECT

.stack     1    00000050    00000300     UNINITIALIZED
                  00000050    00000300     --HOLE--

.sysmem    1    00000400    00000400     UNINITIALIZED
                  00000400    00000001     rts2800_ml.lib : memory.obj (.sysmem)
                  00000401    000003ff     --HOLE--

DevEmuRegsFile 
*          1    00000880    00000004     UNINITIALIZED
                  00000880    00000004     DSP2803x_GlobalVariableDefs.obj (DevEmuRegsFile)

SysPwrCtrlRegsFile 
*          1    00000985    00000003     UNINITIALIZED
                  00000985    00000003     DSP2803x_GlobalVariableDefs.obj (SysPwrCtrlRegsFile)

FlashRegsFile 
*          1    00000a80    00000008     UNINITIALIZED
                  00000a80    00000008     DSP2803x_GlobalVariableDefs.obj (FlashRegsFile)

CsmRegsFile 
*          1    00000ae0    00000010     UNINITIALIZED
                  00000ae0    00000010     DSP2803x_GlobalVariableDefs.obj (CsmRegsFile)

AdcResultFile 
*          1    00000b00    00000020     UNINITIALIZED
                  00000b00    00000020     DSP2803x_GlobalVariableDefs.obj (AdcResultFile)

CpuTimer0RegsFile 
*          1    00000c00    00000008     UNINITIALIZED
                  00000c00    00000008     DSP2803x_GlobalVariableDefs.obj (CpuTimer0RegsFile)

CpuTimer1RegsFile 
*          1    00000c08    00000008     UNINITIALIZED
                  00000c08    00000008     DSP2803x_GlobalVariableDefs.obj (CpuTimer1RegsFile)

CpuTimer2RegsFile 
*          1    00000c10    00000008     UNINITIALIZED
                  00000c10    00000008     DSP2803x_GlobalVariableDefs.obj (CpuTimer2RegsFile)

PieCtrlRegsFile 
*          1    00000ce0    0000001a     UNINITIALIZED
                  00000ce0    0000001a     DSP2803x_GlobalVariableDefs.obj (PieCtrlRegsFile)

PieVectTableFile 
*          1    00000d00    00000100     UNINITIALIZED
                  00000d00    00000100     DSP2803x_GlobalVariableDefs.obj (PieVectTableFile)

EmuKeyVar 
*          1    00000d00    00000001     UNINITIALIZED
                  00000d00    00000001     DSP2803x_GlobalVariableDefs.obj (EmuKeyVar)

EmuBModeVar 
*          1    00000d01    00000001     UNINITIALIZED
                  00000d01    00000001     DSP2803x_GlobalVariableDefs.obj (EmuBModeVar)

FlashCallbackVar 
*          1    00000d02    00000002     UNINITIALIZED
                  00000d02    00000002     DSP2803x_GlobalVariableDefs.obj (FlashCallbackVar)

FlashScalingVar 
*          1    00000d04    00000002     UNINITIALIZED
                  00000d04    00000002     DSP2803x_GlobalVariableDefs.obj (FlashScalingVar)

Cla1RegsFile 
*          1    00001400    00000040     UNINITIALIZED
                  00001400    00000040     DSP2803x_GlobalVariableDefs.obj (Cla1RegsFile)

ECanaRegsFile 
*          1    00006000    00000034     UNINITIALIZED
                  00006000    00000034     DSP2803x_GlobalVariableDefs.obj (ECanaRegsFile)

ECanaLAMRegsFile 
*          1    00006040    00000040     UNINITIALIZED
                  00006040    00000040     DSP2803x_GlobalVariableDefs.obj (ECanaLAMRegsFile)

ECanaMOTSRegsFile 
*          1    00006080    00000040     UNINITIALIZED
                  00006080    00000040     DSP2803x_GlobalVariableDefs.obj (ECanaMOTSRegsFile)

ECanaMOTORegsFile 
*          1    000060c0    00000040     UNINITIALIZED
                  000060c0    00000040     DSP2803x_GlobalVariableDefs.obj (ECanaMOTORegsFile)

ECanaMboxesFile 
*          1    00006100    00000100     UNINITIALIZED
                  00006100    00000100     DSP2803x_GlobalVariableDefs.obj (ECanaMboxesFile)

Comp1RegsFile 
*          1    00006400    00000014     UNINITIALIZED
                  00006400    00000014     DSP2803x_GlobalVariableDefs.obj (Comp1RegsFile)

Comp2RegsFile 
*          1    00006420    00000014     UNINITIALIZED
                  00006420    00000014     DSP2803x_GlobalVariableDefs.obj (Comp2RegsFile)

Comp3RegsFile 
*          1    00006440    00000014     UNINITIALIZED
                  00006440    00000014     DSP2803x_GlobalVariableDefs.obj (Comp3RegsFile)

EPwm1RegsFile 
*          1    00006800    00000040     UNINITIALIZED
                  00006800    00000040     DSP2803x_GlobalVariableDefs.obj (EPwm1RegsFile)

EPwm2RegsFile 
*          1    00006840    00000040     UNINITIALIZED
                  00006840    00000040     DSP2803x_GlobalVariableDefs.obj (EPwm2RegsFile)

EPwm3RegsFile 
*          1    00006880    00000040     UNINITIALIZED
                  00006880    00000040     DSP2803x_GlobalVariableDefs.obj (EPwm3RegsFile)

EPwm4RegsFile 
*          1    000068c0    00000040     UNINITIALIZED
                  000068c0    00000040     DSP2803x_GlobalVariableDefs.obj (EPwm4RegsFile)

EPwm5RegsFile 
*          1    00006900    00000040     UNINITIALIZED
                  00006900    00000040     DSP2803x_GlobalVariableDefs.obj (EPwm5RegsFile)

EPwm6RegsFile 
*          1    00006940    00000040     UNINITIALIZED
                  00006940    00000040     DSP2803x_GlobalVariableDefs.obj (EPwm6RegsFile)

EPwm7RegsFile 
*          1    00006980    00000040     UNINITIALIZED
                  00006980    00000040     DSP2803x_GlobalVariableDefs.obj (EPwm7RegsFile)

ECap1RegsFile 
*          1    00006a00    00000020     UNINITIALIZED
                  00006a00    00000020     DSP2803x_GlobalVariableDefs.obj (ECap1RegsFile)

HRCap1RegsFile 
*          1    00006ac0    00000020     UNINITIALIZED
                  00006ac0    00000020     DSP2803x_GlobalVariableDefs.obj (HRCap1RegsFile)

HRCap2RegsFile 
*          1    00006ae0    00000020     UNINITIALIZED
                  00006ae0    00000020     DSP2803x_GlobalVariableDefs.obj (HRCap2RegsFile)

EQep1RegsFile 
*          1    00006b00    00000040     UNINITIALIZED
                  00006b00    00000040     DSP2803x_GlobalVariableDefs.obj (EQep1RegsFile)

LinaRegsFile 
*          1    00006c00    0000004a     UNINITIALIZED
                  00006c00    0000004a     DSP2803x_GlobalVariableDefs.obj (LinaRegsFile)

GpioCtrlRegsFile 
*          1    00006f80    00000040     UNINITIALIZED
                  00006f80    00000040     DSP2803x_GlobalVariableDefs.obj (GpioCtrlRegsFile)

GpioDataRegsFile 
*          1    00006fc0    00000020     UNINITIALIZED
                  00006fc0    00000020     DSP2803x_GlobalVariableDefs.obj (GpioDataRegsFile)

GpioIntRegsFile 
*          1    00006fe0    0000000c     UNINITIALIZED
                  00006fe0    0000000c     DSP2803x_GlobalVariableDefs.obj (GpioIntRegsFile)

SysCtrlRegsFile 
*          1    00007010    00000020     UNINITIALIZED
                  00007010    00000020     DSP2803x_GlobalVariableDefs.obj (SysCtrlRegsFile)

SpiaRegsFile 
*          1    00007040    00000010     UNINITIALIZED
                  00007040    00000010     DSP2803x_GlobalVariableDefs.obj (SpiaRegsFile)

SciaRegsFile 
*          1    00007050    00000010     UNINITIALIZED
                  00007050    00000010     DSP2803x_GlobalVariableDefs.obj (SciaRegsFile)

NmiIntruptRegsFile 
*          1    00007060    00000010     UNINITIALIZED
                  00007060    00000010     DSP2803x_GlobalVariableDefs.obj (NmiIntruptRegsFile)

XIntruptRegsFile 
*          1    00007070    00000010     UNINITIALIZED
                  00007070    00000010     DSP2803x_GlobalVariableDefs.obj (XIntruptRegsFile)

AdcRegsFile 
*          1    00007100    00000050     UNINITIALIZED
                  00007100    00000050     DSP2803x_GlobalVariableDefs.obj (AdcRegsFile)

SpibRegsFile 
*          1    00007740    00000010     UNINITIALIZED
                  00007740    00000010     DSP2803x_GlobalVariableDefs.obj (SpibRegsFile)

I2caRegsFile 
*          1    00007900    00000022     UNINITIALIZED
                  00007900    00000022     DSP2803x_GlobalVariableDefs.obj (I2caRegsFile)

.ebss      1    00008c00    000003c1     UNINITIALIZED
                  00008c00    00000160     rts2800_ml.lib : defs.obj (.ebss)
                  00008d60    00000018     DSP2803x_CpuTimers.obj (.ebss)
                  00008d78    00000008     rts2800_ml.lib : memory.obj (.ebss)
                  00008d80    00000140     main.obj (.ebss)
                  00008ec0    00000088     rts2800_ml.lib : lowlev.obj (.ebss)
                  00008f48    00000038     segscan.obj (.ebss)
                  00008f80    00000017     printf_uart.obj (.ebss)
                  00008f97    0000000f     IIC_ICF8591.obj (.ebss)
                  00008fa6    00000008     rts2800_ml.lib : trgdrv.obj (.ebss)
                  00008fae    00000006     timer0_base.obj (.ebss)
                  00008fb4    00000004     rts2800_ml.lib : _lock.obj (.ebss)
                  00008fb8    00000004                    : exit.obj (.ebss)
                  00008fbc    00000003     pwm_led.obj (.ebss)
                  00008fbf    00000001     rts2800_ml.lib : errno.obj (.ebss)
                  00008fc0    00000001                    : fopen.obj (.ebss)

.cio       1    00009000    00000120     UNINITIALIZED
                  00009000    00000120     rts2800_ml.lib : ankmsg.obj (.cio)

PartIdRegsFile 
*          1    003d7e80    00000001     UNINITIALIZED
                  003d7e80    00000001     DSP2803x_GlobalVariableDefs.obj (PartIdRegsFile)

CsmPwlFile 
*          1    003f7ff8    00000008     UNINITIALIZED
                  003f7ff8    00000008     DSP2803x_GlobalVariableDefs.obj (CsmPwlFile)


GLOBAL SYMBOLS: SORTED ALPHABETICALLY BY Name 

address    name
--------   ----
003e8000   .text
003ea841   C$$EXIT
003ea088   C$$IO$$
003e9d00   FD$$ADD
003ea5ae   FD$$CMP
003e9e29   FD$$DIV
003e9eb4   FD$$MPY
003ea91c   FD$$NEG
003ea8ce   FD$$SUB
003ea706   FD$$TOI
003ea748   FD$$TOL
003ea0c4   FS$$ADD
003ea85a   FS$$CMP
003e9f37   FS$$DIV
003ea2e2   FS$$MPY
003ea93d   FS$$NEG
003ea0bf   FS$$SUB
003ea7a3   FS$$TOFD
003ea69d   FS$$TOI
003ea602   FS$$TOL
003ea6c2   I$$DIV
003ea6d3   I$$MOD
003ea7f5   I$$TOFS
003ea5d8   L$$DIV
003ea5e7   L$$MOD
003ea7bf   L$$TOFD
003ea767   LL$$CMP
003e9709   LL$$DIV
003e9745   LL$$MOD
003ea885   LL$$MPY
003ea8f4   U$$DIV
003ea8f9   U$$MOD
003ea8be   U$$TOFS
003ea5f5   UL$$DIV
003ea5fc   UL$$MOD
003ea779   ULL$$CMP
003e977f   ULL$$DIV
003e97ae   ULL$$MOD
003e920f   _ADCINT1_ISR
003e9214   _ADCINT2_ISR
003e92c8   _ADCINT3_ISR
003e92cd   _ADCINT4_ISR
003e92d2   _ADCINT5_ISR
003e92d7   _ADCINT6_ISR
003e92dc   _ADCINT7_ISR
003e92e1   _ADCINT8_ISR
003e9223   _ADCINT9_ISR
00007100   _AdcRegs
00000b00   _AdcResult
003e92e6   _CLA1_INT1_ISR
003e92eb   _CLA1_INT2_ISR
003e92f0   _CLA1_INT3_ISR
003e92f5   _CLA1_INT4_ISR
003e92fa   _CLA1_INT5_ISR
003e92ff   _CLA1_INT6_ISR
003e9304   _CLA1_INT7_ISR
003e9309   _CLA1_INT8_ISR
003e93ba   _ChangePWMDutyCycle
00001400   _Cla1Regs
00006400   _Comp1Regs
00006420   _Comp2Regs
00006440   _Comp3Regs
003ea178   _ConfigCpuTimer
00008d70   _CpuTimer0
00000c00   _CpuTimer0Regs
00008d60   _CpuTimer1
00000c08   _CpuTimer1Regs
00008d68   _CpuTimer2
00000c10   _CpuTimer2Regs
003f7ff8   _CsmPwl
00000ae0   _CsmRegs
003e9554   _CsmUnlock
003e91ba   _DATALOG_ISR
00008d81   _DIr
0000801b   _DSP28x_usDelay
00000880   _DevEmuRegs
003e94c0   _DisableDog
003e92be   _ECAN0INTA_ISR
003e92c3   _ECAN1INTA_ISR
003e9278   _ECAP1_INT_ISR
00006040   _ECanaLAMRegs
000060c0   _ECanaMOTORegs
00006080   _ECanaMOTSRegs
00006100   _ECanaMboxes
00006000   _ECanaRegs
00006a00   _ECap1Regs
00008d80   _EEindex
003e931d   _EMPTY_ISR
003e91c4   _EMUINT_ISR
003e9255   _EPWM1_INT_ISR
003e9232   _EPWM1_TZINT_ISR
003e925a   _EPWM2_INT_ISR
003e9237   _EPWM2_TZINT_ISR
003e925f   _EPWM3_INT_ISR
003e923c   _EPWM3_TZINT_ISR
003e9264   _EPWM4_INT_ISR
003e9241   _EPWM4_TZINT_ISR
003e9269   _EPWM5_INT_ISR
003e9246   _EPWM5_TZINT_ISR
003e926e   _EPWM6_INT_ISR
003e924b   _EPWM6_TZINT_ISR
003e9273   _EPWM7_INT_ISR
003e9250   _EPWM7_TZINT_ISR
00006800   _EPwm1Regs
00006840   _EPwm2Regs
00006880   _EPwm3Regs
000068c0   _EPwm4Regs
00006900   _EPwm5Regs
00006940   _EPwm6Regs
00006980   _EPwm7Regs
003e9287   _EQEP1_INT_ISR
00006b00   _EQep1Regs
00000d01   _EmuBMode
00000d00   _EmuKey
003ea64a   _EnableInterrupts
003e95bd   _ExtOscSel
00000a80   _FlashRegs
00000d04   _Flash_CPUScaleFactor
00000d02   _Flash_CallbackPtr
00006f80   _GpioCtrlRegs
00006fc0   _GpioDataRegs
00006fe0   _GpioIntRegs
003e8870   _HC595_Init
003e99b9   _HIKE_InitI2CGpio
003e8fbe   _HOSTclock
003e8f97   _HOSTclose
003e8f6f   _HOSTgetenv
003e8f28   _HOSTlseek
003e8ef1   _HOSTopen
003e8ebb   _HOSTread
003e8e7d   _HOSTrename
003e8e53   _HOSTtime
003e8e2e   _HOSTunlink
003e8df8   _HOSTwrite
003e927d   _HRCAP1_INT_ISR
003e9282   _HRCAP2_INT_ISR
00006ac0   _HRCap1Regs
00006ae0   _HRCap2Regs
003e9910   _I2CA_Init
003e997d   _I2CA_Rxdata_STOP
003e9962   _I2CA_Txdata_NoSTOP
003e998b   _I2CA_Txdata_STOP
003e92a0   _I2CINT1A_ISR
003e92a5   _I2CINT2A_ISR
00007900   _I2caRegs
003e99cf   _ICF8591Handle
00008f98   _ICF8591Msg
00008d84   _IIC_ISR_String
003e91ce   _ILLEGAL_ISR
003e91b0   _INT13_ISR
003e91b5   _INT14_ISR
003ea137   _InitCpuTimers
003e9af9   _InitEPwm
003e9b09   _InitEPwm1Gpio
003e9366   _InitEPwm1_AQ_DB
003e9b1b   _InitEPwm2Gpio
003e9b2d   _InitEPwm3Gpio
003e9b41   _InitEPwm4Gpio
003e9b55   _InitEPwm5Gpio
003e9b67   _InitEPwm6Gpio
003e932c   _InitEPwm7A
003e9b79   _InitEPwm7Gpio
003e9afa   _InitEPwmGpio
003e9b8b   _InitEPwmSyncGpio
00008000   _InitFlash
003ea899   _InitGpio
003ea80f   _InitI2C
003ea810   _InitI2CGpio
003e9ae7   _InitLED
003e9518   _InitPeripheralClocks
003ea62b   _InitPieCtrl
003ea653   _InitPieVectTable
003e94c8   _InitPll
003ea7db   _InitSci
003ea7dc   _InitSciGpio
003ea7df   _InitSciaGpio
003e949c   _InitSysCtrl
003e9b9c   _InitTzGpio
003e9585   _IntOsc1Sel
003e9595   _IntOsc2Sel
003e92b4   _LIN0INTA_ISR
003e92b9   _LIN1INTA_ISR
003e9318   _LUF_ISR
003e9313   _LVF_ISR
00006c00   _LinaRegs
003e91c9   _NMI_ISR
00007060   _NmiIntruptRegs
003e9322   _PIE_RESERVED
00008fbc   _PWM7ALED
003d7e80   _PartIdRegs
00000ce0   _PieCtrlRegs
00000d00   _PieVectTable
003eabfa   _PieVectTableInit
003e91bf   _RTOSINT_ISR
0000001f   _RamfuncsLoadSize
003f5000   _RamfuncsLoadStart
00008000   _RamfuncsRunStart
00008f66   _Running
003e92aa   _SCIRXINTA_ISR
003e92af   _SCITXINTA_ISR
003e9643   _SCI_Init
00008f80   _SCI_Msg
00008f56   _SEG7Table
003e928c   _SPIRXINTA_ISR
003e9296   _SPIRXINTB_ISR
003e9291   _SPITXINTA_ISR
003e929b   _SPITXINTB_ISR
00007050   _SciaRegs
003e8a9c   _SegScanTask
003e8892   _Send_One_595
003e94b6   _ServiceDog
003e88b0   _Shuma
003e88c5   _ShumaSlt
00007040   _SpiaRegs
00007740   _SpibRegs
00007010   _SysCtrlRegs
00000985   _SysPwrCtrlRegs
003e9228   _TINT0_ISR
003ea6e4   _Timer0_init
003e9200   _USER10_ISR
003e9205   _USER11_ISR
003e920a   _USER12_ISR
003e91d3   _USER1_ISR
003e91d8   _USER2_ISR
003e91dd   _USER3_ISR
003e91e2   _USER4_ISR
003e91e7   _USER5_ISR
003e91ec   _USER6_ISR
003e91f1   _USER7_ISR
003e91f6   _USER8_ISR
003e91fb   _USER9_ISR
003e922d   _WAKEINT_ISR
003e9219   _XINT1_ISR
003e921e   _XINT2_ISR
003e930e   _XINT3_ISR
00007070   _XIntruptRegs
003e95a9   _XtalOscSel
00009000   __CIOBUF_
00000350   __STACK_END
00000300   __STACK_SIZE
00000400   __SYSMEM_SIZE
00000001   __TI_args_main
ffffffff   ___binit__
ffffffff   ___c_args__
003eaebc   ___cinit__
003ea945   ___etext__
003ea727   ___memcpy_ff
ffffffff   ___pinit__
003e8000   ___text__
003ea828   __args_main
003e9888   __cleanup
00008fb8   __cleanup_ptr
003ea3e0   __closefile
003eaaf9   __ctypes_
003ea282   __doflush
00008fba   __dtors_ptr
00008c00   __ft_end
00008c40   __ftable
00008fb6   __lock
003e9d9c   __log
003ea91b   __nop
003e877e   __printfi
003ea257   __rd_ok
003ea917   __register_lock
003ea913   __register_unlock
00000050   __stack
00000400   __sys_memory
00008cc0   __tmpnams
00008fb4   __unlock
003ea21d   __wrt_ok
003ea841   _abort
003e8d9a   _add_device
003ea551   _atoi
003ea42b   _c_int00
003e9197   _calloc
003e9195   _chkheap
003e8d68   _close
003ea4ed   _cpu_timer0_isr
00008dc0   _dataBuf
00008fbf   _errno
003ea843   _exit
003e9c62   _exp
003ea41a   _fclose
003ea2b1   _fflush
003e98f6   _fopen
003ea390   _fputc
003e9bbd   _fputs
003e8fe8   _free
003e9179   _free_memory
003e98a6   _freopen
003ea871   _frexp
003ea4b0   _fseek
00008f4a   _ftestData
003e95d3   _handleRxFIFO
003e8b3e   _handleScanKey
003e93e9   _handleScanKeyforPWM_LED
00008d82   _i
003ea678   _i2c_int1a_isr
00008f97   _index
00008f50   _keyStr
003ea46f   _ldexp
00008f4c   _ledRam
003e8d3a   _lseek
003ea582   _ltoa
003e9a0d   _main
003e9051   _malloc
003e9159   _max_free
003ea8ac   _memccpy
003ea8dc   _memchr
003ea936   _memset
003e902d   _minit
003e96c7   _my_close
003e96ef   _my_lseek
003e96be   _my_open
003e96cc   _my_read
003e96ff   _my_rename
003e96f8   _my_unlink
003e96d5   _my_write
003e8ce4   _open
003e968e   _open_uart_debug
00008f48   _poitPosition
003e9fba   _pow
003ea525   _printf
003ea390   _putc
003ea3db   _putchar
003e9c50   _puts
003e8c96   _read
003ea08c   _readmsg
003e90a7   _realloc
003ea942   _remove
003e8c7c   _remove_device
003e8c53   _rename
003e9327   _rsvd_ISR
00008e40   _rxdataBuf
003e9674   _scia_xmit
003e88ec   _segGetShow
003ea1ad   _setvbuf
003ea8e9   _strchr
003ea8ff   _strcmp
003ea925   _strcpy
003ea909   _strlen
003ea785   _strncpy
00008fb0   _timer0Base
003ea33c   _uartRx_isr
003e8c3b   _unlink
003e8bc1   _write
003ea03d   _writemsg
ffffffff   binit
003eaebc   cinit
003f7ff6   code_start
003ea945   etext
ffffffff   pinit


GLOBAL SYMBOLS: SORTED BY Symbol Address 

address    name
--------   ----
00000001   __TI_args_main
0000001f   _RamfuncsLoadSize
00000050   __stack
00000300   __STACK_SIZE
00000350   __STACK_END
00000400   __SYSMEM_SIZE
00000400   __sys_memory
00000880   _DevEmuRegs
00000985   _SysPwrCtrlRegs
00000a80   _FlashRegs
00000ae0   _CsmRegs
00000b00   _AdcResult
00000c00   _CpuTimer0Regs
00000c08   _CpuTimer1Regs
00000c10   _CpuTimer2Regs
00000ce0   _PieCtrlRegs
00000d00   _EmuKey
00000d00   _PieVectTable
00000d01   _EmuBMode
00000d02   _Flash_CallbackPtr
00000d04   _Flash_CPUScaleFactor
00001400   _Cla1Regs
00006000   _ECanaRegs
00006040   _ECanaLAMRegs
00006080   _ECanaMOTSRegs
000060c0   _ECanaMOTORegs
00006100   _ECanaMboxes
00006400   _Comp1Regs
00006420   _Comp2Regs
00006440   _Comp3Regs
00006800   _EPwm1Regs
00006840   _EPwm2Regs
00006880   _EPwm3Regs
000068c0   _EPwm4Regs
00006900   _EPwm5Regs
00006940   _EPwm6Regs
00006980   _EPwm7Regs
00006a00   _ECap1Regs
00006ac0   _HRCap1Regs
00006ae0   _HRCap2Regs
00006b00   _EQep1Regs
00006c00   _LinaRegs
00006f80   _GpioCtrlRegs
00006fc0   _GpioDataRegs
00006fe0   _GpioIntRegs
00007010   _SysCtrlRegs
00007040   _SpiaRegs
00007050   _SciaRegs
00007060   _NmiIntruptRegs
00007070   _XIntruptRegs
00007100   _AdcRegs
00007740   _SpibRegs
00007900   _I2caRegs
00008000   _InitFlash
00008000   _RamfuncsRunStart
0000801b   _DSP28x_usDelay
00008c00   __ft_end
00008c40   __ftable
00008cc0   __tmpnams
00008d60   _CpuTimer1
00008d68   _CpuTimer2
00008d70   _CpuTimer0
00008d80   _EEindex
00008d81   _DIr
00008d82   _i
00008d84   _IIC_ISR_String
00008dc0   _dataBuf
00008e40   _rxdataBuf
00008f48   _poitPosition
00008f4a   _ftestData
00008f4c   _ledRam
00008f50   _keyStr
00008f56   _SEG7Table
00008f66   _Running
00008f80   _SCI_Msg
00008f97   _index
00008f98   _ICF8591Msg
00008fb0   _timer0Base
00008fb4   __unlock
00008fb6   __lock
00008fb8   __cleanup_ptr
00008fba   __dtors_ptr
00008fbc   _PWM7ALED
00008fbf   _errno
00009000   __CIOBUF_
003d7e80   _PartIdRegs
003e8000   .text
003e8000   ___text__
003e877e   __printfi
003e8870   _HC595_Init
003e8892   _Send_One_595
003e88b0   _Shuma
003e88c5   _ShumaSlt
003e88ec   _segGetShow
003e8a9c   _SegScanTask
003e8b3e   _handleScanKey
003e8bc1   _write
003e8c3b   _unlink
003e8c53   _rename
003e8c7c   _remove_device
003e8c96   _read
003e8ce4   _open
003e8d3a   _lseek
003e8d68   _close
003e8d9a   _add_device
003e8df8   _HOSTwrite
003e8e2e   _HOSTunlink
003e8e53   _HOSTtime
003e8e7d   _HOSTrename
003e8ebb   _HOSTread
003e8ef1   _HOSTopen
003e8f28   _HOSTlseek
003e8f6f   _HOSTgetenv
003e8f97   _HOSTclose
003e8fbe   _HOSTclock
003e8fe8   _free
003e902d   _minit
003e9051   _malloc
003e90a7   _realloc
003e9159   _max_free
003e9179   _free_memory
003e9195   _chkheap
003e9197   _calloc
003e91b0   _INT13_ISR
003e91b5   _INT14_ISR
003e91ba   _DATALOG_ISR
003e91bf   _RTOSINT_ISR
003e91c4   _EMUINT_ISR
003e91c9   _NMI_ISR
003e91ce   _ILLEGAL_ISR
003e91d3   _USER1_ISR
003e91d8   _USER2_ISR
003e91dd   _USER3_ISR
003e91e2   _USER4_ISR
003e91e7   _USER5_ISR
003e91ec   _USER6_ISR
003e91f1   _USER7_ISR
003e91f6   _USER8_ISR
003e91fb   _USER9_ISR
003e9200   _USER10_ISR
003e9205   _USER11_ISR
003e920a   _USER12_ISR
003e920f   _ADCINT1_ISR
003e9214   _ADCINT2_ISR
003e9219   _XINT1_ISR
003e921e   _XINT2_ISR
003e9223   _ADCINT9_ISR
003e9228   _TINT0_ISR
003e922d   _WAKEINT_ISR
003e9232   _EPWM1_TZINT_ISR
003e9237   _EPWM2_TZINT_ISR
003e923c   _EPWM3_TZINT_ISR
003e9241   _EPWM4_TZINT_ISR
003e9246   _EPWM5_TZINT_ISR
003e924b   _EPWM6_TZINT_ISR
003e9250   _EPWM7_TZINT_ISR
003e9255   _EPWM1_INT_ISR
003e925a   _EPWM2_INT_ISR
003e925f   _EPWM3_INT_ISR
003e9264   _EPWM4_INT_ISR
003e9269   _EPWM5_INT_ISR
003e926e   _EPWM6_INT_ISR
003e9273   _EPWM7_INT_ISR
003e9278   _ECAP1_INT_ISR
003e927d   _HRCAP1_INT_ISR
003e9282   _HRCAP2_INT_ISR
003e9287   _EQEP1_INT_ISR
003e928c   _SPIRXINTA_ISR
003e9291   _SPITXINTA_ISR
003e9296   _SPIRXINTB_ISR
003e929b   _SPITXINTB_ISR
003e92a0   _I2CINT1A_ISR
003e92a5   _I2CINT2A_ISR
003e92aa   _SCIRXINTA_ISR
003e92af   _SCITXINTA_ISR
003e92b4   _LIN0INTA_ISR
003e92b9   _LIN1INTA_ISR
003e92be   _ECAN0INTA_ISR
003e92c3   _ECAN1INTA_ISR
003e92c8   _ADCINT3_ISR
003e92cd   _ADCINT4_ISR
003e92d2   _ADCINT5_ISR
003e92d7   _ADCINT6_ISR
003e92dc   _ADCINT7_ISR
003e92e1   _ADCINT8_ISR
003e92e6   _CLA1_INT1_ISR
003e92eb   _CLA1_INT2_ISR
003e92f0   _CLA1_INT3_ISR
003e92f5   _CLA1_INT4_ISR
003e92fa   _CLA1_INT5_ISR
003e92ff   _CLA1_INT6_ISR
003e9304   _CLA1_INT7_ISR
003e9309   _CLA1_INT8_ISR
003e930e   _XINT3_ISR
003e9313   _LVF_ISR
003e9318   _LUF_ISR
003e931d   _EMPTY_ISR
003e9322   _PIE_RESERVED
003e9327   _rsvd_ISR
003e932c   _InitEPwm7A
003e9366   _InitEPwm1_AQ_DB
003e93ba   _ChangePWMDutyCycle
003e93e9   _handleScanKeyforPWM_LED
003e949c   _InitSysCtrl
003e94b6   _ServiceDog
003e94c0   _DisableDog
003e94c8   _InitPll
003e9518   _InitPeripheralClocks
003e9554   _CsmUnlock
003e9585   _IntOsc1Sel
003e9595   _IntOsc2Sel
003e95a9   _XtalOscSel
003e95bd   _ExtOscSel
003e95d3   _handleRxFIFO
003e9643   _SCI_Init
003e9674   _scia_xmit
003e968e   _open_uart_debug
003e96be   _my_open
003e96c7   _my_close
003e96cc   _my_read
003e96d5   _my_write
003e96ef   _my_lseek
003e96f8   _my_unlink
003e96ff   _my_rename
003e9709   LL$$DIV
003e9745   LL$$MOD
003e977f   ULL$$DIV
003e97ae   ULL$$MOD
003e9888   __cleanup
003e98a6   _freopen
003e98f6   _fopen
003e9910   _I2CA_Init
003e9962   _I2CA_Txdata_NoSTOP
003e997d   _I2CA_Rxdata_STOP
003e998b   _I2CA_Txdata_STOP
003e99b9   _HIKE_InitI2CGpio
003e99cf   _ICF8591Handle
003e9a0d   _main
003e9ae7   _InitLED
003e9af9   _InitEPwm
003e9afa   _InitEPwmGpio
003e9b09   _InitEPwm1Gpio
003e9b1b   _InitEPwm2Gpio
003e9b2d   _InitEPwm3Gpio
003e9b41   _InitEPwm4Gpio
003e9b55   _InitEPwm5Gpio
003e9b67   _InitEPwm6Gpio
003e9b79   _InitEPwm7Gpio
003e9b8b   _InitEPwmSyncGpio
003e9b9c   _InitTzGpio
003e9bbd   _fputs
003e9c50   _puts
003e9c62   _exp
003e9d00   FD$$ADD
003e9d9c   __log
003e9e29   FD$$DIV
003e9eb4   FD$$MPY
003e9f37   FS$$DIV
003e9fba   _pow
003ea03d   _writemsg
003ea088   C$$IO$$
003ea08c   _readmsg
003ea0bf   FS$$SUB
003ea0c4   FS$$ADD
003ea137   _InitCpuTimers
003ea178   _ConfigCpuTimer
003ea1ad   _setvbuf
003ea21d   __wrt_ok
003ea257   __rd_ok
003ea282   __doflush
003ea2b1   _fflush
003ea2e2   FS$$MPY
003ea33c   _uartRx_isr
003ea390   _fputc
003ea390   _putc
003ea3db   _putchar
003ea3e0   __closefile
003ea41a   _fclose
003ea42b   _c_int00
003ea46f   _ldexp
003ea4b0   _fseek
003ea4ed   _cpu_timer0_isr
003ea525   _printf
003ea551   _atoi
003ea582   _ltoa
003ea5ae   FD$$CMP
003ea5d8   L$$DIV
003ea5e7   L$$MOD
003ea5f5   UL$$DIV
003ea5fc   UL$$MOD
003ea602   FS$$TOL
003ea62b   _InitPieCtrl
003ea64a   _EnableInterrupts
003ea653   _InitPieVectTable
003ea678   _i2c_int1a_isr
003ea69d   FS$$TOI
003ea6c2   I$$DIV
003ea6d3   I$$MOD
003ea6e4   _Timer0_init
003ea706   FD$$TOI
003ea727   ___memcpy_ff
003ea748   FD$$TOL
003ea767   LL$$CMP
003ea779   ULL$$CMP
003ea785   _strncpy
003ea7a3   FS$$TOFD
003ea7bf   L$$TOFD
003ea7db   _InitSci
003ea7dc   _InitSciGpio
003ea7df   _InitSciaGpio
003ea7f5   I$$TOFS
003ea80f   _InitI2C
003ea810   _InitI2CGpio
003ea828   __args_main
003ea841   C$$EXIT
003ea841   _abort
003ea843   _exit
003ea85a   FS$$CMP
003ea871   _frexp
003ea885   LL$$MPY
003ea899   _InitGpio
003ea8ac   _memccpy
003ea8be   U$$TOFS
003ea8ce   FD$$SUB
003ea8dc   _memchr
003ea8e9   _strchr
003ea8f4   U$$DIV
003ea8f9   U$$MOD
003ea8ff   _strcmp
003ea909   _strlen
003ea913   __register_unlock
003ea917   __register_lock
003ea91b   __nop
003ea91c   FD$$NEG
003ea925   _strcpy
003ea936   _memset
003ea93d   FS$$NEG
003ea942   _remove
003ea945   ___etext__
003ea945   etext
003eaaf9   __ctypes_
003eabfa   _PieVectTableInit
003eaebc   ___cinit__
003eaebc   cinit
003f5000   _RamfuncsLoadStart
003f7ff6   code_start
003f7ff8   _CsmPwl
ffffffff   ___binit__
ffffffff   ___c_args__
ffffffff   ___pinit__
ffffffff   binit
ffffffff   pinit

[352 symbols]
