******************************************************************************
             TMS320C2000 Linker PC v6.1.0                      
******************************************************************************
>> Linked Tue Apr 15 20:17:32 2014

OUTPUT FILE NAME:   <PWM_LED.out>
ENTRY POINT SYMBOL: "_c_int00"  address: 003ea601


MEMORY CONFIGURATION

         name            origin    length      used     unused   attr    fill
----------------------  --------  ---------  --------  --------  ----  --------
PAGE 0:
  RAML0                 00008000   00000800  0000001f  000007e1  RWIX
  RAML1                 00008800   00000400  00000000  00000400  RWIX
  OTP                   003d7800   00000400  00000000  00000400  RWIX
  FLASHCDEFGH           003e8000   00004000  000030e8  00000f18  RWIX
  FLASHB2               003f5000   00001000  0000001f  00000fe1  RWIX
  FLASHA                003f6000   00001f80  00000000  00001f80  RWIX
  CSM_RSVD              003f7f80   00000076  00000000  00000076  RWIX
  BEGIN                 003f7ff6   00000002  00000002  00000000  RWIX
  CSM_PWL_P0            003f7ff8   00000008  00000000  00000008  RWIX
  IQTABLES              003fe000   00000b50  00000000  00000b50  RWIX
  IQTABLES2             003feb50   0000008c  00000000  0000008c  RWIX
  IQTABLES3             003febdc   000000aa  00000000  000000aa  RWIX
  ROM                   003ff27c   00000d44  00000000  00000d44  RWIX
  RESET                 003fffc0   00000002  00000000  00000002  RWIX
  VECTORS               003fffc2   0000003e  00000000  0000003e  RWIX

PAGE 1:
  BOOT_RSVD             00000000   00000050  00000000  00000050  RWIX
  RAMM0                 00000050   000003b0  00000300  000000b0  RWIX
  RAMM1                 00000400   00000400  00000400  00000000  RWIX
  DEV_EMU               00000880   00000105  00000004  00000101  RWIX
  SYS_PWR_CTL           00000985   00000003  00000003  00000000  RWIX
  FLASH_REGS            00000a80   00000060  00000008  00000058  RWIX
  CSM                   00000ae0   00000010  00000010  00000000  RWIX
  ADC_RESULT            00000b00   00000020  00000020  00000000  RWIX
  CPU_TIMER0            00000c00   00000008  00000008  00000000  RWIX
  CPU_TIMER1            00000c08   00000008  00000008  00000000  RWIX
  CPU_TIMER2            00000c10   00000008  00000008  00000000  RWIX
  PIE_CTRL              00000ce0   00000020  0000001a  00000006  RWIX
  PIE_VECT              00000d00   00000100  00000100  00000000  RWIX
  CLA1                  00001400   00000080  00000040  00000040  RWIX
  ECANA                 00006000   00000040  00000034  0000000c  RWIX
  ECANA_LAM             00006040   00000040  00000040  00000000  RWIX
  ECANA_MOTS            00006080   00000040  00000040  00000000  RWIX
  ECANA_MOTO            000060c0   00000040  00000040  00000000  RWIX
  ECANA_MBOX            00006100   00000100  00000100  00000000  RWIX
  COMP1                 00006400   00000020  00000014  0000000c  RWIX
  COMP2                 00006420   00000020  00000014  0000000c  RWIX
  COMP3                 00006440   00000020  00000014  0000000c  RWIX
  EPWM1                 00006800   00000040  00000040  00000000  RWIX
  EPWM2                 00006840   00000040  00000040  00000000  RWIX
  EPWM3                 00006880   00000040  00000040  00000000  RWIX
  EPWM4                 000068c0   00000040  00000040  00000000  RWIX
  EPWM5                 00006900   00000040  00000040  00000000  RWIX
  EPWM6                 00006940   00000040  00000040  00000000  RWIX
  EPWM7                 00006980   00000040  00000040  00000000  RWIX
  ECAP1                 00006a00   00000020  00000020  00000000  RWIX
  HRCAP1                00006ac0   00000020  00000020  00000000  RWIX
  HRCAP2                00006ae0   00000020  00000020  00000000  RWIX
  EQEP1                 00006b00   00000040  00000040  00000000  RWIX
  LINA                  00006c00   00000080  0000004a  00000036  RWIX
  GPIOCTRL              00006f80   00000040  00000040  00000000  RWIX
  GPIODAT               00006fc0   00000020  00000020  00000000  RWIX
  GPIOINT               00006fe0   00000020  0000000c  00000014  RWIX
  SYSTEM                00007010   00000020  00000020  00000000  RWIX
  SPIA                  00007040   00000010  00000010  00000000  RWIX
  SCIA                  00007050   00000010  00000010  00000000  RWIX
  NMIINTRUPT            00007060   00000010  00000010  00000000  RWIX
  XINTRUPT              00007070   00000010  00000010  00000000  RWIX
  ADC                   00007100   00000080  00000050  00000030  RWIX
  SPIB                  00007740   00000010  00000010  00000000  RWIX
  I2CA                  00007900   00000040  00000022  0000001e  RWIX
  RAML2                 00008c00   00000400  000003b0  00000050  RWIX
  RAML3                 00009000   00001000  00000120  00000ee0  RWIX
  PARTID                003d7e80   00000001  00000001  00000000  RWIX
  FLASHB1               003f4000   00001000  00000000  00001000  RWIX
  CSM_PWL               003f7ff8   00000008  00000008  00000000  RWIX


SECTION ALLOCATION MAP

 output                                  attributes/
section   page    origin      length       input sections
--------  ----  ----------  ----------   ----------------
.pinit     0    003e8000    00000000     UNINITIALIZED

.text      0    003e8000    00002ac1     
                  003e8000    00000870     rts2800_ml.lib : _printfi.obj (.text)
                  003e8870    00000351     segscan.obj (.text)
                  003e8bc1    000002cf     ioEEprom.obj (.text)
                  003e8e90    00000237     rts2800_ml.lib : lowlev.obj (.text)
                  003e90c7    000001f0                    : trgdrv.obj (.text)
                  003e92b7    000001c8                    : memory.obj (.text)
                  003e947f    0000017c     DSP2803x_DefaultIsr.obj (.text:retain)
                  003e95fb    00000170     pwm_led.obj (.text)
                  003e976b    00000137     DSP2803x_SysCtrl.obj (.text)
                  003e98a2    00000136     printf_uart.obj (.text)
                  003e99d8    00000107     rts2800_ml.lib : ll_div.obj (.text)
                  003e9adf    00000100                    : fopen.obj (.text)
                  003e9bdf    000000f0     main.obj (.text)
                  003e9ccf    000000c4     DSP2803x_EPwm.obj (.text)
                  003e9d93    000000a5     rts2800_ml.lib : fputs.obj (.text)
                  003e9e38    0000009e                    : exp.obj (.text)
                  003e9ed6    0000009c                    : fd_add.obj (.text)
                  003e9f72    0000008d                    : _log.obj (.text)
                  003e9fff    0000008b                    : fd_div.obj (.text)
                  003ea08a    00000083                    : fd_mpy.obj (.text)
                  003ea10d    00000083                    : fs_div.obj (.text)
                  003ea190    00000083                    : pow.obj (.text)
                  003ea213    00000082                    : ankmsg.obj (.text)
                  003ea295    00000078                    : fs_add.obj (.text)
                  003ea30d    00000076     DSP2803x_CpuTimers.obj (.text)
                  003ea383    00000070     rts2800_ml.lib : setvbuf.obj (.text)
                  003ea3f3    00000065                    : _io_perm.obj (.text)
                  003ea458    00000060                    : fflush.obj (.text)
                  003ea4b8    0000005a                    : fs_mpy.obj (.text)
                  003ea512    00000054     printf_uart.obj (.text:retain)
                  003ea566    00000050     rts2800_ml.lib : fputc.obj (.text)
                  003ea5b6    0000004b                    : fclose.obj (.text)
                  003ea601    00000044                    : boot.obj (.text)
                  003ea645    00000041                    : ldexp.obj (.text)
                  003ea686    0000003d                    : fseek.obj (.text)
                  003ea6c3    00000032                    : printf.obj (.text)
                  003ea6f5    00000031                    : atoi.obj (.text)
                  003ea726    0000002c                    : ltoa.obj (.text)
                  003ea752    0000002a                    : fd_cmp.obj (.text)
                  003ea77c    0000002a                    : l_div.obj (.text)
                  003ea7a6    00000029                    : fs_tol.obj (.text)
                  003ea7cf    00000028     DSP2803x_PieCtrl.obj (.text)
                  003ea7f7    00000025     DSP2803x_PieVect.obj (.text)
                  003ea81c    00000025     rts2800_ml.lib : fs_toi.obj (.text)
                  003ea841    00000022                    : i_div.obj (.text)
                  003ea863    00000022     timer0_base.obj (.text)
                  003ea885    00000021     rts2800_ml.lib : fd_toi.obj (.text)
                  003ea8a6    00000021                    : memcpy_ff.obj (.text)
                  003ea8c7    0000001f                    : fd_tol.obj (.text)
                  003ea8e6    0000001e                    : ll_cmp.obj (.text)
                  003ea904    0000001e                    : strncpy.obj (.text)
                  003ea922    0000001c                    : fs_tofd.obj (.text)
                  003ea93e    0000001c                    : l_tofd.obj (.text)
                  003ea95a    0000001a     DSP2803x_Sci.obj (.text)
                  003ea974    0000001a     rts2800_ml.lib : i_tofs.obj (.text)
                  003ea98e    00000019                    : args_main.obj (.text)
                  003ea9a7    00000019                    : exit.obj (.text)
                  003ea9c0    00000017                    : fs_cmp.obj (.text)
                  003ea9d7    00000016     timer0_base.obj (.text:retain)
                  003ea9ed    00000014     rts2800_ml.lib : frexp.obj (.text)
                  003eaa01    00000014                    : ll_mpy.obj (.text)
                  003eaa15    00000013     DSP2803x_Gpio.obj (.text)
                  003eaa28    00000012     rts2800_ml.lib : memccpy.obj (.text)
                  003eaa3a    00000010                    : u_tofs.obj (.text)
                  003eaa4a    0000000e                    : fd_sub.obj (.text)
                  003eaa58    0000000d                    : memchr.obj (.text)
                  003eaa65    0000000b                    : strchr.obj (.text)
                  003eaa70    0000000b                    : u_div.obj (.text)
                  003eaa7b    0000000a                    : strcmp.obj (.text)
                  003eaa85    0000000a                    : strlen.obj (.text)
                  003eaa8f    00000009                    : _lock.obj (.text)
                  003eaa98    00000009                    : fd_neg.obj (.text)
                  003eaaa1    00000009                    : strcpy.obj (.text)
                  003eaaaa    00000008     DSP2803x_CodeStartBranch.obj (.text)
                  003eaab2    00000007     rts2800_ml.lib : memset.obj (.text)
                  003eaab9    00000005                    : fs_neg.obj (.text)
                  003eaabe    00000003                    : remove.obj (.text)

.econst    0    003eaac2    0000054a     
                  003eaac2    00000187     main.obj (.econst:.string)
                  003eac49    00000101     rts2800_ml.lib : ctype.obj (.econst:__ctypes_)
                  003ead4a    00000100     DSP2803x_PieVect.obj (.econst)
                  003eae4a    000000f4     printf_uart.obj (.econst:.string)
                  003eaf3e    00000055     pwm_led.obj (.econst:.string)
                  003eaf93    00000001     --HOLE-- [fill = 0]
                  003eaf94    00000039     segscan.obj (.econst:.string)
                  003eafcd    00000001     --HOLE-- [fill = 0]
                  003eafce    00000024     rts2800_ml.lib : _printfi.obj (.econst:.string)
                  003eaff2    00000018                    : _printfi.obj (.econst)
                  003eb00a    00000002                    : fputs.obj (.econst:.string)

.cinit     0    003eb00c    000000dd     
                  003eb00c    00000049     segscan.obj (.cinit)
                  003eb055    0000002d     rts2800_ml.lib : lowlev.obj (.cinit)
                  003eb082    0000002a                    : defs.obj (.cinit)
                  003eb0ac    0000000a     printf_uart.obj (.cinit)
                  003eb0b6    0000000a     rts2800_ml.lib : _lock.obj (.cinit)
                  003eb0c0    0000000a                    : exit.obj (.cinit)
                  003eb0ca    00000007     timer0_base.obj (.cinit)
                  003eb0d1    00000006     pwm_led.obj (.cinit)
                  003eb0d7    00000004     main.obj (.cinit)
                  003eb0db    00000004     rts2800_ml.lib : errno.obj (.cinit)
                  003eb0df    00000004                    : fopen.obj (.cinit)
                  003eb0e3    00000004                    : memory.obj (.cinit)
                  003eb0e7    00000002     --HOLE-- [fill = 0]

ramfuncs   0    003f5000    0000001f     RUN ADDR = 00008000
                  003f5000    0000001b     DSP2803x_SysCtrl.obj (ramfuncs)
                  003f501b    00000004     DSP2803x_usDelay.obj (ramfuncs)

codestart 
*          0    003f7ff6    00000002     
                  003f7ff6    00000002     DSP2803x_CodeStartBranch.obj (codestart)

.reset     0    003fffc0    00000002     DSECT
                  003fffc0    00000002     rts2800_ml.lib : boot.obj (.reset)

vectors    0    003fffc2    00000000     DSECT

.stack     1    00000050    00000300     UNINITIALIZED
                  00000050    00000300     --HOLE--

.sysmem    1    00000400    00000400     UNINITIALIZED
                  00000400    00000001     rts2800_ml.lib : memory.obj (.sysmem)
                  00000401    000003ff     --HOLE--

DevEmuRegsFile 
*          1    00000880    00000004     UNINITIALIZED
                  00000880    00000004     DSP2803x_GlobalVariableDefs.obj (DevEmuRegsFile)

SysPwrCtrlRegsFile 
*          1    00000985    00000003     UNINITIALIZED
                  00000985    00000003     DSP2803x_GlobalVariableDefs.obj (SysPwrCtrlRegsFile)

FlashRegsFile 
*          1    00000a80    00000008     UNINITIALIZED
                  00000a80    00000008     DSP2803x_GlobalVariableDefs.obj (FlashRegsFile)

CsmRegsFile 
*          1    00000ae0    00000010     UNINITIALIZED
                  00000ae0    00000010     DSP2803x_GlobalVariableDefs.obj (CsmRegsFile)

AdcResultFile 
*          1    00000b00    00000020     UNINITIALIZED
                  00000b00    00000020     DSP2803x_GlobalVariableDefs.obj (AdcResultFile)

CpuTimer0RegsFile 
*          1    00000c00    00000008     UNINITIALIZED
                  00000c00    00000008     DSP2803x_GlobalVariableDefs.obj (CpuTimer0RegsFile)

CpuTimer1RegsFile 
*          1    00000c08    00000008     UNINITIALIZED
                  00000c08    00000008     DSP2803x_GlobalVariableDefs.obj (CpuTimer1RegsFile)

CpuTimer2RegsFile 
*          1    00000c10    00000008     UNINITIALIZED
                  00000c10    00000008     DSP2803x_GlobalVariableDefs.obj (CpuTimer2RegsFile)

PieCtrlRegsFile 
*          1    00000ce0    0000001a     UNINITIALIZED
                  00000ce0    0000001a     DSP2803x_GlobalVariableDefs.obj (PieCtrlRegsFile)

PieVectTableFile 
*          1    00000d00    00000100     UNINITIALIZED
                  00000d00    00000100     DSP2803x_GlobalVariableDefs.obj (PieVectTableFile)

EmuKeyVar 
*          1    00000d00    00000001     UNINITIALIZED
                  00000d00    00000001     DSP2803x_GlobalVariableDefs.obj (EmuKeyVar)

EmuBModeVar 
*          1    00000d01    00000001     UNINITIALIZED
                  00000d01    00000001     DSP2803x_GlobalVariableDefs.obj (EmuBModeVar)

FlashCallbackVar 
*          1    00000d02    00000002     UNINITIALIZED
                  00000d02    00000002     DSP2803x_GlobalVariableDefs.obj (FlashCallbackVar)

FlashScalingVar 
*          1    00000d04    00000002     UNINITIALIZED
                  00000d04    00000002     DSP2803x_GlobalVariableDefs.obj (FlashScalingVar)

Cla1RegsFile 
*          1    00001400    00000040     UNINITIALIZED
                  00001400    00000040     DSP2803x_GlobalVariableDefs.obj (Cla1RegsFile)

ECanaRegsFile 
*          1    00006000    00000034     UNINITIALIZED
                  00006000    00000034     DSP2803x_GlobalVariableDefs.obj (ECanaRegsFile)

ECanaLAMRegsFile 
*          1    00006040    00000040     UNINITIALIZED
                  00006040    00000040     DSP2803x_GlobalVariableDefs.obj (ECanaLAMRegsFile)

ECanaMOTSRegsFile 
*          1    00006080    00000040     UNINITIALIZED
                  00006080    00000040     DSP2803x_GlobalVariableDefs.obj (ECanaMOTSRegsFile)

ECanaMOTORegsFile 
*          1    000060c0    00000040     UNINITIALIZED
                  000060c0    00000040     DSP2803x_GlobalVariableDefs.obj (ECanaMOTORegsFile)

ECanaMboxesFile 
*          1    00006100    00000100     UNINITIALIZED
                  00006100    00000100     DSP2803x_GlobalVariableDefs.obj (ECanaMboxesFile)

Comp1RegsFile 
*          1    00006400    00000014     UNINITIALIZED
                  00006400    00000014     DSP2803x_GlobalVariableDefs.obj (Comp1RegsFile)

Comp2RegsFile 
*          1    00006420    00000014     UNINITIALIZED
                  00006420    00000014     DSP2803x_GlobalVariableDefs.obj (Comp2RegsFile)

Comp3RegsFile 
*          1    00006440    00000014     UNINITIALIZED
                  00006440    00000014     DSP2803x_GlobalVariableDefs.obj (Comp3RegsFile)

EPwm1RegsFile 
*          1    00006800    00000040     UNINITIALIZED
                  00006800    00000040     DSP2803x_GlobalVariableDefs.obj (EPwm1RegsFile)

EPwm2RegsFile 
*          1    00006840    00000040     UNINITIALIZED
                  00006840    00000040     DSP2803x_GlobalVariableDefs.obj (EPwm2RegsFile)

EPwm3RegsFile 
*          1    00006880    00000040     UNINITIALIZED
                  00006880    00000040     DSP2803x_GlobalVariableDefs.obj (EPwm3RegsFile)

EPwm4RegsFile 
*          1    000068c0    00000040     UNINITIALIZED
                  000068c0    00000040     DSP2803x_GlobalVariableDefs.obj (EPwm4RegsFile)

EPwm5RegsFile 
*          1    00006900    00000040     UNINITIALIZED
                  00006900    00000040     DSP2803x_GlobalVariableDefs.obj (EPwm5RegsFile)

EPwm6RegsFile 
*          1    00006940    00000040     UNINITIALIZED
                  00006940    00000040     DSP2803x_GlobalVariableDefs.obj (EPwm6RegsFile)

EPwm7RegsFile 
*          1    00006980    00000040     UNINITIALIZED
                  00006980    00000040     DSP2803x_GlobalVariableDefs.obj (EPwm7RegsFile)

ECap1RegsFile 
*          1    00006a00    00000020     UNINITIALIZED
                  00006a00    00000020     DSP2803x_GlobalVariableDefs.obj (ECap1RegsFile)

HRCap1RegsFile 
*          1    00006ac0    00000020     UNINITIALIZED
                  00006ac0    00000020     DSP2803x_GlobalVariableDefs.obj (HRCap1RegsFile)

HRCap2RegsFile 
*          1    00006ae0    00000020     UNINITIALIZED
                  00006ae0    00000020     DSP2803x_GlobalVariableDefs.obj (HRCap2RegsFile)

EQep1RegsFile 
*          1    00006b00    00000040     UNINITIALIZED
                  00006b00    00000040     DSP2803x_GlobalVariableDefs.obj (EQep1RegsFile)

LinaRegsFile 
*          1    00006c00    0000004a     UNINITIALIZED
                  00006c00    0000004a     DSP2803x_GlobalVariableDefs.obj (LinaRegsFile)

GpioCtrlRegsFile 
*          1    00006f80    00000040     UNINITIALIZED
                  00006f80    00000040     DSP2803x_GlobalVariableDefs.obj (GpioCtrlRegsFile)

GpioDataRegsFile 
*          1    00006fc0    00000020     UNINITIALIZED
                  00006fc0    00000020     DSP2803x_GlobalVariableDefs.obj (GpioDataRegsFile)

GpioIntRegsFile 
*          1    00006fe0    0000000c     UNINITIALIZED
                  00006fe0    0000000c     DSP2803x_GlobalVariableDefs.obj (GpioIntRegsFile)

SysCtrlRegsFile 
*          1    00007010    00000020     UNINITIALIZED
                  00007010    00000020     DSP2803x_GlobalVariableDefs.obj (SysCtrlRegsFile)

SpiaRegsFile 
*          1    00007040    00000010     UNINITIALIZED
                  00007040    00000010     DSP2803x_GlobalVariableDefs.obj (SpiaRegsFile)

SciaRegsFile 
*          1    00007050    00000010     UNINITIALIZED
                  00007050    00000010     DSP2803x_GlobalVariableDefs.obj (SciaRegsFile)

NmiIntruptRegsFile 
*          1    00007060    00000010     UNINITIALIZED
                  00007060    00000010     DSP2803x_GlobalVariableDefs.obj (NmiIntruptRegsFile)

XIntruptRegsFile 
*          1    00007070    00000010     UNINITIALIZED
                  00007070    00000010     DSP2803x_GlobalVariableDefs.obj (XIntruptRegsFile)

AdcRegsFile 
*          1    00007100    00000050     UNINITIALIZED
                  00007100    00000050     DSP2803x_GlobalVariableDefs.obj (AdcRegsFile)

SpibRegsFile 
*          1    00007740    00000010     UNINITIALIZED
                  00007740    00000010     DSP2803x_GlobalVariableDefs.obj (SpibRegsFile)

I2caRegsFile 
*          1    00007900    00000022     UNINITIALIZED
                  00007900    00000022     DSP2803x_GlobalVariableDefs.obj (I2caRegsFile)

.ebss      1    00008c00    000003b0     UNINITIALIZED
                  00008c00    00000160     rts2800_ml.lib : defs.obj (.ebss)
                  00008d60    00000018     DSP2803x_CpuTimers.obj (.ebss)
                  00008d78    00000008     rts2800_ml.lib : memory.obj (.ebss)
                  00008d80    00000140     main.obj (.ebss)
                  00008ec0    00000088     rts2800_ml.lib : lowlev.obj (.ebss)
                  00008f48    00000038     segscan.obj (.ebss)
                  00008f80    00000017     printf_uart.obj (.ebss)
                  00008f97    00000008     rts2800_ml.lib : trgdrv.obj (.ebss)
                  00008f9f    00000001                    : errno.obj (.ebss)
                  00008fa0    00000004                    : _lock.obj (.ebss)
                  00008fa4    00000004                    : exit.obj (.ebss)
                  00008fa8    00000004     timer0_base.obj (.ebss)
                  00008fac    00000003     pwm_led.obj (.ebss)
                  00008faf    00000001     rts2800_ml.lib : fopen.obj (.ebss)

.cio       1    00009000    00000120     UNINITIALIZED
                  00009000    00000120     rts2800_ml.lib : ankmsg.obj (.cio)

PartIdRegsFile 
*          1    003d7e80    00000001     UNINITIALIZED
                  003d7e80    00000001     DSP2803x_GlobalVariableDefs.obj (PartIdRegsFile)

CsmPwlFile 
*          1    003f7ff8    00000008     UNINITIALIZED
                  003f7ff8    00000008     DSP2803x_GlobalVariableDefs.obj (CsmPwlFile)


GLOBAL SYMBOLS: SORTED ALPHABETICALLY BY Name 

address    name
--------   ----
003e8000   .text
003ea9a7   C$$EXIT
003ea25e   C$$IO$$
003e9ed6   FD$$ADD
003ea752   FD$$CMP
003e9fff   FD$$DIV
003ea08a   FD$$MPY
003eaa98   FD$$NEG
003eaa4a   FD$$SUB
003ea885   FD$$TOI
003ea8c7   FD$$TOL
003ea29a   FS$$ADD
003ea9c0   FS$$CMP
003ea10d   FS$$DIV
003ea4b8   FS$$MPY
003eaab9   FS$$NEG
003ea295   FS$$SUB
003ea922   FS$$TOFD
003ea81c   FS$$TOI
003ea7a6   FS$$TOL
003ea841   I$$DIV
003ea852   I$$MOD
003ea974   I$$TOFS
003ea77c   L$$DIV
003ea78b   L$$MOD
003ea93e   L$$TOFD
003ea8e6   LL$$CMP
003e99d8   LL$$DIV
003e9a14   LL$$MOD
003eaa01   LL$$MPY
003eaa70   U$$DIV
003eaa75   U$$MOD
003eaa3a   U$$TOFS
003ea799   UL$$DIV
003ea7a0   UL$$MOD
003ea8f8   ULL$$CMP
003e9a4e   ULL$$DIV
003e9a7d   ULL$$MOD
003e94de   _ADCINT1_ISR
003e94e3   _ADCINT2_ISR
003e9597   _ADCINT3_ISR
003e959c   _ADCINT4_ISR
003e95a1   _ADCINT5_ISR
003e95a6   _ADCINT6_ISR
003e95ab   _ADCINT7_ISR
003e95b0   _ADCINT8_ISR
003e94f2   _ADCINT9_ISR
00007100   _AdcRegs
00000b00   _AdcResult
003e95b5   _CLA1_INT1_ISR
003e95ba   _CLA1_INT2_ISR
003e95bf   _CLA1_INT3_ISR
003e95c4   _CLA1_INT4_ISR
003e95c9   _CLA1_INT5_ISR
003e95ce   _CLA1_INT6_ISR
003e95d3   _CLA1_INT7_ISR
003e95d8   _CLA1_INT8_ISR
003e9689   _ChangePWMDutyCycle
00001400   _Cla1Regs
00006400   _Comp1Regs
00006420   _Comp2Regs
00006440   _Comp3Regs
003ea34e   _ConfigCpuTimer
00008d70   _CpuTimer0
00000c00   _CpuTimer0Regs
00008d60   _CpuTimer1
00000c08   _CpuTimer1Regs
00008d68   _CpuTimer2
00000c10   _CpuTimer2Regs
003f7ff8   _CsmPwl
00000ae0   _CsmRegs
003e9823   _CsmUnlock
003e9489   _DATALOG_ISR
0000801b   _DSP28x_usDelay
00000880   _DevEmuRegs
003e978f   _DisableDog
003e958d   _ECAN0INTA_ISR
003e9592   _ECAN1INTA_ISR
003e9547   _ECAP1_INT_ISR
00006040   _ECanaLAMRegs
000060c0   _ECanaMOTORegs
00006080   _ECanaMOTSRegs
00006100   _ECanaMboxes
00006000   _ECanaRegs
00006a00   _ECap1Regs
003e8c4d   _EEPROM_Check
003e8e50   _EEPROM_Current_Addr_Read
003e8de6   _EEPROM_Read_Byte
003e8e15   _EEPROM_Read_Page
003e8e68   _EEPROM_Sequential_Read
003e8cdd   _EEPROM_Write_Byte
003e8d33   _EEPROM_Write_ManyNums
003e8d03   _EEPROM_Write_Page
00008d80   _EEindex
003e95ec   _EMPTY_ISR
003e9493   _EMUINT_ISR
003e9524   _EPWM1_INT_ISR
003e9501   _EPWM1_TZINT_ISR
003e9529   _EPWM2_INT_ISR
003e9506   _EPWM2_TZINT_ISR
003e952e   _EPWM3_INT_ISR
003e950b   _EPWM3_TZINT_ISR
003e9533   _EPWM4_INT_ISR
003e9510   _EPWM4_TZINT_ISR
003e9538   _EPWM5_INT_ISR
003e9515   _EPWM5_TZINT_ISR
003e953d   _EPWM6_INT_ISR
003e951a   _EPWM6_TZINT_ISR
003e9542   _EPWM7_INT_ISR
003e951f   _EPWM7_TZINT_ISR
00006800   _EPwm1Regs
00006840   _EPwm2Regs
00006880   _EPwm3Regs
000068c0   _EPwm4Regs
00006900   _EPwm5Regs
00006940   _EPwm6Regs
00006980   _EPwm7Regs
003e9556   _EQEP1_INT_ISR
00006b00   _EQep1Regs
00000d01   _EmuBMode
00000d00   _EmuKey
003ea7ee   _EnableInterrupts
003e988c   _ExtOscSel
00000a80   _FlashRegs
00000d04   _Flash_CPUScaleFactor
00000d02   _Flash_CallbackPtr
00006f80   _GpioCtrlRegs
00006fc0   _GpioDataRegs
00006fe0   _GpioIntRegs
003e8870   _HC595_Init
003e928d   _HOSTclock
003e9266   _HOSTclose
003e923e   _HOSTgetenv
003e91f7   _HOSTlseek
003e91c0   _HOSTopen
003e918a   _HOSTread
003e914c   _HOSTrename
003e9122   _HOSTtime
003e90fd   _HOSTunlink
003e90c7   _HOSTwrite
003e954c   _HRCAP1_INT_ISR
003e9551   _HRCAP2_INT_ISR
00006ac0   _HRCap1Regs
00006ae0   _HRCap2Regs
003e956f   _I2CINT1A_ISR
003e9574   _I2CINT2A_ISR
00007900   _I2caRegs
003e949d   _ILLEGAL_ISR
003e947f   _INT13_ISR
003e9484   _INT14_ISR
003e8bc1   _IOinitalI2cGpio
003ea30d   _InitCpuTimers
003e9ccf   _InitEPwm
003e9cdf   _InitEPwm1Gpio
003e9635   _InitEPwm1_AQ_DB
003e9cf1   _InitEPwm2Gpio
003e9d03   _InitEPwm3Gpio
003e9d17   _InitEPwm4Gpio
003e9d2b   _InitEPwm5Gpio
003e9d3d   _InitEPwm6Gpio
003e95fb   _InitEPwm7A
003e9d4f   _InitEPwm7Gpio
003e9cd0   _InitEPwmGpio
003e9d61   _InitEPwmSyncGpio
00008000   _InitFlash
003eaa15   _InitGpio
003e9cbd   _InitLED
003e97e7   _InitPeripheralClocks
003ea7cf   _InitPieCtrl
003ea7f7   _InitPieVectTable
003e9797   _InitPll
003ea95a   _InitSci
003ea95b   _InitSciGpio
003ea95e   _InitSciaGpio
003e976b   _InitSysCtrl
003e9d72   _InitTzGpio
003e9854   _IntOsc1Sel
003e9864   _IntOsc2Sel
003e9583   _LIN0INTA_ISR
003e9588   _LIN1INTA_ISR
003e95e7   _LUF_ISR
003e95e2   _LVF_ISR
00006c00   _LinaRegs
003e8c28   _Master_ACK
003e8c3f   _Master_NO_ACK
003e9498   _NMI_ISR
00007060   _NmiIntruptRegs
003e95f1   _PIE_RESERVED
00008fac   _PWM7ALED
003d7e80   _PartIdRegs
00000ce0   _PieCtrlRegs
00000d00   _PieVectTable
003ead4a   _PieVectTableInit
003e948e   _RTOSINT_ISR
0000001f   _RamfuncsLoadSize
003f5000   _RamfuncsLoadStart
00008000   _RamfuncsRunStart
003e8caa   _Read_Byte
00008f66   _Running
003e9579   _SCIRXINTA_ISR
003e957e   _SCITXINTA_ISR
003e9912   _SCI_Init
00008f80   _SCI_Msg
003e8bd3   _SDAIN
003e8bdd   _SDAOUT
00008f56   _SEG7Table
003e955b   _SPIRXINTA_ISR
003e9565   _SPIRXINTB_ISR
003e9560   _SPITXINTA_ISR
003e956a   _SPITXINTB_ISR
00007050   _SciaRegs
003e8a9c   _SegScanTask
003e8892   _Send_One_595
003e9785   _ServiceDog
003e88b0   _Shuma
003e88c5   _ShumaSlt
00007040   _SpiaRegs
00007740   _SpibRegs
003e8bfb   _Start_I2c
003e8c11   _Stop_I2c
00007010   _SysCtrlRegs
00000985   _SysPwrCtrlRegs
003e94f7   _TINT0_ISR
003ea863   _Timer0_init
003e94cf   _USER10_ISR
003e94d4   _USER11_ISR
003e94d9   _USER12_ISR
003e94a2   _USER1_ISR
003e94a7   _USER2_ISR
003e94ac   _USER3_ISR
003e94b1   _USER4_ISR
003e94b6   _USER5_ISR
003e94bb   _USER6_ISR
003e94c0   _USER7_ISR
003e94c5   _USER8_ISR
003e94ca   _USER9_ISR
003e94fc   _WAKEINT_ISR
003e8c71   _Write_Byte
003e94e8   _XINT1_ISR
003e94ed   _XINT2_ISR
003e95dd   _XINT3_ISR
00007070   _XIntruptRegs
003e9878   _XtalOscSel
00009000   __CIOBUF_
00000350   __STACK_END
00000300   __STACK_SIZE
00000400   __SYSMEM_SIZE
00000001   __TI_args_main
ffffffff   ___binit__
ffffffff   ___c_args__
003eb00c   ___cinit__
003eaac1   ___etext__
003ea8a6   ___memcpy_ff
ffffffff   ___pinit__
003e8000   ___text__
003ea98e   __args_main
003e9b57   __cleanup
00008fa4   __cleanup_ptr
003ea5b6   __closefile
003eac49   __ctypes_
003ea458   __doflush
00008fa6   __dtors_ptr
00008c00   __ft_end
00008c40   __ftable
00008fa2   __lock
003e9f72   __log
003eaa97   __nop
003e877e   __printfi
003ea42d   __rd_ok
003eaa93   __register_lock
003eaa8f   __register_unlock
00000050   __stack
00000400   __sys_memory
00008cc0   __tmpnams
00008fa0   __unlock
003ea3f3   __wrt_ok
003ea9a7   _abort
003e9069   _add_device
003ea6f5   _atoi
003ea601   _c_int00
003e9466   _calloc
003e9464   _chkheap
003e9037   _close
003ea9d7   _cpu_timer0_isr
00008e40   _dataBuf
003e8be7   _delay
00008f9f   _errno
003ea9a9   _exit
003e9e38   _exp
003ea5f0   _fclose
003ea487   _fflush
003e9bc5   _fopen
003ea566   _fputc
003e9d93   _fputs
003e92b7   _free
003e9448   _free_memory
003e9b75   _freopen
003ea9ed   _frexp
003ea686   _fseek
00008f4a   _ftestData
003e98a2   _handleRxFIFO
003e8b3e   _handleScanKey
003e96b8   _handleScanKeyforPWM_LED
00008f50   _keyStr
003ea645   _ldexp
00008f4c   _ledRam
003e9009   _lseek
003ea726   _ltoa
003e9bdf   _main
003e9320   _malloc
003e9428   _max_free
003eaa28   _memccpy
003eaa58   _memchr
003eaab2   _memset
003e92fc   _minit
003e9996   _my_close
003e99be   _my_lseek
003e998d   _my_open
003e999b   _my_read
003e99ce   _my_rename
003e99c7   _my_unlink
003e99a4   _my_write
003e8fb3   _open
003e995d   _open_uart_debug
00008f48   _poitPosition
003ea190   _pow
003ea6c9   _printf
003ea566   _putc
003ea5b1   _putchar
003e9e26   _puts
003e8f65   _read
003ea262   _readmsg
003e9376   _realloc
003eaabe   _remove
003e8f4b   _remove_device
003e8f22   _rename
003e95f6   _rsvd_ISR
00008dc0   _rxdataBuf
003e9943   _scia_xmit
003e88ec   _segGetShow
003ea383   _setvbuf
003eaa65   _strchr
003eaa7b   _strcmp
003eaaa1   _strcpy
003eaa85   _strlen
003ea904   _strncpy
00008fa8   _timer0Base
003ea512   _uartRx_isr
003e8f0a   _unlink
003e8e90   _write
003ea213   _writemsg
ffffffff   binit
003eb00c   cinit
003f7ff6   code_start
003eaac1   etext
ffffffff   pinit


GLOBAL SYMBOLS: SORTED BY Symbol Address 

address    name
--------   ----
00000001   __TI_args_main
0000001f   _RamfuncsLoadSize
00000050   __stack
00000300   __STACK_SIZE
00000350   __STACK_END
00000400   __SYSMEM_SIZE
00000400   __sys_memory
00000880   _DevEmuRegs
00000985   _SysPwrCtrlRegs
00000a80   _FlashRegs
00000ae0   _CsmRegs
00000b00   _AdcResult
00000c00   _CpuTimer0Regs
00000c08   _CpuTimer1Regs
00000c10   _CpuTimer2Regs
00000ce0   _PieCtrlRegs
00000d00   _EmuKey
00000d00   _PieVectTable
00000d01   _EmuBMode
00000d02   _Flash_CallbackPtr
00000d04   _Flash_CPUScaleFactor
00001400   _Cla1Regs
00006000   _ECanaRegs
00006040   _ECanaLAMRegs
00006080   _ECanaMOTSRegs
000060c0   _ECanaMOTORegs
00006100   _ECanaMboxes
00006400   _Comp1Regs
00006420   _Comp2Regs
00006440   _Comp3Regs
00006800   _EPwm1Regs
00006840   _EPwm2Regs
00006880   _EPwm3Regs
000068c0   _EPwm4Regs
00006900   _EPwm5Regs
00006940   _EPwm6Regs
00006980   _EPwm7Regs
00006a00   _ECap1Regs
00006ac0   _HRCap1Regs
00006ae0   _HRCap2Regs
00006b00   _EQep1Regs
00006c00   _LinaRegs
00006f80   _GpioCtrlRegs
00006fc0   _GpioDataRegs
00006fe0   _GpioIntRegs
00007010   _SysCtrlRegs
00007040   _SpiaRegs
00007050   _SciaRegs
00007060   _NmiIntruptRegs
00007070   _XIntruptRegs
00007100   _AdcRegs
00007740   _SpibRegs
00007900   _I2caRegs
00008000   _InitFlash
00008000   _RamfuncsRunStart
0000801b   _DSP28x_usDelay
00008c00   __ft_end
00008c40   __ftable
00008cc0   __tmpnams
00008d60   _CpuTimer1
00008d68   _CpuTimer2
00008d70   _CpuTimer0
00008d80   _EEindex
00008dc0   _rxdataBuf
00008e40   _dataBuf
00008f48   _poitPosition
00008f4a   _ftestData
00008f4c   _ledRam
00008f50   _keyStr
00008f56   _SEG7Table
00008f66   _Running
00008f80   _SCI_Msg
00008f9f   _errno
00008fa0   __unlock
00008fa2   __lock
00008fa4   __cleanup_ptr
00008fa6   __dtors_ptr
00008fa8   _timer0Base
00008fac   _PWM7ALED
00009000   __CIOBUF_
003d7e80   _PartIdRegs
003e8000   .text
003e8000   ___text__
003e877e   __printfi
003e8870   _HC595_Init
003e8892   _Send_One_595
003e88b0   _Shuma
003e88c5   _ShumaSlt
003e88ec   _segGetShow
003e8a9c   _SegScanTask
003e8b3e   _handleScanKey
003e8bc1   _IOinitalI2cGpio
003e8bd3   _SDAIN
003e8bdd   _SDAOUT
003e8be7   _delay
003e8bfb   _Start_I2c
003e8c11   _Stop_I2c
003e8c28   _Master_ACK
003e8c3f   _Master_NO_ACK
003e8c4d   _EEPROM_Check
003e8c71   _Write_Byte
003e8caa   _Read_Byte
003e8cdd   _EEPROM_Write_Byte
003e8d03   _EEPROM_Write_Page
003e8d33   _EEPROM_Write_ManyNums
003e8de6   _EEPROM_Read_Byte
003e8e15   _EEPROM_Read_Page
003e8e50   _EEPROM_Current_Addr_Read
003e8e68   _EEPROM_Sequential_Read
003e8e90   _write
003e8f0a   _unlink
003e8f22   _rename
003e8f4b   _remove_device
003e8f65   _read
003e8fb3   _open
003e9009   _lseek
003e9037   _close
003e9069   _add_device
003e90c7   _HOSTwrite
003e90fd   _HOSTunlink
003e9122   _HOSTtime
003e914c   _HOSTrename
003e918a   _HOSTread
003e91c0   _HOSTopen
003e91f7   _HOSTlseek
003e923e   _HOSTgetenv
003e9266   _HOSTclose
003e928d   _HOSTclock
003e92b7   _free
003e92fc   _minit
003e9320   _malloc
003e9376   _realloc
003e9428   _max_free
003e9448   _free_memory
003e9464   _chkheap
003e9466   _calloc
003e947f   _INT13_ISR
003e9484   _INT14_ISR
003e9489   _DATALOG_ISR
003e948e   _RTOSINT_ISR
003e9493   _EMUINT_ISR
003e9498   _NMI_ISR
003e949d   _ILLEGAL_ISR
003e94a2   _USER1_ISR
003e94a7   _USER2_ISR
003e94ac   _USER3_ISR
003e94b1   _USER4_ISR
003e94b6   _USER5_ISR
003e94bb   _USER6_ISR
003e94c0   _USER7_ISR
003e94c5   _USER8_ISR
003e94ca   _USER9_ISR
003e94cf   _USER10_ISR
003e94d4   _USER11_ISR
003e94d9   _USER12_ISR
003e94de   _ADCINT1_ISR
003e94e3   _ADCINT2_ISR
003e94e8   _XINT1_ISR
003e94ed   _XINT2_ISR
003e94f2   _ADCINT9_ISR
003e94f7   _TINT0_ISR
003e94fc   _WAKEINT_ISR
003e9501   _EPWM1_TZINT_ISR
003e9506   _EPWM2_TZINT_ISR
003e950b   _EPWM3_TZINT_ISR
003e9510   _EPWM4_TZINT_ISR
003e9515   _EPWM5_TZINT_ISR
003e951a   _EPWM6_TZINT_ISR
003e951f   _EPWM7_TZINT_ISR
003e9524   _EPWM1_INT_ISR
003e9529   _EPWM2_INT_ISR
003e952e   _EPWM3_INT_ISR
003e9533   _EPWM4_INT_ISR
003e9538   _EPWM5_INT_ISR
003e953d   _EPWM6_INT_ISR
003e9542   _EPWM7_INT_ISR
003e9547   _ECAP1_INT_ISR
003e954c   _HRCAP1_INT_ISR
003e9551   _HRCAP2_INT_ISR
003e9556   _EQEP1_INT_ISR
003e955b   _SPIRXINTA_ISR
003e9560   _SPITXINTA_ISR
003e9565   _SPIRXINTB_ISR
003e956a   _SPITXINTB_ISR
003e956f   _I2CINT1A_ISR
003e9574   _I2CINT2A_ISR
003e9579   _SCIRXINTA_ISR
003e957e   _SCITXINTA_ISR
003e9583   _LIN0INTA_ISR
003e9588   _LIN1INTA_ISR
003e958d   _ECAN0INTA_ISR
003e9592   _ECAN1INTA_ISR
003e9597   _ADCINT3_ISR
003e959c   _ADCINT4_ISR
003e95a1   _ADCINT5_ISR
003e95a6   _ADCINT6_ISR
003e95ab   _ADCINT7_ISR
003e95b0   _ADCINT8_ISR
003e95b5   _CLA1_INT1_ISR
003e95ba   _CLA1_INT2_ISR
003e95bf   _CLA1_INT3_ISR
003e95c4   _CLA1_INT4_ISR
003e95c9   _CLA1_INT5_ISR
003e95ce   _CLA1_INT6_ISR
003e95d3   _CLA1_INT7_ISR
003e95d8   _CLA1_INT8_ISR
003e95dd   _XINT3_ISR
003e95e2   _LVF_ISR
003e95e7   _LUF_ISR
003e95ec   _EMPTY_ISR
003e95f1   _PIE_RESERVED
003e95f6   _rsvd_ISR
003e95fb   _InitEPwm7A
003e9635   _InitEPwm1_AQ_DB
003e9689   _ChangePWMDutyCycle
003e96b8   _handleScanKeyforPWM_LED
003e976b   _InitSysCtrl
003e9785   _ServiceDog
003e978f   _DisableDog
003e9797   _InitPll
003e97e7   _InitPeripheralClocks
003e9823   _CsmUnlock
003e9854   _IntOsc1Sel
003e9864   _IntOsc2Sel
003e9878   _XtalOscSel
003e988c   _ExtOscSel
003e98a2   _handleRxFIFO
003e9912   _SCI_Init
003e9943   _scia_xmit
003e995d   _open_uart_debug
003e998d   _my_open
003e9996   _my_close
003e999b   _my_read
003e99a4   _my_write
003e99be   _my_lseek
003e99c7   _my_unlink
003e99ce   _my_rename
003e99d8   LL$$DIV
003e9a14   LL$$MOD
003e9a4e   ULL$$DIV
003e9a7d   ULL$$MOD
003e9b57   __cleanup
003e9b75   _freopen
003e9bc5   _fopen
003e9bdf   _main
003e9cbd   _InitLED
003e9ccf   _InitEPwm
003e9cd0   _InitEPwmGpio
003e9cdf   _InitEPwm1Gpio
003e9cf1   _InitEPwm2Gpio
003e9d03   _InitEPwm3Gpio
003e9d17   _InitEPwm4Gpio
003e9d2b   _InitEPwm5Gpio
003e9d3d   _InitEPwm6Gpio
003e9d4f   _InitEPwm7Gpio
003e9d61   _InitEPwmSyncGpio
003e9d72   _InitTzGpio
003e9d93   _fputs
003e9e26   _puts
003e9e38   _exp
003e9ed6   FD$$ADD
003e9f72   __log
003e9fff   FD$$DIV
003ea08a   FD$$MPY
003ea10d   FS$$DIV
003ea190   _pow
003ea213   _writemsg
003ea25e   C$$IO$$
003ea262   _readmsg
003ea295   FS$$SUB
003ea29a   FS$$ADD
003ea30d   _InitCpuTimers
003ea34e   _ConfigCpuTimer
003ea383   _setvbuf
003ea3f3   __wrt_ok
003ea42d   __rd_ok
003ea458   __doflush
003ea487   _fflush
003ea4b8   FS$$MPY
003ea512   _uartRx_isr
003ea566   _fputc
003ea566   _putc
003ea5b1   _putchar
003ea5b6   __closefile
003ea5f0   _fclose
003ea601   _c_int00
003ea645   _ldexp
003ea686   _fseek
003ea6c9   _printf
003ea6f5   _atoi
003ea726   _ltoa
003ea752   FD$$CMP
003ea77c   L$$DIV
003ea78b   L$$MOD
003ea799   UL$$DIV
003ea7a0   UL$$MOD
003ea7a6   FS$$TOL
003ea7cf   _InitPieCtrl
003ea7ee   _EnableInterrupts
003ea7f7   _InitPieVectTable
003ea81c   FS$$TOI
003ea841   I$$DIV
003ea852   I$$MOD
003ea863   _Timer0_init
003ea885   FD$$TOI
003ea8a6   ___memcpy_ff
003ea8c7   FD$$TOL
003ea8e6   LL$$CMP
003ea8f8   ULL$$CMP
003ea904   _strncpy
003ea922   FS$$TOFD
003ea93e   L$$TOFD
003ea95a   _InitSci
003ea95b   _InitSciGpio
003ea95e   _InitSciaGpio
003ea974   I$$TOFS
003ea98e   __args_main
003ea9a7   C$$EXIT
003ea9a7   _abort
003ea9a9   _exit
003ea9c0   FS$$CMP
003ea9d7   _cpu_timer0_isr
003ea9ed   _frexp
003eaa01   LL$$MPY
003eaa15   _InitGpio
003eaa28   _memccpy
003eaa3a   U$$TOFS
003eaa4a   FD$$SUB
003eaa58   _memchr
003eaa65   _strchr
003eaa70   U$$DIV
003eaa75   U$$MOD
003eaa7b   _strcmp
003eaa85   _strlen
003eaa8f   __register_unlock
003eaa93   __register_lock
003eaa97   __nop
003eaa98   FD$$NEG
003eaaa1   _strcpy
003eaab2   _memset
003eaab9   FS$$NEG
003eaabe   _remove
003eaac1   ___etext__
003eaac1   etext
003eac49   __ctypes_
003ead4a   _PieVectTableInit
003eb00c   ___cinit__
003eb00c   cinit
003f5000   _RamfuncsLoadStart
003f7ff6   code_start
003f7ff8   _CsmPwl
ffffffff   ___binit__
ffffffff   ___c_args__
ffffffff   ___pinit__
ffffffff   binit
ffffffff   pinit

[356 symbols]
