******************************************************************************
             TMS320C2000 Linker PC v6.1.0                      
******************************************************************************
>> Linked Tue Nov 12 01:37:25 2013

OUTPUT FILE NAME:   <segScan.out>
ENTRY POINT SYMBOL: "_c_int00"  address: 003ea096


MEMORY CONFIGURATION

         name            origin    length      used     unused   attr    fill
----------------------  --------  ---------  --------  --------  ----  --------
PAGE 0:
  RAML0                 00008000   00000800  0000001f  000007e1  RWIX
  RAML1                 00008800   00000400  00000000  00000400  RWIX
  OTP                   003d7800   00000400  00000000  00000400  RWIX
  FLASHCDEFGH           003e8000   00004000  00002af5  0000150b  RWIX
  FLASHB2               003f5000   00001000  0000001f  00000fe1  RWIX
  FLASHA                003f6000   00001f80  00000000  00001f80  RWIX
  CSM_RSVD              003f7f80   00000076  00000000  00000076  RWIX
  BEGIN                 003f7ff6   00000002  00000002  00000000  RWIX
  CSM_PWL_P0            003f7ff8   00000008  00000000  00000008  RWIX
  IQTABLES              003fe000   00000b50  00000000  00000b50  RWIX
  IQTABLES2             003feb50   0000008c  00000000  0000008c  RWIX
  IQTABLES3             003febdc   000000aa  00000000  000000aa  RWIX
  ROM                   003ff27c   00000d44  00000000  00000d44  RWIX
  RESET                 003fffc0   00000002  00000000  00000002  RWIX
  VECTORS               003fffc2   0000003e  00000000  0000003e  RWIX

PAGE 1:
  BOOT_RSVD             00000000   00000050  00000000  00000050  RWIX
  RAMM0                 00000050   000003b0  00000300  000000b0  RWIX
  RAMM1                 00000400   00000400  00000400  00000000  RWIX
  DEV_EMU               00000880   00000105  00000004  00000101  RWIX
  SYS_PWR_CTL           00000985   00000003  00000003  00000000  RWIX
  FLASH_REGS            00000a80   00000060  00000008  00000058  RWIX
  CSM                   00000ae0   00000010  00000010  00000000  RWIX
  ADC_RESULT            00000b00   00000020  00000020  00000000  RWIX
  CPU_TIMER0            00000c00   00000008  00000008  00000000  RWIX
  CPU_TIMER1            00000c08   00000008  00000008  00000000  RWIX
  CPU_TIMER2            00000c10   00000008  00000008  00000000  RWIX
  PIE_CTRL              00000ce0   00000020  0000001a  00000006  RWIX
  PIE_VECT              00000d00   00000100  00000100  00000000  RWIX
  CLA1                  00001400   00000080  00000040  00000040  RWIX
  ECANA                 00006000   00000040  00000034  0000000c  RWIX
  ECANA_LAM             00006040   00000040  00000040  00000000  RWIX
  ECANA_MOTS            00006080   00000040  00000040  00000000  RWIX
  ECANA_MOTO            000060c0   00000040  00000040  00000000  RWIX
  ECANA_MBOX            00006100   00000100  00000100  00000000  RWIX
  COMP1                 00006400   00000020  00000014  0000000c  RWIX
  COMP2                 00006420   00000020  00000014  0000000c  RWIX
  COMP3                 00006440   00000020  00000014  0000000c  RWIX
  EPWM1                 00006800   00000040  00000040  00000000  RWIX
  EPWM2                 00006840   00000040  00000040  00000000  RWIX
  EPWM3                 00006880   00000040  00000040  00000000  RWIX
  EPWM4                 000068c0   00000040  00000040  00000000  RWIX
  EPWM5                 00006900   00000040  00000040  00000000  RWIX
  EPWM6                 00006940   00000040  00000040  00000000  RWIX
  EPWM7                 00006980   00000040  00000040  00000000  RWIX
  ECAP1                 00006a00   00000020  00000020  00000000  RWIX
  HRCAP1                00006ac0   00000020  00000020  00000000  RWIX
  HRCAP2                00006ae0   00000020  00000020  00000000  RWIX
  EQEP1                 00006b00   00000040  00000040  00000000  RWIX
  LINA                  00006c00   00000080  0000004a  00000036  RWIX
  GPIOCTRL              00006f80   00000040  00000040  00000000  RWIX
  GPIODAT               00006fc0   00000020  00000020  00000000  RWIX
  GPIOINT               00006fe0   00000020  0000000c  00000014  RWIX
  SYSTEM                00007010   00000020  00000020  00000000  RWIX
  SPIA                  00007040   00000010  00000010  00000000  RWIX
  SCIA                  00007050   00000010  00000010  00000000  RWIX
  NMIINTRUPT            00007060   00000010  00000010  00000000  RWIX
  XINTRUPT              00007070   00000010  00000010  00000000  RWIX
  ADC                   00007100   00000080  00000050  00000030  RWIX
  SPIB                  00007740   00000010  00000010  00000000  RWIX
  I2CA                  00007900   00000040  00000022  0000001e  RWIX
  RAML2                 00008c00   00000400  0000038d  00000073  RWIX
  RAML3                 00009000   00001000  00000000  00001000  RWIX
  PARTID                003d7e80   00000001  00000001  00000000  RWIX
  FLASHB1               003f4000   00001000  00000000  00001000  RWIX
  CSM_PWL               003f7ff8   00000008  00000008  00000000  RWIX


SECTION ALLOCATION MAP

 output                                  attributes/
section   page    origin      length       input sections
--------  ----  ----------  ----------   ----------------
.pinit     0    003e8000    00000000     UNINITIALIZED

.text      0    003e8000    00002546     
                  003e8000    00000870     rts2800_ml.lib : _printfi.obj (.text)
                  003e8870    00000351     segscan.obj (.text)
                  003e8bc1    00000237     rts2800_ml.lib : lowlev.obj (.text)
                  003e8df8    000001f0                    : trgdrv.obj (.text)
                  003e8fe8    000001c8                    : memory.obj (.text)
                  003e91b0    0000017c     DSP2803x_DefaultIsr.obj (.text:retain)
                  003e932c    00000137     DSP2803x_SysCtrl.obj (.text)
                  003e9463    00000136     printf_uart.obj (.text)
                  003e9599    00000107     rts2800_ml.lib : ll_div.obj (.text)
                  003e96a0    00000100                    : fopen.obj (.text)
                  003e97a0    000000a5                    : fputs.obj (.text)
                  003e9845    0000009e                    : exp.obj (.text)
                  003e98e3    0000009c                    : fd_add.obj (.text)
                  003e997f    0000008d                    : _log.obj (.text)
                  003e9a0c    0000008b                    : fd_div.obj (.text)
                  003e9a97    00000088     main.obj (.text)
                  003e9b1f    00000083     rts2800_ml.lib : fd_mpy.obj (.text)
                  003e9ba2    00000083                    : fs_div.obj (.text)
                  003e9c25    00000083                    : pow.obj (.text)
                  003e9ca8    00000082                    : ankmsg.obj (.text)
                  003e9d2a    00000078                    : fs_add.obj (.text)
                  003e9da2    00000076     DSP2803x_CpuTimers.obj (.text)
                  003e9e18    00000070     rts2800_ml.lib : setvbuf.obj (.text)
                  003e9e88    00000065                    : _io_perm.obj (.text)
                  003e9eed    00000060                    : fflush.obj (.text)
                  003e9f4d    0000005a                    : fs_mpy.obj (.text)
                  003e9fa7    00000054     printf_uart.obj (.text:retain)
                  003e9ffb    00000050     rts2800_ml.lib : fputc.obj (.text)
                  003ea04b    0000004b                    : fclose.obj (.text)
                  003ea096    00000044                    : boot.obj (.text)
                  003ea0da    00000041                    : ldexp.obj (.text)
                  003ea11b    0000003d                    : fseek.obj (.text)
                  003ea158    00000032                    : printf.obj (.text)
                  003ea18a    00000031                    : atoi.obj (.text)
                  003ea1bb    0000002c                    : ltoa.obj (.text)
                  003ea1e7    0000002a                    : fd_cmp.obj (.text)
                  003ea211    0000002a                    : l_div.obj (.text)
                  003ea23b    00000029                    : fs_tol.obj (.text)
                  003ea264    00000028     DSP2803x_PieCtrl.obj (.text)
                  003ea28c    00000025     DSP2803x_PieVect.obj (.text)
                  003ea2b1    00000025     rts2800_ml.lib : fs_toi.obj (.text)
                  003ea2d6    00000022                    : i_div.obj (.text)
                  003ea2f8    00000022     timer0_base.obj (.text)
                  003ea31a    00000021     rts2800_ml.lib : fd_toi.obj (.text)
                  003ea33b    00000021                    : memcpy_ff.obj (.text)
                  003ea35c    0000001f                    : fd_tol.obj (.text)
                  003ea37b    0000001e                    : ll_cmp.obj (.text)
                  003ea399    0000001e                    : strncpy.obj (.text)
                  003ea3b7    0000001c                    : fs_tofd.obj (.text)
                  003ea3d3    0000001c                    : l_tofd.obj (.text)
                  003ea3ef    0000001a     DSP2803x_Sci.obj (.text)
                  003ea409    0000001a     rts2800_ml.lib : i_tofs.obj (.text)
                  003ea423    00000019                    : args_main.obj (.text)
                  003ea43c    00000019                    : exit.obj (.text)
                  003ea455    00000017                    : fs_cmp.obj (.text)
                  003ea46c    00000016     timer0_base.obj (.text:retain)
                  003ea482    00000014     rts2800_ml.lib : frexp.obj (.text)
                  003ea496    00000014                    : ll_mpy.obj (.text)
                  003ea4aa    00000013     DSP2803x_Gpio.obj (.text)
                  003ea4bd    00000012     rts2800_ml.lib : memccpy.obj (.text)
                  003ea4cf    0000000e                    : fd_sub.obj (.text)
                  003ea4dd    0000000d                    : memchr.obj (.text)
                  003ea4ea    0000000b                    : strchr.obj (.text)
                  003ea4f5    0000000b                    : u_div.obj (.text)
                  003ea500    0000000a                    : strcmp.obj (.text)
                  003ea50a    0000000a                    : strlen.obj (.text)
                  003ea514    00000009                    : _lock.obj (.text)
                  003ea51d    00000009                    : fd_neg.obj (.text)
                  003ea526    00000009                    : strcpy.obj (.text)
                  003ea52f    00000008     DSP2803x_CodeStartBranch.obj (.text)
                  003ea537    00000007     rts2800_ml.lib : memset.obj (.text)
                  003ea53e    00000005                    : fs_neg.obj (.text)
                  003ea543    00000003                    : remove.obj (.text)

.econst    0    003ea546    000004dc     
                  003ea546    0000016f     main.obj (.econst:.string)
                  003ea6b5    00000101     rts2800_ml.lib : ctype.obj (.econst:__ctypes_)
                  003ea7b6    00000100     DSP2803x_PieVect.obj (.econst)
                  003ea8b6    000000f4     printf_uart.obj (.econst:.string)
                  003ea9aa    00000039     segscan.obj (.econst:.string)
                  003ea9e3    00000001     --HOLE-- [fill = 0]
                  003ea9e4    00000024     rts2800_ml.lib : _printfi.obj (.econst:.string)
                  003eaa08    00000018                    : _printfi.obj (.econst)
                  003eaa20    00000002                    : fputs.obj (.econst:.string)

.cinit     0    003eaa22    000000d3     
                  003eaa22    00000049     segscan.obj (.cinit)
                  003eaa6b    0000002d     rts2800_ml.lib : lowlev.obj (.cinit)
                  003eaa98    0000002a                    : defs.obj (.cinit)
                  003eaac2    0000000a     printf_uart.obj (.cinit)
                  003eaacc    0000000a     rts2800_ml.lib : _lock.obj (.cinit)
                  003eaad6    0000000a                    : exit.obj (.cinit)
                  003eaae0    00000007     timer0_base.obj (.cinit)
                  003eaae7    00000004     rts2800_ml.lib : errno.obj (.cinit)
                  003eaaeb    00000004                    : fopen.obj (.cinit)
                  003eaaef    00000004                    : memory.obj (.cinit)
                  003eaaf3    00000002     --HOLE-- [fill = 0]

ramfuncs   0    003f5000    0000001f     RUN ADDR = 00008000
                  003f5000    0000001b     DSP2803x_SysCtrl.obj (ramfuncs)
                  003f501b    00000004     DSP2803x_usDelay.obj (ramfuncs)

codestart 
*          0    003f7ff6    00000002     
                  003f7ff6    00000002     DSP2803x_CodeStartBranch.obj (codestart)

.reset     0    003fffc0    00000002     DSECT
                  003fffc0    00000002     rts2800_ml.lib : boot.obj (.reset)

vectors    0    003fffc2    00000000     DSECT

.stack     1    00000050    00000300     UNINITIALIZED
                  00000050    00000300     --HOLE--

.sysmem    1    00000400    00000400     UNINITIALIZED
                  00000400    00000001     rts2800_ml.lib : memory.obj (.sysmem)
                  00000401    000003ff     --HOLE--

DevEmuRegsFile 
*          1    00000880    00000004     UNINITIALIZED
                  00000880    00000004     DSP2803x_GlobalVariableDefs.obj (DevEmuRegsFile)

SysPwrCtrlRegsFile 
*          1    00000985    00000003     UNINITIALIZED
                  00000985    00000003     DSP2803x_GlobalVariableDefs.obj (SysPwrCtrlRegsFile)

FlashRegsFile 
*          1    00000a80    00000008     UNINITIALIZED
                  00000a80    00000008     DSP2803x_GlobalVariableDefs.obj (FlashRegsFile)

CsmRegsFile 
*          1    00000ae0    00000010     UNINITIALIZED
                  00000ae0    00000010     DSP2803x_GlobalVariableDefs.obj (CsmRegsFile)

AdcResultFile 
*          1    00000b00    00000020     UNINITIALIZED
                  00000b00    00000020     DSP2803x_GlobalVariableDefs.obj (AdcResultFile)

CpuTimer0RegsFile 
*          1    00000c00    00000008     UNINITIALIZED
                  00000c00    00000008     DSP2803x_GlobalVariableDefs.obj (CpuTimer0RegsFile)

CpuTimer1RegsFile 
*          1    00000c08    00000008     UNINITIALIZED
                  00000c08    00000008     DSP2803x_GlobalVariableDefs.obj (CpuTimer1RegsFile)

CpuTimer2RegsFile 
*          1    00000c10    00000008     UNINITIALIZED
                  00000c10    00000008     DSP2803x_GlobalVariableDefs.obj (CpuTimer2RegsFile)

PieCtrlRegsFile 
*          1    00000ce0    0000001a     UNINITIALIZED
                  00000ce0    0000001a     DSP2803x_GlobalVariableDefs.obj (PieCtrlRegsFile)

PieVectTableFile 
*          1    00000d00    00000100     UNINITIALIZED
                  00000d00    00000100     DSP2803x_GlobalVariableDefs.obj (PieVectTableFile)

EmuKeyVar 
*          1    00000d00    00000001     UNINITIALIZED
                  00000d00    00000001     DSP2803x_GlobalVariableDefs.obj (EmuKeyVar)

EmuBModeVar 
*          1    00000d01    00000001     UNINITIALIZED
                  00000d01    00000001     DSP2803x_GlobalVariableDefs.obj (EmuBModeVar)

FlashCallbackVar 
*          1    00000d02    00000002     UNINITIALIZED
                  00000d02    00000002     DSP2803x_GlobalVariableDefs.obj (FlashCallbackVar)

FlashScalingVar 
*          1    00000d04    00000002     UNINITIALIZED
                  00000d04    00000002     DSP2803x_GlobalVariableDefs.obj (FlashScalingVar)

Cla1RegsFile 
*          1    00001400    00000040     UNINITIALIZED
                  00001400    00000040     DSP2803x_GlobalVariableDefs.obj (Cla1RegsFile)

ECanaRegsFile 
*          1    00006000    00000034     UNINITIALIZED
                  00006000    00000034     DSP2803x_GlobalVariableDefs.obj (ECanaRegsFile)

ECanaLAMRegsFile 
*          1    00006040    00000040     UNINITIALIZED
                  00006040    00000040     DSP2803x_GlobalVariableDefs.obj (ECanaLAMRegsFile)

ECanaMOTSRegsFile 
*          1    00006080    00000040     UNINITIALIZED
                  00006080    00000040     DSP2803x_GlobalVariableDefs.obj (ECanaMOTSRegsFile)

ECanaMOTORegsFile 
*          1    000060c0    00000040     UNINITIALIZED
                  000060c0    00000040     DSP2803x_GlobalVariableDefs.obj (ECanaMOTORegsFile)

ECanaMboxesFile 
*          1    00006100    00000100     UNINITIALIZED
                  00006100    00000100     DSP2803x_GlobalVariableDefs.obj (ECanaMboxesFile)

Comp1RegsFile 
*          1    00006400    00000014     UNINITIALIZED
                  00006400    00000014     DSP2803x_GlobalVariableDefs.obj (Comp1RegsFile)

Comp2RegsFile 
*          1    00006420    00000014     UNINITIALIZED
                  00006420    00000014     DSP2803x_GlobalVariableDefs.obj (Comp2RegsFile)

Comp3RegsFile 
*          1    00006440    00000014     UNINITIALIZED
                  00006440    00000014     DSP2803x_GlobalVariableDefs.obj (Comp3RegsFile)

EPwm1RegsFile 
*          1    00006800    00000040     UNINITIALIZED
                  00006800    00000040     DSP2803x_GlobalVariableDefs.obj (EPwm1RegsFile)

EPwm2RegsFile 
*          1    00006840    00000040     UNINITIALIZED
                  00006840    00000040     DSP2803x_GlobalVariableDefs.obj (EPwm2RegsFile)

EPwm3RegsFile 
*          1    00006880    00000040     UNINITIALIZED
                  00006880    00000040     DSP2803x_GlobalVariableDefs.obj (EPwm3RegsFile)

EPwm4RegsFile 
*          1    000068c0    00000040     UNINITIALIZED
                  000068c0    00000040     DSP2803x_GlobalVariableDefs.obj (EPwm4RegsFile)

EPwm5RegsFile 
*          1    00006900    00000040     UNINITIALIZED
                  00006900    00000040     DSP2803x_GlobalVariableDefs.obj (EPwm5RegsFile)

EPwm6RegsFile 
*          1    00006940    00000040     UNINITIALIZED
                  00006940    00000040     DSP2803x_GlobalVariableDefs.obj (EPwm6RegsFile)

EPwm7RegsFile 
*          1    00006980    00000040     UNINITIALIZED
                  00006980    00000040     DSP2803x_GlobalVariableDefs.obj (EPwm7RegsFile)

ECap1RegsFile 
*          1    00006a00    00000020     UNINITIALIZED
                  00006a00    00000020     DSP2803x_GlobalVariableDefs.obj (ECap1RegsFile)

HRCap1RegsFile 
*          1    00006ac0    00000020     UNINITIALIZED
                  00006ac0    00000020     DSP2803x_GlobalVariableDefs.obj (HRCap1RegsFile)

HRCap2RegsFile 
*          1    00006ae0    00000020     UNINITIALIZED
                  00006ae0    00000020     DSP2803x_GlobalVariableDefs.obj (HRCap2RegsFile)

EQep1RegsFile 
*          1    00006b00    00000040     UNINITIALIZED
                  00006b00    00000040     DSP2803x_GlobalVariableDefs.obj (EQep1RegsFile)

LinaRegsFile 
*          1    00006c00    0000004a     UNINITIALIZED
                  00006c00    0000004a     DSP2803x_GlobalVariableDefs.obj (LinaRegsFile)

GpioCtrlRegsFile 
*          1    00006f80    00000040     UNINITIALIZED
                  00006f80    00000040     DSP2803x_GlobalVariableDefs.obj (GpioCtrlRegsFile)

GpioDataRegsFile 
*          1    00006fc0    00000020     UNINITIALIZED
                  00006fc0    00000020     DSP2803x_GlobalVariableDefs.obj (GpioDataRegsFile)

GpioIntRegsFile 
*          1    00006fe0    0000000c     UNINITIALIZED
                  00006fe0    0000000c     DSP2803x_GlobalVariableDefs.obj (GpioIntRegsFile)

SysCtrlRegsFile 
*          1    00007010    00000020     UNINITIALIZED
                  00007010    00000020     DSP2803x_GlobalVariableDefs.obj (SysCtrlRegsFile)

SpiaRegsFile 
*          1    00007040    00000010     UNINITIALIZED
                  00007040    00000010     DSP2803x_GlobalVariableDefs.obj (SpiaRegsFile)

SciaRegsFile 
*          1    00007050    00000010     UNINITIALIZED
                  00007050    00000010     DSP2803x_GlobalVariableDefs.obj (SciaRegsFile)

NmiIntruptRegsFile 
*          1    00007060    00000010     UNINITIALIZED
                  00007060    00000010     DSP2803x_GlobalVariableDefs.obj (NmiIntruptRegsFile)

XIntruptRegsFile 
*          1    00007070    00000010     UNINITIALIZED
                  00007070    00000010     DSP2803x_GlobalVariableDefs.obj (XIntruptRegsFile)

AdcRegsFile 
*          1    00007100    00000050     UNINITIALIZED
                  00007100    00000050     DSP2803x_GlobalVariableDefs.obj (AdcRegsFile)

SpibRegsFile 
*          1    00007740    00000010     UNINITIALIZED
                  00007740    00000010     DSP2803x_GlobalVariableDefs.obj (SpibRegsFile)

I2caRegsFile 
*          1    00007900    00000022     UNINITIALIZED
                  00007900    00000022     DSP2803x_GlobalVariableDefs.obj (I2caRegsFile)

.ebss      1    00008c00    0000026d     UNINITIALIZED
                  00008c00    00000160     rts2800_ml.lib : defs.obj (.ebss)
                  00008d60    00000018     DSP2803x_CpuTimers.obj (.ebss)
                  00008d78    00000008     rts2800_ml.lib : memory.obj (.ebss)
                  00008d80    00000088                    : lowlev.obj (.ebss)
                  00008e08    00000038     segscan.obj (.ebss)
                  00008e40    00000017     printf_uart.obj (.ebss)
                  00008e57    00000008     rts2800_ml.lib : trgdrv.obj (.ebss)
                  00008e5f    00000001                    : errno.obj (.ebss)
                  00008e60    00000004                    : _lock.obj (.ebss)
                  00008e64    00000004                    : exit.obj (.ebss)
                  00008e68    00000004     timer0_base.obj (.ebss)
                  00008e6c    00000001     rts2800_ml.lib : fopen.obj (.ebss)

.cio       1    00008e80    00000120     UNINITIALIZED
                  00008e80    00000120     rts2800_ml.lib : ankmsg.obj (.cio)

PartIdRegsFile 
*          1    003d7e80    00000001     UNINITIALIZED
                  003d7e80    00000001     DSP2803x_GlobalVariableDefs.obj (PartIdRegsFile)

CsmPwlFile 
*          1    003f7ff8    00000008     UNINITIALIZED
                  003f7ff8    00000008     DSP2803x_GlobalVariableDefs.obj (CsmPwlFile)


GLOBAL SYMBOLS: SORTED ALPHABETICALLY BY Name 

address    name
--------   ----
003e8000   .text
003ea43c   C$$EXIT
003e9cf3   C$$IO$$
003e98e3   FD$$ADD
003ea1e7   FD$$CMP
003e9a0c   FD$$DIV
003e9b1f   FD$$MPY
003ea51d   FD$$NEG
003ea4cf   FD$$SUB
003ea31a   FD$$TOI
003ea35c   FD$$TOL
003e9d2f   FS$$ADD
003ea455   FS$$CMP
003e9ba2   FS$$DIV
003e9f4d   FS$$MPY
003ea53e   FS$$NEG
003e9d2a   FS$$SUB
003ea3b7   FS$$TOFD
003ea2b1   FS$$TOI
003ea23b   FS$$TOL
003ea2d6   I$$DIV
003ea2e7   I$$MOD
003ea409   I$$TOFS
003ea211   L$$DIV
003ea220   L$$MOD
003ea3d3   L$$TOFD
003ea37b   LL$$CMP
003e9599   LL$$DIV
003e95d5   LL$$MOD
003ea496   LL$$MPY
003ea4f5   U$$DIV
003ea4fa   U$$MOD
003ea22e   UL$$DIV
003ea235   UL$$MOD
003ea38d   ULL$$CMP
003e960f   ULL$$DIV
003e963e   ULL$$MOD
003e920f   _ADCINT1_ISR
003e9214   _ADCINT2_ISR
003e92c8   _ADCINT3_ISR
003e92cd   _ADCINT4_ISR
003e92d2   _ADCINT5_ISR
003e92d7   _ADCINT6_ISR
003e92dc   _ADCINT7_ISR
003e92e1   _ADCINT8_ISR
003e9223   _ADCINT9_ISR
00007100   _AdcRegs
00000b00   _AdcResult
003e92e6   _CLA1_INT1_ISR
003e92eb   _CLA1_INT2_ISR
003e92f0   _CLA1_INT3_ISR
003e92f5   _CLA1_INT4_ISR
003e92fa   _CLA1_INT5_ISR
003e92ff   _CLA1_INT6_ISR
003e9304   _CLA1_INT7_ISR
003e9309   _CLA1_INT8_ISR
00001400   _Cla1Regs
00006400   _Comp1Regs
00006420   _Comp2Regs
00006440   _Comp3Regs
003e9de3   _ConfigCpuTimer
00008d70   _CpuTimer0
00000c00   _CpuTimer0Regs
00008d60   _CpuTimer1
00000c08   _CpuTimer1Regs
00008d68   _CpuTimer2
00000c10   _CpuTimer2Regs
003f7ff8   _CsmPwl
00000ae0   _CsmRegs
003e93e4   _CsmUnlock
003e91ba   _DATALOG_ISR
0000801b   _DSP28x_usDelay
00000880   _DevEmuRegs
003e9350   _DisableDog
003e92be   _ECAN0INTA_ISR
003e92c3   _ECAN1INTA_ISR
003e9278   _ECAP1_INT_ISR
00006040   _ECanaLAMRegs
000060c0   _ECanaMOTORegs
00006080   _ECanaMOTSRegs
00006100   _ECanaMboxes
00006000   _ECanaRegs
00006a00   _ECap1Regs
003e931d   _EMPTY_ISR
003e91c4   _EMUINT_ISR
003e9255   _EPWM1_INT_ISR
003e9232   _EPWM1_TZINT_ISR
003e925a   _EPWM2_INT_ISR
003e9237   _EPWM2_TZINT_ISR
003e925f   _EPWM3_INT_ISR
003e923c   _EPWM3_TZINT_ISR
003e9264   _EPWM4_INT_ISR
003e9241   _EPWM4_TZINT_ISR
003e9269   _EPWM5_INT_ISR
003e9246   _EPWM5_TZINT_ISR
003e926e   _EPWM6_INT_ISR
003e924b   _EPWM6_TZINT_ISR
003e9273   _EPWM7_INT_ISR
003e9250   _EPWM7_TZINT_ISR
00006800   _EPwm1Regs
00006840   _EPwm2Regs
00006880   _EPwm3Regs
000068c0   _EPwm4Regs
00006900   _EPwm5Regs
00006940   _EPwm6Regs
00006980   _EPwm7Regs
003e9287   _EQEP1_INT_ISR
00006b00   _EQep1Regs
00000d01   _EmuBMode
00000d00   _EmuKey
003ea283   _EnableInterrupts
003e944d   _ExtOscSel
00000a80   _FlashRegs
00000d04   _Flash_CPUScaleFactor
00000d02   _Flash_CallbackPtr
00006f80   _GpioCtrlRegs
00006fc0   _GpioDataRegs
00006fe0   _GpioIntRegs
003e8870   _HC595_Init
003e8fbe   _HOSTclock
003e8f97   _HOSTclose
003e8f6f   _HOSTgetenv
003e8f28   _HOSTlseek
003e8ef1   _HOSTopen
003e8ebb   _HOSTread
003e8e7d   _HOSTrename
003e8e53   _HOSTtime
003e8e2e   _HOSTunlink
003e8df8   _HOSTwrite
003e927d   _HRCAP1_INT_ISR
003e9282   _HRCAP2_INT_ISR
00006ac0   _HRCap1Regs
00006ae0   _HRCap2Regs
003e92a0   _I2CINT1A_ISR
003e92a5   _I2CINT2A_ISR
00007900   _I2caRegs
003e91ce   _ILLEGAL_ISR
003e91b0   _INT13_ISR
003e91b5   _INT14_ISR
003e9da2   _InitCpuTimers
00008000   _InitFlash
003ea4aa   _InitGpio
003e9b0d   _InitLED
003e93a8   _InitPeripheralClocks
003ea264   _InitPieCtrl
003ea28c   _InitPieVectTable
003e9358   _InitPll
003ea3ef   _InitSci
003ea3f0   _InitSciGpio
003ea3f3   _InitSciaGpio
003e932c   _InitSysCtrl
003e9415   _IntOsc1Sel
003e9425   _IntOsc2Sel
003e92b4   _LIN0INTA_ISR
003e92b9   _LIN1INTA_ISR
003e9318   _LUF_ISR
003e9313   _LVF_ISR
00006c00   _LinaRegs
003e91c9   _NMI_ISR
00007060   _NmiIntruptRegs
003e9322   _PIE_RESERVED
003d7e80   _PartIdRegs
00000ce0   _PieCtrlRegs
00000d00   _PieVectTable
003ea7b6   _PieVectTableInit
003e91bf   _RTOSINT_ISR
0000001f   _RamfuncsLoadSize
003f5000   _RamfuncsLoadStart
00008000   _RamfuncsRunStart
00008e26   _Running
003e92aa   _SCIRXINTA_ISR
003e92af   _SCITXINTA_ISR
003e94d3   _SCI_Init
00008e40   _SCI_Msg
00008e16   _SEG7Table
003e928c   _SPIRXINTA_ISR
003e9296   _SPIRXINTB_ISR
003e9291   _SPITXINTA_ISR
003e929b   _SPITXINTB_ISR
00007050   _SciaRegs
003e8a9c   _SegScanTask
003e8892   _Send_One_595
003e9346   _ServiceDog
003e88b0   _Shuma
003e88c5   _ShumaSlt
00007040   _SpiaRegs
00007740   _SpibRegs
00007010   _SysCtrlRegs
00000985   _SysPwrCtrlRegs
003e9228   _TINT0_ISR
003ea2f8   _Timer0_init
003e9200   _USER10_ISR
003e9205   _USER11_ISR
003e920a   _USER12_ISR
003e91d3   _USER1_ISR
003e91d8   _USER2_ISR
003e91dd   _USER3_ISR
003e91e2   _USER4_ISR
003e91e7   _USER5_ISR
003e91ec   _USER6_ISR
003e91f1   _USER7_ISR
003e91f6   _USER8_ISR
003e91fb   _USER9_ISR
003e922d   _WAKEINT_ISR
003e9219   _XINT1_ISR
003e921e   _XINT2_ISR
003e930e   _XINT3_ISR
00007070   _XIntruptRegs
003e9439   _XtalOscSel
00008e80   __CIOBUF_
00000350   __STACK_END
00000300   __STACK_SIZE
00000400   __SYSMEM_SIZE
00000001   __TI_args_main
ffffffff   ___binit__
ffffffff   ___c_args__
003eaa22   ___cinit__
003ea546   ___etext__
003ea33b   ___memcpy_ff
ffffffff   ___pinit__
003e8000   ___text__
003ea423   __args_main
003e9718   __cleanup
00008e64   __cleanup_ptr
003ea04b   __closefile
003ea6b5   __ctypes_
003e9eed   __doflush
00008e66   __dtors_ptr
00008c00   __ft_end
00008c40   __ftable
00008e62   __lock
003e997f   __log
003ea51c   __nop
003e877e   __printfi
003e9ec2   __rd_ok
003ea518   __register_lock
003ea514   __register_unlock
00000050   __stack
00000400   __sys_memory
00008cc0   __tmpnams
00008e60   __unlock
003e9e88   __wrt_ok
003ea43c   _abort
003e8d9a   _add_device
003ea18a   _atoi
003ea096   _c_int00
003e9197   _calloc
003e9195   _chkheap
003e8d68   _close
003ea46c   _cpu_timer0_isr
00008e5f   _errno
003ea43e   _exit
003e9845   _exp
003ea085   _fclose
003e9f1c   _fflush
003e9786   _fopen
003e9ffb   _fputc
003e97a0   _fputs
003e8fe8   _free
003e9179   _free_memory
003e9736   _freopen
003ea482   _frexp
003ea11b   _fseek
00008e0a   _ftestData
003e9463   _handleRxFIFO
003e8b3e   _handleScanKey
00008e10   _keyStr
003ea0da   _ldexp
00008e0c   _ledRam
003e8d3a   _lseek
003ea1bb   _ltoa
003e9a97   _main
003e9051   _malloc
003e9159   _max_free
003ea4bd   _memccpy
003ea4dd   _memchr
003ea537   _memset
003e902d   _minit
003e9557   _my_close
003e957f   _my_lseek
003e954e   _my_open
003e955c   _my_read
003e958f   _my_rename
003e9588   _my_unlink
003e9565   _my_write
003e8ce4   _open
003e951e   _open_uart_debug
00008e08   _poitPosition
003e9c25   _pow
003ea15e   _printf
003e9ffb   _putc
003ea046   _putchar
003e9833   _puts
003e8c96   _read
003e9cf7   _readmsg
003e90a7   _realloc
003ea543   _remove
003e8c7c   _remove_device
003e8c53   _rename
003e9327   _rsvd_ISR
003e9504   _scia_xmit
003e88ec   _segGetShow
003e9e18   _setvbuf
003ea4ea   _strchr
003ea500   _strcmp
003ea526   _strcpy
003ea50a   _strlen
003ea399   _strncpy
00008e68   _timer0Base
003e9fa7   _uartRx_isr
003e8c3b   _unlink
003e8bc1   _write
003e9ca8   _writemsg
ffffffff   binit
003eaa22   cinit
003f7ff6   code_start
003ea546   etext
ffffffff   pinit


GLOBAL SYMBOLS: SORTED BY Symbol Address 

address    name
--------   ----
00000001   __TI_args_main
0000001f   _RamfuncsLoadSize
00000050   __stack
00000300   __STACK_SIZE
00000350   __STACK_END
00000400   __SYSMEM_SIZE
00000400   __sys_memory
00000880   _DevEmuRegs
00000985   _SysPwrCtrlRegs
00000a80   _FlashRegs
00000ae0   _CsmRegs
00000b00   _AdcResult
00000c00   _CpuTimer0Regs
00000c08   _CpuTimer1Regs
00000c10   _CpuTimer2Regs
00000ce0   _PieCtrlRegs
00000d00   _EmuKey
00000d00   _PieVectTable
00000d01   _EmuBMode
00000d02   _Flash_CallbackPtr
00000d04   _Flash_CPUScaleFactor
00001400   _Cla1Regs
00006000   _ECanaRegs
00006040   _ECanaLAMRegs
00006080   _ECanaMOTSRegs
000060c0   _ECanaMOTORegs
00006100   _ECanaMboxes
00006400   _Comp1Regs
00006420   _Comp2Regs
00006440   _Comp3Regs
00006800   _EPwm1Regs
00006840   _EPwm2Regs
00006880   _EPwm3Regs
000068c0   _EPwm4Regs
00006900   _EPwm5Regs
00006940   _EPwm6Regs
00006980   _EPwm7Regs
00006a00   _ECap1Regs
00006ac0   _HRCap1Regs
00006ae0   _HRCap2Regs
00006b00   _EQep1Regs
00006c00   _LinaRegs
00006f80   _GpioCtrlRegs
00006fc0   _GpioDataRegs
00006fe0   _GpioIntRegs
00007010   _SysCtrlRegs
00007040   _SpiaRegs
00007050   _SciaRegs
00007060   _NmiIntruptRegs
00007070   _XIntruptRegs
00007100   _AdcRegs
00007740   _SpibRegs
00007900   _I2caRegs
00008000   _InitFlash
00008000   _RamfuncsRunStart
0000801b   _DSP28x_usDelay
00008c00   __ft_end
00008c40   __ftable
00008cc0   __tmpnams
00008d60   _CpuTimer1
00008d68   _CpuTimer2
00008d70   _CpuTimer0
00008e08   _poitPosition
00008e0a   _ftestData
00008e0c   _ledRam
00008e10   _keyStr
00008e16   _SEG7Table
00008e26   _Running
00008e40   _SCI_Msg
00008e5f   _errno
00008e60   __unlock
00008e62   __lock
00008e64   __cleanup_ptr
00008e66   __dtors_ptr
00008e68   _timer0Base
00008e80   __CIOBUF_
003d7e80   _PartIdRegs
003e8000   .text
003e8000   ___text__
003e877e   __printfi
003e8870   _HC595_Init
003e8892   _Send_One_595
003e88b0   _Shuma
003e88c5   _ShumaSlt
003e88ec   _segGetShow
003e8a9c   _SegScanTask
003e8b3e   _handleScanKey
003e8bc1   _write
003e8c3b   _unlink
003e8c53   _rename
003e8c7c   _remove_device
003e8c96   _read
003e8ce4   _open
003e8d3a   _lseek
003e8d68   _close
003e8d9a   _add_device
003e8df8   _HOSTwrite
003e8e2e   _HOSTunlink
003e8e53   _HOSTtime
003e8e7d   _HOSTrename
003e8ebb   _HOSTread
003e8ef1   _HOSTopen
003e8f28   _HOSTlseek
003e8f6f   _HOSTgetenv
003e8f97   _HOSTclose
003e8fbe   _HOSTclock
003e8fe8   _free
003e902d   _minit
003e9051   _malloc
003e90a7   _realloc
003e9159   _max_free
003e9179   _free_memory
003e9195   _chkheap
003e9197   _calloc
003e91b0   _INT13_ISR
003e91b5   _INT14_ISR
003e91ba   _DATALOG_ISR
003e91bf   _RTOSINT_ISR
003e91c4   _EMUINT_ISR
003e91c9   _NMI_ISR
003e91ce   _ILLEGAL_ISR
003e91d3   _USER1_ISR
003e91d8   _USER2_ISR
003e91dd   _USER3_ISR
003e91e2   _USER4_ISR
003e91e7   _USER5_ISR
003e91ec   _USER6_ISR
003e91f1   _USER7_ISR
003e91f6   _USER8_ISR
003e91fb   _USER9_ISR
003e9200   _USER10_ISR
003e9205   _USER11_ISR
003e920a   _USER12_ISR
003e920f   _ADCINT1_ISR
003e9214   _ADCINT2_ISR
003e9219   _XINT1_ISR
003e921e   _XINT2_ISR
003e9223   _ADCINT9_ISR
003e9228   _TINT0_ISR
003e922d   _WAKEINT_ISR
003e9232   _EPWM1_TZINT_ISR
003e9237   _EPWM2_TZINT_ISR
003e923c   _EPWM3_TZINT_ISR
003e9241   _EPWM4_TZINT_ISR
003e9246   _EPWM5_TZINT_ISR
003e924b   _EPWM6_TZINT_ISR
003e9250   _EPWM7_TZINT_ISR
003e9255   _EPWM1_INT_ISR
003e925a   _EPWM2_INT_ISR
003e925f   _EPWM3_INT_ISR
003e9264   _EPWM4_INT_ISR
003e9269   _EPWM5_INT_ISR
003e926e   _EPWM6_INT_ISR
003e9273   _EPWM7_INT_ISR
003e9278   _ECAP1_INT_ISR
003e927d   _HRCAP1_INT_ISR
003e9282   _HRCAP2_INT_ISR
003e9287   _EQEP1_INT_ISR
003e928c   _SPIRXINTA_ISR
003e9291   _SPITXINTA_ISR
003e9296   _SPIRXINTB_ISR
003e929b   _SPITXINTB_ISR
003e92a0   _I2CINT1A_ISR
003e92a5   _I2CINT2A_ISR
003e92aa   _SCIRXINTA_ISR
003e92af   _SCITXINTA_ISR
003e92b4   _LIN0INTA_ISR
003e92b9   _LIN1INTA_ISR
003e92be   _ECAN0INTA_ISR
003e92c3   _ECAN1INTA_ISR
003e92c8   _ADCINT3_ISR
003e92cd   _ADCINT4_ISR
003e92d2   _ADCINT5_ISR
003e92d7   _ADCINT6_ISR
003e92dc   _ADCINT7_ISR
003e92e1   _ADCINT8_ISR
003e92e6   _CLA1_INT1_ISR
003e92eb   _CLA1_INT2_ISR
003e92f0   _CLA1_INT3_ISR
003e92f5   _CLA1_INT4_ISR
003e92fa   _CLA1_INT5_ISR
003e92ff   _CLA1_INT6_ISR
003e9304   _CLA1_INT7_ISR
003e9309   _CLA1_INT8_ISR
003e930e   _XINT3_ISR
003e9313   _LVF_ISR
003e9318   _LUF_ISR
003e931d   _EMPTY_ISR
003e9322   _PIE_RESERVED
003e9327   _rsvd_ISR
003e932c   _InitSysCtrl
003e9346   _ServiceDog
003e9350   _DisableDog
003e9358   _InitPll
003e93a8   _InitPeripheralClocks
003e93e4   _CsmUnlock
003e9415   _IntOsc1Sel
003e9425   _IntOsc2Sel
003e9439   _XtalOscSel
003e944d   _ExtOscSel
003e9463   _handleRxFIFO
003e94d3   _SCI_Init
003e9504   _scia_xmit
003e951e   _open_uart_debug
003e954e   _my_open
003e9557   _my_close
003e955c   _my_read
003e9565   _my_write
003e957f   _my_lseek
003e9588   _my_unlink
003e958f   _my_rename
003e9599   LL$$DIV
003e95d5   LL$$MOD
003e960f   ULL$$DIV
003e963e   ULL$$MOD
003e9718   __cleanup
003e9736   _freopen
003e9786   _fopen
003e97a0   _fputs
003e9833   _puts
003e9845   _exp
003e98e3   FD$$ADD
003e997f   __log
003e9a0c   FD$$DIV
003e9a97   _main
003e9b0d   _InitLED
003e9b1f   FD$$MPY
003e9ba2   FS$$DIV
003e9c25   _pow
003e9ca8   _writemsg
003e9cf3   C$$IO$$
003e9cf7   _readmsg
003e9d2a   FS$$SUB
003e9d2f   FS$$ADD
003e9da2   _InitCpuTimers
003e9de3   _ConfigCpuTimer
003e9e18   _setvbuf
003e9e88   __wrt_ok
003e9ec2   __rd_ok
003e9eed   __doflush
003e9f1c   _fflush
003e9f4d   FS$$MPY
003e9fa7   _uartRx_isr
003e9ffb   _fputc
003e9ffb   _putc
003ea046   _putchar
003ea04b   __closefile
003ea085   _fclose
003ea096   _c_int00
003ea0da   _ldexp
003ea11b   _fseek
003ea15e   _printf
003ea18a   _atoi
003ea1bb   _ltoa
003ea1e7   FD$$CMP
003ea211   L$$DIV
003ea220   L$$MOD
003ea22e   UL$$DIV
003ea235   UL$$MOD
003ea23b   FS$$TOL
003ea264   _InitPieCtrl
003ea283   _EnableInterrupts
003ea28c   _InitPieVectTable
003ea2b1   FS$$TOI
003ea2d6   I$$DIV
003ea2e7   I$$MOD
003ea2f8   _Timer0_init
003ea31a   FD$$TOI
003ea33b   ___memcpy_ff
003ea35c   FD$$TOL
003ea37b   LL$$CMP
003ea38d   ULL$$CMP
003ea399   _strncpy
003ea3b7   FS$$TOFD
003ea3d3   L$$TOFD
003ea3ef   _InitSci
003ea3f0   _InitSciGpio
003ea3f3   _InitSciaGpio
003ea409   I$$TOFS
003ea423   __args_main
003ea43c   C$$EXIT
003ea43c   _abort
003ea43e   _exit
003ea455   FS$$CMP
003ea46c   _cpu_timer0_isr
003ea482   _frexp
003ea496   LL$$MPY
003ea4aa   _InitGpio
003ea4bd   _memccpy
003ea4cf   FD$$SUB
003ea4dd   _memchr
003ea4ea   _strchr
003ea4f5   U$$DIV
003ea4fa   U$$MOD
003ea500   _strcmp
003ea50a   _strlen
003ea514   __register_unlock
003ea518   __register_lock
003ea51c   __nop
003ea51d   FD$$NEG
003ea526   _strcpy
003ea537   _memset
003ea53e   FS$$NEG
003ea543   _remove
003ea546   ___etext__
003ea546   etext
003ea6b5   __ctypes_
003ea7b6   _PieVectTableInit
003eaa22   ___cinit__
003eaa22   cinit
003f5000   _RamfuncsLoadStart
003f7ff6   code_start
003f7ff8   _CsmPwl
ffffffff   ___binit__
ffffffff   ___c_args__
ffffffff   ___pinit__
ffffffff   binit
ffffffff   pinit

[318 symbols]
