******************************************************************************
             TMS320C2000 Linker PC v6.1.0                      
******************************************************************************
>> Linked Sun Mar 19 12:04:36 2017

OUTPUT FILE NAME:   <U2_AD_SOC.out>
ENTRY POINT SYMBOL: "_c_int00"  address: 003ea67d


MEMORY CONFIGURATION

         name            origin    length      used     unused   attr    fill
----------------------  --------  ---------  --------  --------  ----  --------
PAGE 0:
  RAML0                 00008000   00000800  0000001f  000007e1  RWIX
  RAML1                 00008800   00000400  00000000  00000400  RWIX
  OTP                   003d7800   00000400  00000000  00000400  RWIX
  FLASHCDEFGH           003e8000   0000c000  000031c5  00008e3b  RWIX
  FLASHB2               003f5000   00001000  0000001f  00000fe1  RWIX
  FLASHA                003f6000   00001f80  00000000  00001f80  RWIX
  CSM_RSVD              003f7f80   00000076  00000000  00000076  RWIX
  BEGIN                 003f7ff6   00000002  00000002  00000000  RWIX
  CSM_PWL_P0            003f7ff8   00000008  00000000  00000008  RWIX
  IQTABLES              003fe000   00000b50  00000000  00000b50  RWIX
  IQTABLES2             003feb50   0000008c  00000000  0000008c  RWIX
  IQTABLES3             003febdc   000000aa  00000000  000000aa  RWIX
  ROM                   003ff27c   00000d44  00000000  00000d44  RWIX
  RESET                 003fffc0   00000002  00000000  00000002  RWIX
  VECTORS               003fffc2   0000003e  00000000  0000003e  RWIX

PAGE 1:
  BOOT_RSVD             00000000   00000050  00000000  00000050  RWIX
  RAMM0                 00000050   000003b0  00000300  000000b0  RWIX
  RAMM1                 00000400   00000400  00000400  00000000  RWIX
  DEV_EMU               00000880   00000105  00000004  00000101  RWIX
  SYS_PWR_CTL           00000985   00000003  00000003  00000000  RWIX
  FLASH_REGS            00000a80   00000060  00000008  00000058  RWIX
  CSM                   00000ae0   00000010  00000010  00000000  RWIX
  ADC_RESULT            00000b00   00000020  00000020  00000000  RWIX
  CPU_TIMER0            00000c00   00000008  00000008  00000000  RWIX
  CPU_TIMER1            00000c08   00000008  00000008  00000000  RWIX
  CPU_TIMER2            00000c10   00000008  00000008  00000000  RWIX
  PIE_CTRL              00000ce0   00000020  0000001a  00000006  RWIX
  PIE_VECT              00000d00   00000100  00000100  00000000  RWIX
  CLA1                  00001400   00000080  00000040  00000040  RWIX
  ECANA                 00006000   00000040  00000034  0000000c  RWIX
  ECANA_LAM             00006040   00000040  00000040  00000000  RWIX
  ECANA_MOTS            00006080   00000040  00000040  00000000  RWIX
  ECANA_MOTO            000060c0   00000040  00000040  00000000  RWIX
  ECANA_MBOX            00006100   00000100  00000100  00000000  RWIX
  COMP1                 00006400   00000020  00000014  0000000c  RWIX
  COMP2                 00006420   00000020  00000014  0000000c  RWIX
  COMP3                 00006440   00000020  00000014  0000000c  RWIX
  EPWM1                 00006800   00000040  00000040  00000000  RWIX
  EPWM2                 00006840   00000040  00000040  00000000  RWIX
  EPWM3                 00006880   00000040  00000040  00000000  RWIX
  EPWM4                 000068c0   00000040  00000040  00000000  RWIX
  EPWM5                 00006900   00000040  00000040  00000000  RWIX
  EPWM6                 00006940   00000040  00000040  00000000  RWIX
  EPWM7                 00006980   00000040  00000040  00000000  RWIX
  ECAP1                 00006a00   00000020  00000020  00000000  RWIX
  HRCAP1                00006ac0   00000020  00000020  00000000  RWIX
  HRCAP2                00006ae0   00000020  00000020  00000000  RWIX
  EQEP1                 00006b00   00000040  00000040  00000000  RWIX
  LINA                  00006c00   00000080  0000004a  00000036  RWIX
  GPIOCTRL              00006f80   00000040  00000040  00000000  RWIX
  GPIODAT               00006fc0   00000020  00000020  00000000  RWIX
  GPIOINT               00006fe0   00000020  0000000c  00000014  RWIX
  SYSTEM                00007010   00000020  00000020  00000000  RWIX
  SPIA                  00007040   00000010  00000010  00000000  RWIX
  SCIA                  00007050   00000010  00000010  00000000  RWIX
  NMIINTRUPT            00007060   00000010  00000010  00000000  RWIX
  XINTRUPT              00007070   00000010  00000010  00000000  RWIX
  ADC                   00007100   00000080  00000050  00000030  RWIX
  SPIB                  00007740   00000010  00000010  00000000  RWIX
  I2CA                  00007900   00000040  00000022  0000001e  RWIX
  RAML2                 00008c00   00000400  0000031a  000000e6  RWIX
  RAML3                 00009000   00001000  00000120  00000ee0  RWIX
  PARTID                003d7e80   00000001  00000001  00000000  RWIX
  FLASHB1               003f4000   00001000  00000000  00001000  RWIX
  CSM_PWL               003f7ff8   00000008  00000008  00000000  RWIX


SECTION ALLOCATION MAP

 output                                  attributes/
section   page    origin      length       input sections
--------  ----  ----------  ----------   ----------------
.pinit     0    003e8000    00000000     UNINITIALIZED

.text      0    003e8000    00002b49     
                  003e8000    00000870     rts2800_ml.lib : _printfi.obj (.text)
                  003e8870    00000330     segscan.obj (.text)
                  003e8ba0    00000237     rts2800_ml.lib : lowlev.obj (.text)
                  003e8dd7    00000203     DSP2803x_Adc.obj (.text)
                  003e8fda    000001f0     rts2800_ml.lib : trgdrv.obj (.text)
                  003e91ca    000001ca     TM1650_IIC.obj (.text)
                  003e9394    000001c8     rts2800_ml.lib : memory.obj (.text)
                  003e955c    0000017c     DSP2803x_DefaultIsr.obj (.text:retain)
                  003e96d8    00000137     DSP2803x_SysCtrl.obj (.text)
                  003e980f    00000136     printf_uart.obj (.text)
                  003e9945    00000107     rts2800_ml.lib : ll_div.obj (.text)
                  003e9a4c    00000100                    : fopen.obj (.text)
                  003e9b4c    000000c4     DSP2803x_EPwm.obj (.text)
                  003e9c10    000000c1     main.obj (.text)
                  003e9cd1    000000a5     rts2800_ml.lib : fputs.obj (.text)
                  003e9d76    000000a0     AD.obj (.text:retain)
                  003e9e16    0000009e     rts2800_ml.lib : exp.obj (.text)
                  003e9eb4    0000009c                    : fd_add.obj (.text)
                  003e9f50    0000008d                    : _log.obj (.text)
                  003e9fdd    0000008b                    : fd_div.obj (.text)
                  003ea068    00000083                    : fd_mpy.obj (.text)
                  003ea0eb    00000083                    : fs_div.obj (.text)
                  003ea16e    00000083                    : pow.obj (.text)
                  003ea1f1    00000082                    : ankmsg.obj (.text)
                  003ea273    00000078                    : fs_add.obj (.text)
                  003ea2eb    00000076     DSP2803x_CpuTimers.obj (.text)
                  003ea361    00000070     rts2800_ml.lib : setvbuf.obj (.text)
                  003ea3d1    00000065                    : _io_perm.obj (.text)
                  003ea436    00000060                    : fflush.obj (.text)
                  003ea496    0000005a                    : fs_mpy.obj (.text)
                  003ea4f0    00000055     timer0_base.obj (.text:retain)
                  003ea545    00000054     printf_uart.obj (.text:retain)
                  003ea599    00000050     rts2800_ml.lib : fputc.obj (.text)
                  003ea5e9    0000004b                    : fclose.obj (.text)
                  003ea634    00000049     AD.obj (.text)
                  003ea67d    00000044     rts2800_ml.lib : boot.obj (.text)
                  003ea6c1    00000041                    : ldexp.obj (.text)
                  003ea702    0000003d                    : fseek.obj (.text)
                  003ea73f    00000032                    : printf.obj (.text)
                  003ea771    00000031                    : atoi.obj (.text)
                  003ea7a2    0000002c                    : ltoa.obj (.text)
                  003ea7ce    0000002a                    : fd_cmp.obj (.text)
                  003ea7f8    0000002a                    : l_div.obj (.text)
                  003ea822    00000029                    : fs_tol.obj (.text)
                  003ea84b    00000028     DSP2803x_PieCtrl.obj (.text)
                  003ea873    00000025     DSP2803x_PieVect.obj (.text)
                  003ea898    00000025     rts2800_ml.lib : fs_toi.obj (.text)
                  003ea8bd    00000022                    : i_div.obj (.text)
                  003ea8df    00000022     timer0_base.obj (.text)
                  003ea901    00000021     rts2800_ml.lib : fd_toi.obj (.text)
                  003ea922    00000021                    : memcpy_ff.obj (.text)
                  003ea943    0000001f                    : fd_tol.obj (.text)
                  003ea962    0000001e                    : ll_cmp.obj (.text)
                  003ea980    0000001e                    : strncpy.obj (.text)
                  003ea99e    0000001c                    : fs_tofd.obj (.text)
                  003ea9ba    0000001c                    : l_tofd.obj (.text)
                  003ea9d6    0000001a     DSP2803x_Sci.obj (.text)
                  003ea9f0    0000001a     rts2800_ml.lib : i_tofs.obj (.text)
                  003eaa0a    00000019     DSP2803x_I2C.obj (.text)
                  003eaa23    00000019     rts2800_ml.lib : args_main.obj (.text)
                  003eaa3c    00000019                    : exit.obj (.text)
                  003eaa55    00000017                    : fs_cmp.obj (.text)
                  003eaa6c    00000014                    : frexp.obj (.text)
                  003eaa80    00000014                    : ll_mpy.obj (.text)
                  003eaa94    00000013     DSP2803x_Gpio.obj (.text)
                  003eaaa7    00000012     rts2800_ml.lib : memccpy.obj (.text)
                  003eaab9    00000010                    : u_tofs.obj (.text)
                  003eaac9    0000000e                    : fd_sub.obj (.text)
                  003eaad7    0000000d                    : memchr.obj (.text)
                  003eaae4    0000000b                    : strchr.obj (.text)
                  003eaaef    0000000b                    : u_div.obj (.text)
                  003eaafa    0000000a                    : strcmp.obj (.text)
                  003eab04    0000000a                    : strlen.obj (.text)
                  003eab0e    00000009     TM1650_IIC.obj (.text:retain)
                  003eab17    00000009     rts2800_ml.lib : _lock.obj (.text)
                  003eab20    00000009                    : fd_neg.obj (.text)
                  003eab29    00000009                    : strcpy.obj (.text)
                  003eab32    00000008     DSP2803x_CodeStartBranch.obj (.text)
                  003eab3a    00000007     rts2800_ml.lib : memset.obj (.text)
                  003eab41    00000005                    : fs_neg.obj (.text)
                  003eab46    00000003                    : remove.obj (.text)

.econst    0    003eab4a    00000548     
                  003eab4a    00000135     main.obj (.econst:.string)
                  003eac7f    00000101     rts2800_ml.lib : ctype.obj (.econst:__ctypes_)
                  003ead80    00000100     DSP2803x_PieVect.obj (.econst)
                  003eae80    000000f4     printf_uart.obj (.econst:.string)
                  003eaf74    0000006e     AD.obj (.econst:.string)
                  003eafe2    0000004d     segscan.obj (.econst:.string)
                  003eb02f    00000001     --HOLE-- [fill = 0]
                  003eb030    00000024     TM1650_IIC.obj (.econst:.string)
                  003eb054    00000024     rts2800_ml.lib : _printfi.obj (.econst:.string)
                  003eb078    00000018                    : _printfi.obj (.econst)
                  003eb090    00000002                    : fputs.obj (.econst:.string)

.cinit     0    003eb092    00000134     
                  003eb092    0000005d     segscan.obj (.cinit)
                  003eb0ef    00000048     TM1650_IIC.obj (.cinit)
                  003eb137    0000002d     rts2800_ml.lib : lowlev.obj (.cinit)
                  003eb164    0000002a                    : defs.obj (.cinit)
                  003eb18e    0000000b     printf_uart.obj (.cinit)
                  003eb199    0000000a     rts2800_ml.lib : _lock.obj (.cinit)
                  003eb1a3    0000000a                    : exit.obj (.cinit)
                  003eb1ad    00000007     timer0_base.obj (.cinit)
                  003eb1b4    00000004     main.obj (.cinit)
                  003eb1b8    00000004     rts2800_ml.lib : errno.obj (.cinit)
                  003eb1bc    00000004                    : fopen.obj (.cinit)
                  003eb1c0    00000004                    : memory.obj (.cinit)
                  003eb1c4    00000002     --HOLE-- [fill = 0]

ramfuncs   0    003f5000    0000001f     RUN ADDR = 00008000
                  003f5000    0000001b     DSP2803x_SysCtrl.obj (ramfuncs)
                  003f501b    00000004     DSP2803x_usDelay.obj (ramfuncs)

codestart 
*          0    003f7ff6    00000002     
                  003f7ff6    00000002     DSP2803x_CodeStartBranch.obj (codestart)

.reset     0    003fffc0    00000002     DSECT
                  003fffc0    00000002     rts2800_ml.lib : boot.obj (.reset)

vectors    0    003fffc2    00000000     DSECT

.stack     1    00000050    00000300     UNINITIALIZED
                  00000050    00000300     --HOLE--

.sysmem    1    00000400    00000400     UNINITIALIZED
                  00000400    00000001     rts2800_ml.lib : memory.obj (.sysmem)
                  00000401    000003ff     --HOLE--

DevEmuRegsFile 
*          1    00000880    00000004     UNINITIALIZED
                  00000880    00000004     DSP2803x_GlobalVariableDefs.obj (DevEmuRegsFile)

SysPwrCtrlRegsFile 
*          1    00000985    00000003     UNINITIALIZED
                  00000985    00000003     DSP2803x_GlobalVariableDefs.obj (SysPwrCtrlRegsFile)

FlashRegsFile 
*          1    00000a80    00000008     UNINITIALIZED
                  00000a80    00000008     DSP2803x_GlobalVariableDefs.obj (FlashRegsFile)

CsmRegsFile 
*          1    00000ae0    00000010     UNINITIALIZED
                  00000ae0    00000010     DSP2803x_GlobalVariableDefs.obj (CsmRegsFile)

AdcResultFile 
*          1    00000b00    00000020     UNINITIALIZED
                  00000b00    00000020     DSP2803x_GlobalVariableDefs.obj (AdcResultFile)

CpuTimer0RegsFile 
*          1    00000c00    00000008     UNINITIALIZED
                  00000c00    00000008     DSP2803x_GlobalVariableDefs.obj (CpuTimer0RegsFile)

CpuTimer1RegsFile 
*          1    00000c08    00000008     UNINITIALIZED
                  00000c08    00000008     DSP2803x_GlobalVariableDefs.obj (CpuTimer1RegsFile)

CpuTimer2RegsFile 
*          1    00000c10    00000008     UNINITIALIZED
                  00000c10    00000008     DSP2803x_GlobalVariableDefs.obj (CpuTimer2RegsFile)

PieCtrlRegsFile 
*          1    00000ce0    0000001a     UNINITIALIZED
                  00000ce0    0000001a     DSP2803x_GlobalVariableDefs.obj (PieCtrlRegsFile)

PieVectTableFile 
*          1    00000d00    00000100     UNINITIALIZED
                  00000d00    00000100     DSP2803x_GlobalVariableDefs.obj (PieVectTableFile)

EmuKeyVar 
*          1    00000d00    00000001     UNINITIALIZED
                  00000d00    00000001     DSP2803x_GlobalVariableDefs.obj (EmuKeyVar)

EmuBModeVar 
*          1    00000d01    00000001     UNINITIALIZED
                  00000d01    00000001     DSP2803x_GlobalVariableDefs.obj (EmuBModeVar)

FlashCallbackVar 
*          1    00000d02    00000002     UNINITIALIZED
                  00000d02    00000002     DSP2803x_GlobalVariableDefs.obj (FlashCallbackVar)

FlashScalingVar 
*          1    00000d04    00000002     UNINITIALIZED
                  00000d04    00000002     DSP2803x_GlobalVariableDefs.obj (FlashScalingVar)

Cla1RegsFile 
*          1    00001400    00000040     UNINITIALIZED
                  00001400    00000040     DSP2803x_GlobalVariableDefs.obj (Cla1RegsFile)

ECanaRegsFile 
*          1    00006000    00000034     UNINITIALIZED
                  00006000    00000034     DSP2803x_GlobalVariableDefs.obj (ECanaRegsFile)

ECanaLAMRegsFile 
*          1    00006040    00000040     UNINITIALIZED
                  00006040    00000040     DSP2803x_GlobalVariableDefs.obj (ECanaLAMRegsFile)

ECanaMOTSRegsFile 
*          1    00006080    00000040     UNINITIALIZED
                  00006080    00000040     DSP2803x_GlobalVariableDefs.obj (ECanaMOTSRegsFile)

ECanaMOTORegsFile 
*          1    000060c0    00000040     UNINITIALIZED
                  000060c0    00000040     DSP2803x_GlobalVariableDefs.obj (ECanaMOTORegsFile)

ECanaMboxesFile 
*          1    00006100    00000100     UNINITIALIZED
                  00006100    00000100     DSP2803x_GlobalVariableDefs.obj (ECanaMboxesFile)

Comp1RegsFile 
*          1    00006400    00000014     UNINITIALIZED
                  00006400    00000014     DSP2803x_GlobalVariableDefs.obj (Comp1RegsFile)

Comp2RegsFile 
*          1    00006420    00000014     UNINITIALIZED
                  00006420    00000014     DSP2803x_GlobalVariableDefs.obj (Comp2RegsFile)

Comp3RegsFile 
*          1    00006440    00000014     UNINITIALIZED
                  00006440    00000014     DSP2803x_GlobalVariableDefs.obj (Comp3RegsFile)

EPwm1RegsFile 
*          1    00006800    00000040     UNINITIALIZED
                  00006800    00000040     DSP2803x_GlobalVariableDefs.obj (EPwm1RegsFile)

EPwm2RegsFile 
*          1    00006840    00000040     UNINITIALIZED
                  00006840    00000040     DSP2803x_GlobalVariableDefs.obj (EPwm2RegsFile)

EPwm3RegsFile 
*          1    00006880    00000040     UNINITIALIZED
                  00006880    00000040     DSP2803x_GlobalVariableDefs.obj (EPwm3RegsFile)

EPwm4RegsFile 
*          1    000068c0    00000040     UNINITIALIZED
                  000068c0    00000040     DSP2803x_GlobalVariableDefs.obj (EPwm4RegsFile)

EPwm5RegsFile 
*          1    00006900    00000040     UNINITIALIZED
                  00006900    00000040     DSP2803x_GlobalVariableDefs.obj (EPwm5RegsFile)

EPwm6RegsFile 
*          1    00006940    00000040     UNINITIALIZED
                  00006940    00000040     DSP2803x_GlobalVariableDefs.obj (EPwm6RegsFile)

EPwm7RegsFile 
*          1    00006980    00000040     UNINITIALIZED
                  00006980    00000040     DSP2803x_GlobalVariableDefs.obj (EPwm7RegsFile)

ECap1RegsFile 
*          1    00006a00    00000020     UNINITIALIZED
                  00006a00    00000020     DSP2803x_GlobalVariableDefs.obj (ECap1RegsFile)

HRCap1RegsFile 
*          1    00006ac0    00000020     UNINITIALIZED
                  00006ac0    00000020     DSP2803x_GlobalVariableDefs.obj (HRCap1RegsFile)

HRCap2RegsFile 
*          1    00006ae0    00000020     UNINITIALIZED
                  00006ae0    00000020     DSP2803x_GlobalVariableDefs.obj (HRCap2RegsFile)

EQep1RegsFile 
*          1    00006b00    00000040     UNINITIALIZED
                  00006b00    00000040     DSP2803x_GlobalVariableDefs.obj (EQep1RegsFile)

LinaRegsFile 
*          1    00006c00    0000004a     UNINITIALIZED
                  00006c00    0000004a     DSP2803x_GlobalVariableDefs.obj (LinaRegsFile)

GpioCtrlRegsFile 
*          1    00006f80    00000040     UNINITIALIZED
                  00006f80    00000040     DSP2803x_GlobalVariableDefs.obj (GpioCtrlRegsFile)

GpioDataRegsFile 
*          1    00006fc0    00000020     UNINITIALIZED
                  00006fc0    00000020     DSP2803x_GlobalVariableDefs.obj (GpioDataRegsFile)

GpioIntRegsFile 
*          1    00006fe0    0000000c     UNINITIALIZED
                  00006fe0    0000000c     DSP2803x_GlobalVariableDefs.obj (GpioIntRegsFile)

SysCtrlRegsFile 
*          1    00007010    00000020     UNINITIALIZED
                  00007010    00000020     DSP2803x_GlobalVariableDefs.obj (SysCtrlRegsFile)

SpiaRegsFile 
*          1    00007040    00000010     UNINITIALIZED
                  00007040    00000010     DSP2803x_GlobalVariableDefs.obj (SpiaRegsFile)

SciaRegsFile 
*          1    00007050    00000010     UNINITIALIZED
                  00007050    00000010     DSP2803x_GlobalVariableDefs.obj (SciaRegsFile)

NmiIntruptRegsFile 
*          1    00007060    00000010     UNINITIALIZED
                  00007060    00000010     DSP2803x_GlobalVariableDefs.obj (NmiIntruptRegsFile)

XIntruptRegsFile 
*          1    00007070    00000010     UNINITIALIZED
                  00007070    00000010     DSP2803x_GlobalVariableDefs.obj (XIntruptRegsFile)

AdcRegsFile 
*          1    00007100    00000050     UNINITIALIZED
                  00007100    00000050     DSP2803x_GlobalVariableDefs.obj (AdcRegsFile)

SpibRegsFile 
*          1    00007740    00000010     UNINITIALIZED
                  00007740    00000010     DSP2803x_GlobalVariableDefs.obj (SpibRegsFile)

I2caRegsFile 
*          1    00007900    00000022     UNINITIALIZED
                  00007900    00000022     DSP2803x_GlobalVariableDefs.obj (I2caRegsFile)

.ebss      1    00008c00    0000031a     UNINITIALIZED
                  00008c00    00000160     rts2800_ml.lib : defs.obj (.ebss)
                  00008d60    00000018     DSP2803x_CpuTimers.obj (.ebss)
                  00008d78    00000008     rts2800_ml.lib : memory.obj (.ebss)
                  00008d80    00000088                    : lowlev.obj (.ebss)
                  00008e08    00000018     printf_uart.obj (.ebss)
                  00008e20    00000008     rts2800_ml.lib : trgdrv.obj (.ebss)
                  00008e28    00000004                    : _lock.obj (.ebss)
                  00008e2c    00000004                    : exit.obj (.ebss)
                  00008e30    00000004     timer0_base.obj (.ebss)
                  00008e34    00000002     main.obj (.ebss)
                  00008e36    00000001     rts2800_ml.lib : errno.obj (.ebss)
                  00008e37    00000001                    : fopen.obj (.ebss)
                  00008e38    00000008     --HOLE--
                  00008e40    00000070     TM1650_IIC.obj (.ebss)
                  00008eb0    00000010     --HOLE--
                  00008ec0    0000005a     segscan.obj (.ebss)

.cio       1    00009000    00000120     UNINITIALIZED
                  00009000    00000120     rts2800_ml.lib : ankmsg.obj (.cio)

PartIdRegsFile 
*          1    003d7e80    00000001     UNINITIALIZED
                  003d7e80    00000001     DSP2803x_GlobalVariableDefs.obj (PartIdRegsFile)

CsmPwlFile 
*          1    003f7ff8    00000008     UNINITIALIZED
                  003f7ff8    00000008     DSP2803x_GlobalVariableDefs.obj (CsmPwlFile)


GLOBAL SYMBOLS: SORTED ALPHABETICALLY BY Name 

address    name
--------   ----
003e8000   .text
003eaa3c   C$$EXIT
003ea23c   C$$IO$$
003e9eb4   FD$$ADD
003ea7ce   FD$$CMP
003e9fdd   FD$$DIV
003ea068   FD$$MPY
003eab20   FD$$NEG
003eaac9   FD$$SUB
003ea901   FD$$TOI
003ea943   FD$$TOL
003ea278   FS$$ADD
003eaa55   FS$$CMP
003ea0eb   FS$$DIV
003ea496   FS$$MPY
003eab41   FS$$NEG
003ea273   FS$$SUB
003ea99e   FS$$TOFD
003ea898   FS$$TOI
003ea822   FS$$TOL
003ea8bd   I$$DIV
003ea8ce   I$$MOD
003ea9f0   I$$TOFS
003ea7f8   L$$DIV
003ea807   L$$MOD
003ea9ba   L$$TOFD
003ea962   LL$$CMP
003e9945   LL$$DIV
003e9981   LL$$MOD
003eaa80   LL$$MPY
003eaaef   U$$DIV
003eaaf4   U$$MOD
003eaab9   U$$TOFS
003ea815   UL$$DIV
003ea81c   UL$$MOD
003ea974   ULL$$CMP
003e99bb   ULL$$DIV
003e99ea   ULL$$MOD
003e95bb   _ADCINT1_ISR
003e95c0   _ADCINT2_ISR
003e9674   _ADCINT3_ISR
003e9679   _ADCINT4_ISR
003e967e   _ADCINT5_ISR
003e9683   _ADCINT6_ISR
003e9688   _ADCINT7_ISR
003e968d   _ADCINT8_ISR
003e95cf   _ADCINT9_ISR
003ea634   _ADC_Config
00008e98   _AT24C02Msg
003e8e3e   _AdcChanSelect
003e8eb3   _AdcConversion
003e8e17   _AdcOffsetSelfCal
00007100   _AdcRegs
00000b00   _AdcResult
003e9692   _CLA1_INT1_ISR
003e9697   _CLA1_INT2_ISR
003e969c   _CLA1_INT3_ISR
003e96a1   _CLA1_INT4_ISR
003e96a6   _CLA1_INT5_ISR
003e96ab   _CLA1_INT6_ISR
003e96b0   _CLA1_INT7_ISR
003e96b5   _CLA1_INT8_ISR
00001400   _Cla1Regs
00006400   _Comp1Regs
00006420   _Comp2Regs
00006440   _Comp3Regs
003ea32c   _ConfigCpuTimer
00008d70   _CpuTimer0
00000c00   _CpuTimer0Regs
00008d60   _CpuTimer1
00000c08   _CpuTimer1Regs
00008d68   _CpuTimer2
00000c10   _CpuTimer2Regs
003f7ff8   _CsmPwl
00000ae0   _CsmRegs
003e9790   _CsmUnlock
003e9566   _DATALOG_ISR
0000801b   _DSP28x_usDelay
00000880   _DevEmuRegs
003e96fc   _DisableDog
003e966a   _ECAN0INTA_ISR
003e966f   _ECAN1INTA_ISR
003e9624   _ECAP1_INT_ISR
00006040   _ECanaLAMRegs
000060c0   _ECanaMOTORegs
00006080   _ECanaMOTSRegs
00006100   _ECanaMboxes
00006000   _ECanaRegs
00006a00   _ECap1Regs
003e96c9   _EMPTY_ISR
003e9570   _EMUINT_ISR
003e9601   _EPWM1_INT_ISR
003e95de   _EPWM1_TZINT_ISR
003e9606   _EPWM2_INT_ISR
003e95e3   _EPWM2_TZINT_ISR
003e960b   _EPWM3_INT_ISR
003e95e8   _EPWM3_TZINT_ISR
003e9610   _EPWM4_INT_ISR
003e95ed   _EPWM4_TZINT_ISR
003e9615   _EPWM5_INT_ISR
003e95f2   _EPWM5_TZINT_ISR
003e961a   _EPWM6_INT_ISR
003e95f7   _EPWM6_TZINT_ISR
003e961f   _EPWM7_INT_ISR
003e95fc   _EPWM7_TZINT_ISR
00006800   _EPwm1Regs
00006840   _EPwm2Regs
00006880   _EPwm3Regs
000068c0   _EPwm4Regs
00006900   _EPwm5Regs
00006940   _EPwm6Regs
00006980   _EPwm7Regs
003e9633   _EQEP1_INT_ISR
00006b00   _EQep1Regs
00000d01   _EmuBMode
00000d00   _EmuKey
003ea86a   _EnableInterrupts
00008e34   _Error
003e97f9   _ExtOscSel
00000a80   _FlashRegs
00000d04   _Flash_CPUScaleFactor
00000d02   _Flash_CallbackPtr
00006f80   _GpioCtrlRegs
00006fc0   _GpioDataRegs
00006fe0   _GpioIntRegs
003e91a0   _HOSTclock
003e9179   _HOSTclose
003e9151   _HOSTgetenv
003e910a   _HOSTlseek
003e90d3   _HOSTopen
003e909d   _HOSTread
003e905f   _HOSTrename
003e9035   _HOSTtime
003e9010   _HOSTunlink
003e8fda   _HOSTwrite
003e9629   _HRCAP1_INT_ISR
003e962e   _HRCAP2_INT_ISR
00006ac0   _HRCap1Regs
00006ae0   _HRCap2Regs
003e91e0   _I2CA_Init
003e925a   _I2CA_Rxdata_STOP
003e922a   _I2CA_Tx_STOP
003e964c   _I2CINT1A_ISR
003e9651   _I2CINT2A_ISR
00007900   _I2caRegs
00008e66   _ICF8591Msg
00008e46   _IIC_ISR_String
003e957a   _ILLEGAL_ISR
003e955c   _INT13_ISR
003e9561   _INT14_ISR
003e8dd7   _InitAdc
003e8df5   _InitAdcAio
003ea2eb   _InitCpuTimers
003e9b4c   _InitEPwm
003e9b5c   _InitEPwm1Gpio
003e9b6e   _InitEPwm2Gpio
003e9b80   _InitEPwm3Gpio
003e9b94   _InitEPwm4Gpio
003e9ba8   _InitEPwm5Gpio
003e9bba   _InitEPwm6Gpio
003e9bcc   _InitEPwm7Gpio
003e9b4d   _InitEPwmGpio
003e9bde   _InitEPwmSyncGpio
00008000   _InitFlash
003eaa94   _InitGpio
003eaa0a   _InitI2C
003eaa0b   _InitI2CGpio
003e91ca   _InitI2C_Gpio
003e9cb3   _InitLED
003e9754   _InitPeripheralClocks
003ea84b   _InitPieCtrl
003ea873   _InitPieVectTable
003e9704   _InitPll
003ea9d6   _InitSci
003ea9d7   _InitSciGpio
003ea9da   _InitSciaGpio
003e96d8   _InitSysCtrl
003e9bef   _InitTzGpio
003e97c1   _IntOsc1Sel
003e97d1   _IntOsc2Sel
003e9660   _LIN0INTA_ISR
003e9665   _LIN1INTA_ISR
003e96c4   _LUF_ISR
003e96bf   _LVF_ISR
00008e41   _LigntVal
00006c00   _LinaRegs
003e9575   _NMI_ISR
00007060   _NmiIntruptRegs
003e96ce   _PIE_RESERVED
003d7e80   _PartIdRegs
00000ce0   _PieCtrlRegs
00000d00   _PieVectTable
003ead80   _PieVectTableInit
00008e42   _PtrMsg
00008ee0   _RGB_Code
003e956b   _RTOSINT_ISR
0000001f   _RamfuncsLoadSize
003f5000   _RamfuncsLoadStart
00008000   _RamfuncsRunStart
00008f00   _Running
003e9656   _SCIRXINTA_ISR
003e965b   _SCITXINTA_ISR
003e987f   _SCI_Init
00008e08   _SCI_Msg
00008e56   _SEG7Table
003e9638   _SPIRXINTA_ISR
003e9642   _SPIRXINTB_ISR
003e963d   _SPITXINTA_ISR
003e9647   _SPITXINTB_ISR
00007050   _SciaRegs
003e8a2f   _SegScanTask
003e96f2   _ServiceDog
003e8870   _ShumaSlt
00007040   _SpiaRegs
00007740   _SpibRegs
00007010   _SysCtrlRegs
00000985   _SysPwrCtrlRegs
003e95d4   _TINT0_ISR
00008e80   _TM1650
00008ec9   _TM1650SegVal
003e9359   _TM1650_Read
003e932b   _TM1650_Send
003ea8df   _Timer0_init
00008e35   _Tmp
003e95ac   _USER10_ISR
003e95b1   _USER11_ISR
003e95b6   _USER12_ISR
003e957f   _USER1_ISR
003e9584   _USER2_ISR
003e9589   _USER3_ISR
003e958e   _USER4_ISR
003e9593   _USER5_ISR
003e9598   _USER6_ISR
003e959d   _USER7_ISR
003e95a2   _USER8_ISR
003e95a7   _USER9_ISR
003e95d9   _WAKEINT_ISR
003e95c5   _XINT1_ISR
003e95ca   _XINT2_ISR
003e96ba   _XINT3_ISR
00007070   _XIntruptRegs
003e97e5   _XtalOscSel
00009000   __CIOBUF_
00000350   __STACK_END
00000300   __STACK_SIZE
00000400   __SYSMEM_SIZE
00000001   __TI_args_main
ffffffff   ___binit__
ffffffff   ___c_args__
003eb092   ___cinit__
003eab49   ___etext__
003ea922   ___memcpy_ff
ffffffff   ___pinit__
003e8000   ___text__
003eaa23   __args_main
003e9ac4   __cleanup
00008e2c   __cleanup_ptr
003ea5e9   __closefile
003eac7f   __ctypes_
003ea436   __doflush
00008e2e   __dtors_ptr
00008c00   __ft_end
00008c40   __ftable
00008e2a   __lock
003e9f50   __log
003eab1f   __nop
003e877e   __printfi
003ea40b   __rd_ok
003eab1b   __register_lock
003eab17   __register_unlock
00000050   __stack
00000400   __sys_memory
00008cc0   __tmpnams
00008e28   __unlock
003ea3d1   __wrt_ok
003eaa3c   _abort
003e9d76   _adc_isr
003e8d79   _add_device
003ea771   _atoi
003ea67d   _c_int00
003e9543   _calloc
003e9541   _chkheap
003e8d47   _close
003ea4f0   _cpu_timer0_isr
00008e36   _errno
003eaa3e   _exit
003e9e16   _exp
003ea623   _fclose
003ea465   _fflush
003e9b32   _fopen
003ea599   _fputc
003e9cd1   _fputs
003e9394   _free
003e9525   _free_memory
003e9ae2   _freopen
003eaa6c   _frexp
003ea702   _fseek
00008ed8   _ftest
00008ec4   _ftestData
003e980f   _handleRxFIFO
003e8b14   _handleScanKey
003eab0e   _i2c_int1a_isr
00008ed2   _keyStr
00008e40   _keyVal
00008ec6   _keyValCode
003ea6c1   _ldexp
003e8d19   _lseek
003ea7a2   _ltoa
003e9c10   _main
003e93fd   _malloc
003e9505   _max_free
003eaaa7   _memccpy
003eaad7   _memchr
003eab3a   _memset
003e93d9   _minit
003e9903   _my_close
003e992b   _my_lseek
003e98fa   _my_open
003e9908   _my_read
003e993b   _my_rename
003e9934   _my_unlink
003e9911   _my_write
003e8cc3   _open
003e98ca   _open_uart_debug
00008ec0   _poitPosition
003ea16e   _pow
003ea745   _printf
003ea599   _putc
003ea5e4   _putchar
003e9d64   _puts
003e8c75   _read
003ea240   _readmsg
003e9453   _realloc
003eab46   _remove
003e8c5b   _remove_device
003e8c32   _rename
003e96d3   _rsvd_ISR
003e98b0   _scia_xmit
003e8886   _segGetShow
003ea361   _setvbuf
003e926b   _softResetIIC_BUS
003eaae4   _strchr
003eaafa   _strcmp
003eab29   _strcpy
003eab04   _strlen
003ea980   _strncpy
00008e30   _timer0Base
003ea545   _uartRx_isr
003e8c1a   _unlink
003e8ba0   _write
003ea1f1   _writemsg
ffffffff   binit
003eb092   cinit
003f7ff6   code_start
003eab49   etext
ffffffff   pinit


GLOBAL SYMBOLS: SORTED BY Symbol Address 

address    name
--------   ----
00000001   __TI_args_main
0000001f   _RamfuncsLoadSize
00000050   __stack
00000300   __STACK_SIZE
00000350   __STACK_END
00000400   __SYSMEM_SIZE
00000400   __sys_memory
00000880   _DevEmuRegs
00000985   _SysPwrCtrlRegs
00000a80   _FlashRegs
00000ae0   _CsmRegs
00000b00   _AdcResult
00000c00   _CpuTimer0Regs
00000c08   _CpuTimer1Regs
00000c10   _CpuTimer2Regs
00000ce0   _PieCtrlRegs
00000d00   _EmuKey
00000d00   _PieVectTable
00000d01   _EmuBMode
00000d02   _Flash_CallbackPtr
00000d04   _Flash_CPUScaleFactor
00001400   _Cla1Regs
00006000   _ECanaRegs
00006040   _ECanaLAMRegs
00006080   _ECanaMOTSRegs
000060c0   _ECanaMOTORegs
00006100   _ECanaMboxes
00006400   _Comp1Regs
00006420   _Comp2Regs
00006440   _Comp3Regs
00006800   _EPwm1Regs
00006840   _EPwm2Regs
00006880   _EPwm3Regs
000068c0   _EPwm4Regs
00006900   _EPwm5Regs
00006940   _EPwm6Regs
00006980   _EPwm7Regs
00006a00   _ECap1Regs
00006ac0   _HRCap1Regs
00006ae0   _HRCap2Regs
00006b00   _EQep1Regs
00006c00   _LinaRegs
00006f80   _GpioCtrlRegs
00006fc0   _GpioDataRegs
00006fe0   _GpioIntRegs
00007010   _SysCtrlRegs
00007040   _SpiaRegs
00007050   _SciaRegs
00007060   _NmiIntruptRegs
00007070   _XIntruptRegs
00007100   _AdcRegs
00007740   _SpibRegs
00007900   _I2caRegs
00008000   _InitFlash
00008000   _RamfuncsRunStart
0000801b   _DSP28x_usDelay
00008c00   __ft_end
00008c40   __ftable
00008cc0   __tmpnams
00008d60   _CpuTimer1
00008d68   _CpuTimer2
00008d70   _CpuTimer0
00008e08   _SCI_Msg
00008e28   __unlock
00008e2a   __lock
00008e2c   __cleanup_ptr
00008e2e   __dtors_ptr
00008e30   _timer0Base
00008e34   _Error
00008e35   _Tmp
00008e36   _errno
00008e40   _keyVal
00008e41   _LigntVal
00008e42   _PtrMsg
00008e46   _IIC_ISR_String
00008e56   _SEG7Table
00008e66   _ICF8591Msg
00008e80   _TM1650
00008e98   _AT24C02Msg
00008ec0   _poitPosition
00008ec4   _ftestData
00008ec6   _keyValCode
00008ec9   _TM1650SegVal
00008ed2   _keyStr
00008ed8   _ftest
00008ee0   _RGB_Code
00008f00   _Running
00009000   __CIOBUF_
003d7e80   _PartIdRegs
003e8000   .text
003e8000   ___text__
003e877e   __printfi
003e8870   _ShumaSlt
003e8886   _segGetShow
003e8a2f   _SegScanTask
003e8b14   _handleScanKey
003e8ba0   _write
003e8c1a   _unlink
003e8c32   _rename
003e8c5b   _remove_device
003e8c75   _read
003e8cc3   _open
003e8d19   _lseek
003e8d47   _close
003e8d79   _add_device
003e8dd7   _InitAdc
003e8df5   _InitAdcAio
003e8e17   _AdcOffsetSelfCal
003e8e3e   _AdcChanSelect
003e8eb3   _AdcConversion
003e8fda   _HOSTwrite
003e9010   _HOSTunlink
003e9035   _HOSTtime
003e905f   _HOSTrename
003e909d   _HOSTread
003e90d3   _HOSTopen
003e910a   _HOSTlseek
003e9151   _HOSTgetenv
003e9179   _HOSTclose
003e91a0   _HOSTclock
003e91ca   _InitI2C_Gpio
003e91e0   _I2CA_Init
003e922a   _I2CA_Tx_STOP
003e925a   _I2CA_Rxdata_STOP
003e926b   _softResetIIC_BUS
003e932b   _TM1650_Send
003e9359   _TM1650_Read
003e9394   _free
003e93d9   _minit
003e93fd   _malloc
003e9453   _realloc
003e9505   _max_free
003e9525   _free_memory
003e9541   _chkheap
003e9543   _calloc
003e955c   _INT13_ISR
003e9561   _INT14_ISR
003e9566   _DATALOG_ISR
003e956b   _RTOSINT_ISR
003e9570   _EMUINT_ISR
003e9575   _NMI_ISR
003e957a   _ILLEGAL_ISR
003e957f   _USER1_ISR
003e9584   _USER2_ISR
003e9589   _USER3_ISR
003e958e   _USER4_ISR
003e9593   _USER5_ISR
003e9598   _USER6_ISR
003e959d   _USER7_ISR
003e95a2   _USER8_ISR
003e95a7   _USER9_ISR
003e95ac   _USER10_ISR
003e95b1   _USER11_ISR
003e95b6   _USER12_ISR
003e95bb   _ADCINT1_ISR
003e95c0   _ADCINT2_ISR
003e95c5   _XINT1_ISR
003e95ca   _XINT2_ISR
003e95cf   _ADCINT9_ISR
003e95d4   _TINT0_ISR
003e95d9   _WAKEINT_ISR
003e95de   _EPWM1_TZINT_ISR
003e95e3   _EPWM2_TZINT_ISR
003e95e8   _EPWM3_TZINT_ISR
003e95ed   _EPWM4_TZINT_ISR
003e95f2   _EPWM5_TZINT_ISR
003e95f7   _EPWM6_TZINT_ISR
003e95fc   _EPWM7_TZINT_ISR
003e9601   _EPWM1_INT_ISR
003e9606   _EPWM2_INT_ISR
003e960b   _EPWM3_INT_ISR
003e9610   _EPWM4_INT_ISR
003e9615   _EPWM5_INT_ISR
003e961a   _EPWM6_INT_ISR
003e961f   _EPWM7_INT_ISR
003e9624   _ECAP1_INT_ISR
003e9629   _HRCAP1_INT_ISR
003e962e   _HRCAP2_INT_ISR
003e9633   _EQEP1_INT_ISR
003e9638   _SPIRXINTA_ISR
003e963d   _SPITXINTA_ISR
003e9642   _SPIRXINTB_ISR
003e9647   _SPITXINTB_ISR
003e964c   _I2CINT1A_ISR
003e9651   _I2CINT2A_ISR
003e9656   _SCIRXINTA_ISR
003e965b   _SCITXINTA_ISR
003e9660   _LIN0INTA_ISR
003e9665   _LIN1INTA_ISR
003e966a   _ECAN0INTA_ISR
003e966f   _ECAN1INTA_ISR
003e9674   _ADCINT3_ISR
003e9679   _ADCINT4_ISR
003e967e   _ADCINT5_ISR
003e9683   _ADCINT6_ISR
003e9688   _ADCINT7_ISR
003e968d   _ADCINT8_ISR
003e9692   _CLA1_INT1_ISR
003e9697   _CLA1_INT2_ISR
003e969c   _CLA1_INT3_ISR
003e96a1   _CLA1_INT4_ISR
003e96a6   _CLA1_INT5_ISR
003e96ab   _CLA1_INT6_ISR
003e96b0   _CLA1_INT7_ISR
003e96b5   _CLA1_INT8_ISR
003e96ba   _XINT3_ISR
003e96bf   _LVF_ISR
003e96c4   _LUF_ISR
003e96c9   _EMPTY_ISR
003e96ce   _PIE_RESERVED
003e96d3   _rsvd_ISR
003e96d8   _InitSysCtrl
003e96f2   _ServiceDog
003e96fc   _DisableDog
003e9704   _InitPll
003e9754   _InitPeripheralClocks
003e9790   _CsmUnlock
003e97c1   _IntOsc1Sel
003e97d1   _IntOsc2Sel
003e97e5   _XtalOscSel
003e97f9   _ExtOscSel
003e980f   _handleRxFIFO
003e987f   _SCI_Init
003e98b0   _scia_xmit
003e98ca   _open_uart_debug
003e98fa   _my_open
003e9903   _my_close
003e9908   _my_read
003e9911   _my_write
003e992b   _my_lseek
003e9934   _my_unlink
003e993b   _my_rename
003e9945   LL$$DIV
003e9981   LL$$MOD
003e99bb   ULL$$DIV
003e99ea   ULL$$MOD
003e9ac4   __cleanup
003e9ae2   _freopen
003e9b32   _fopen
003e9b4c   _InitEPwm
003e9b4d   _InitEPwmGpio
003e9b5c   _InitEPwm1Gpio
003e9b6e   _InitEPwm2Gpio
003e9b80   _InitEPwm3Gpio
003e9b94   _InitEPwm4Gpio
003e9ba8   _InitEPwm5Gpio
003e9bba   _InitEPwm6Gpio
003e9bcc   _InitEPwm7Gpio
003e9bde   _InitEPwmSyncGpio
003e9bef   _InitTzGpio
003e9c10   _main
003e9cb3   _InitLED
003e9cd1   _fputs
003e9d64   _puts
003e9d76   _adc_isr
003e9e16   _exp
003e9eb4   FD$$ADD
003e9f50   __log
003e9fdd   FD$$DIV
003ea068   FD$$MPY
003ea0eb   FS$$DIV
003ea16e   _pow
003ea1f1   _writemsg
003ea23c   C$$IO$$
003ea240   _readmsg
003ea273   FS$$SUB
003ea278   FS$$ADD
003ea2eb   _InitCpuTimers
003ea32c   _ConfigCpuTimer
003ea361   _setvbuf
003ea3d1   __wrt_ok
003ea40b   __rd_ok
003ea436   __doflush
003ea465   _fflush
003ea496   FS$$MPY
003ea4f0   _cpu_timer0_isr
003ea545   _uartRx_isr
003ea599   _fputc
003ea599   _putc
003ea5e4   _putchar
003ea5e9   __closefile
003ea623   _fclose
003ea634   _ADC_Config
003ea67d   _c_int00
003ea6c1   _ldexp
003ea702   _fseek
003ea745   _printf
003ea771   _atoi
003ea7a2   _ltoa
003ea7ce   FD$$CMP
003ea7f8   L$$DIV
003ea807   L$$MOD
003ea815   UL$$DIV
003ea81c   UL$$MOD
003ea822   FS$$TOL
003ea84b   _InitPieCtrl
003ea86a   _EnableInterrupts
003ea873   _InitPieVectTable
003ea898   FS$$TOI
003ea8bd   I$$DIV
003ea8ce   I$$MOD
003ea8df   _Timer0_init
003ea901   FD$$TOI
003ea922   ___memcpy_ff
003ea943   FD$$TOL
003ea962   LL$$CMP
003ea974   ULL$$CMP
003ea980   _strncpy
003ea99e   FS$$TOFD
003ea9ba   L$$TOFD
003ea9d6   _InitSci
003ea9d7   _InitSciGpio
003ea9da   _InitSciaGpio
003ea9f0   I$$TOFS
003eaa0a   _InitI2C
003eaa0b   _InitI2CGpio
003eaa23   __args_main
003eaa3c   C$$EXIT
003eaa3c   _abort
003eaa3e   _exit
003eaa55   FS$$CMP
003eaa6c   _frexp
003eaa80   LL$$MPY
003eaa94   _InitGpio
003eaaa7   _memccpy
003eaab9   U$$TOFS
003eaac9   FD$$SUB
003eaad7   _memchr
003eaae4   _strchr
003eaaef   U$$DIV
003eaaf4   U$$MOD
003eaafa   _strcmp
003eab04   _strlen
003eab0e   _i2c_int1a_isr
003eab17   __register_unlock
003eab1b   __register_lock
003eab1f   __nop
003eab20   FD$$NEG
003eab29   _strcpy
003eab3a   _memset
003eab41   FS$$NEG
003eab46   _remove
003eab49   ___etext__
003eab49   etext
003eac7f   __ctypes_
003ead80   _PieVectTableInit
003eb092   ___cinit__
003eb092   cinit
003f5000   _RamfuncsLoadStart
003f7ff6   code_start
003f7ff8   _CsmPwl
ffffffff   ___binit__
ffffffff   ___c_args__
ffffffff   ___pinit__
ffffffff   binit
ffffffff   pinit

[356 symbols]
