<?xml version="1.0"?>
<link_info>
   <banner>TMS320C2000 Linker PC v6.1.0</banner>
   <copyright>Copyright (c) 1996-2012 Texas Instruments Incorporated</copyright>
   <link_time>0x58ce0354</link_time>
   <output_file>U2_AD_SOC.out</output_file>
   <entry_point>
      <name>_c_int00</name>
      <address>0x3ea67d</address>
   </entry_point>
   <input_file_list>
      <input_file id="fl-2">
         <path>.\user\</path>
         <kind>object</kind>
         <file>timer0_base.obj</file>
         <name>timer0_base.obj</name>
      </input_file>
      <input_file id="fl-3">
         <path>.\user\</path>
         <kind>object</kind>
         <file>segscan.obj</file>
         <name>segscan.obj</name>
      </input_file>
      <input_file id="fl-4">
         <path>.\user\</path>
         <kind>object</kind>
         <file>printf_uart.obj</file>
         <name>printf_uart.obj</name>
      </input_file>
      <input_file id="fl-5">
         <path>.\user\</path>
         <kind>object</kind>
         <file>main.obj</file>
         <name>main.obj</name>
      </input_file>
      <input_file id="fl-6">
         <path>.\user\</path>
         <kind>object</kind>
         <file>TM1650_IIC.obj</file>
         <name>TM1650_IIC.obj</name>
      </input_file>
      <input_file id="fl-7">
         <path>.\user\</path>
         <kind>object</kind>
         <file>AD.obj</file>
         <name>AD.obj</name>
      </input_file>
      <input_file id="fl-8">
         <path>.\</path>
         <kind>object</kind>
         <file>DSP2803x_usDelay.obj</file>
         <name>DSP2803x_usDelay.obj</name>
      </input_file>
      <input_file id="fl-9">
         <path>.\</path>
         <kind>object</kind>
         <file>DSP2803x_SysCtrl.obj</file>
         <name>DSP2803x_SysCtrl.obj</name>
      </input_file>
      <input_file id="fl-a">
         <path>.\</path>
         <kind>object</kind>
         <file>DSP2803x_Sci.obj</file>
         <name>DSP2803x_Sci.obj</name>
      </input_file>
      <input_file id="fl-b">
         <path>.\</path>
         <kind>object</kind>
         <file>DSP2803x_PieVect.obj</file>
         <name>DSP2803x_PieVect.obj</name>
      </input_file>
      <input_file id="fl-c">
         <path>.\</path>
         <kind>object</kind>
         <file>DSP2803x_PieCtrl.obj</file>
         <name>DSP2803x_PieCtrl.obj</name>
      </input_file>
      <input_file id="fl-d">
         <path>.\</path>
         <kind>object</kind>
         <file>DSP2803x_I2C.obj</file>
         <name>DSP2803x_I2C.obj</name>
      </input_file>
      <input_file id="fl-e">
         <path>.\</path>
         <kind>object</kind>
         <file>DSP2803x_Gpio.obj</file>
         <name>DSP2803x_Gpio.obj</name>
      </input_file>
      <input_file id="fl-f">
         <path>.\</path>
         <kind>object</kind>
         <file>DSP2803x_GlobalVariableDefs.obj</file>
         <name>DSP2803x_GlobalVariableDefs.obj</name>
      </input_file>
      <input_file id="fl-10">
         <path>.\</path>
         <kind>object</kind>
         <file>DSP2803x_EPwm.obj</file>
         <name>DSP2803x_EPwm.obj</name>
      </input_file>
      <input_file id="fl-11">
         <path>.\</path>
         <kind>object</kind>
         <file>DSP2803x_DefaultIsr.obj</file>
         <name>DSP2803x_DefaultIsr.obj</name>
      </input_file>
      <input_file id="fl-12">
         <path>.\</path>
         <kind>object</kind>
         <file>DSP2803x_CpuTimers.obj</file>
         <name>DSP2803x_CpuTimers.obj</name>
      </input_file>
      <input_file id="fl-13">
         <path>.\</path>
         <kind>object</kind>
         <file>DSP2803x_CodeStartBranch.obj</file>
         <name>DSP2803x_CodeStartBranch.obj</name>
      </input_file>
      <input_file id="fl-14">
         <path>.\</path>
         <kind>object</kind>
         <file>DSP2803x_Adc.obj</file>
         <name>DSP2803x_Adc.obj</name>
      </input_file>
      <input_file id="fl-24">
         <path>D:\ti\ccsv5\tools\compiler\c2000_6.1.0\lib\</path>
         <kind>archive</kind>
         <file>rts2800_ml.lib</file>
         <name>boot.obj</name>
      </input_file>
      <input_file id="fl-25">
         <path>D:\ti\ccsv5\tools\compiler\c2000_6.1.0\lib\</path>
         <kind>archive</kind>
         <file>rts2800_ml.lib</file>
         <name>defs.obj</name>
      </input_file>
      <input_file id="fl-26">
         <path>D:\ti\ccsv5\tools\compiler\c2000_6.1.0\lib\</path>
         <kind>archive</kind>
         <file>rts2800_ml.lib</file>
         <name>exit.obj</name>
      </input_file>
      <input_file id="fl-27">
         <path>D:\ti\ccsv5\tools\compiler\c2000_6.1.0\lib\</path>
         <kind>archive</kind>
         <file>rts2800_ml.lib</file>
         <name>fopen.obj</name>
      </input_file>
      <input_file id="fl-28">
         <path>D:\ti\ccsv5\tools\compiler\c2000_6.1.0\lib\</path>
         <kind>archive</kind>
         <file>rts2800_ml.lib</file>
         <name>fs_add.obj</name>
      </input_file>
      <input_file id="fl-29">
         <path>D:\ti\ccsv5\tools\compiler\c2000_6.1.0\lib\</path>
         <kind>archive</kind>
         <file>rts2800_ml.lib</file>
         <name>fs_cmp.obj</name>
      </input_file>
      <input_file id="fl-2a">
         <path>D:\ti\ccsv5\tools\compiler\c2000_6.1.0\lib\</path>
         <kind>archive</kind>
         <file>rts2800_ml.lib</file>
         <name>fs_div.obj</name>
      </input_file>
      <input_file id="fl-2b">
         <path>D:\ti\ccsv5\tools\compiler\c2000_6.1.0\lib\</path>
         <kind>archive</kind>
         <file>rts2800_ml.lib</file>
         <name>fs_mpy.obj</name>
      </input_file>
      <input_file id="fl-2c">
         <path>D:\ti\ccsv5\tools\compiler\c2000_6.1.0\lib\</path>
         <kind>archive</kind>
         <file>rts2800_ml.lib</file>
         <name>fs_neg.obj</name>
      </input_file>
      <input_file id="fl-2d">
         <path>D:\ti\ccsv5\tools\compiler\c2000_6.1.0\lib\</path>
         <kind>archive</kind>
         <file>rts2800_ml.lib</file>
         <name>fs_toi.obj</name>
      </input_file>
      <input_file id="fl-2e">
         <path>D:\ti\ccsv5\tools\compiler\c2000_6.1.0\lib\</path>
         <kind>archive</kind>
         <file>rts2800_ml.lib</file>
         <name>fs_tol.obj</name>
      </input_file>
      <input_file id="fl-2f">
         <path>D:\ti\ccsv5\tools\compiler\c2000_6.1.0\lib\</path>
         <kind>archive</kind>
         <file>rts2800_ml.lib</file>
         <name>i_div.obj</name>
      </input_file>
      <input_file id="fl-30">
         <path>D:\ti\ccsv5\tools\compiler\c2000_6.1.0\lib\</path>
         <kind>archive</kind>
         <file>rts2800_ml.lib</file>
         <name>i_tofs.obj</name>
      </input_file>
      <input_file id="fl-31">
         <path>D:\ti\ccsv5\tools\compiler\c2000_6.1.0\lib\</path>
         <kind>archive</kind>
         <file>rts2800_ml.lib</file>
         <name>l_div.obj</name>
      </input_file>
      <input_file id="fl-32">
         <path>D:\ti\ccsv5\tools\compiler\c2000_6.1.0\lib\</path>
         <kind>archive</kind>
         <file>rts2800_ml.lib</file>
         <name>lowlev.obj</name>
      </input_file>
      <input_file id="fl-33">
         <path>D:\ti\ccsv5\tools\compiler\c2000_6.1.0\lib\</path>
         <kind>archive</kind>
         <file>rts2800_ml.lib</file>
         <name>memcpy_ff.obj</name>
      </input_file>
      <input_file id="fl-34">
         <path>D:\ti\ccsv5\tools\compiler\c2000_6.1.0\lib\</path>
         <kind>archive</kind>
         <file>rts2800_ml.lib</file>
         <name>pow.obj</name>
      </input_file>
      <input_file id="fl-35">
         <path>D:\ti\ccsv5\tools\compiler\c2000_6.1.0\lib\</path>
         <kind>archive</kind>
         <file>rts2800_ml.lib</file>
         <name>printf.obj</name>
      </input_file>
      <input_file id="fl-36">
         <path>D:\ti\ccsv5\tools\compiler\c2000_6.1.0\lib\</path>
         <kind>archive</kind>
         <file>rts2800_ml.lib</file>
         <name>setvbuf.obj</name>
      </input_file>
      <input_file id="fl-37">
         <path>D:\ti\ccsv5\tools\compiler\c2000_6.1.0\lib\</path>
         <kind>archive</kind>
         <file>rts2800_ml.lib</file>
         <name>strchr.obj</name>
      </input_file>
      <input_file id="fl-38">
         <path>D:\ti\ccsv5\tools\compiler\c2000_6.1.0\lib\</path>
         <kind>archive</kind>
         <file>rts2800_ml.lib</file>
         <name>strcmp.obj</name>
      </input_file>
      <input_file id="fl-39">
         <path>D:\ti\ccsv5\tools\compiler\c2000_6.1.0\lib\</path>
         <kind>archive</kind>
         <file>rts2800_ml.lib</file>
         <name>strncpy.obj</name>
      </input_file>
      <input_file id="fl-3a">
         <path>D:\ti\ccsv5\tools\compiler\c2000_6.1.0\lib\</path>
         <kind>archive</kind>
         <file>rts2800_ml.lib</file>
         <name>trgdrv.obj</name>
      </input_file>
      <input_file id="fl-3b">
         <path>D:\ti\ccsv5\tools\compiler\c2000_6.1.0\lib\</path>
         <kind>archive</kind>
         <file>rts2800_ml.lib</file>
         <name>u_div.obj</name>
      </input_file>
      <input_file id="fl-3c">
         <path>D:\ti\ccsv5\tools\compiler\c2000_6.1.0\lib\</path>
         <kind>archive</kind>
         <file>rts2800_ml.lib</file>
         <name>u_tofs.obj</name>
      </input_file>
      <input_file id="fl-3d">
         <path>D:\ti\ccsv5\tools\compiler\c2000_6.1.0\lib\</path>
         <kind>archive</kind>
         <file>rts2800_ml.lib</file>
         <name>_lock.obj</name>
      </input_file>
      <input_file id="fl-3e">
         <path>D:\ti\ccsv5\tools\compiler\c2000_6.1.0\lib\</path>
         <kind>archive</kind>
         <file>rts2800_ml.lib</file>
         <name>_log.obj</name>
      </input_file>
      <input_file id="fl-3f">
         <path>D:\ti\ccsv5\tools\compiler\c2000_6.1.0\lib\</path>
         <kind>archive</kind>
         <file>rts2800_ml.lib</file>
         <name>_printfi.obj</name>
      </input_file>
      <input_file id="fl-40">
         <path>D:\ti\ccsv5\tools\compiler\c2000_6.1.0\lib\</path>
         <kind>archive</kind>
         <file>rts2800_ml.lib</file>
         <name>ankmsg.obj</name>
      </input_file>
      <input_file id="fl-41">
         <path>D:\ti\ccsv5\tools\compiler\c2000_6.1.0\lib\</path>
         <kind>archive</kind>
         <file>rts2800_ml.lib</file>
         <name>args_main.obj</name>
      </input_file>
      <input_file id="fl-42">
         <path>D:\ti\ccsv5\tools\compiler\c2000_6.1.0\lib\</path>
         <kind>archive</kind>
         <file>rts2800_ml.lib</file>
         <name>atoi.obj</name>
      </input_file>
      <input_file id="fl-43">
         <path>D:\ti\ccsv5\tools\compiler\c2000_6.1.0\lib\</path>
         <kind>archive</kind>
         <file>rts2800_ml.lib</file>
         <name>ctype.obj</name>
      </input_file>
      <input_file id="fl-44">
         <path>D:\ti\ccsv5\tools\compiler\c2000_6.1.0\lib\</path>
         <kind>archive</kind>
         <file>rts2800_ml.lib</file>
         <name>errno.obj</name>
      </input_file>
      <input_file id="fl-45">
         <path>D:\ti\ccsv5\tools\compiler\c2000_6.1.0\lib\</path>
         <kind>archive</kind>
         <file>rts2800_ml.lib</file>
         <name>exp.obj</name>
      </input_file>
      <input_file id="fl-46">
         <path>D:\ti\ccsv5\tools\compiler\c2000_6.1.0\lib\</path>
         <kind>archive</kind>
         <file>rts2800_ml.lib</file>
         <name>fclose.obj</name>
      </input_file>
      <input_file id="fl-47">
         <path>D:\ti\ccsv5\tools\compiler\c2000_6.1.0\lib\</path>
         <kind>archive</kind>
         <file>rts2800_ml.lib</file>
         <name>fd_cmp.obj</name>
      </input_file>
      <input_file id="fl-48">
         <path>D:\ti\ccsv5\tools\compiler\c2000_6.1.0\lib\</path>
         <kind>archive</kind>
         <file>rts2800_ml.lib</file>
         <name>fd_div.obj</name>
      </input_file>
      <input_file id="fl-49">
         <path>D:\ti\ccsv5\tools\compiler\c2000_6.1.0\lib\</path>
         <kind>archive</kind>
         <file>rts2800_ml.lib</file>
         <name>fd_mpy.obj</name>
      </input_file>
      <input_file id="fl-4a">
         <path>D:\ti\ccsv5\tools\compiler\c2000_6.1.0\lib\</path>
         <kind>archive</kind>
         <file>rts2800_ml.lib</file>
         <name>fd_neg.obj</name>
      </input_file>
      <input_file id="fl-4b">
         <path>D:\ti\ccsv5\tools\compiler\c2000_6.1.0\lib\</path>
         <kind>archive</kind>
         <file>rts2800_ml.lib</file>
         <name>fd_sub.obj</name>
      </input_file>
      <input_file id="fl-4c">
         <path>D:\ti\ccsv5\tools\compiler\c2000_6.1.0\lib\</path>
         <kind>archive</kind>
         <file>rts2800_ml.lib</file>
         <name>fd_toi.obj</name>
      </input_file>
      <input_file id="fl-4d">
         <path>D:\ti\ccsv5\tools\compiler\c2000_6.1.0\lib\</path>
         <kind>archive</kind>
         <file>rts2800_ml.lib</file>
         <name>fd_tol.obj</name>
      </input_file>
      <input_file id="fl-4e">
         <path>D:\ti\ccsv5\tools\compiler\c2000_6.1.0\lib\</path>
         <kind>archive</kind>
         <file>rts2800_ml.lib</file>
         <name>fflush.obj</name>
      </input_file>
      <input_file id="fl-4f">
         <path>D:\ti\ccsv5\tools\compiler\c2000_6.1.0\lib\</path>
         <kind>archive</kind>
         <file>rts2800_ml.lib</file>
         <name>fputc.obj</name>
      </input_file>
      <input_file id="fl-50">
         <path>D:\ti\ccsv5\tools\compiler\c2000_6.1.0\lib\</path>
         <kind>archive</kind>
         <file>rts2800_ml.lib</file>
         <name>fputs.obj</name>
      </input_file>
      <input_file id="fl-51">
         <path>D:\ti\ccsv5\tools\compiler\c2000_6.1.0\lib\</path>
         <kind>archive</kind>
         <file>rts2800_ml.lib</file>
         <name>frexp.obj</name>
      </input_file>
      <input_file id="fl-52">
         <path>D:\ti\ccsv5\tools\compiler\c2000_6.1.0\lib\</path>
         <kind>archive</kind>
         <file>rts2800_ml.lib</file>
         <name>fs_tofd.obj</name>
      </input_file>
      <input_file id="fl-53">
         <path>D:\ti\ccsv5\tools\compiler\c2000_6.1.0\lib\</path>
         <kind>archive</kind>
         <file>rts2800_ml.lib</file>
         <name>l_tofd.obj</name>
      </input_file>
      <input_file id="fl-54">
         <path>D:\ti\ccsv5\tools\compiler\c2000_6.1.0\lib\</path>
         <kind>archive</kind>
         <file>rts2800_ml.lib</file>
         <name>ldexp.obj</name>
      </input_file>
      <input_file id="fl-55">
         <path>D:\ti\ccsv5\tools\compiler\c2000_6.1.0\lib\</path>
         <kind>archive</kind>
         <file>rts2800_ml.lib</file>
         <name>ll_cmp.obj</name>
      </input_file>
      <input_file id="fl-56">
         <path>D:\ti\ccsv5\tools\compiler\c2000_6.1.0\lib\</path>
         <kind>archive</kind>
         <file>rts2800_ml.lib</file>
         <name>ll_div.obj</name>
      </input_file>
      <input_file id="fl-57">
         <path>D:\ti\ccsv5\tools\compiler\c2000_6.1.0\lib\</path>
         <kind>archive</kind>
         <file>rts2800_ml.lib</file>
         <name>ll_mpy.obj</name>
      </input_file>
      <input_file id="fl-58">
         <path>D:\ti\ccsv5\tools\compiler\c2000_6.1.0\lib\</path>
         <kind>archive</kind>
         <file>rts2800_ml.lib</file>
         <name>ltoa.obj</name>
      </input_file>
      <input_file id="fl-59">
         <path>D:\ti\ccsv5\tools\compiler\c2000_6.1.0\lib\</path>
         <kind>archive</kind>
         <file>rts2800_ml.lib</file>
         <name>memccpy.obj</name>
      </input_file>
      <input_file id="fl-5a">
         <path>D:\ti\ccsv5\tools\compiler\c2000_6.1.0\lib\</path>
         <kind>archive</kind>
         <file>rts2800_ml.lib</file>
         <name>memchr.obj</name>
      </input_file>
      <input_file id="fl-5b">
         <path>D:\ti\ccsv5\tools\compiler\c2000_6.1.0\lib\</path>
         <kind>archive</kind>
         <file>rts2800_ml.lib</file>
         <name>memory.obj</name>
      </input_file>
      <input_file id="fl-5c">
         <path>D:\ti\ccsv5\tools\compiler\c2000_6.1.0\lib\</path>
         <kind>archive</kind>
         <file>rts2800_ml.lib</file>
         <name>memset.obj</name>
      </input_file>
      <input_file id="fl-5d">
         <path>D:\ti\ccsv5\tools\compiler\c2000_6.1.0\lib\</path>
         <kind>archive</kind>
         <file>rts2800_ml.lib</file>
         <name>remove.obj</name>
      </input_file>
      <input_file id="fl-5e">
         <path>D:\ti\ccsv5\tools\compiler\c2000_6.1.0\lib\</path>
         <kind>archive</kind>
         <file>rts2800_ml.lib</file>
         <name>strcpy.obj</name>
      </input_file>
      <input_file id="fl-5f">
         <path>D:\ti\ccsv5\tools\compiler\c2000_6.1.0\lib\</path>
         <kind>archive</kind>
         <file>rts2800_ml.lib</file>
         <name>strlen.obj</name>
      </input_file>
      <input_file id="fl-60">
         <path>D:\ti\ccsv5\tools\compiler\c2000_6.1.0\lib\</path>
         <kind>archive</kind>
         <file>rts2800_ml.lib</file>
         <name>_io_perm.obj</name>
      </input_file>
      <input_file id="fl-61">
         <path>D:\ti\ccsv5\tools\compiler\c2000_6.1.0\lib\</path>
         <kind>archive</kind>
         <file>rts2800_ml.lib</file>
         <name>fd_add.obj</name>
      </input_file>
      <input_file id="fl-62">
         <path>D:\ti\ccsv5\tools\compiler\c2000_6.1.0\lib\</path>
         <kind>archive</kind>
         <file>rts2800_ml.lib</file>
         <name>fseek.obj</name>
      </input_file>
   </input_file_list>
   <object_component_list>
      <object_component id="oc-c9">
         <name>PieVectTableFile</name>
         <uninitialized>true</uninitialized>
         <run_address>0xd00</run_address>
         <size>0x100</size>
         <input_file_ref idref="fl-f"/>
      </object_component>
      <object_component id="oc-9c">
         <name>EmuKeyVar</name>
         <uninitialized>true</uninitialized>
         <run_address>0xd00</run_address>
         <size>0x1</size>
         <input_file_ref idref="fl-f"/>
      </object_component>
      <object_component id="oc-9b">
         <name>EmuBModeVar</name>
         <uninitialized>true</uninitialized>
         <run_address>0xd01</run_address>
         <size>0x1</size>
         <input_file_ref idref="fl-f"/>
      </object_component>
      <object_component id="oc-9e">
         <name>FlashCallbackVar</name>
         <uninitialized>true</uninitialized>
         <run_address>0xd02</run_address>
         <size>0x2</size>
         <input_file_ref idref="fl-f"/>
      </object_component>
      <object_component id="oc-9f">
         <name>FlashScalingVar</name>
         <uninitialized>true</uninitialized>
         <run_address>0xd04</run_address>
         <size>0x2</size>
         <input_file_ref idref="fl-f"/>
      </object_component>
      <object_component id="oc-a1">
         <name>DevEmuRegsFile</name>
         <uninitialized>true</uninitialized>
         <run_address>0x880</run_address>
         <size>0x4</size>
         <input_file_ref idref="fl-f"/>
      </object_component>
      <object_component id="oc-a0">
         <name>SysPwrCtrlRegsFile</name>
         <uninitialized>true</uninitialized>
         <run_address>0x985</run_address>
         <size>0x3</size>
         <input_file_ref idref="fl-f"/>
      </object_component>
      <object_component id="oc-a2">
         <name>FlashRegsFile</name>
         <uninitialized>true</uninitialized>
         <run_address>0xa80</run_address>
         <size>0x8</size>
         <input_file_ref idref="fl-f"/>
      </object_component>
      <object_component id="oc-ad">
         <name>CsmRegsFile</name>
         <uninitialized>true</uninitialized>
         <run_address>0xae0</run_address>
         <size>0x10</size>
         <input_file_ref idref="fl-f"/>
      </object_component>
      <object_component id="oc-b7">
         <name>AdcResultFile</name>
         <uninitialized>true</uninitialized>
         <run_address>0xb00</run_address>
         <size>0x20</size>
         <input_file_ref idref="fl-f"/>
      </object_component>
      <object_component id="oc-a5">
         <name>CpuTimer0RegsFile</name>
         <uninitialized>true</uninitialized>
         <run_address>0xc00</run_address>
         <size>0x8</size>
         <input_file_ref idref="fl-f"/>
      </object_component>
      <object_component id="oc-a4">
         <name>CpuTimer1RegsFile</name>
         <uninitialized>true</uninitialized>
         <run_address>0xc08</run_address>
         <size>0x8</size>
         <input_file_ref idref="fl-f"/>
      </object_component>
      <object_component id="oc-a6">
         <name>CpuTimer2RegsFile</name>
         <uninitialized>true</uninitialized>
         <run_address>0xc10</run_address>
         <size>0x8</size>
         <input_file_ref idref="fl-f"/>
      </object_component>
      <object_component id="oc-b1">
         <name>PieCtrlRegsFile</name>
         <uninitialized>true</uninitialized>
         <run_address>0xce0</run_address>
         <size>0x1a</size>
         <input_file_ref idref="fl-f"/>
      </object_component>
      <object_component id="oc-bb">
         <name>Cla1RegsFile</name>
         <uninitialized>true</uninitialized>
         <run_address>0x1400</run_address>
         <size>0x40</size>
         <input_file_ref idref="fl-f"/>
      </object_component>
      <object_component id="oc-b9">
         <name>ECanaRegsFile</name>
         <uninitialized>true</uninitialized>
         <run_address>0x6000</run_address>
         <size>0x34</size>
         <input_file_ref idref="fl-f"/>
      </object_component>
      <object_component id="oc-be">
         <name>ECanaLAMRegsFile</name>
         <uninitialized>true</uninitialized>
         <run_address>0x6040</run_address>
         <size>0x40</size>
         <input_file_ref idref="fl-f"/>
      </object_component>
      <object_component id="oc-ca">
         <name>ECanaMboxesFile</name>
         <uninitialized>true</uninitialized>
         <run_address>0x6100</run_address>
         <size>0x100</size>
         <input_file_ref idref="fl-f"/>
      </object_component>
      <object_component id="oc-bd">
         <name>ECanaMOTSRegsFile</name>
         <uninitialized>true</uninitialized>
         <run_address>0x6080</run_address>
         <size>0x40</size>
         <input_file_ref idref="fl-f"/>
      </object_component>
      <object_component id="oc-c6">
         <name>ECanaMOTORegsFile</name>
         <uninitialized>true</uninitialized>
         <run_address>0x60c0</run_address>
         <size>0x40</size>
         <input_file_ref idref="fl-f"/>
      </object_component>
      <object_component id="oc-b6">
         <name>ECap1RegsFile</name>
         <uninitialized>true</uninitialized>
         <run_address>0x6a00</run_address>
         <size>0x20</size>
         <input_file_ref idref="fl-f"/>
      </object_component>
      <object_component id="oc-b5">
         <name>HRCap1RegsFile</name>
         <uninitialized>true</uninitialized>
         <run_address>0x6ac0</run_address>
         <size>0x20</size>
         <input_file_ref idref="fl-f"/>
      </object_component>
      <object_component id="oc-b4">
         <name>HRCap2RegsFile</name>
         <uninitialized>true</uninitialized>
         <run_address>0x6ae0</run_address>
         <size>0x20</size>
         <input_file_ref idref="fl-f"/>
      </object_component>
      <object_component id="oc-c3">
         <name>EQep1RegsFile</name>
         <uninitialized>true</uninitialized>
         <run_address>0x6b00</run_address>
         <size>0x40</size>
         <input_file_ref idref="fl-f"/>
      </object_component>
      <object_component id="oc-c7">
         <name>LinaRegsFile</name>
         <uninitialized>true</uninitialized>
         <run_address>0x6c00</run_address>
         <size>0x4a</size>
         <input_file_ref idref="fl-f"/>
      </object_component>
      <object_component id="oc-c2">
         <name>GpioCtrlRegsFile</name>
         <uninitialized>true</uninitialized>
         <run_address>0x6f80</run_address>
         <size>0x40</size>
         <input_file_ref idref="fl-f"/>
      </object_component>
      <object_component id="oc-b3">
         <name>GpioDataRegsFile</name>
         <uninitialized>true</uninitialized>
         <run_address>0x6fc0</run_address>
         <size>0x20</size>
         <input_file_ref idref="fl-f"/>
      </object_component>
      <object_component id="oc-a7">
         <name>GpioIntRegsFile</name>
         <uninitialized>true</uninitialized>
         <run_address>0x6fe0</run_address>
         <size>0xc</size>
         <input_file_ref idref="fl-f"/>
      </object_component>
      <object_component id="oc-b2">
         <name>SysCtrlRegsFile</name>
         <uninitialized>true</uninitialized>
         <run_address>0x7010</run_address>
         <size>0x20</size>
         <input_file_ref idref="fl-f"/>
      </object_component>
      <object_component id="oc-a8">
         <name>SpiaRegsFile</name>
         <uninitialized>true</uninitialized>
         <run_address>0x7040</run_address>
         <size>0x10</size>
         <input_file_ref idref="fl-f"/>
      </object_component>
      <object_component id="oc-a9">
         <name>SpibRegsFile</name>
         <uninitialized>true</uninitialized>
         <run_address>0x7740</run_address>
         <size>0x10</size>
         <input_file_ref idref="fl-f"/>
      </object_component>
      <object_component id="oc-ab">
         <name>SciaRegsFile</name>
         <uninitialized>true</uninitialized>
         <run_address>0x7050</run_address>
         <size>0x10</size>
         <input_file_ref idref="fl-f"/>
      </object_component>
      <object_component id="oc-aa">
         <name>NmiIntruptRegsFile</name>
         <uninitialized>true</uninitialized>
         <run_address>0x7060</run_address>
         <size>0x10</size>
         <input_file_ref idref="fl-f"/>
      </object_component>
      <object_component id="oc-ac">
         <name>XIntruptRegsFile</name>
         <uninitialized>true</uninitialized>
         <run_address>0x7070</run_address>
         <size>0x10</size>
         <input_file_ref idref="fl-f"/>
      </object_component>
      <object_component id="oc-c8">
         <name>AdcRegsFile</name>
         <uninitialized>true</uninitialized>
         <run_address>0x7100</run_address>
         <size>0x50</size>
         <input_file_ref idref="fl-f"/>
      </object_component>
      <object_component id="oc-b8">
         <name>I2caRegsFile</name>
         <uninitialized>true</uninitialized>
         <run_address>0x7900</run_address>
         <size>0x22</size>
         <input_file_ref idref="fl-f"/>
      </object_component>
      <object_component id="oc-ae">
         <name>Comp1RegsFile</name>
         <uninitialized>true</uninitialized>
         <run_address>0x6400</run_address>
         <size>0x14</size>
         <input_file_ref idref="fl-f"/>
      </object_component>
      <object_component id="oc-af">
         <name>Comp2RegsFile</name>
         <uninitialized>true</uninitialized>
         <run_address>0x6420</run_address>
         <size>0x14</size>
         <input_file_ref idref="fl-f"/>
      </object_component>
      <object_component id="oc-b0">
         <name>Comp3RegsFile</name>
         <uninitialized>true</uninitialized>
         <run_address>0x6440</run_address>
         <size>0x14</size>
         <input_file_ref idref="fl-f"/>
      </object_component>
      <object_component id="oc-ba">
         <name>EPwm1RegsFile</name>
         <uninitialized>true</uninitialized>
         <run_address>0x6800</run_address>
         <size>0x40</size>
         <input_file_ref idref="fl-f"/>
      </object_component>
      <object_component id="oc-bc">
         <name>EPwm2RegsFile</name>
         <uninitialized>true</uninitialized>
         <run_address>0x6840</run_address>
         <size>0x40</size>
         <input_file_ref idref="fl-f"/>
      </object_component>
      <object_component id="oc-bf">
         <name>EPwm3RegsFile</name>
         <uninitialized>true</uninitialized>
         <run_address>0x6880</run_address>
         <size>0x40</size>
         <input_file_ref idref="fl-f"/>
      </object_component>
      <object_component id="oc-c4">
         <name>EPwm4RegsFile</name>
         <uninitialized>true</uninitialized>
         <run_address>0x68c0</run_address>
         <size>0x40</size>
         <input_file_ref idref="fl-f"/>
      </object_component>
      <object_component id="oc-c5">
         <name>EPwm5RegsFile</name>
         <uninitialized>true</uninitialized>
         <run_address>0x6900</run_address>
         <size>0x40</size>
         <input_file_ref idref="fl-f"/>
      </object_component>
      <object_component id="oc-c1">
         <name>EPwm6RegsFile</name>
         <uninitialized>true</uninitialized>
         <run_address>0x6940</run_address>
         <size>0x40</size>
         <input_file_ref idref="fl-f"/>
      </object_component>
      <object_component id="oc-c0">
         <name>EPwm7RegsFile</name>
         <uninitialized>true</uninitialized>
         <run_address>0x6980</run_address>
         <size>0x40</size>
         <input_file_ref idref="fl-f"/>
      </object_component>
      <object_component id="oc-a3">
         <name>CsmPwlFile</name>
         <uninitialized>true</uninitialized>
         <run_address>0x3f7ff8</run_address>
         <size>0x8</size>
         <input_file_ref idref="fl-f"/>
      </object_component>
      <object_component id="oc-9d">
         <name>PartIdRegsFile</name>
         <uninitialized>true</uninitialized>
         <run_address>0x3d7e80</run_address>
         <size>0x1</size>
         <input_file_ref idref="fl-f"/>
      </object_component>
      <object_component id="oc-4f">
         <name>.cinit</name>
         <load_address>0x3eb092</load_address>
         <run_address>0x3eb092</run_address>
         <size>0x5d</size>
         <input_file_ref idref="fl-3"/>
      </object_component>
      <object_component id="oc-68">
         <name>.cinit</name>
         <load_address>0x3eb0ef</load_address>
         <run_address>0x3eb0ef</run_address>
         <size>0x48</size>
         <input_file_ref idref="fl-6"/>
      </object_component>
      <object_component id="oc-125">
         <name>.cinit</name>
         <load_address>0x3eb137</load_address>
         <run_address>0x3eb137</run_address>
         <size>0x2d</size>
         <input_file_ref idref="fl-32"/>
      </object_component>
      <object_component id="oc-ec">
         <name>.cinit</name>
         <load_address>0x3eb164</load_address>
         <run_address>0x3eb164</run_address>
         <size>0x2a</size>
         <input_file_ref idref="fl-25"/>
      </object_component>
      <object_component id="oc-57">
         <name>.cinit</name>
         <load_address>0x3eb18e</load_address>
         <run_address>0x3eb18e</run_address>
         <size>0xb</size>
         <input_file_ref idref="fl-4"/>
      </object_component>
      <object_component id="oc-154">
         <name>.cinit</name>
         <load_address>0x3eb199</load_address>
         <run_address>0x3eb199</run_address>
         <size>0xa</size>
         <input_file_ref idref="fl-3d"/>
      </object_component>
      <object_component id="oc-f1">
         <name>.cinit</name>
         <load_address>0x3eb1a3</load_address>
         <run_address>0x3eb1a3</run_address>
         <size>0xa</size>
         <input_file_ref idref="fl-26"/>
      </object_component>
      <object_component id="oc-47">
         <name>.cinit</name>
         <load_address>0x3eb1ad</load_address>
         <run_address>0x3eb1ad</run_address>
         <size>0x7</size>
         <input_file_ref idref="fl-2"/>
      </object_component>
      <object_component id="oc-60">
         <name>.cinit</name>
         <load_address>0x3eb1b4</load_address>
         <run_address>0x3eb1b4</run_address>
         <size>0x4</size>
         <input_file_ref idref="fl-5"/>
      </object_component>
      <object_component id="oc-172">
         <name>.cinit</name>
         <load_address>0x3eb1b8</load_address>
         <run_address>0x3eb1b8</run_address>
         <size>0x4</size>
         <input_file_ref idref="fl-44"/>
      </object_component>
      <object_component id="oc-f7">
         <name>.cinit</name>
         <load_address>0x3eb1bc</load_address>
         <run_address>0x3eb1bc</run_address>
         <size>0x4</size>
         <input_file_ref idref="fl-27"/>
      </object_component>
      <object_component id="oc-1d0">
         <name>.cinit</name>
         <load_address>0x3eb1c0</load_address>
         <run_address>0x3eb1c0</run_address>
         <size>0x4</size>
         <input_file_ref idref="fl-5b"/>
      </object_component>
      <object_component id="oc-15c">
         <name>.text</name>
         <load_address>0x3e8000</load_address>
         <run_address>0x3e8000</run_address>
         <size>0x870</size>
         <input_file_ref idref="fl-3f"/>
      </object_component>
      <object_component id="oc-4d">
         <name>.text</name>
         <load_address>0x3e8870</load_address>
         <run_address>0x3e8870</run_address>
         <size>0x330</size>
         <input_file_ref idref="fl-3"/>
      </object_component>
      <object_component id="oc-123">
         <name>.text</name>
         <load_address>0x3e8ba0</load_address>
         <run_address>0x3e8ba0</run_address>
         <size>0x237</size>
         <input_file_ref idref="fl-32"/>
      </object_component>
      <object_component id="oc-e1">
         <name>.text</name>
         <load_address>0x3e8dd7</load_address>
         <run_address>0x3e8dd7</run_address>
         <size>0x203</size>
         <input_file_ref idref="fl-14"/>
      </object_component>
      <object_component id="oc-145">
         <name>.text</name>
         <load_address>0x3e8fda</load_address>
         <run_address>0x3e8fda</run_address>
         <size>0x1f0</size>
         <input_file_ref idref="fl-3a"/>
      </object_component>
      <object_component id="oc-66">
         <name>.text</name>
         <load_address>0x3e91ca</load_address>
         <run_address>0x3e91ca</run_address>
         <size>0x1ca</size>
         <input_file_ref idref="fl-6"/>
      </object_component>
      <object_component id="oc-1ce">
         <name>.text</name>
         <load_address>0x3e9394</load_address>
         <run_address>0x3e9394</run_address>
         <size>0x1c8</size>
         <input_file_ref idref="fl-5b"/>
      </object_component>
      <object_component id="oc-d2">
         <name>.text:retain</name>
         <load_address>0x3e955c</load_address>
         <run_address>0x3e955c</run_address>
         <size>0x17c</size>
         <input_file_ref idref="fl-11"/>
      </object_component>
      <object_component id="oc-7a">
         <name>.text</name>
         <load_address>0x3e96d8</load_address>
         <run_address>0x3e96d8</run_address>
         <size>0x137</size>
         <input_file_ref idref="fl-9"/>
      </object_component>
      <object_component id="oc-55">
         <name>.text</name>
         <load_address>0x3e980f</load_address>
         <run_address>0x3e980f</run_address>
         <size>0x136</size>
         <input_file_ref idref="fl-4"/>
      </object_component>
      <object_component id="oc-1ba">
         <name>.text</name>
         <load_address>0x3e9945</load_address>
         <run_address>0x3e9945</run_address>
         <size>0x107</size>
         <input_file_ref idref="fl-56"/>
      </object_component>
      <object_component id="oc-f5">
         <name>.text</name>
         <load_address>0x3e9a4c</load_address>
         <run_address>0x3e9a4c</run_address>
         <size>0x100</size>
         <input_file_ref idref="fl-27"/>
      </object_component>
      <object_component id="oc-cc">
         <name>.text</name>
         <load_address>0x3e9b4c</load_address>
         <run_address>0x3e9b4c</run_address>
         <size>0xc4</size>
         <input_file_ref idref="fl-10"/>
      </object_component>
      <object_component id="oc-5e">
         <name>.text</name>
         <load_address>0x3e9c10</load_address>
         <run_address>0x3e9c10</run_address>
         <size>0xc1</size>
         <input_file_ref idref="fl-5"/>
      </object_component>
      <object_component id="oc-1a1">
         <name>.text</name>
         <load_address>0x3e9cd1</load_address>
         <run_address>0x3e9cd1</run_address>
         <size>0xa5</size>
         <input_file_ref idref="fl-50"/>
      </object_component>
      <object_component id="oc-71">
         <name>.text:retain</name>
         <load_address>0x3e9d76</load_address>
         <run_address>0x3e9d76</run_address>
         <size>0xa0</size>
         <input_file_ref idref="fl-7"/>
      </object_component>
      <object_component id="oc-175">
         <name>.text</name>
         <load_address>0x3e9e16</load_address>
         <run_address>0x3e9e16</run_address>
         <size>0x9e</size>
         <input_file_ref idref="fl-45"/>
      </object_component>
      <object_component id="oc-1e9">
         <name>.text</name>
         <load_address>0x3e9eb4</load_address>
         <run_address>0x3e9eb4</run_address>
         <size>0x9c</size>
         <input_file_ref idref="fl-61"/>
      </object_component>
      <object_component id="oc-158">
         <name>.text</name>
         <load_address>0x3e9f50</load_address>
         <run_address>0x3e9f50</run_address>
         <size>0x8d</size>
         <input_file_ref idref="fl-3e"/>
      </object_component>
      <object_component id="oc-181">
         <name>.text</name>
         <load_address>0x3e9fdd</load_address>
         <run_address>0x3e9fdd</run_address>
         <size>0x8b</size>
         <input_file_ref idref="fl-48"/>
      </object_component>
      <object_component id="oc-185">
         <name>.text</name>
         <load_address>0x3ea068</load_address>
         <run_address>0x3ea068</run_address>
         <size>0x83</size>
         <input_file_ref idref="fl-49"/>
      </object_component>
      <object_component id="oc-103">
         <name>.text</name>
         <load_address>0x3ea0eb</load_address>
         <run_address>0x3ea0eb</run_address>
         <size>0x83</size>
         <input_file_ref idref="fl-2a"/>
      </object_component>
      <object_component id="oc-12d">
         <name>.text</name>
         <load_address>0x3ea16e</load_address>
         <run_address>0x3ea16e</run_address>
         <size>0x83</size>
         <input_file_ref idref="fl-34"/>
      </object_component>
      <object_component id="oc-162">
         <name>.text</name>
         <load_address>0x3ea1f1</load_address>
         <run_address>0x3ea1f1</run_address>
         <size>0x82</size>
         <input_file_ref idref="fl-40"/>
      </object_component>
      <object_component id="oc-fb">
         <name>.text</name>
         <load_address>0x3ea273</load_address>
         <run_address>0x3ea273</run_address>
         <size>0x78</size>
         <input_file_ref idref="fl-28"/>
      </object_component>
      <object_component id="oc-d6">
         <name>.text</name>
         <load_address>0x3ea2eb</load_address>
         <run_address>0x3ea2eb</run_address>
         <size>0x76</size>
         <input_file_ref idref="fl-12"/>
      </object_component>
      <object_component id="oc-135">
         <name>.text</name>
         <load_address>0x3ea361</load_address>
         <run_address>0x3ea361</run_address>
         <size>0x70</size>
         <input_file_ref idref="fl-36"/>
      </object_component>
      <object_component id="oc-1e5">
         <name>.text</name>
         <load_address>0x3ea3d1</load_address>
         <run_address>0x3ea3d1</run_address>
         <size>0x65</size>
         <input_file_ref idref="fl-60"/>
      </object_component>
      <object_component id="oc-199">
         <name>.text</name>
         <load_address>0x3ea436</load_address>
         <run_address>0x3ea436</run_address>
         <size>0x60</size>
         <input_file_ref idref="fl-4e"/>
      </object_component>
      <object_component id="oc-107">
         <name>.text</name>
         <load_address>0x3ea496</load_address>
         <run_address>0x3ea496</run_address>
         <size>0x5a</size>
         <input_file_ref idref="fl-2b"/>
      </object_component>
      <object_component id="oc-49">
         <name>.text:retain</name>
         <load_address>0x3ea4f0</load_address>
         <run_address>0x3ea4f0</run_address>
         <size>0x55</size>
         <input_file_ref idref="fl-2"/>
      </object_component>
      <object_component id="oc-59">
         <name>.text:retain</name>
         <load_address>0x3ea545</load_address>
         <run_address>0x3ea545</run_address>
         <size>0x54</size>
         <input_file_ref idref="fl-4"/>
      </object_component>
      <object_component id="oc-19d">
         <name>.text</name>
         <load_address>0x3ea599</load_address>
         <run_address>0x3ea599</run_address>
         <size>0x50</size>
         <input_file_ref idref="fl-4f"/>
      </object_component>
      <object_component id="oc-179">
         <name>.text</name>
         <load_address>0x3ea5e9</load_address>
         <run_address>0x3ea5e9</run_address>
         <size>0x4b</size>
         <input_file_ref idref="fl-46"/>
      </object_component>
      <object_component id="oc-6f">
         <name>.text</name>
         <load_address>0x3ea634</load_address>
         <run_address>0x3ea634</run_address>
         <size>0x49</size>
         <input_file_ref idref="fl-7"/>
      </object_component>
      <object_component id="oc-44">
         <name>.text</name>
         <load_address>0x3ea67d</load_address>
         <run_address>0x3ea67d</run_address>
         <size>0x44</size>
         <input_file_ref idref="fl-24"/>
      </object_component>
      <object_component id="oc-1b2">
         <name>.text</name>
         <load_address>0x3ea6c1</load_address>
         <run_address>0x3ea6c1</run_address>
         <size>0x41</size>
         <input_file_ref idref="fl-54"/>
      </object_component>
      <object_component id="oc-1ed">
         <name>.text</name>
         <load_address>0x3ea702</load_address>
         <run_address>0x3ea702</run_address>
         <size>0x3d</size>
         <input_file_ref idref="fl-62"/>
      </object_component>
      <object_component id="oc-131">
         <name>.text</name>
         <load_address>0x3ea73f</load_address>
         <run_address>0x3ea73f</run_address>
         <size>0x32</size>
         <input_file_ref idref="fl-35"/>
      </object_component>
      <object_component id="oc-16b">
         <name>.text</name>
         <load_address>0x3ea771</load_address>
         <run_address>0x3ea771</run_address>
         <size>0x31</size>
         <input_file_ref idref="fl-42"/>
      </object_component>
      <object_component id="oc-1c2">
         <name>.text</name>
         <load_address>0x3ea7a2</load_address>
         <run_address>0x3ea7a2</run_address>
         <size>0x2c</size>
         <input_file_ref idref="fl-58"/>
      </object_component>
      <object_component id="oc-17d">
         <name>.text</name>
         <load_address>0x3ea7ce</load_address>
         <run_address>0x3ea7ce</run_address>
         <size>0x2a</size>
         <input_file_ref idref="fl-47"/>
      </object_component>
      <object_component id="oc-11f">
         <name>.text</name>
         <load_address>0x3ea7f8</load_address>
         <run_address>0x3ea7f8</run_address>
         <size>0x2a</size>
         <input_file_ref idref="fl-31"/>
      </object_component>
      <object_component id="oc-113">
         <name>.text</name>
         <load_address>0x3ea822</load_address>
         <run_address>0x3ea822</run_address>
         <size>0x29</size>
         <input_file_ref idref="fl-2e"/>
      </object_component>
      <object_component id="oc-8b">
         <name>.text</name>
         <load_address>0x3ea84b</load_address>
         <run_address>0x3ea84b</run_address>
         <size>0x28</size>
         <input_file_ref idref="fl-c"/>
      </object_component>
      <object_component id="oc-85">
         <name>.text</name>
         <load_address>0x3ea873</load_address>
         <run_address>0x3ea873</run_address>
         <size>0x25</size>
         <input_file_ref idref="fl-b"/>
      </object_component>
      <object_component id="oc-10f">
         <name>.text</name>
         <load_address>0x3ea898</load_address>
         <run_address>0x3ea898</run_address>
         <size>0x25</size>
         <input_file_ref idref="fl-2d"/>
      </object_component>
      <object_component id="oc-117">
         <name>.text</name>
         <load_address>0x3ea8bd</load_address>
         <run_address>0x3ea8bd</run_address>
         <size>0x22</size>
         <input_file_ref idref="fl-2f"/>
      </object_component>
      <object_component id="oc-45">
         <name>.text</name>
         <load_address>0x3ea8df</load_address>
         <run_address>0x3ea8df</run_address>
         <size>0x22</size>
         <input_file_ref idref="fl-2"/>
      </object_component>
      <object_component id="oc-191">
         <name>.text</name>
         <load_address>0x3ea901</load_address>
         <run_address>0x3ea901</run_address>
         <size>0x21</size>
         <input_file_ref idref="fl-4c"/>
      </object_component>
      <object_component id="oc-129">
         <name>.text</name>
         <load_address>0x3ea922</load_address>
         <run_address>0x3ea922</run_address>
         <size>0x21</size>
         <input_file_ref idref="fl-33"/>
      </object_component>
      <object_component id="oc-195">
         <name>.text</name>
         <load_address>0x3ea943</load_address>
         <run_address>0x3ea943</run_address>
         <size>0x1f</size>
         <input_file_ref idref="fl-4d"/>
      </object_component>
      <object_component id="oc-1b6">
         <name>.text</name>
         <load_address>0x3ea962</load_address>
         <run_address>0x3ea962</run_address>
         <size>0x1e</size>
         <input_file_ref idref="fl-55"/>
      </object_component>
      <object_component id="oc-141">
         <name>.text</name>
         <load_address>0x3ea980</load_address>
         <run_address>0x3ea980</run_address>
         <size>0x1e</size>
         <input_file_ref idref="fl-39"/>
      </object_component>
      <object_component id="oc-1aa">
         <name>.text</name>
         <load_address>0x3ea99e</load_address>
         <run_address>0x3ea99e</run_address>
         <size>0x1c</size>
         <input_file_ref idref="fl-52"/>
      </object_component>
      <object_component id="oc-1ae">
         <name>.text</name>
         <load_address>0x3ea9ba</load_address>
         <run_address>0x3ea9ba</run_address>
         <size>0x1c</size>
         <input_file_ref idref="fl-53"/>
      </object_component>
      <object_component id="oc-80">
         <name>.text</name>
         <load_address>0x3ea9d6</load_address>
         <run_address>0x3ea9d6</run_address>
         <size>0x1a</size>
         <input_file_ref idref="fl-a"/>
      </object_component>
      <object_component id="oc-11b">
         <name>.text</name>
         <load_address>0x3ea9f0</load_address>
         <run_address>0x3ea9f0</run_address>
         <size>0x1a</size>
         <input_file_ref idref="fl-30"/>
      </object_component>
      <object_component id="oc-90">
         <name>.text</name>
         <load_address>0x3eaa0a</load_address>
         <run_address>0x3eaa0a</run_address>
         <size>0x19</size>
         <input_file_ref idref="fl-d"/>
      </object_component>
      <object_component id="oc-167">
         <name>.text</name>
         <load_address>0x3eaa23</load_address>
         <run_address>0x3eaa23</run_address>
         <size>0x19</size>
         <input_file_ref idref="fl-41"/>
      </object_component>
      <object_component id="oc-ef">
         <name>.text</name>
         <load_address>0x3eaa3c</load_address>
         <run_address>0x3eaa3c</run_address>
         <size>0x19</size>
         <input_file_ref idref="fl-26"/>
      </object_component>
      <object_component id="oc-ff">
         <name>.text</name>
         <load_address>0x3eaa55</load_address>
         <run_address>0x3eaa55</run_address>
         <size>0x17</size>
         <input_file_ref idref="fl-29"/>
      </object_component>
      <object_component id="oc-1a6">
         <name>.text</name>
         <load_address>0x3eaa6c</load_address>
         <run_address>0x3eaa6c</run_address>
         <size>0x14</size>
         <input_file_ref idref="fl-51"/>
      </object_component>
      <object_component id="oc-1be">
         <name>.text</name>
         <load_address>0x3eaa80</load_address>
         <run_address>0x3eaa80</run_address>
         <size>0x14</size>
         <input_file_ref idref="fl-57"/>
      </object_component>
      <object_component id="oc-95">
         <name>.text</name>
         <load_address>0x3eaa94</load_address>
         <run_address>0x3eaa94</run_address>
         <size>0x13</size>
         <input_file_ref idref="fl-e"/>
      </object_component>
      <object_component id="oc-1c6">
         <name>.text</name>
         <load_address>0x3eaaa7</load_address>
         <run_address>0x3eaaa7</run_address>
         <size>0x12</size>
         <input_file_ref idref="fl-59"/>
      </object_component>
      <object_component id="oc-14e">
         <name>.text</name>
         <load_address>0x3eaab9</load_address>
         <run_address>0x3eaab9</run_address>
         <size>0x10</size>
         <input_file_ref idref="fl-3c"/>
      </object_component>
      <object_component id="oc-18d">
         <name>.text</name>
         <load_address>0x3eaac9</load_address>
         <run_address>0x3eaac9</run_address>
         <size>0xe</size>
         <input_file_ref idref="fl-4b"/>
      </object_component>
      <object_component id="oc-1ca">
         <name>.text</name>
         <load_address>0x3eaad7</load_address>
         <run_address>0x3eaad7</run_address>
         <size>0xd</size>
         <input_file_ref idref="fl-5a"/>
      </object_component>
      <object_component id="oc-139">
         <name>.text</name>
         <load_address>0x3eaae4</load_address>
         <run_address>0x3eaae4</run_address>
         <size>0xb</size>
         <input_file_ref idref="fl-37"/>
      </object_component>
      <object_component id="oc-14a">
         <name>.text</name>
         <load_address>0x3eaaef</load_address>
         <run_address>0x3eaaef</run_address>
         <size>0xb</size>
         <input_file_ref idref="fl-3b"/>
      </object_component>
      <object_component id="oc-13d">
         <name>.text</name>
         <load_address>0x3eaafa</load_address>
         <run_address>0x3eaafa</run_address>
         <size>0xa</size>
         <input_file_ref idref="fl-38"/>
      </object_component>
      <object_component id="oc-1e1">
         <name>.text</name>
         <load_address>0x3eab04</load_address>
         <run_address>0x3eab04</run_address>
         <size>0xa</size>
         <input_file_ref idref="fl-5f"/>
      </object_component>
      <object_component id="oc-6a">
         <name>.text:retain</name>
         <load_address>0x3eab0e</load_address>
         <run_address>0x3eab0e</run_address>
         <size>0x9</size>
         <input_file_ref idref="fl-6"/>
      </object_component>
      <object_component id="oc-152">
         <name>.text</name>
         <load_address>0x3eab17</load_address>
         <run_address>0x3eab17</run_address>
         <size>0x9</size>
         <input_file_ref idref="fl-3d"/>
      </object_component>
      <object_component id="oc-189">
         <name>.text</name>
         <load_address>0x3eab20</load_address>
         <run_address>0x3eab20</run_address>
         <size>0x9</size>
         <input_file_ref idref="fl-4a"/>
      </object_component>
      <object_component id="oc-1dd">
         <name>.text</name>
         <load_address>0x3eab29</load_address>
         <run_address>0x3eab29</run_address>
         <size>0x9</size>
         <input_file_ref idref="fl-5e"/>
      </object_component>
      <object_component id="oc-dc">
         <name>.text</name>
         <load_address>0x3eab32</load_address>
         <run_address>0x3eab32</run_address>
         <size>0x8</size>
         <input_file_ref idref="fl-13"/>
      </object_component>
      <object_component id="oc-1d5">
         <name>.text</name>
         <load_address>0x3eab3a</load_address>
         <run_address>0x3eab3a</run_address>
         <size>0x7</size>
         <input_file_ref idref="fl-5c"/>
      </object_component>
      <object_component id="oc-10b">
         <name>.text</name>
         <load_address>0x3eab41</load_address>
         <run_address>0x3eab41</run_address>
         <size>0x5</size>
         <input_file_ref idref="fl-2c"/>
      </object_component>
      <object_component id="oc-1d9">
         <name>.text</name>
         <load_address>0x3eab46</load_address>
         <run_address>0x3eab46</run_address>
         <size>0x3</size>
         <input_file_ref idref="fl-5d"/>
      </object_component>
      <object_component id="oc-dd">
         <name>codestart</name>
         <load_address>0x3f7ff6</load_address>
         <run_address>0x3f7ff6</run_address>
         <size>0x2</size>
         <input_file_ref idref="fl-13"/>
      </object_component>
      <object_component id="oc-7c">
         <name>ramfuncs</name>
         <load_address>0x3f5000</load_address>
         <run_address>0x8000</run_address>
         <size>0x1b</size>
         <input_file_ref idref="fl-9"/>
      </object_component>
      <object_component id="oc-76">
         <name>ramfuncs</name>
         <load_address>0x3f501b</load_address>
         <run_address>0x801b</run_address>
         <size>0x4</size>
         <input_file_ref idref="fl-8"/>
      </object_component>
      <object_component id="oc-e6">
         <name>.stack</name>
         <uninitialized>true</uninitialized>
         <run_address>0x50</run_address>
         <size>0x0</size>
         <input_file_ref idref="fl-24"/>
      </object_component>
      <object_component id="oc-23f">
         <name>.stack</name>
         <uninitialized>true</uninitialized>
         <run_address>0x50</run_address>
         <size>0x0</size>
      </object_component>
      <object_component id="oc-48">
         <name>.ebss</name>
         <uninitialized>true</uninitialized>
         <run_address>0x8e30</run_address>
         <size>0x4</size>
         <input_file_ref idref="fl-2"/>
      </object_component>
      <object_component id="oc-50">
         <name>.ebss</name>
         <uninitialized>true</uninitialized>
         <run_address>0x8ec0</run_address>
         <size>0x5a</size>
         <input_file_ref idref="fl-3"/>
      </object_component>
      <object_component id="oc-58">
         <name>.ebss</name>
         <uninitialized>true</uninitialized>
         <run_address>0x8e08</run_address>
         <size>0x18</size>
         <input_file_ref idref="fl-4"/>
      </object_component>
      <object_component id="oc-61">
         <name>.ebss</name>
         <uninitialized>true</uninitialized>
         <run_address>0x8e34</run_address>
         <size>0x2</size>
         <input_file_ref idref="fl-5"/>
      </object_component>
      <object_component id="oc-69">
         <name>.ebss</name>
         <uninitialized>true</uninitialized>
         <run_address>0x8e40</run_address>
         <size>0x70</size>
         <input_file_ref idref="fl-6"/>
      </object_component>
      <object_component id="oc-d8">
         <name>.ebss</name>
         <uninitialized>true</uninitialized>
         <run_address>0x8d60</run_address>
         <size>0x18</size>
         <input_file_ref idref="fl-12"/>
      </object_component>
      <object_component id="oc-ed">
         <name>.ebss</name>
         <uninitialized>true</uninitialized>
         <run_address>0x8c00</run_address>
         <size>0x160</size>
         <input_file_ref idref="fl-25"/>
      </object_component>
      <object_component id="oc-f2">
         <name>.ebss</name>
         <uninitialized>true</uninitialized>
         <run_address>0x8e2c</run_address>
         <size>0x4</size>
         <input_file_ref idref="fl-26"/>
      </object_component>
      <object_component id="oc-f8">
         <name>.ebss</name>
         <uninitialized>true</uninitialized>
         <run_address>0x8e37</run_address>
         <size>0x1</size>
         <input_file_ref idref="fl-27"/>
      </object_component>
      <object_component id="oc-126">
         <name>.ebss</name>
         <uninitialized>true</uninitialized>
         <run_address>0x8d80</run_address>
         <size>0x88</size>
         <input_file_ref idref="fl-32"/>
      </object_component>
      <object_component id="oc-147">
         <name>.ebss</name>
         <uninitialized>true</uninitialized>
         <run_address>0x8e20</run_address>
         <size>0x8</size>
         <input_file_ref idref="fl-3a"/>
      </object_component>
      <object_component id="oc-155">
         <name>.ebss</name>
         <uninitialized>true</uninitialized>
         <run_address>0x8e28</run_address>
         <size>0x4</size>
         <input_file_ref idref="fl-3d"/>
      </object_component>
      <object_component id="oc-173">
         <name>.ebss</name>
         <uninitialized>true</uninitialized>
         <run_address>0x8e36</run_address>
         <size>0x1</size>
         <input_file_ref idref="fl-44"/>
      </object_component>
      <object_component id="oc-1d1">
         <name>.ebss</name>
         <uninitialized>true</uninitialized>
         <run_address>0x8d78</run_address>
         <size>0x8</size>
         <input_file_ref idref="fl-5b"/>
      </object_component>
      <object_component id="oc-62">
         <name>.econst:.string</name>
         <load_address>0x3eab4a</load_address>
         <run_address>0x3eab4a</run_address>
         <size>0x135</size>
         <input_file_ref idref="fl-5"/>
      </object_component>
      <object_component id="oc-1f1">
         <name>.econst:__ctypes_</name>
         <load_address>0x3eac7f</load_address>
         <run_address>0x3eac7f</run_address>
         <size>0x101</size>
         <input_file_ref idref="fl-43"/>
      </object_component>
      <object_component id="oc-87">
         <name>.econst</name>
         <load_address>0x3ead80</load_address>
         <run_address>0x3ead80</run_address>
         <size>0x100</size>
         <input_file_ref idref="fl-b"/>
      </object_component>
      <object_component id="oc-5a">
         <name>.econst:.string</name>
         <load_address>0x3eae80</load_address>
         <run_address>0x3eae80</run_address>
         <size>0xf4</size>
         <input_file_ref idref="fl-4"/>
      </object_component>
      <object_component id="oc-72">
         <name>.econst:.string</name>
         <load_address>0x3eaf74</load_address>
         <run_address>0x3eaf74</run_address>
         <size>0x6e</size>
         <input_file_ref idref="fl-7"/>
      </object_component>
      <object_component id="oc-51">
         <name>.econst:.string</name>
         <load_address>0x3eafe2</load_address>
         <run_address>0x3eafe2</run_address>
         <size>0x4d</size>
         <input_file_ref idref="fl-3"/>
      </object_component>
      <object_component id="oc-6b">
         <name>.econst:.string</name>
         <load_address>0x3eb030</load_address>
         <run_address>0x3eb030</run_address>
         <size>0x24</size>
         <input_file_ref idref="fl-6"/>
      </object_component>
      <object_component id="oc-15f">
         <name>.econst:.string</name>
         <load_address>0x3eb054</load_address>
         <run_address>0x3eb054</run_address>
         <size>0x24</size>
         <input_file_ref idref="fl-3f"/>
      </object_component>
      <object_component id="oc-15e">
         <name>.econst</name>
         <load_address>0x3eb078</load_address>
         <run_address>0x3eb078</run_address>
         <size>0x18</size>
         <input_file_ref idref="fl-3f"/>
      </object_component>
      <object_component id="oc-1a3">
         <name>.econst:.string</name>
         <load_address>0x3eb090</load_address>
         <run_address>0x3eb090</run_address>
         <size>0x2</size>
         <input_file_ref idref="fl-50"/>
      </object_component>
      <object_component id="oc-e7">
         <name>.reset</name>
         <load_address>0x3fffc0</load_address>
         <run_address>0x3fffc0</run_address>
         <size>0x2</size>
         <input_file_ref idref="fl-24"/>
      </object_component>
      <object_component id="oc-46">
         <name>.debug_info</name>
         <load_address>0x0</load_address>
         <run_address>0x0</run_address>
         <size>0x2514</size>
         <input_file_ref idref="fl-2"/>
      </object_component>
      <object_component id="oc-4e">
         <name>.debug_info</name>
         <load_address>0x2514</load_address>
         <run_address>0x2514</run_address>
         <size>0x171b</size>
         <input_file_ref idref="fl-3"/>
      </object_component>
      <object_component id="oc-56">
         <name>.debug_info</name>
         <load_address>0x3c2f</load_address>
         <run_address>0x3c2f</run_address>
         <size>0x39db</size>
         <input_file_ref idref="fl-4"/>
      </object_component>
      <object_component id="oc-5f">
         <name>.debug_info</name>
         <load_address>0x760a</load_address>
         <run_address>0x760a</run_address>
         <size>0x3eec</size>
         <input_file_ref idref="fl-5"/>
      </object_component>
      <object_component id="oc-67">
         <name>.debug_info</name>
         <load_address>0xb4f6</load_address>
         <run_address>0xb4f6</run_address>
         <size>0x4391</size>
         <input_file_ref idref="fl-6"/>
      </object_component>
      <object_component id="oc-70">
         <name>.debug_info</name>
         <load_address>0xf887</load_address>
         <run_address>0xf887</run_address>
         <size>0x37c9</size>
         <input_file_ref idref="fl-7"/>
      </object_component>
      <object_component id="oc-77">
         <name>.debug_info</name>
         <load_address>0x13050</load_address>
         <run_address>0x13050</run_address>
         <size>0x224</size>
         <input_file_ref idref="fl-8"/>
      </object_component>
      <object_component id="oc-7b">
         <name>.debug_info</name>
         <load_address>0x13274</load_address>
         <run_address>0x13274</run_address>
         <size>0x2b1c</size>
         <input_file_ref idref="fl-9"/>
      </object_component>
      <object_component id="oc-81">
         <name>.debug_info</name>
         <load_address>0x15d90</load_address>
         <run_address>0x15d90</run_address>
         <size>0x18e1</size>
         <input_file_ref idref="fl-a"/>
      </object_component>
      <object_component id="oc-86">
         <name>.debug_info</name>
         <load_address>0x17671</load_address>
         <run_address>0x17671</run_address>
         <size>0x2441</size>
         <input_file_ref idref="fl-b"/>
      </object_component>
      <object_component id="oc-8c">
         <name>.debug_info</name>
         <load_address>0x19ab2</load_address>
         <run_address>0x19ab2</run_address>
         <size>0xd0f</size>
         <input_file_ref idref="fl-c"/>
      </object_component>
      <object_component id="oc-91">
         <name>.debug_info</name>
         <load_address>0x1a7c1</load_address>
         <run_address>0x1a7c1</run_address>
         <size>0x1784</size>
         <input_file_ref idref="fl-d"/>
      </object_component>
      <object_component id="oc-96">
         <name>.debug_info</name>
         <load_address>0x1bf45</load_address>
         <run_address>0x1bf45</run_address>
         <size>0x1642</size>
         <input_file_ref idref="fl-e"/>
      </object_component>
      <object_component id="oc-9a">
         <name>.debug_info</name>
         <load_address>0x1d587</load_address>
         <run_address>0x1d587</run_address>
         <size>0x13aa7</size>
         <input_file_ref idref="fl-f"/>
      </object_component>
      <object_component id="oc-cd">
         <name>.debug_info</name>
         <load_address>0x3102e</load_address>
         <run_address>0x3102e</run_address>
         <size>0x23d8</size>
         <input_file_ref idref="fl-10"/>
      </object_component>
      <object_component id="oc-d1">
         <name>.debug_info</name>
         <load_address>0x33406</load_address>
         <run_address>0x33406</run_address>
         <size>0xab19</size>
         <input_file_ref idref="fl-11"/>
      </object_component>
      <object_component id="oc-d7">
         <name>.debug_info</name>
         <load_address>0x3df1f</load_address>
         <run_address>0x3df1f</run_address>
         <size>0xb73</size>
         <input_file_ref idref="fl-12"/>
      </object_component>
      <object_component id="oc-de">
         <name>.debug_info</name>
         <load_address>0x3ea92</load_address>
         <run_address>0x3ea92</run_address>
         <size>0x2db</size>
         <input_file_ref idref="fl-13"/>
      </object_component>
      <object_component id="oc-e2">
         <name>.debug_info</name>
         <load_address>0x3ed6d</load_address>
         <run_address>0x3ed6d</run_address>
         <size>0x48bc</size>
         <input_file_ref idref="fl-14"/>
      </object_component>
      <object_component id="oc-e8">
         <name>.debug_info</name>
         <load_address>0x43629</load_address>
         <run_address>0x43629</run_address>
         <size>0xdf</size>
         <input_file_ref idref="fl-24"/>
      </object_component>
      <object_component id="oc-eb">
         <name>.debug_info</name>
         <load_address>0x43708</load_address>
         <run_address>0x43708</run_address>
         <size>0x39f</size>
         <input_file_ref idref="fl-25"/>
      </object_component>
      <object_component id="oc-f0">
         <name>.debug_info</name>
         <load_address>0x43aa7</load_address>
         <run_address>0x43aa7</run_address>
         <size>0x3f0</size>
         <input_file_ref idref="fl-26"/>
      </object_component>
      <object_component id="oc-f6">
         <name>.debug_info</name>
         <load_address>0x43e97</load_address>
         <run_address>0x43e97</run_address>
         <size>0x7ff</size>
         <input_file_ref idref="fl-27"/>
      </object_component>
      <object_component id="oc-fc">
         <name>.debug_info</name>
         <load_address>0x44696</load_address>
         <run_address>0x44696</run_address>
         <size>0xc1</size>
         <input_file_ref idref="fl-28"/>
      </object_component>
      <object_component id="oc-100">
         <name>.debug_info</name>
         <load_address>0x44757</load_address>
         <run_address>0x44757</run_address>
         <size>0xc1</size>
         <input_file_ref idref="fl-29"/>
      </object_component>
      <object_component id="oc-104">
         <name>.debug_info</name>
         <load_address>0x44818</load_address>
         <run_address>0x44818</run_address>
         <size>0xc1</size>
         <input_file_ref idref="fl-2a"/>
      </object_component>
      <object_component id="oc-108">
         <name>.debug_info</name>
         <load_address>0x448d9</load_address>
         <run_address>0x448d9</run_address>
         <size>0xc1</size>
         <input_file_ref idref="fl-2b"/>
      </object_component>
      <object_component id="oc-10c">
         <name>.debug_info</name>
         <load_address>0x4499a</load_address>
         <run_address>0x4499a</run_address>
         <size>0xc1</size>
         <input_file_ref idref="fl-2c"/>
      </object_component>
      <object_component id="oc-110">
         <name>.debug_info</name>
         <load_address>0x44a5b</load_address>
         <run_address>0x44a5b</run_address>
         <size>0xcd</size>
         <input_file_ref idref="fl-2d"/>
      </object_component>
      <object_component id="oc-114">
         <name>.debug_info</name>
         <load_address>0x44b28</load_address>
         <run_address>0x44b28</run_address>
         <size>0xcd</size>
         <input_file_ref idref="fl-2e"/>
      </object_component>
      <object_component id="oc-118">
         <name>.debug_info</name>
         <load_address>0x44bf5</load_address>
         <run_address>0x44bf5</run_address>
         <size>0xed</size>
         <input_file_ref idref="fl-2f"/>
      </object_component>
      <object_component id="oc-11c">
         <name>.debug_info</name>
         <load_address>0x44ce2</load_address>
         <run_address>0x44ce2</run_address>
         <size>0xc7</size>
         <input_file_ref idref="fl-30"/>
      </object_component>
      <object_component id="oc-120">
         <name>.debug_info</name>
         <load_address>0x44da9</load_address>
         <run_address>0x44da9</run_address>
         <size>0x14f</size>
         <input_file_ref idref="fl-31"/>
      </object_component>
      <object_component id="oc-124">
         <name>.debug_info</name>
         <load_address>0x44ef8</load_address>
         <run_address>0x44ef8</run_address>
         <size>0xfee</size>
         <input_file_ref idref="fl-32"/>
      </object_component>
      <object_component id="oc-12a">
         <name>.debug_info</name>
         <load_address>0x45ee6</load_address>
         <run_address>0x45ee6</run_address>
         <size>0x435</size>
         <input_file_ref idref="fl-33"/>
      </object_component>
      <object_component id="oc-12e">
         <name>.debug_info</name>
         <load_address>0x4631b</load_address>
         <run_address>0x4631b</run_address>
         <size>0x40a</size>
         <input_file_ref idref="fl-34"/>
      </object_component>
      <object_component id="oc-132">
         <name>.debug_info</name>
         <load_address>0x46725</load_address>
         <run_address>0x46725</run_address>
         <size>0x5c7</size>
         <input_file_ref idref="fl-35"/>
      </object_component>
      <object_component id="oc-136">
         <name>.debug_info</name>
         <load_address>0x46cec</load_address>
         <run_address>0x46cec</run_address>
         <size>0x4a9</size>
         <input_file_ref idref="fl-36"/>
      </object_component>
      <object_component id="oc-13a">
         <name>.debug_info</name>
         <load_address>0x47195</load_address>
         <run_address>0x47195</run_address>
         <size>0x3bb</size>
         <input_file_ref idref="fl-37"/>
      </object_component>
      <object_component id="oc-13e">
         <name>.debug_info</name>
         <load_address>0x47550</load_address>
         <run_address>0x47550</run_address>
         <size>0x3b8</size>
         <input_file_ref idref="fl-38"/>
      </object_component>
      <object_component id="oc-142">
         <name>.debug_info</name>
         <load_address>0x47908</load_address>
         <run_address>0x47908</run_address>
         <size>0x42e</size>
         <input_file_ref idref="fl-39"/>
      </object_component>
      <object_component id="oc-146">
         <name>.debug_info</name>
         <load_address>0x47d36</load_address>
         <run_address>0x47d36</run_address>
         <size>0xa8f</size>
         <input_file_ref idref="fl-3a"/>
      </object_component>
      <object_component id="oc-14b">
         <name>.debug_info</name>
         <load_address>0x487c5</load_address>
         <run_address>0x487c5</run_address>
         <size>0xed</size>
         <input_file_ref idref="fl-3b"/>
      </object_component>
      <object_component id="oc-14f">
         <name>.debug_info</name>
         <load_address>0x488b2</load_address>
         <run_address>0x488b2</run_address>
         <size>0xc1</size>
         <input_file_ref idref="fl-3c"/>
      </object_component>
      <object_component id="oc-153">
         <name>.debug_info</name>
         <load_address>0x48973</load_address>
         <run_address>0x48973</run_address>
         <size>0x3cf</size>
         <input_file_ref idref="fl-3d"/>
      </object_component>
      <object_component id="oc-159">
         <name>.debug_info</name>
         <load_address>0x48d42</load_address>
         <run_address>0x48d42</run_address>
         <size>0x414</size>
         <input_file_ref idref="fl-3e"/>
      </object_component>
      <object_component id="oc-15d">
         <name>.debug_info</name>
         <load_address>0x49156</load_address>
         <run_address>0x49156</run_address>
         <size>0x1f68</size>
         <input_file_ref idref="fl-3f"/>
      </object_component>
      <object_component id="oc-163">
         <name>.debug_info</name>
         <load_address>0x4b0be</load_address>
         <run_address>0x4b0be</run_address>
         <size>0x547</size>
         <input_file_ref idref="fl-40"/>
      </object_component>
      <object_component id="oc-168">
         <name>.debug_info</name>
         <load_address>0x4b605</load_address>
         <run_address>0x4b605</run_address>
         <size>0x39b</size>
         <input_file_ref idref="fl-41"/>
      </object_component>
      <object_component id="oc-16c">
         <name>.debug_info</name>
         <load_address>0x4b9a0</load_address>
         <run_address>0x4b9a0</run_address>
         <size>0x3b9</size>
         <input_file_ref idref="fl-42"/>
      </object_component>
      <object_component id="oc-16f">
         <name>.debug_info</name>
         <load_address>0x4bd59</load_address>
         <run_address>0x4bd59</run_address>
         <size>0x2b9</size>
         <input_file_ref idref="fl-43"/>
      </object_component>
      <object_component id="oc-171">
         <name>.debug_info</name>
         <load_address>0x4c012</load_address>
         <run_address>0x4c012</run_address>
         <size>0x29c</size>
         <input_file_ref idref="fl-44"/>
      </object_component>
      <object_component id="oc-176">
         <name>.debug_info</name>
         <load_address>0x4c2ae</load_address>
         <run_address>0x4c2ae</run_address>
         <size>0x42b</size>
         <input_file_ref idref="fl-45"/>
      </object_component>
      <object_component id="oc-17a">
         <name>.debug_info</name>
         <load_address>0x4c6d9</load_address>
         <run_address>0x4c6d9</run_address>
         <size>0x51a</size>
         <input_file_ref idref="fl-46"/>
      </object_component>
      <object_component id="oc-17e">
         <name>.debug_info</name>
         <load_address>0x4cbf3</load_address>
         <run_address>0x4cbf3</run_address>
         <size>0xcd</size>
         <input_file_ref idref="fl-47"/>
      </object_component>
      <object_component id="oc-182">
         <name>.debug_info</name>
         <load_address>0x4ccc0</load_address>
         <run_address>0x4ccc0</run_address>
         <size>0xc1</size>
         <input_file_ref idref="fl-48"/>
      </object_component>
      <object_component id="oc-186">
         <name>.debug_info</name>
         <load_address>0x4cd81</load_address>
         <run_address>0x4cd81</run_address>
         <size>0xc1</size>
         <input_file_ref idref="fl-49"/>
      </object_component>
      <object_component id="oc-18a">
         <name>.debug_info</name>
         <load_address>0x4ce42</load_address>
         <run_address>0x4ce42</run_address>
         <size>0xc1</size>
         <input_file_ref idref="fl-4a"/>
      </object_component>
      <object_component id="oc-18e">
         <name>.debug_info</name>
         <load_address>0x4cf03</load_address>
         <run_address>0x4cf03</run_address>
         <size>0xcf</size>
         <input_file_ref idref="fl-4b"/>
      </object_component>
      <object_component id="oc-192">
         <name>.debug_info</name>
         <load_address>0x4cfd2</load_address>
         <run_address>0x4cfd2</run_address>
         <size>0xc1</size>
         <input_file_ref idref="fl-4c"/>
      </object_component>
      <object_component id="oc-196">
         <name>.debug_info</name>
         <load_address>0x4d093</load_address>
         <run_address>0x4d093</run_address>
         <size>0xc1</size>
         <input_file_ref idref="fl-4d"/>
      </object_component>
      <object_component id="oc-19a">
         <name>.debug_info</name>
         <load_address>0x4d154</load_address>
         <run_address>0x4d154</run_address>
         <size>0x51a</size>
         <input_file_ref idref="fl-4e"/>
      </object_component>
      <object_component id="oc-19e">
         <name>.debug_info</name>
         <load_address>0x4d66e</load_address>
         <run_address>0x4d66e</run_address>
         <size>0x507</size>
         <input_file_ref idref="fl-4f"/>
      </object_component>
      <object_component id="oc-1a2">
         <name>.debug_info</name>
         <load_address>0x4db75</load_address>
         <run_address>0x4db75</run_address>
         <size>0x6be</size>
         <input_file_ref idref="fl-50"/>
      </object_component>
      <object_component id="oc-1a7">
         <name>.debug_info</name>
         <load_address>0x4e233</load_address>
         <run_address>0x4e233</run_address>
         <size>0x2ed</size>
         <input_file_ref idref="fl-51"/>
      </object_component>
      <object_component id="oc-1ab">
         <name>.debug_info</name>
         <load_address>0x4e520</load_address>
         <run_address>0x4e520</run_address>
         <size>0xc4</size>
         <input_file_ref idref="fl-52"/>
      </object_component>
      <object_component id="oc-1af">
         <name>.debug_info</name>
         <load_address>0x4e5e4</load_address>
         <run_address>0x4e5e4</run_address>
         <size>0xc1</size>
         <input_file_ref idref="fl-53"/>
      </object_component>
      <object_component id="oc-1b3">
         <name>.debug_info</name>
         <load_address>0x4e6a5</load_address>
         <run_address>0x4e6a5</run_address>
         <size>0x30f</size>
         <input_file_ref idref="fl-54"/>
      </object_component>
      <object_component id="oc-1b7">
         <name>.debug_info</name>
         <load_address>0x4e9b4</load_address>
         <run_address>0x4e9b4</run_address>
         <size>0xfa</size>
         <input_file_ref idref="fl-55"/>
      </object_component>
      <object_component id="oc-1bb">
         <name>.debug_info</name>
         <load_address>0x4eaae</load_address>
         <run_address>0x4eaae</run_address>
         <size>0x1c6</size>
         <input_file_ref idref="fl-56"/>
      </object_component>
      <object_component id="oc-1bf">
         <name>.debug_info</name>
         <load_address>0x4ec74</load_address>
         <run_address>0x4ec74</run_address>
         <size>0xc1</size>
         <input_file_ref idref="fl-57"/>
      </object_component>
      <object_component id="oc-1c3">
         <name>.debug_info</name>
         <load_address>0x4ed35</load_address>
         <run_address>0x4ed35</run_address>
         <size>0x3b8</size>
         <input_file_ref idref="fl-58"/>
      </object_component>
      <object_component id="oc-1c7">
         <name>.debug_info</name>
         <load_address>0x4f0ed</load_address>
         <run_address>0x4f0ed</run_address>
         <size>0x389</size>
         <input_file_ref idref="fl-59"/>
      </object_component>
      <object_component id="oc-1cb">
         <name>.debug_info</name>
         <load_address>0x4f476</load_address>
         <run_address>0x4f476</run_address>
         <size>0x3aa</size>
         <input_file_ref idref="fl-5a"/>
      </object_component>
      <object_component id="oc-1cf">
         <name>.debug_info</name>
         <load_address>0x4f820</load_address>
         <run_address>0x4f820</run_address>
         <size>0x9df</size>
         <input_file_ref idref="fl-5b"/>
      </object_component>
      <object_component id="oc-1d6">
         <name>.debug_info</name>
         <load_address>0x501ff</load_address>
         <run_address>0x501ff</run_address>
         <size>0x3b2</size>
         <input_file_ref idref="fl-5c"/>
      </object_component>
      <object_component id="oc-1da">
         <name>.debug_info</name>
[...]
         <object_component_ref idref="oc-d8"/>
      </symbol>
      <symbol id="sm-479">
         <name>_InitCpuTimers</name>
         <value>0x3ea2eb</value>
         <object_component_ref idref="oc-d6"/>
      </symbol>
      <symbol id="sm-47a">
         <name>_ConfigCpuTimer</name>
         <value>0x3ea32c</value>
         <object_component_ref idref="oc-d6"/>
      </symbol>
      <symbol id="sm-485">
         <name>code_start</name>
         <value>0x3f7ff6</value>
         <object_component_ref idref="oc-dd"/>
      </symbol>
      <symbol id="sm-49a">
         <name>_InitAdc</name>
         <value>0x3e8dd7</value>
         <object_component_ref idref="oc-e1"/>
      </symbol>
      <symbol id="sm-49b">
         <name>_InitAdcAio</name>
         <value>0x3e8df5</value>
         <object_component_ref idref="oc-e1"/>
      </symbol>
      <symbol id="sm-49c">
         <name>_AdcOffsetSelfCal</name>
         <value>0x3e8e17</value>
         <object_component_ref idref="oc-e1"/>
      </symbol>
      <symbol id="sm-49d">
         <name>_AdcChanSelect</name>
         <value>0x3e8e3e</value>
         <object_component_ref idref="oc-e1"/>
      </symbol>
      <symbol id="sm-49e">
         <name>_AdcConversion</name>
         <value>0x3e8eb3</value>
         <object_component_ref idref="oc-e1"/>
      </symbol>
      <symbol id="sm-4aa">
         <name>_c_int00</name>
         <value>0x3ea67d</value>
         <object_component_ref idref="oc-44"/>
      </symbol>
      <symbol id="sm-4ab">
         <name>__stack</name>
         <value>0x50</value>
         <object_component_ref idref="oc-e6"/>
      </symbol>
      <symbol id="sm-4b5">
         <name>__tmpnams</name>
         <value>0x8cc0</value>
         <object_component_ref idref="oc-ed"/>
      </symbol>
      <symbol id="sm-4b6">
         <name>__ft_end</name>
         <value>0x8c00</value>
         <object_component_ref idref="oc-ed"/>
      </symbol>
      <symbol id="sm-4b7">
         <name>__ftable</name>
         <value>0x8c40</value>
         <object_component_ref idref="oc-ed"/>
      </symbol>
      <symbol id="sm-4c5">
         <name>C$$EXIT</name>
         <value>0x3eaa3c</value>
         <object_component_ref idref="oc-ef"/>
      </symbol>
      <symbol id="sm-4c6">
         <name>_exit</name>
         <value>0x3eaa3e</value>
         <object_component_ref idref="oc-ef"/>
      </symbol>
      <symbol id="sm-4c7">
         <name>_abort</name>
         <value>0x3eaa3c</value>
         <object_component_ref idref="oc-ef"/>
      </symbol>
      <symbol id="sm-4c8">
         <name>__cleanup_ptr</name>
         <value>0x8e2c</value>
         <object_component_ref idref="oc-f2"/>
      </symbol>
      <symbol id="sm-4c9">
         <name>__dtors_ptr</name>
         <value>0x8e2e</value>
         <object_component_ref idref="oc-f2"/>
      </symbol>
      <symbol id="sm-4d7">
         <name>__cleanup</name>
         <value>0x3e9ac4</value>
         <object_component_ref idref="oc-f5"/>
      </symbol>
      <symbol id="sm-4d8">
         <name>_fopen</name>
         <value>0x3e9b32</value>
         <object_component_ref idref="oc-f5"/>
      </symbol>
      <symbol id="sm-4d9">
         <name>_freopen</name>
         <value>0x3e9ae2</value>
         <object_component_ref idref="oc-f5"/>
      </symbol>
      <symbol id="sm-4e1">
         <name>FS$$ADD</name>
         <value>0x3ea278</value>
         <object_component_ref idref="oc-fb"/>
      </symbol>
      <symbol id="sm-4e2">
         <name>FS$$SUB</name>
         <value>0x3ea273</value>
         <object_component_ref idref="oc-fb"/>
      </symbol>
      <symbol id="sm-4ea">
         <name>FS$$CMP</name>
         <value>0x3eaa55</value>
         <object_component_ref idref="oc-ff"/>
      </symbol>
      <symbol id="sm-4f2">
         <name>FS$$DIV</name>
         <value>0x3ea0eb</value>
         <object_component_ref idref="oc-103"/>
      </symbol>
      <symbol id="sm-4fa">
         <name>FS$$MPY</name>
         <value>0x3ea496</value>
         <object_component_ref idref="oc-107"/>
      </symbol>
      <symbol id="sm-502">
         <name>FS$$NEG</name>
         <value>0x3eab41</value>
         <object_component_ref idref="oc-10b"/>
      </symbol>
      <symbol id="sm-50a">
         <name>FS$$TOI</name>
         <value>0x3ea898</value>
         <object_component_ref idref="oc-10f"/>
      </symbol>
      <symbol id="sm-512">
         <name>FS$$TOL</name>
         <value>0x3ea822</value>
         <object_component_ref idref="oc-113"/>
      </symbol>
      <symbol id="sm-51a">
         <name>I$$MOD</name>
         <value>0x3ea8ce</value>
         <object_component_ref idref="oc-117"/>
      </symbol>
      <symbol id="sm-51b">
         <name>I$$DIV</name>
         <value>0x3ea8bd</value>
         <object_component_ref idref="oc-117"/>
      </symbol>
      <symbol id="sm-523">
         <name>I$$TOFS</name>
         <value>0x3ea9f0</value>
         <object_component_ref idref="oc-11b"/>
      </symbol>
      <symbol id="sm-52b">
         <name>UL$$MOD</name>
         <value>0x3ea81c</value>
         <object_component_ref idref="oc-11f"/>
      </symbol>
      <symbol id="sm-52c">
         <name>L$$MOD</name>
         <value>0x3ea807</value>
         <object_component_ref idref="oc-11f"/>
      </symbol>
      <symbol id="sm-52d">
         <name>L$$DIV</name>
         <value>0x3ea7f8</value>
         <object_component_ref idref="oc-11f"/>
      </symbol>
      <symbol id="sm-52e">
         <name>UL$$DIV</name>
         <value>0x3ea815</value>
         <object_component_ref idref="oc-11f"/>
      </symbol>
      <symbol id="sm-53c">
         <name>_add_device</name>
         <value>0x3e8d79</value>
         <object_component_ref idref="oc-123"/>
      </symbol>
      <symbol id="sm-53d">
         <name>_rename</name>
         <value>0x3e8c32</value>
         <object_component_ref idref="oc-123"/>
      </symbol>
      <symbol id="sm-53e">
         <name>_read</name>
         <value>0x3e8c75</value>
         <object_component_ref idref="oc-123"/>
      </symbol>
      <symbol id="sm-53f">
         <name>_unlink</name>
         <value>0x3e8c1a</value>
         <object_component_ref idref="oc-123"/>
      </symbol>
      <symbol id="sm-540">
         <name>_remove_device</name>
         <value>0x3e8c5b</value>
         <object_component_ref idref="oc-123"/>
      </symbol>
      <symbol id="sm-541">
         <name>_open</name>
         <value>0x3e8cc3</value>
         <object_component_ref idref="oc-123"/>
      </symbol>
      <symbol id="sm-542">
         <name>_lseek</name>
         <value>0x3e8d19</value>
         <object_component_ref idref="oc-123"/>
      </symbol>
      <symbol id="sm-543">
         <name>_close</name>
         <value>0x3e8d47</value>
         <object_component_ref idref="oc-123"/>
      </symbol>
      <symbol id="sm-544">
         <name>_write</name>
         <value>0x3e8ba0</value>
         <object_component_ref idref="oc-123"/>
      </symbol>
      <symbol id="sm-54e">
         <name>___memcpy_ff</name>
         <value>0x3ea922</value>
         <object_component_ref idref="oc-129"/>
      </symbol>
      <symbol id="sm-558">
         <name>_pow</name>
         <value>0x3ea16e</value>
         <object_component_ref idref="oc-12d"/>
      </symbol>
      <symbol id="sm-562">
         <name>_printf</name>
         <value>0x3ea745</value>
         <object_component_ref idref="oc-131"/>
      </symbol>
      <symbol id="sm-56c">
         <name>_setvbuf</name>
         <value>0x3ea361</value>
         <object_component_ref idref="oc-135"/>
      </symbol>
      <symbol id="sm-576">
         <name>_strchr</name>
         <value>0x3eaae4</value>
         <object_component_ref idref="oc-139"/>
      </symbol>
      <symbol id="sm-580">
         <name>_strcmp</name>
         <value>0x3eaafa</value>
         <object_component_ref idref="oc-13d"/>
      </symbol>
      <symbol id="sm-58a">
         <name>_strncpy</name>
         <value>0x3ea980</value>
         <object_component_ref idref="oc-141"/>
      </symbol>
      <symbol id="sm-596">
         <name>_HOSTopen</name>
         <value>0x3e90d3</value>
         <object_component_ref idref="oc-145"/>
      </symbol>
      <symbol id="sm-597">
         <name>_HOSTread</name>
         <value>0x3e909d</value>
         <object_component_ref idref="oc-145"/>
      </symbol>
      <symbol id="sm-598">
         <name>_HOSTgetenv</name>
         <value>0x3e9151</value>
         <object_component_ref idref="oc-145"/>
      </symbol>
      <symbol id="sm-599">
         <name>_HOSTtime</name>
         <value>0x3e9035</value>
         <object_component_ref idref="oc-145"/>
      </symbol>
      <symbol id="sm-59a">
         <name>_HOSTrename</name>
         <value>0x3e905f</value>
         <object_component_ref idref="oc-145"/>
      </symbol>
      <symbol id="sm-59b">
         <name>_HOSTclock</name>
         <value>0x3e91a0</value>
         <object_component_ref idref="oc-145"/>
      </symbol>
      <symbol id="sm-59c">
         <name>_HOSTwrite</name>
         <value>0x3e8fda</value>
         <object_component_ref idref="oc-145"/>
      </symbol>
      <symbol id="sm-59d">
         <name>_HOSTlseek</name>
         <value>0x3e910a</value>
         <object_component_ref idref="oc-145"/>
      </symbol>
      <symbol id="sm-59e">
         <name>_HOSTunlink</name>
         <value>0x3e9010</value>
         <object_component_ref idref="oc-145"/>
      </symbol>
      <symbol id="sm-59f">
         <name>_HOSTclose</name>
         <value>0x3e9179</value>
         <object_component_ref idref="oc-145"/>
      </symbol>
      <symbol id="sm-5a7">
         <name>U$$MOD</name>
         <value>0x3eaaf4</value>
         <object_component_ref idref="oc-14a"/>
      </symbol>
      <symbol id="sm-5a8">
         <name>U$$DIV</name>
         <value>0x3eaaef</value>
         <object_component_ref idref="oc-14a"/>
      </symbol>
      <symbol id="sm-5b0">
         <name>U$$TOFS</name>
         <value>0x3eaab9</value>
         <object_component_ref idref="oc-14e"/>
      </symbol>
      <symbol id="sm-5be">
         <name>__unlock</name>
         <value>0x8e28</value>
         <object_component_ref idref="oc-155"/>
      </symbol>
      <symbol id="sm-5bf">
         <name>__lock</name>
         <value>0x8e2a</value>
         <object_component_ref idref="oc-155"/>
      </symbol>
      <symbol id="sm-5c0">
         <name>__register_lock</name>
         <value>0x3eab1b</value>
         <object_component_ref idref="oc-152"/>
      </symbol>
      <symbol id="sm-5c1">
         <name>__nop</name>
         <value>0x3eab1f</value>
         <object_component_ref idref="oc-152"/>
      </symbol>
      <symbol id="sm-5c2">
         <name>__register_unlock</name>
         <value>0x3eab17</value>
         <object_component_ref idref="oc-152"/>
      </symbol>
      <symbol id="sm-5cc">
         <name>__log</name>
         <value>0x3e9f50</value>
         <object_component_ref idref="oc-158"/>
      </symbol>
      <symbol id="sm-5da">
         <name>__printfi</name>
         <value>0x3e877e</value>
         <object_component_ref idref="oc-15c"/>
      </symbol>
      <symbol id="sm-5e6">
         <name>C$$IO$$</name>
         <value>0x3ea23c</value>
         <object_component_ref idref="oc-162"/>
      </symbol>
      <symbol id="sm-5e7">
         <name>__CIOBUF_</name>
         <value>0x9000</value>
         <object_component_ref idref="oc-164"/>
      </symbol>
      <symbol id="sm-5e8">
         <name>_readmsg</name>
         <value>0x3ea240</value>
         <object_component_ref idref="oc-162"/>
      </symbol>
      <symbol id="sm-5e9">
         <name>_writemsg</name>
         <value>0x3ea1f1</value>
         <object_component_ref idref="oc-162"/>
      </symbol>
      <symbol id="sm-5f3">
         <name>__args_main</name>
         <value>0x3eaa23</value>
         <object_component_ref idref="oc-167"/>
      </symbol>
      <symbol id="sm-5f4">
         <name>__TI_args_main</name>
         <value>0x1</value>
      </symbol>
      <symbol id="sm-5fe">
         <name>_atoi</name>
         <value>0x3ea771</value>
         <object_component_ref idref="oc-16b"/>
      </symbol>
      <symbol id="sm-606">
         <name>__ctypes_</name>
         <value>0x3eac7f</value>
         <object_component_ref idref="oc-1f1"/>
      </symbol>
      <symbol id="sm-610">
         <name>_errno</name>
         <value>0x8e36</value>
         <object_component_ref idref="oc-173"/>
      </symbol>
      <symbol id="sm-61a">
         <name>_exp</name>
         <value>0x3e9e16</value>
         <object_component_ref idref="oc-175"/>
      </symbol>
      <symbol id="sm-624">
         <name>__closefile</name>
         <value>0x3ea5e9</value>
         <object_component_ref idref="oc-179"/>
      </symbol>
      <symbol id="sm-625">
         <name>_fclose</name>
         <value>0x3ea623</value>
         <object_component_ref idref="oc-179"/>
      </symbol>
      <symbol id="sm-62d">
         <name>FD$$CMP</name>
         <value>0x3ea7ce</value>
         <object_component_ref idref="oc-17d"/>
      </symbol>
      <symbol id="sm-635">
         <name>FD$$DIV</name>
         <value>0x3e9fdd</value>
         <object_component_ref idref="oc-181"/>
      </symbol>
      <symbol id="sm-63d">
         <name>FD$$MPY</name>
         <value>0x3ea068</value>
         <object_component_ref idref="oc-185"/>
      </symbol>
      <symbol id="sm-645">
         <name>FD$$NEG</name>
         <value>0x3eab20</value>
         <object_component_ref idref="oc-189"/>
      </symbol>
      <symbol id="sm-64d">
         <name>FD$$SUB</name>
         <value>0x3eaac9</value>
         <object_component_ref idref="oc-18d"/>
      </symbol>
      <symbol id="sm-655">
         <name>FD$$TOI</name>
         <value>0x3ea901</value>
         <object_component_ref idref="oc-191"/>
      </symbol>
      <symbol id="sm-65d">
         <name>FD$$TOL</name>
         <value>0x3ea943</value>
         <object_component_ref idref="oc-195"/>
      </symbol>
      <symbol id="sm-667">
         <name>__doflush</name>
         <value>0x3ea436</value>
         <object_component_ref idref="oc-199"/>
      </symbol>
      <symbol id="sm-668">
         <name>_fflush</name>
         <value>0x3ea465</value>
         <object_component_ref idref="oc-199"/>
      </symbol>
      <symbol id="sm-672">
         <name>_putchar</name>
         <value>0x3ea5e4</value>
         <object_component_ref idref="oc-19d"/>
      </symbol>
      <symbol id="sm-673">
         <name>_putc</name>
         <value>0x3ea599</value>
         <object_component_ref idref="oc-19d"/>
      </symbol>
      <symbol id="sm-674">
         <name>_fputc</name>
         <value>0x3ea599</value>
         <object_component_ref idref="oc-19d"/>
      </symbol>
      <symbol id="sm-680">
         <name>_puts</name>
         <value>0x3e9d64</value>
         <object_component_ref idref="oc-1a1"/>
      </symbol>
      <symbol id="sm-681">
         <name>_fputs</name>
         <value>0x3e9cd1</value>
         <object_component_ref idref="oc-1a1"/>
      </symbol>
      <symbol id="sm-68b">
         <name>_frexp</name>
         <value>0x3eaa6c</value>
         <object_component_ref idref="oc-1a6"/>
      </symbol>
      <symbol id="sm-693">
         <name>FS$$TOFD</name>
         <value>0x3ea99e</value>
         <object_component_ref idref="oc-1aa"/>
      </symbol>
      <symbol id="sm-69b">
         <name>L$$TOFD</name>
         <value>0x3ea9ba</value>
         <object_component_ref idref="oc-1ae"/>
      </symbol>
      <symbol id="sm-6a5">
         <name>_ldexp</name>
         <value>0x3ea6c1</value>
         <object_component_ref idref="oc-1b2"/>
      </symbol>
      <symbol id="sm-6ad">
         <name>ULL$$CMP</name>
         <value>0x3ea974</value>
         <object_component_ref idref="oc-1b6"/>
      </symbol>
      <symbol id="sm-6ae">
         <name>LL$$CMP</name>
         <value>0x3ea962</value>
         <object_component_ref idref="oc-1b6"/>
      </symbol>
      <symbol id="sm-6b6">
         <name>ULL$$MOD</name>
         <value>0x3e99ea</value>
         <object_component_ref idref="oc-1ba"/>
      </symbol>
      <symbol id="sm-6b7">
         <name>ULL$$DIV</name>
         <value>0x3e99bb</value>
         <object_component_ref idref="oc-1ba"/>
      </symbol>
      <symbol id="sm-6b8">
         <name>LL$$MOD</name>
         <value>0x3e9981</value>
         <object_component_ref idref="oc-1ba"/>
      </symbol>
      <symbol id="sm-6b9">
         <name>LL$$DIV</name>
         <value>0x3e9945</value>
         <object_component_ref idref="oc-1ba"/>
      </symbol>
      <symbol id="sm-6c1">
         <name>LL$$MPY</name>
         <value>0x3eaa80</value>
         <object_component_ref idref="oc-1be"/>
      </symbol>
      <symbol id="sm-6cb">
         <name>_ltoa</name>
         <value>0x3ea7a2</value>
         <object_component_ref idref="oc-1c2"/>
      </symbol>
      <symbol id="sm-6d5">
         <name>_memccpy</name>
         <value>0x3eaaa7</value>
         <object_component_ref idref="oc-1c6"/>
      </symbol>
      <symbol id="sm-6df">
         <name>_memchr</name>
         <value>0x3eaad7</value>
         <object_component_ref idref="oc-1ca"/>
      </symbol>
      <symbol id="sm-6ef">
         <name>__sys_memory</name>
         <value>0x400</value>
         <object_component_ref idref="oc-1d2"/>
      </symbol>
      <symbol id="sm-6f0">
         <name>_chkheap</name>
         <value>0x3e9541</value>
         <object_component_ref idref="oc-1ce"/>
      </symbol>
      <symbol id="sm-6f1">
         <name>_realloc</name>
         <value>0x3e9453</value>
         <object_component_ref idref="oc-1ce"/>
      </symbol>
      <symbol id="sm-6f2">
         <name>_free_memory</name>
         <value>0x3e9525</value>
         <object_component_ref idref="oc-1ce"/>
      </symbol>
      <symbol id="sm-6f3">
         <name>_max_free</name>
         <value>0x3e9505</value>
         <object_component_ref idref="oc-1ce"/>
      </symbol>
      <symbol id="sm-6f4">
         <name>_free</name>
         <value>0x3e9394</value>
         <object_component_ref idref="oc-1ce"/>
      </symbol>
      <symbol id="sm-6f5">
         <name>_calloc</name>
         <value>0x3e9543</value>
         <object_component_ref idref="oc-1ce"/>
      </symbol>
      <symbol id="sm-6f6">
         <name>_malloc</name>
         <value>0x3e93fd</value>
         <object_component_ref idref="oc-1ce"/>
      </symbol>
      <symbol id="sm-6f7">
         <name>_minit</name>
         <value>0x3e93d9</value>
         <object_component_ref idref="oc-1ce"/>
      </symbol>
      <symbol id="sm-701">
         <name>_memset</name>
         <value>0x3eab3a</value>
         <object_component_ref idref="oc-1d5"/>
      </symbol>
      <symbol id="sm-70b">
         <name>_remove</name>
         <value>0x3eab46</value>
         <object_component_ref idref="oc-1d9"/>
      </symbol>
      <symbol id="sm-715">
         <name>_strcpy</name>
         <value>0x3eab29</value>
         <object_component_ref idref="oc-1dd"/>
      </symbol>
      <symbol id="sm-71f">
         <name>_strlen</name>
         <value>0x3eab04</value>
         <object_component_ref idref="oc-1e1"/>
      </symbol>
      <symbol id="sm-729">
         <name>__rd_ok</name>
         <value>0x3ea40b</value>
         <object_component_ref idref="oc-1e5"/>
      </symbol>
      <symbol id="sm-72a">
         <name>__wrt_ok</name>
         <value>0x3ea3d1</value>
         <object_component_ref idref="oc-1e5"/>
      </symbol>
      <symbol id="sm-732">
         <name>FD$$ADD</name>
         <value>0x3e9eb4</value>
         <object_component_ref idref="oc-1e9"/>
      </symbol>
      <symbol id="sm-73c">
         <name>_fseek</name>
         <value>0x3ea702</value>
         <object_component_ref idref="oc-1ed"/>
      </symbol>
   </symbol_table>
</link_info>
