******************************************************************************
             TMS320C2000 Linker PC v6.1.0                      
******************************************************************************
>> Linked Sat Apr 04 02:26:54 2015

OUTPUT FILE NAME:   <U2_CAN.out>
ENTRY POINT SYMBOL: "_c_int00"  address: 003ea72a


MEMORY CONFIGURATION

         name            origin    length      used     unused   attr    fill
----------------------  --------  ---------  --------  --------  ----  --------
PAGE 0:
  RAML0                 00008000   00000800  0000001f  000007e1  RWIX
  RAML1                 00008800   00000400  00000000  00000400  RWIX
  OTP                   003d7800   00000400  00000000  00000400  RWIX
  FLASHCDEFGH           003e8000   0000c000  00003409  00008bf7  RWIX
  FLASHB2               003f5000   00001000  0000001f  00000fe1  RWIX
  FLASHA                003f6000   00001f80  00000000  00001f80  RWIX
  CSM_RSVD              003f7f80   00000076  00000000  00000076  RWIX
  BEGIN                 003f7ff6   00000002  00000002  00000000  RWIX
  CSM_PWL_P0            003f7ff8   00000008  00000000  00000008  RWIX
  IQTABLES              003fe000   00000b50  00000000  00000b50  RWIX
  IQTABLES2             003feb50   0000008c  00000000  0000008c  RWIX
  IQTABLES3             003febdc   000000aa  00000000  000000aa  RWIX
  ROM                   003ff27c   00000d44  00000000  00000d44  RWIX
  RESET                 003fffc0   00000002  00000000  00000002  RWIX
  VECTORS               003fffc2   0000003e  00000000  0000003e  RWIX

PAGE 1:
  BOOT_RSVD             00000000   00000050  00000000  00000050  RWIX
  RAMM0                 00000050   000003b0  00000300  000000b0  RWIX
  RAMM1                 00000400   00000400  00000400  00000000  RWIX
  DEV_EMU               00000880   00000105  00000004  00000101  RWIX
  SYS_PWR_CTL           00000985   00000003  00000003  00000000  RWIX
  FLASH_REGS            00000a80   00000060  00000008  00000058  RWIX
  CSM                   00000ae0   00000010  00000010  00000000  RWIX
  ADC_RESULT            00000b00   00000020  00000020  00000000  RWIX
  CPU_TIMER0            00000c00   00000008  00000008  00000000  RWIX
  CPU_TIMER1            00000c08   00000008  00000008  00000000  RWIX
  CPU_TIMER2            00000c10   00000008  00000008  00000000  RWIX
  PIE_CTRL              00000ce0   00000020  0000001a  00000006  RWIX
  PIE_VECT              00000d00   00000100  00000100  00000000  RWIX
  CLA1                  00001400   00000080  00000040  00000040  RWIX
  ECANA                 00006000   00000040  00000034  0000000c  RWIX
  ECANA_LAM             00006040   00000040  00000040  00000000  RWIX
  ECANA_MOTS            00006080   00000040  00000040  00000000  RWIX
  ECANA_MOTO            000060c0   00000040  00000040  00000000  RWIX
  ECANA_MBOX            00006100   00000100  00000100  00000000  RWIX
  COMP1                 00006400   00000020  00000014  0000000c  RWIX
  COMP2                 00006420   00000020  00000014  0000000c  RWIX
  COMP3                 00006440   00000020  00000014  0000000c  RWIX
  EPWM1                 00006800   00000040  00000040  00000000  RWIX
  EPWM2                 00006840   00000040  00000040  00000000  RWIX
  EPWM3                 00006880   00000040  00000040  00000000  RWIX
  EPWM4                 000068c0   00000040  00000040  00000000  RWIX
  EPWM5                 00006900   00000040  00000040  00000000  RWIX
  EPWM6                 00006940   00000040  00000040  00000000  RWIX
  EPWM7                 00006980   00000040  00000040  00000000  RWIX
  ECAP1                 00006a00   00000020  00000020  00000000  RWIX
  HRCAP1                00006ac0   00000020  00000020  00000000  RWIX
  HRCAP2                00006ae0   00000020  00000020  00000000  RWIX
  EQEP1                 00006b00   00000040  00000040  00000000  RWIX
  LINA                  00006c00   00000080  0000004a  00000036  RWIX
  GPIOCTRL              00006f80   00000040  00000040  00000000  RWIX
  GPIODAT               00006fc0   00000020  00000020  00000000  RWIX
  GPIOINT               00006fe0   00000020  0000000c  00000014  RWIX
  SYSTEM                00007010   00000020  00000020  00000000  RWIX
  SPIA                  00007040   00000010  00000010  00000000  RWIX
  SCIA                  00007050   00000010  00000010  00000000  RWIX
  NMIINTRUPT            00007060   00000010  00000010  00000000  RWIX
  XINTRUPT              00007070   00000010  00000010  00000000  RWIX
  ADC                   00007100   00000080  00000050  00000030  RWIX
  SPIB                  00007740   00000010  00000010  00000000  RWIX
  I2CA                  00007900   00000040  00000022  0000001e  RWIX
  RAML2                 00008c00   00000400  000003da  00000026  RWIX
  RAML3                 00009000   00001000  00000120  00000ee0  RWIX
  PARTID                003d7e80   00000001  00000001  00000000  RWIX
  FLASHB1               003f4000   00001000  00000000  00001000  RWIX
  CSM_PWL               003f7ff8   00000008  00000008  00000000  RWIX


SECTION ALLOCATION MAP

 output                                  attributes/
section   page    origin      length       input sections
--------  ----  ----------  ----------   ----------------
.pinit     0    003e8000    00000000     UNINITIALIZED

.text      0    003e8000    00002be6     
                  003e8000    00000870     rts2800_ml.lib : _printfi.obj (.text)
                  003e8870    00000335     segscan.obj (.text)
                  003e8ba5    000002a1     CANcomm.obj (.text)
                  003e8e46    00000237     rts2800_ml.lib : lowlev.obj (.text)
                  003e907d    000001f0                    : trgdrv.obj (.text)
                  003e926d    000001ca     TM1650_IIC.obj (.text)
                  003e9437    000001c8     rts2800_ml.lib : memory.obj (.text)
                  003e95ff    0000017c     DSP2803x_DefaultIsr.obj (.text:retain)
                  003e977b    00000137     DSP2803x_SysCtrl.obj (.text)
                  003e98b2    00000136     printf_uart.obj (.text)
                  003e99e8    00000107     rts2800_ml.lib : ll_div.obj (.text)
                  003e9aef    00000100                    : fopen.obj (.text)
                  003e9bef    000000f3     main.obj (.text)
                  003e9ce2    000000c4     DSP2803x_EPwm.obj (.text)
                  003e9da6    000000c1     CANcomm.obj (.text:retain)
                  003e9e67    000000a5     rts2800_ml.lib : fputs.obj (.text)
                  003e9f0c    0000009e                    : exp.obj (.text)
                  003e9faa    0000009c                    : fd_add.obj (.text)
                  003ea046    0000008d                    : _log.obj (.text)
                  003ea0d3    0000008b                    : fd_div.obj (.text)
                  003ea15e    00000083                    : fd_mpy.obj (.text)
                  003ea1e1    00000083                    : fs_div.obj (.text)
                  003ea264    00000083                    : pow.obj (.text)
                  003ea2e7    00000082                    : ankmsg.obj (.text)
                  003ea369    00000078                    : fs_add.obj (.text)
                  003ea3e1    00000076     DSP2803x_CpuTimers.obj (.text)
                  003ea457    00000070     rts2800_ml.lib : setvbuf.obj (.text)
                  003ea4c7    00000065                    : _io_perm.obj (.text)
                  003ea52c    00000060                    : fflush.obj (.text)
                  003ea58c    0000005a                    : fs_mpy.obj (.text)
                  003ea5e6    00000055     timer0_base.obj (.text:retain)
                  003ea63b    00000054     printf_uart.obj (.text:retain)
                  003ea68f    00000050     rts2800_ml.lib : fputc.obj (.text)
                  003ea6df    0000004b                    : fclose.obj (.text)
                  003ea72a    00000044                    : boot.obj (.text)
                  003ea76e    00000041                    : ldexp.obj (.text)
                  003ea7af    0000003d                    : fseek.obj (.text)
                  003ea7ec    00000032                    : printf.obj (.text)
                  003ea81e    00000031                    : atoi.obj (.text)
                  003ea84f    0000002c                    : ltoa.obj (.text)
                  003ea87b    0000002a                    : fd_cmp.obj (.text)
                  003ea8a5    0000002a                    : l_div.obj (.text)
                  003ea8cf    00000029                    : fs_tol.obj (.text)
                  003ea8f8    00000028     DSP2803x_PieCtrl.obj (.text)
                  003ea920    00000025     DSP2803x_PieVect.obj (.text)
                  003ea945    00000025     rts2800_ml.lib : fs_toi.obj (.text)
                  003ea96a    00000022                    : i_div.obj (.text)
                  003ea98c    00000022     timer0_base.obj (.text)
                  003ea9ae    00000021     rts2800_ml.lib : fd_toi.obj (.text)
                  003ea9cf    00000021                    : memcpy_ff.obj (.text)
                  003ea9f0    0000001f                    : fd_tol.obj (.text)
                  003eaa0f    0000001e                    : ll_cmp.obj (.text)
                  003eaa2d    0000001e                    : strncpy.obj (.text)
                  003eaa4b    0000001c                    : fs_tofd.obj (.text)
                  003eaa67    0000001c                    : l_tofd.obj (.text)
                  003eaa83    0000001a     DSP2803x_Sci.obj (.text)
                  003eaa9d    0000001a     rts2800_ml.lib : i_tofs.obj (.text)
                  003eaab7    00000019     DSP2803x_I2C.obj (.text)
                  003eaad0    00000019     rts2800_ml.lib : args_main.obj (.text)
                  003eaae9    00000019                    : exit.obj (.text)
                  003eab02    00000017                    : fs_cmp.obj (.text)
                  003eab19    00000014                    : frexp.obj (.text)
                  003eab2d    00000014                    : ll_mpy.obj (.text)
                  003eab41    00000013     DSP2803x_Gpio.obj (.text)
                  003eab54    00000012     rts2800_ml.lib : memccpy.obj (.text)
                  003eab66    0000000e                    : fd_sub.obj (.text)
                  003eab74    0000000d                    : memchr.obj (.text)
                  003eab81    0000000b                    : strchr.obj (.text)
                  003eab8c    0000000b                    : u_div.obj (.text)
                  003eab97    0000000a                    : strcmp.obj (.text)
                  003eaba1    0000000a                    : strlen.obj (.text)
                  003eabab    00000009     TM1650_IIC.obj (.text:retain)
                  003eabb4    00000009     rts2800_ml.lib : _lock.obj (.text)
                  003eabbd    00000009                    : fd_neg.obj (.text)
                  003eabc6    00000009                    : strcpy.obj (.text)
                  003eabcf    00000008     DSP2803x_CodeStartBranch.obj (.text)
                  003eabd7    00000007     rts2800_ml.lib : memset.obj (.text)
                  003eabde    00000005                    : fs_neg.obj (.text)
                  003eabe3    00000003                    : remove.obj (.text)

.econst    0    003eabe6    000006ce     
                  003eabe6    0000024d     main.obj (.econst:.string)
                  003eae33    00000101     rts2800_ml.lib : ctype.obj (.econst:__ctypes_)
                  003eaf34    00000100     DSP2803x_PieVect.obj (.econst)
                  003eb034    000000f4     printf_uart.obj (.econst:.string)
                  003eb128    000000db     CANcomm.obj (.econst:.string)
                  003eb203    00000001     --HOLE-- [fill = 0]
                  003eb204    0000004d     segscan.obj (.econst:.string)
                  003eb251    00000001     --HOLE-- [fill = 0]
                  003eb252    00000024     TM1650_IIC.obj (.econst:.string)
                  003eb276    00000024     rts2800_ml.lib : _printfi.obj (.econst:.string)
                  003eb29a    00000018                    : _printfi.obj (.econst)
                  003eb2b2    00000002                    : fputs.obj (.econst:.string)

.cinit     0    003eb2b4    00000155     
                  003eb2b4    0000005c     segscan.obj (.cinit)
                  003eb310    00000048     TM1650_IIC.obj (.cinit)
                  003eb358    0000002d     rts2800_ml.lib : lowlev.obj (.cinit)
                  003eb385    0000002a                    : defs.obj (.cinit)
                  003eb3af    00000022     CANcomm.obj (.cinit)
                  003eb3d1    0000000b     printf_uart.obj (.cinit)
                  003eb3dc    0000000a     rts2800_ml.lib : _lock.obj (.cinit)
                  003eb3e6    0000000a                    : exit.obj (.cinit)
                  003eb3f0    00000007     timer0_base.obj (.cinit)
                  003eb3f7    00000004     main.obj (.cinit)
                  003eb3fb    00000004     rts2800_ml.lib : errno.obj (.cinit)
                  003eb3ff    00000004                    : fopen.obj (.cinit)
                  003eb403    00000004                    : memory.obj (.cinit)
                  003eb407    00000002     --HOLE-- [fill = 0]

ramfuncs   0    003f5000    0000001f     RUN ADDR = 00008000
                  003f5000    0000001b     DSP2803x_SysCtrl.obj (ramfuncs)
                  003f501b    00000004     DSP2803x_usDelay.obj (ramfuncs)

codestart 
*          0    003f7ff6    00000002     
                  003f7ff6    00000002     DSP2803x_CodeStartBranch.obj (codestart)

.reset     0    003fffc0    00000002     DSECT
                  003fffc0    00000002     rts2800_ml.lib : boot.obj (.reset)

vectors    0    003fffc2    00000000     DSECT

.stack     1    00000050    00000300     UNINITIALIZED
                  00000050    00000300     --HOLE--

.sysmem    1    00000400    00000400     UNINITIALIZED
                  00000400    00000001     rts2800_ml.lib : memory.obj (.sysmem)
                  00000401    000003ff     --HOLE--

DevEmuRegsFile 
*          1    00000880    00000004     UNINITIALIZED
                  00000880    00000004     DSP2803x_GlobalVariableDefs.obj (DevEmuRegsFile)

SysPwrCtrlRegsFile 
*          1    00000985    00000003     UNINITIALIZED
                  00000985    00000003     DSP2803x_GlobalVariableDefs.obj (SysPwrCtrlRegsFile)

FlashRegsFile 
*          1    00000a80    00000008     UNINITIALIZED
                  00000a80    00000008     DSP2803x_GlobalVariableDefs.obj (FlashRegsFile)

CsmRegsFile 
*          1    00000ae0    00000010     UNINITIALIZED
                  00000ae0    00000010     DSP2803x_GlobalVariableDefs.obj (CsmRegsFile)

AdcResultFile 
*          1    00000b00    00000020     UNINITIALIZED
                  00000b00    00000020     DSP2803x_GlobalVariableDefs.obj (AdcResultFile)

CpuTimer0RegsFile 
*          1    00000c00    00000008     UNINITIALIZED
                  00000c00    00000008     DSP2803x_GlobalVariableDefs.obj (CpuTimer0RegsFile)

CpuTimer1RegsFile 
*          1    00000c08    00000008     UNINITIALIZED
                  00000c08    00000008     DSP2803x_GlobalVariableDefs.obj (CpuTimer1RegsFile)

CpuTimer2RegsFile 
*          1    00000c10    00000008     UNINITIALIZED
                  00000c10    00000008     DSP2803x_GlobalVariableDefs.obj (CpuTimer2RegsFile)

PieCtrlRegsFile 
*          1    00000ce0    0000001a     UNINITIALIZED
                  00000ce0    0000001a     DSP2803x_GlobalVariableDefs.obj (PieCtrlRegsFile)

PieVectTableFile 
*          1    00000d00    00000100     UNINITIALIZED
                  00000d00    00000100     DSP2803x_GlobalVariableDefs.obj (PieVectTableFile)

EmuKeyVar 
*          1    00000d00    00000001     UNINITIALIZED
                  00000d00    00000001     DSP2803x_GlobalVariableDefs.obj (EmuKeyVar)

EmuBModeVar 
*          1    00000d01    00000001     UNINITIALIZED
                  00000d01    00000001     DSP2803x_GlobalVariableDefs.obj (EmuBModeVar)

FlashCallbackVar 
*          1    00000d02    00000002     UNINITIALIZED
                  00000d02    00000002     DSP2803x_GlobalVariableDefs.obj (FlashCallbackVar)

FlashScalingVar 
*          1    00000d04    00000002     UNINITIALIZED
                  00000d04    00000002     DSP2803x_GlobalVariableDefs.obj (FlashScalingVar)

Cla1RegsFile 
*          1    00001400    00000040     UNINITIALIZED
                  00001400    00000040     DSP2803x_GlobalVariableDefs.obj (Cla1RegsFile)

ECanaRegsFile 
*          1    00006000    00000034     UNINITIALIZED
                  00006000    00000034     DSP2803x_GlobalVariableDefs.obj (ECanaRegsFile)

ECanaLAMRegsFile 
*          1    00006040    00000040     UNINITIALIZED
                  00006040    00000040     DSP2803x_GlobalVariableDefs.obj (ECanaLAMRegsFile)

ECanaMOTSRegsFile 
*          1    00006080    00000040     UNINITIALIZED
                  00006080    00000040     DSP2803x_GlobalVariableDefs.obj (ECanaMOTSRegsFile)

ECanaMOTORegsFile 
*          1    000060c0    00000040     UNINITIALIZED
                  000060c0    00000040     DSP2803x_GlobalVariableDefs.obj (ECanaMOTORegsFile)

ECanaMboxesFile 
*          1    00006100    00000100     UNINITIALIZED
                  00006100    00000100     DSP2803x_GlobalVariableDefs.obj (ECanaMboxesFile)

Comp1RegsFile 
*          1    00006400    00000014     UNINITIALIZED
                  00006400    00000014     DSP2803x_GlobalVariableDefs.obj (Comp1RegsFile)

Comp2RegsFile 
*          1    00006420    00000014     UNINITIALIZED
                  00006420    00000014     DSP2803x_GlobalVariableDefs.obj (Comp2RegsFile)

Comp3RegsFile 
*          1    00006440    00000014     UNINITIALIZED
                  00006440    00000014     DSP2803x_GlobalVariableDefs.obj (Comp3RegsFile)

EPwm1RegsFile 
*          1    00006800    00000040     UNINITIALIZED
                  00006800    00000040     DSP2803x_GlobalVariableDefs.obj (EPwm1RegsFile)

EPwm2RegsFile 
*          1    00006840    00000040     UNINITIALIZED
                  00006840    00000040     DSP2803x_GlobalVariableDefs.obj (EPwm2RegsFile)

EPwm3RegsFile 
*          1    00006880    00000040     UNINITIALIZED
                  00006880    00000040     DSP2803x_GlobalVariableDefs.obj (EPwm3RegsFile)

EPwm4RegsFile 
*          1    000068c0    00000040     UNINITIALIZED
                  000068c0    00000040     DSP2803x_GlobalVariableDefs.obj (EPwm4RegsFile)

EPwm5RegsFile 
*          1    00006900    00000040     UNINITIALIZED
                  00006900    00000040     DSP2803x_GlobalVariableDefs.obj (EPwm5RegsFile)

EPwm6RegsFile 
*          1    00006940    00000040     UNINITIALIZED
                  00006940    00000040     DSP2803x_GlobalVariableDefs.obj (EPwm6RegsFile)

EPwm7RegsFile 
*          1    00006980    00000040     UNINITIALIZED
                  00006980    00000040     DSP2803x_GlobalVariableDefs.obj (EPwm7RegsFile)

ECap1RegsFile 
*          1    00006a00    00000020     UNINITIALIZED
                  00006a00    00000020     DSP2803x_GlobalVariableDefs.obj (ECap1RegsFile)

HRCap1RegsFile 
*          1    00006ac0    00000020     UNINITIALIZED
                  00006ac0    00000020     DSP2803x_GlobalVariableDefs.obj (HRCap1RegsFile)

HRCap2RegsFile 
*          1    00006ae0    00000020     UNINITIALIZED
                  00006ae0    00000020     DSP2803x_GlobalVariableDefs.obj (HRCap2RegsFile)

EQep1RegsFile 
*          1    00006b00    00000040     UNINITIALIZED
                  00006b00    00000040     DSP2803x_GlobalVariableDefs.obj (EQep1RegsFile)

LinaRegsFile 
*          1    00006c00    0000004a     UNINITIALIZED
                  00006c00    0000004a     DSP2803x_GlobalVariableDefs.obj (LinaRegsFile)

GpioCtrlRegsFile 
*          1    00006f80    00000040     UNINITIALIZED
                  00006f80    00000040     DSP2803x_GlobalVariableDefs.obj (GpioCtrlRegsFile)

GpioDataRegsFile 
*          1    00006fc0    00000020     UNINITIALIZED
                  00006fc0    00000020     DSP2803x_GlobalVariableDefs.obj (GpioDataRegsFile)

GpioIntRegsFile 
*          1    00006fe0    0000000c     UNINITIALIZED
                  00006fe0    0000000c     DSP2803x_GlobalVariableDefs.obj (GpioIntRegsFile)

SysCtrlRegsFile 
*          1    00007010    00000020     UNINITIALIZED
                  00007010    00000020     DSP2803x_GlobalVariableDefs.obj (SysCtrlRegsFile)

SpiaRegsFile 
*          1    00007040    00000010     UNINITIALIZED
                  00007040    00000010     DSP2803x_GlobalVariableDefs.obj (SpiaRegsFile)

SciaRegsFile 
*          1    00007050    00000010     UNINITIALIZED
                  00007050    00000010     DSP2803x_GlobalVariableDefs.obj (SciaRegsFile)

NmiIntruptRegsFile 
*          1    00007060    00000010     UNINITIALIZED
                  00007060    00000010     DSP2803x_GlobalVariableDefs.obj (NmiIntruptRegsFile)

XIntruptRegsFile 
*          1    00007070    00000010     UNINITIALIZED
                  00007070    00000010     DSP2803x_GlobalVariableDefs.obj (XIntruptRegsFile)

AdcRegsFile 
*          1    00007100    00000050     UNINITIALIZED
                  00007100    00000050     DSP2803x_GlobalVariableDefs.obj (AdcRegsFile)

SpibRegsFile 
*          1    00007740    00000010     UNINITIALIZED
                  00007740    00000010     DSP2803x_GlobalVariableDefs.obj (SpibRegsFile)

I2caRegsFile 
*          1    00007900    00000022     UNINITIALIZED
                  00007900    00000022     DSP2803x_GlobalVariableDefs.obj (I2caRegsFile)

.ebss      1    00008c00    000003da     UNINITIALIZED
                  00008c00    00000160     rts2800_ml.lib : defs.obj (.ebss)
                  00008d60    00000018     DSP2803x_CpuTimers.obj (.ebss)
                  00008d78    00000008     rts2800_ml.lib : memory.obj (.ebss)
                  00008d80    00000093     CANcomm.obj (.ebss)
                  00008e13    00000018     printf_uart.obj (.ebss)
                  00008e2b    00000008     rts2800_ml.lib : trgdrv.obj (.ebss)
                  00008e33    00000001                    : errno.obj (.ebss)
                  00008e34    00000004                    : _lock.obj (.ebss)
                  00008e38    00000004                    : exit.obj (.ebss)
                  00008e3c    00000004     timer0_base.obj (.ebss)
                  00008e40    00000088     rts2800_ml.lib : lowlev.obj (.ebss)
                  00008ec8    00000002     main.obj (.ebss)
                  00008eca    00000001     rts2800_ml.lib : fopen.obj (.ebss)
                  00008ecb    00000035     --HOLE--
                  00008f00    00000070     TM1650_IIC.obj (.ebss)
                  00008f70    00000010     --HOLE--
                  00008f80    0000005a     segscan.obj (.ebss)

.cio       1    00009000    00000120     UNINITIALIZED
                  00009000    00000120     rts2800_ml.lib : ankmsg.obj (.cio)

PartIdRegsFile 
*          1    003d7e80    00000001     UNINITIALIZED
                  003d7e80    00000001     DSP2803x_GlobalVariableDefs.obj (PartIdRegsFile)

CsmPwlFile 
*          1    003f7ff8    00000008     UNINITIALIZED
                  003f7ff8    00000008     DSP2803x_GlobalVariableDefs.obj (CsmPwlFile)


GLOBAL SYMBOLS: SORTED ALPHABETICALLY BY Name 

address    name
--------   ----
003e8000   .text
003eaae9   C$$EXIT
003ea332   C$$IO$$
003e9faa   FD$$ADD
003ea87b   FD$$CMP
003ea0d3   FD$$DIV
003ea15e   FD$$MPY
003eabbd   FD$$NEG
003eab66   FD$$SUB
003ea9ae   FD$$TOI
003ea9f0   FD$$TOL
003ea36e   FS$$ADD
003eab02   FS$$CMP
003ea1e1   FS$$DIV
003ea58c   FS$$MPY
003eabde   FS$$NEG
003ea369   FS$$SUB
003eaa4b   FS$$TOFD
003ea945   FS$$TOI
003ea8cf   FS$$TOL
003ea96a   I$$DIV
003ea97b   I$$MOD
003eaa9d   I$$TOFS
003ea8a5   L$$DIV
003ea8b4   L$$MOD
003eaa67   L$$TOFD
003eaa0f   LL$$CMP
003e99e8   LL$$DIV
003e9a24   LL$$MOD
003eab2d   LL$$MPY
003eab8c   U$$DIV
003eab91   U$$MOD
003ea8c2   UL$$DIV
003ea8c9   UL$$MOD
003eaa21   ULL$$CMP
003e9a5e   ULL$$DIV
003e9a8d   ULL$$MOD
003e965e   _ADCINT1_ISR
003e9663   _ADCINT2_ISR
003e9717   _ADCINT3_ISR
003e971c   _ADCINT4_ISR
003e9721   _ADCINT5_ISR
003e9726   _ADCINT6_ISR
003e972b   _ADCINT7_ISR
003e9730   _ADCINT8_ISR
003e9672   _ADCINT9_ISR
00008f58   _AT24C02Msg
00007100   _AdcRegs
00000b00   _AdcResult
003e8bbb   _CANInit
00008dc0   _CANRxMsg
00008d86   _CANTxMsg
003e8cd6   _CAN_Init_Interrupt
003e8d20   _CAN_Send
003e9735   _CLA1_INT1_ISR
003e973a   _CLA1_INT2_ISR
003e973f   _CLA1_INT3_ISR
003e9744   _CLA1_INT4_ISR
003e9749   _CLA1_INT5_ISR
003e974e   _CLA1_INT6_ISR
003e9753   _CLA1_INT7_ISR
003e9758   _CLA1_INT8_ISR
00001400   _Cla1Regs
00006400   _Comp1Regs
00006420   _Comp2Regs
00006440   _Comp3Regs
003ea422   _ConfigCpuTimer
00008d70   _CpuTimer0
00000c00   _CpuTimer0Regs
00008d60   _CpuTimer1
00000c08   _CpuTimer1Regs
00008d68   _CpuTimer2
00000c10   _CpuTimer2Regs
003f7ff8   _CsmPwl
00000ae0   _CsmRegs
003e9833   _CsmUnlock
003e9609   _DATALOG_ISR
0000801b   _DSP28x_usDelay
00000880   _DevEmuRegs
003e979f   _DisableDog
003e970d   _ECAN0INTA_ISR
003e9712   _ECAN1INTA_ISR
003e96c7   _ECAP1_INT_ISR
00006040   _ECanaLAMRegs
000060c0   _ECanaMOTORegs
00006080   _ECanaMOTSRegs
00006100   _ECanaMboxes
00006000   _ECanaRegs
00006a00   _ECap1Regs
003e976c   _EMPTY_ISR
003e9613   _EMUINT_ISR
003e96a4   _EPWM1_INT_ISR
003e9681   _EPWM1_TZINT_ISR
003e96a9   _EPWM2_INT_ISR
003e9686   _EPWM2_TZINT_ISR
003e96ae   _EPWM3_INT_ISR
003e968b   _EPWM3_TZINT_ISR
003e96b3   _EPWM4_INT_ISR
003e9690   _EPWM4_TZINT_ISR
003e96b8   _EPWM5_INT_ISR
003e9695   _EPWM5_TZINT_ISR
003e96bd   _EPWM6_INT_ISR
003e969a   _EPWM6_TZINT_ISR
003e96c2   _EPWM7_INT_ISR
003e969f   _EPWM7_TZINT_ISR
00006800   _EPwm1Regs
00006840   _EPwm2Regs
00006880   _EPwm3Regs
000068c0   _EPwm4Regs
00006900   _EPwm5Regs
00006940   _EPwm6Regs
00006980   _EPwm7Regs
003e96d6   _EQEP1_INT_ISR
00006b00   _EQep1Regs
00000d01   _EmuBMode
00000d00   _EmuKey
003ea917   _EnableInterrupts
00008ec8   _Error
003e989c   _ExtOscSel
00000a80   _FlashRegs
00000d04   _Flash_CPUScaleFactor
00000d02   _Flash_CallbackPtr
00006f80   _GpioCtrlRegs
00006fc0   _GpioDataRegs
00006fe0   _GpioIntRegs
003e9243   _HOSTclock
003e921c   _HOSTclose
003e91f4   _HOSTgetenv
003e91ad   _HOSTlseek
003e9176   _HOSTopen
003e9140   _HOSTread
003e9102   _HOSTrename
003e90d8   _HOSTtime
003e90b3   _HOSTunlink
003e907d   _HOSTwrite
003e96cc   _HRCAP1_INT_ISR
003e96d1   _HRCAP2_INT_ISR
00006ac0   _HRCap1Regs
00006ae0   _HRCap2Regs
003e9283   _I2CA_Init
003e92fd   _I2CA_Rxdata_STOP
003e92cd   _I2CA_Tx_STOP
003e96ef   _I2CINT1A_ISR
003e96f4   _I2CINT2A_ISR
00007900   _I2caRegs
00008f26   _ICF8591Msg
00008f06   _IIC_ISR_String
003e961d   _ILLEGAL_ISR
003e95ff   _INT13_ISR
003e9604   _INT14_ISR
003ea3e1   _InitCpuTimers
003e8bc4   _InitECana_1
003e9ce2   _InitEPwm
003e9cf2   _InitEPwm1Gpio
003e9d04   _InitEPwm2Gpio
003e9d16   _InitEPwm3Gpio
003e9d2a   _InitEPwm4Gpio
003e9d3e   _InitEPwm5Gpio
003e9d50   _InitEPwm6Gpio
003e9d62   _InitEPwm7Gpio
003e9ce3   _InitEPwmGpio
003e9d74   _InitEPwmSyncGpio
00008000   _InitFlash
003eab41   _InitGpio
003eaab7   _InitI2C
003eaab8   _InitI2CGpio
003e926d   _InitI2C_Gpio
003e9cc4   _InitLED
003e97f7   _InitPeripheralClocks
003ea8f8   _InitPieCtrl
003ea920   _InitPieVectTable
003e97a7   _InitPll
003eaa83   _InitSci
003eaa84   _InitSciGpio
003eaa87   _InitSciaGpio
003e977b   _InitSysCtrl
003e9d85   _InitTzGpio
003e8ba5   _Init_CANA_Gpio
003e9864   _IntOsc1Sel
003e9874   _IntOsc2Sel
003e9703   _LIN0INTA_ISR
003e9708   _LIN1INTA_ISR
003e9767   _LUF_ISR
003e9762   _LVF_ISR
00008f01   _LigntVal
00006c00   _LinaRegs
003e9618   _NMI_ISR
00007060   _NmiIntruptRegs
003e9771   _PIE_RESERVED
003d7e80   _PartIdRegs
00000ce0   _PieCtrlRegs
00000d00   _PieVectTable
003eaf34   _PieVectTableInit
00008d84   _PtrCanRx
00008d80   _PtrCanTx
00008f02   _PtrMsg
00008f9e   _RGB_Code
003e960e   _RTOSINT_ISR
0000001f   _RamfuncsLoadSize
003f5000   _RamfuncsLoadStart
00008000   _RamfuncsRunStart
00008fc0   _Running
003e96f9   _SCIRXINTA_ISR
003e96fe   _SCITXINTA_ISR
003e9922   _SCI_Init
00008e13   _SCI_Msg
00008f16   _SEG7Table
003e96db   _SPIRXINTA_ISR
003e96e5   _SPIRXINTB_ISR
003e96e0   _SPITXINTA_ISR
003e96ea   _SPITXINTB_ISR
00007050   _SciaRegs
003e8a2f   _SegScanTask
003e9795   _ServiceDog
003e8870   _ShumaSlt
00007040   _SpiaRegs
00007740   _SpibRegs
00007010   _SysCtrlRegs
00000985   _SysPwrCtrlRegs
003e9677   _TINT0_ISR
00008f40   _TM1650
00008f8c   _TM1650SegVal
003e93fc   _TM1650_Read
003e93ce   _TM1650_Send
003ea98c   _Timer0_init
00008ec9   _Tmp
003e964f   _USER10_ISR
003e9654   _USER11_ISR
003e9659   _USER12_ISR
003e9622   _USER1_ISR
003e9627   _USER2_ISR
003e962c   _USER3_ISR
003e9631   _USER4_ISR
003e9636   _USER5_ISR
003e963b   _USER6_ISR
003e9640   _USER7_ISR
003e9645   _USER8_ISR
003e964a   _USER9_ISR
003e967c   _WAKEINT_ISR
003e9668   _XINT1_ISR
003e966d   _XINT2_ISR
003e975d   _XINT3_ISR
00007070   _XIntruptRegs
003e9888   _XtalOscSel
00009000   __CIOBUF_
00000350   __STACK_END
00000300   __STACK_SIZE
00000400   __SYSMEM_SIZE
00000001   __TI_args_main
ffffffff   ___binit__
ffffffff   ___c_args__
003eb2b4   ___cinit__
003eabe6   ___etext__
003ea9cf   ___memcpy_ff
ffffffff   ___pinit__
003e8000   ___text__
003eaad0   __args_main
003e9b67   __cleanup
00008e38   __cleanup_ptr
003ea6df   __closefile
003eae33   __ctypes_
003ea52c   __doflush
00008e3a   __dtors_ptr
00008c00   __ft_end
00008c40   __ftable
00008e36   __lock
003ea046   __log
003eabbc   __nop
003e877e   __printfi
003ea501   __rd_ok
003eabb8   __register_lock
003eabb4   __register_unlock
00000050   __stack
00000400   __sys_memory
00008cc0   __tmpnams
00008e34   __unlock
003ea4c7   __wrt_ok
003eaae9   _abort
003e901f   _add_device
003ea81e   _atoi
003ea72a   _c_int00
003e95e6   _calloc
003e9da6   _canA_isr0
003e9dde   _canA_isr1
003e8c3f   _canMailboxInit
003e95e4   _chkheap
003e8fed   _close
003ea5e6   _cpu_timer0_isr
00008e33   _errno
003eaaeb   _exit
003e9f0c   _exp
003ea719   _fclose
003ea55b   _fflush
003e9bd5   _fopen
003ea68f   _fputc
003e9e67   _fputs
003e9437   _free
003e95c8   _free_memory
003e9b85   _freopen
003eab19   _frexp
003ea7af   _fseek
00008f96   _ftest
00008f86   _ftestData
003e8d8d   _handleCANRxFIFO
003e98b2   _handleRxFIFO
003e8b19   _handleScanKey
003eabab   _i2c_int1a_isr
00008f90   _keyStr
00008f00   _keyVal
00008f84   _keyValCode
00008d82   _lastSendMBox
003ea76e   _ldexp
003e8fbf   _lseek
003ea84f   _ltoa
003e9bef   _main
003e94a0   _malloc
003e95a8   _max_free
003eab54   _memccpy
003eab74   _memchr
003eabd7   _memset
003e947c   _minit
003e99a6   _my_close
003e99ce   _my_lseek
003e999d   _my_open
003e99ab   _my_read
003e99de   _my_rename
003e99d7   _my_unlink
003e99b4   _my_write
003e8f69   _open
003e996d   _open_uart_debug
00008f80   _poitPosition
003ea264   _pow
003ea7f2   _printf
003ea68f   _putc
003ea6da   _putchar
003e9efa   _puts
003e8f1b   _read
003ea336   _readmsg
003e94f6   _realloc
003eabe3   _remove
003e8f01   _remove_device
003e8ed8   _rename
003e9776   _rsvd_ISR
003e9953   _scia_xmit
003e8886   _segGetShow
003ea457   _setvbuf
003e930e   _softResetIIC_BUS
003eab81   _strchr
003eab97   _strcmp
003eabc6   _strcpy
003eaba1   _strlen
003eaa2d   _strncpy
00008e3c   _timer0Base
003ea63b   _uartRx_isr
003e8ec0   _unlink
003e8e46   _write
003ea2e7   _writemsg
ffffffff   binit
003eb2b4   cinit
003f7ff6   code_start
003eabe6   etext
ffffffff   pinit


GLOBAL SYMBOLS: SORTED BY Symbol Address 

address    name
--------   ----
00000001   __TI_args_main
0000001f   _RamfuncsLoadSize
00000050   __stack
00000300   __STACK_SIZE
00000350   __STACK_END
00000400   __SYSMEM_SIZE
00000400   __sys_memory
00000880   _DevEmuRegs
00000985   _SysPwrCtrlRegs
00000a80   _FlashRegs
00000ae0   _CsmRegs
00000b00   _AdcResult
00000c00   _CpuTimer0Regs
00000c08   _CpuTimer1Regs
00000c10   _CpuTimer2Regs
00000ce0   _PieCtrlRegs
00000d00   _EmuKey
00000d00   _PieVectTable
00000d01   _EmuBMode
00000d02   _Flash_CallbackPtr
00000d04   _Flash_CPUScaleFactor
00001400   _Cla1Regs
00006000   _ECanaRegs
00006040   _ECanaLAMRegs
00006080   _ECanaMOTSRegs
000060c0   _ECanaMOTORegs
00006100   _ECanaMboxes
00006400   _Comp1Regs
00006420   _Comp2Regs
00006440   _Comp3Regs
00006800   _EPwm1Regs
00006840   _EPwm2Regs
00006880   _EPwm3Regs
000068c0   _EPwm4Regs
00006900   _EPwm5Regs
00006940   _EPwm6Regs
00006980   _EPwm7Regs
00006a00   _ECap1Regs
00006ac0   _HRCap1Regs
00006ae0   _HRCap2Regs
00006b00   _EQep1Regs
00006c00   _LinaRegs
00006f80   _GpioCtrlRegs
00006fc0   _GpioDataRegs
00006fe0   _GpioIntRegs
00007010   _SysCtrlRegs
00007040   _SpiaRegs
00007050   _SciaRegs
00007060   _NmiIntruptRegs
00007070   _XIntruptRegs
00007100   _AdcRegs
00007740   _SpibRegs
00007900   _I2caRegs
00008000   _InitFlash
00008000   _RamfuncsRunStart
0000801b   _DSP28x_usDelay
00008c00   __ft_end
00008c40   __ftable
00008cc0   __tmpnams
00008d60   _CpuTimer1
00008d68   _CpuTimer2
00008d70   _CpuTimer0
00008d80   _PtrCanTx
00008d82   _lastSendMBox
00008d84   _PtrCanRx
00008d86   _CANTxMsg
00008dc0   _CANRxMsg
00008e13   _SCI_Msg
00008e33   _errno
00008e34   __unlock
00008e36   __lock
00008e38   __cleanup_ptr
00008e3a   __dtors_ptr
00008e3c   _timer0Base
00008ec8   _Error
00008ec9   _Tmp
00008f00   _keyVal
00008f01   _LigntVal
00008f02   _PtrMsg
00008f06   _IIC_ISR_String
00008f16   _SEG7Table
00008f26   _ICF8591Msg
00008f40   _TM1650
00008f58   _AT24C02Msg
00008f80   _poitPosition
00008f84   _keyValCode
00008f86   _ftestData
00008f8c   _TM1650SegVal
00008f90   _keyStr
00008f96   _ftest
00008f9e   _RGB_Code
00008fc0   _Running
00009000   __CIOBUF_
003d7e80   _PartIdRegs
003e8000   .text
003e8000   ___text__
003e877e   __printfi
003e8870   _ShumaSlt
003e8886   _segGetShow
003e8a2f   _SegScanTask
003e8b19   _handleScanKey
003e8ba5   _Init_CANA_Gpio
003e8bbb   _CANInit
003e8bc4   _InitECana_1
003e8c3f   _canMailboxInit
003e8cd6   _CAN_Init_Interrupt
003e8d20   _CAN_Send
003e8d8d   _handleCANRxFIFO
003e8e46   _write
003e8ec0   _unlink
003e8ed8   _rename
003e8f01   _remove_device
003e8f1b   _read
003e8f69   _open
003e8fbf   _lseek
003e8fed   _close
003e901f   _add_device
003e907d   _HOSTwrite
003e90b3   _HOSTunlink
003e90d8   _HOSTtime
003e9102   _HOSTrename
003e9140   _HOSTread
003e9176   _HOSTopen
003e91ad   _HOSTlseek
003e91f4   _HOSTgetenv
003e921c   _HOSTclose
003e9243   _HOSTclock
003e926d   _InitI2C_Gpio
003e9283   _I2CA_Init
003e92cd   _I2CA_Tx_STOP
003e92fd   _I2CA_Rxdata_STOP
003e930e   _softResetIIC_BUS
003e93ce   _TM1650_Send
003e93fc   _TM1650_Read
003e9437   _free
003e947c   _minit
003e94a0   _malloc
003e94f6   _realloc
003e95a8   _max_free
003e95c8   _free_memory
003e95e4   _chkheap
003e95e6   _calloc
003e95ff   _INT13_ISR
003e9604   _INT14_ISR
003e9609   _DATALOG_ISR
003e960e   _RTOSINT_ISR
003e9613   _EMUINT_ISR
003e9618   _NMI_ISR
003e961d   _ILLEGAL_ISR
003e9622   _USER1_ISR
003e9627   _USER2_ISR
003e962c   _USER3_ISR
003e9631   _USER4_ISR
003e9636   _USER5_ISR
003e963b   _USER6_ISR
003e9640   _USER7_ISR
003e9645   _USER8_ISR
003e964a   _USER9_ISR
003e964f   _USER10_ISR
003e9654   _USER11_ISR
003e9659   _USER12_ISR
003e965e   _ADCINT1_ISR
003e9663   _ADCINT2_ISR
003e9668   _XINT1_ISR
003e966d   _XINT2_ISR
003e9672   _ADCINT9_ISR
003e9677   _TINT0_ISR
003e967c   _WAKEINT_ISR
003e9681   _EPWM1_TZINT_ISR
003e9686   _EPWM2_TZINT_ISR
003e968b   _EPWM3_TZINT_ISR
003e9690   _EPWM4_TZINT_ISR
003e9695   _EPWM5_TZINT_ISR
003e969a   _EPWM6_TZINT_ISR
003e969f   _EPWM7_TZINT_ISR
003e96a4   _EPWM1_INT_ISR
003e96a9   _EPWM2_INT_ISR
003e96ae   _EPWM3_INT_ISR
003e96b3   _EPWM4_INT_ISR
003e96b8   _EPWM5_INT_ISR
003e96bd   _EPWM6_INT_ISR
003e96c2   _EPWM7_INT_ISR
003e96c7   _ECAP1_INT_ISR
003e96cc   _HRCAP1_INT_ISR
003e96d1   _HRCAP2_INT_ISR
003e96d6   _EQEP1_INT_ISR
003e96db   _SPIRXINTA_ISR
003e96e0   _SPITXINTA_ISR
003e96e5   _SPIRXINTB_ISR
003e96ea   _SPITXINTB_ISR
003e96ef   _I2CINT1A_ISR
003e96f4   _I2CINT2A_ISR
003e96f9   _SCIRXINTA_ISR
003e96fe   _SCITXINTA_ISR
003e9703   _LIN0INTA_ISR
003e9708   _LIN1INTA_ISR
003e970d   _ECAN0INTA_ISR
003e9712   _ECAN1INTA_ISR
003e9717   _ADCINT3_ISR
003e971c   _ADCINT4_ISR
003e9721   _ADCINT5_ISR
003e9726   _ADCINT6_ISR
003e972b   _ADCINT7_ISR
003e9730   _ADCINT8_ISR
003e9735   _CLA1_INT1_ISR
003e973a   _CLA1_INT2_ISR
003e973f   _CLA1_INT3_ISR
003e9744   _CLA1_INT4_ISR
003e9749   _CLA1_INT5_ISR
003e974e   _CLA1_INT6_ISR
003e9753   _CLA1_INT7_ISR
003e9758   _CLA1_INT8_ISR
003e975d   _XINT3_ISR
003e9762   _LVF_ISR
003e9767   _LUF_ISR
003e976c   _EMPTY_ISR
003e9771   _PIE_RESERVED
003e9776   _rsvd_ISR
003e977b   _InitSysCtrl
003e9795   _ServiceDog
003e979f   _DisableDog
003e97a7   _InitPll
003e97f7   _InitPeripheralClocks
003e9833   _CsmUnlock
003e9864   _IntOsc1Sel
003e9874   _IntOsc2Sel
003e9888   _XtalOscSel
003e989c   _ExtOscSel
003e98b2   _handleRxFIFO
003e9922   _SCI_Init
003e9953   _scia_xmit
003e996d   _open_uart_debug
003e999d   _my_open
003e99a6   _my_close
003e99ab   _my_read
003e99b4   _my_write
003e99ce   _my_lseek
003e99d7   _my_unlink
003e99de   _my_rename
003e99e8   LL$$DIV
003e9a24   LL$$MOD
003e9a5e   ULL$$DIV
003e9a8d   ULL$$MOD
003e9b67   __cleanup
003e9b85   _freopen
003e9bd5   _fopen
003e9bef   _main
003e9cc4   _InitLED
003e9ce2   _InitEPwm
003e9ce3   _InitEPwmGpio
003e9cf2   _InitEPwm1Gpio
003e9d04   _InitEPwm2Gpio
003e9d16   _InitEPwm3Gpio
003e9d2a   _InitEPwm4Gpio
003e9d3e   _InitEPwm5Gpio
003e9d50   _InitEPwm6Gpio
003e9d62   _InitEPwm7Gpio
003e9d74   _InitEPwmSyncGpio
003e9d85   _InitTzGpio
003e9da6   _canA_isr0
003e9dde   _canA_isr1
003e9e67   _fputs
003e9efa   _puts
003e9f0c   _exp
003e9faa   FD$$ADD
003ea046   __log
003ea0d3   FD$$DIV
003ea15e   FD$$MPY
003ea1e1   FS$$DIV
003ea264   _pow
003ea2e7   _writemsg
003ea332   C$$IO$$
003ea336   _readmsg
003ea369   FS$$SUB
003ea36e   FS$$ADD
003ea3e1   _InitCpuTimers
003ea422   _ConfigCpuTimer
003ea457   _setvbuf
003ea4c7   __wrt_ok
003ea501   __rd_ok
003ea52c   __doflush
003ea55b   _fflush
003ea58c   FS$$MPY
003ea5e6   _cpu_timer0_isr
003ea63b   _uartRx_isr
003ea68f   _fputc
003ea68f   _putc
003ea6da   _putchar
003ea6df   __closefile
003ea719   _fclose
003ea72a   _c_int00
003ea76e   _ldexp
003ea7af   _fseek
003ea7f2   _printf
003ea81e   _atoi
003ea84f   _ltoa
003ea87b   FD$$CMP
003ea8a5   L$$DIV
003ea8b4   L$$MOD
003ea8c2   UL$$DIV
003ea8c9   UL$$MOD
003ea8cf   FS$$TOL
003ea8f8   _InitPieCtrl
003ea917   _EnableInterrupts
003ea920   _InitPieVectTable
003ea945   FS$$TOI
003ea96a   I$$DIV
003ea97b   I$$MOD
003ea98c   _Timer0_init
003ea9ae   FD$$TOI
003ea9cf   ___memcpy_ff
003ea9f0   FD$$TOL
003eaa0f   LL$$CMP
003eaa21   ULL$$CMP
003eaa2d   _strncpy
003eaa4b   FS$$TOFD
003eaa67   L$$TOFD
003eaa83   _InitSci
003eaa84   _InitSciGpio
003eaa87   _InitSciaGpio
003eaa9d   I$$TOFS
003eaab7   _InitI2C
003eaab8   _InitI2CGpio
003eaad0   __args_main
003eaae9   C$$EXIT
003eaae9   _abort
003eaaeb   _exit
003eab02   FS$$CMP
003eab19   _frexp
003eab2d   LL$$MPY
003eab41   _InitGpio
003eab54   _memccpy
003eab66   FD$$SUB
003eab74   _memchr
003eab81   _strchr
003eab8c   U$$DIV
003eab91   U$$MOD
003eab97   _strcmp
003eaba1   _strlen
003eabab   _i2c_int1a_isr
003eabb4   __register_unlock
003eabb8   __register_lock
003eabbc   __nop
003eabbd   FD$$NEG
003eabc6   _strcpy
003eabd7   _memset
003eabde   FS$$NEG
003eabe3   _remove
003eabe6   ___etext__
003eabe6   etext
003eae33   __ctypes_
003eaf34   _PieVectTableInit
003eb2b4   ___cinit__
003eb2b4   cinit
003f5000   _RamfuncsLoadStart
003f7ff6   code_start
003f7ff8   _CsmPwl
ffffffff   ___binit__
ffffffff   ___c_args__
ffffffff   ___pinit__
ffffffff   binit
ffffffff   pinit

[362 symbols]
