******************************************************************************
             TMS320C2000 Linker PC v6.1.0                      
******************************************************************************
>> Linked Sun Mar 29 01:39:38 2015

OUTPUT FILE NAME:   <U2_IIC_TM650_SEG.out>
ENTRY POINT SYMBOL: "_c_int00"  address: 003e9de7


MEMORY CONFIGURATION

         name            origin    length      used     unused   attr    fill
----------------------  --------  ---------  --------  --------  ----  --------
PAGE 0:
  RAML0                 00008000   00000800  0000001f  000007e1  RWIX
  RAML1                 00008800   00000400  00000000  00000400  RWIX
  OTP                   003d7800   00000400  00000000  00000400  RWIX
  FLASHCDEFGH           003e8000   0000c000  00002736  000098ca  RWIX
  FLASHB2               003f5000   00001000  0000001f  00000fe1  RWIX
  FLASHA                003f6000   00001f80  00000000  00001f80  RWIX
  CSM_RSVD              003f7f80   00000076  00000000  00000076  RWIX
  BEGIN                 003f7ff6   00000002  00000002  00000000  RWIX
  CSM_PWL_P0            003f7ff8   00000008  00000000  00000008  RWIX
  IQTABLES              003fe000   00000b50  00000000  00000b50  RWIX
  IQTABLES2             003feb50   0000008c  00000000  0000008c  RWIX
  IQTABLES3             003febdc   000000aa  00000000  000000aa  RWIX
  ROM                   003ff27c   00000d44  00000000  00000d44  RWIX
  RESET                 003fffc0   00000002  00000000  00000002  RWIX
  VECTORS               003fffc2   0000003e  00000000  0000003e  RWIX

PAGE 1:
  BOOT_RSVD             00000000   00000050  00000000  00000050  RWIX
  RAMM0                 00000050   000003b0  00000300  000000b0  RWIX
  RAMM1                 00000400   00000400  00000400  00000000  RWIX
  DEV_EMU               00000880   00000105  00000004  00000101  RWIX
  SYS_PWR_CTL           00000985   00000003  00000003  00000000  RWIX
  FLASH_REGS            00000a80   00000060  00000008  00000058  RWIX
  CSM                   00000ae0   00000010  00000010  00000000  RWIX
  ADC_RESULT            00000b00   00000020  00000020  00000000  RWIX
  CPU_TIMER0            00000c00   00000008  00000008  00000000  RWIX
  CPU_TIMER1            00000c08   00000008  00000008  00000000  RWIX
  CPU_TIMER2            00000c10   00000008  00000008  00000000  RWIX
  PIE_CTRL              00000ce0   00000020  0000001a  00000006  RWIX
  PIE_VECT              00000d00   00000100  00000100  00000000  RWIX
  CLA1                  00001400   00000080  00000040  00000040  RWIX
  ECANA                 00006000   00000040  00000034  0000000c  RWIX
  ECANA_LAM             00006040   00000040  00000040  00000000  RWIX
  ECANA_MOTS            00006080   00000040  00000040  00000000  RWIX
  ECANA_MOTO            000060c0   00000040  00000040  00000000  RWIX
  ECANA_MBOX            00006100   00000100  00000100  00000000  RWIX
  COMP1                 00006400   00000020  00000014  0000000c  RWIX
  COMP2                 00006420   00000020  00000014  0000000c  RWIX
  COMP3                 00006440   00000020  00000014  0000000c  RWIX
  EPWM1                 00006800   00000040  00000040  00000000  RWIX
  EPWM2                 00006840   00000040  00000040  00000000  RWIX
  EPWM3                 00006880   00000040  00000040  00000000  RWIX
  EPWM4                 000068c0   00000040  00000040  00000000  RWIX
  EPWM5                 00006900   00000040  00000040  00000000  RWIX
  EPWM6                 00006940   00000040  00000040  00000000  RWIX
  EPWM7                 00006980   00000040  00000040  00000000  RWIX
  ECAP1                 00006a00   00000020  00000020  00000000  RWIX
  HRCAP1                00006ac0   00000020  00000020  00000000  RWIX
  HRCAP2                00006ae0   00000020  00000020  00000000  RWIX
  EQEP1                 00006b00   00000040  00000040  00000000  RWIX
  LINA                  00006c00   00000080  0000004a  00000036  RWIX
  GPIOCTRL              00006f80   00000040  00000040  00000000  RWIX
  GPIODAT               00006fc0   00000020  00000020  00000000  RWIX
  GPIOINT               00006fe0   00000020  0000000c  00000014  RWIX
  SYSTEM                00007010   00000020  00000020  00000000  RWIX
  SPIA                  00007040   00000010  00000010  00000000  RWIX
  SCIA                  00007050   00000010  00000010  00000000  RWIX
  NMIINTRUPT            00007060   00000010  00000010  00000000  RWIX
  XINTRUPT              00007070   00000010  00000010  00000000  RWIX
  ADC                   00007100   00000080  00000050  00000030  RWIX
  SPIB                  00007740   00000010  00000010  00000000  RWIX
  I2CA                  00007900   00000040  00000022  0000001e  RWIX
  RAML2                 00008c00   00000400  000003b8  00000048  RWIX
  RAML3                 00009000   00001000  00000000  00001000  RWIX
  PARTID                003d7e80   00000001  00000001  00000000  RWIX
  FLASHB1               003f4000   00001000  00000000  00001000  RWIX
  CSM_PWL               003f7ff8   00000008  00000008  00000000  RWIX


SECTION ALLOCATION MAP

 output                                  attributes/
section   page    origin      length       input sections
--------  ----  ----------  ----------   ----------------
.pinit     0    003e8000    00000000     UNINITIALIZED

.text      0    003e8000    000021fe     
                  003e8000    00000870     rts2800_ml.lib : _printfi.obj (.text)
                  003e8870    00000237                    : lowlev.obj (.text)
                  003e8aa7    000001f0                    : trgdrv.obj (.text)
                  003e8c97    000001e6     TM1650_IIC.obj (.text)
                  003e8e7d    000001c8     rts2800_ml.lib : memory.obj (.text)
                  003e9045    0000017c     DSP2803x_DefaultIsr.obj (.text:retain)
                  003e91c1    00000137     DSP2803x_SysCtrl.obj (.text)
                  003e92f8    00000136     printf_uart.obj (.text)
                  003e942e    00000129     main.obj (.text)
                  003e9557    00000107     rts2800_ml.lib : ll_div.obj (.text)
                  003e965e    00000100                    : fopen.obj (.text)
                  003e975e    000000c4     DSP2803x_EPwm.obj (.text)
                  003e9822    000000a5     rts2800_ml.lib : fputs.obj (.text)
                  003e98c7    0000009c                    : fd_add.obj (.text)
                  003e9963    0000008b                    : fd_div.obj (.text)
                  003e99ee    00000083                    : fd_mpy.obj (.text)
                  003e9a71    00000082                    : ankmsg.obj (.text)
                  003e9af3    00000076     DSP2803x_CpuTimers.obj (.text)
                  003e9b69    00000070     rts2800_ml.lib : setvbuf.obj (.text)
                  003e9bd9    00000065                    : _io_perm.obj (.text)
                  003e9c3e    00000060                    : fflush.obj (.text)
                  003e9c9e    0000005a                    : fs_mpy.obj (.text)
                  003e9cf8    00000054     printf_uart.obj (.text:retain)
                  003e9d4c    00000050     rts2800_ml.lib : fputc.obj (.text)
                  003e9d9c    0000004b                    : fclose.obj (.text)
                  003e9de7    00000044                    : boot.obj (.text)
                  003e9e2b    0000003d                    : fseek.obj (.text)
                  003e9e68    00000032                    : printf.obj (.text)
                  003e9e9a    00000031                    : atoi.obj (.text)
                  003e9ecb    0000002d     timer0_base.obj (.text:retain)
                  003e9ef8    0000002c     rts2800_ml.lib : ltoa.obj (.text)
                  003e9f24    0000002a                    : fd_cmp.obj (.text)
                  003e9f4e    0000002a                    : l_div.obj (.text)
                  003e9f78    00000029                    : fs_tol.obj (.text)
                  003e9fa1    00000028     DSP2803x_PieCtrl.obj (.text)
                  003e9fc9    00000025     DSP2803x_PieVect.obj (.text)
                  003e9fee    00000022     timer0_base.obj (.text)
                  003ea010    00000021     rts2800_ml.lib : fd_toi.obj (.text)
                  003ea031    00000021                    : memcpy_ff.obj (.text)
                  003ea052    0000001f                    : fd_tol.obj (.text)
                  003ea071    0000001e                    : ll_cmp.obj (.text)
                  003ea08f    0000001e                    : strncpy.obj (.text)
                  003ea0ad    0000001c                    : fs_tofd.obj (.text)
                  003ea0c9    0000001c                    : l_tofd.obj (.text)
                  003ea0e5    0000001a     DSP2803x_Sci.obj (.text)
                  003ea0ff    00000019     DSP2803x_I2C.obj (.text)
                  003ea118    00000019     rts2800_ml.lib : args_main.obj (.text)
                  003ea131    00000019                    : exit.obj (.text)
                  003ea14a    00000014                    : ll_mpy.obj (.text)
                  003ea15e    00000013     DSP2803x_Gpio.obj (.text)
                  003ea171    00000012     rts2800_ml.lib : memccpy.obj (.text)
                  003ea183    0000000e                    : fd_sub.obj (.text)
                  003ea191    0000000d                    : memchr.obj (.text)
                  003ea19e    0000000b                    : strchr.obj (.text)
                  003ea1a9    0000000b                    : u_div.obj (.text)
                  003ea1b4    0000000a                    : strcmp.obj (.text)
                  003ea1be    0000000a                    : strlen.obj (.text)
                  003ea1c8    00000009     TM1650_IIC.obj (.text:retain)
                  003ea1d1    00000009     rts2800_ml.lib : _lock.obj (.text)
                  003ea1da    00000009                    : fd_neg.obj (.text)
                  003ea1e3    00000009                    : strcpy.obj (.text)
                  003ea1ec    00000008     DSP2803x_CodeStartBranch.obj (.text)
                  003ea1f4    00000007     rts2800_ml.lib : memset.obj (.text)
                  003ea1fb    00000003                    : remove.obj (.text)

.econst    0    003ea1fe    0000046c     
                  003ea1fe    00000115     main.obj (.econst:.string)
                  003ea313    00000101     rts2800_ml.lib : ctype.obj (.econst:__ctypes_)
                  003ea414    00000100     DSP2803x_PieVect.obj (.econst)
                  003ea514    000000f4     printf_uart.obj (.econst:.string)
                  003ea608    00000024     TM1650_IIC.obj (.econst:.string)
                  003ea62c    00000024     rts2800_ml.lib : _printfi.obj (.econst:.string)
                  003ea650    00000018                    : _printfi.obj (.econst)
                  003ea668    00000002                    : fputs.obj (.econst:.string)

.cinit     0    003ea66a    000000cc     
                  003ea66a    00000041     TM1650_IIC.obj (.cinit)
                  003ea6ab    0000002d     rts2800_ml.lib : lowlev.obj (.cinit)
                  003ea6d8    0000002a                    : defs.obj (.cinit)
                  003ea702    0000000b     printf_uart.obj (.cinit)
                  003ea70d    0000000a     rts2800_ml.lib : _lock.obj (.cinit)
                  003ea717    0000000a                    : exit.obj (.cinit)
                  003ea721    00000007     timer0_base.obj (.cinit)
                  003ea728    00000004     main.obj (.cinit)
                  003ea72c    00000004     rts2800_ml.lib : fopen.obj (.cinit)
                  003ea730    00000004                    : memory.obj (.cinit)
                  003ea734    00000002     --HOLE-- [fill = 0]

ramfuncs   0    003f5000    0000001f     RUN ADDR = 00008000
                  003f5000    0000001b     DSP2803x_SysCtrl.obj (ramfuncs)
                  003f501b    00000004     DSP2803x_usDelay.obj (ramfuncs)

codestart 
*          0    003f7ff6    00000002     
                  003f7ff6    00000002     DSP2803x_CodeStartBranch.obj (codestart)

.reset     0    003fffc0    00000002     DSECT
                  003fffc0    00000002     rts2800_ml.lib : boot.obj (.reset)

vectors    0    003fffc2    00000000     DSECT

.stack     1    00000050    00000300     UNINITIALIZED
                  00000050    00000300     --HOLE--

.sysmem    1    00000400    00000400     UNINITIALIZED
                  00000400    00000001     rts2800_ml.lib : memory.obj (.sysmem)
                  00000401    000003ff     --HOLE--

DevEmuRegsFile 
*          1    00000880    00000004     UNINITIALIZED
                  00000880    00000004     DSP2803x_GlobalVariableDefs.obj (DevEmuRegsFile)

SysPwrCtrlRegsFile 
*          1    00000985    00000003     UNINITIALIZED
                  00000985    00000003     DSP2803x_GlobalVariableDefs.obj (SysPwrCtrlRegsFile)

FlashRegsFile 
*          1    00000a80    00000008     UNINITIALIZED
                  00000a80    00000008     DSP2803x_GlobalVariableDefs.obj (FlashRegsFile)

CsmRegsFile 
*          1    00000ae0    00000010     UNINITIALIZED
                  00000ae0    00000010     DSP2803x_GlobalVariableDefs.obj (CsmRegsFile)

AdcResultFile 
*          1    00000b00    00000020     UNINITIALIZED
                  00000b00    00000020     DSP2803x_GlobalVariableDefs.obj (AdcResultFile)

CpuTimer0RegsFile 
*          1    00000c00    00000008     UNINITIALIZED
                  00000c00    00000008     DSP2803x_GlobalVariableDefs.obj (CpuTimer0RegsFile)

CpuTimer1RegsFile 
*          1    00000c08    00000008     UNINITIALIZED
                  00000c08    00000008     DSP2803x_GlobalVariableDefs.obj (CpuTimer1RegsFile)

CpuTimer2RegsFile 
*          1    00000c10    00000008     UNINITIALIZED
                  00000c10    00000008     DSP2803x_GlobalVariableDefs.obj (CpuTimer2RegsFile)

PieCtrlRegsFile 
*          1    00000ce0    0000001a     UNINITIALIZED
                  00000ce0    0000001a     DSP2803x_GlobalVariableDefs.obj (PieCtrlRegsFile)

PieVectTableFile 
*          1    00000d00    00000100     UNINITIALIZED
                  00000d00    00000100     DSP2803x_GlobalVariableDefs.obj (PieVectTableFile)

EmuKeyVar 
*          1    00000d00    00000001     UNINITIALIZED
                  00000d00    00000001     DSP2803x_GlobalVariableDefs.obj (EmuKeyVar)

EmuBModeVar 
*          1    00000d01    00000001     UNINITIALIZED
                  00000d01    00000001     DSP2803x_GlobalVariableDefs.obj (EmuBModeVar)

FlashCallbackVar 
*          1    00000d02    00000002     UNINITIALIZED
                  00000d02    00000002     DSP2803x_GlobalVariableDefs.obj (FlashCallbackVar)

FlashScalingVar 
*          1    00000d04    00000002     UNINITIALIZED
                  00000d04    00000002     DSP2803x_GlobalVariableDefs.obj (FlashScalingVar)

Cla1RegsFile 
*          1    00001400    00000040     UNINITIALIZED
                  00001400    00000040     DSP2803x_GlobalVariableDefs.obj (Cla1RegsFile)

ECanaRegsFile 
*          1    00006000    00000034     UNINITIALIZED
                  00006000    00000034     DSP2803x_GlobalVariableDefs.obj (ECanaRegsFile)

ECanaLAMRegsFile 
*          1    00006040    00000040     UNINITIALIZED
                  00006040    00000040     DSP2803x_GlobalVariableDefs.obj (ECanaLAMRegsFile)

ECanaMOTSRegsFile 
*          1    00006080    00000040     UNINITIALIZED
                  00006080    00000040     DSP2803x_GlobalVariableDefs.obj (ECanaMOTSRegsFile)

ECanaMOTORegsFile 
*          1    000060c0    00000040     UNINITIALIZED
                  000060c0    00000040     DSP2803x_GlobalVariableDefs.obj (ECanaMOTORegsFile)

ECanaMboxesFile 
*          1    00006100    00000100     UNINITIALIZED
                  00006100    00000100     DSP2803x_GlobalVariableDefs.obj (ECanaMboxesFile)

Comp1RegsFile 
*          1    00006400    00000014     UNINITIALIZED
                  00006400    00000014     DSP2803x_GlobalVariableDefs.obj (Comp1RegsFile)

Comp2RegsFile 
*          1    00006420    00000014     UNINITIALIZED
                  00006420    00000014     DSP2803x_GlobalVariableDefs.obj (Comp2RegsFile)

Comp3RegsFile 
*          1    00006440    00000014     UNINITIALIZED
                  00006440    00000014     DSP2803x_GlobalVariableDefs.obj (Comp3RegsFile)

EPwm1RegsFile 
*          1    00006800    00000040     UNINITIALIZED
                  00006800    00000040     DSP2803x_GlobalVariableDefs.obj (EPwm1RegsFile)

EPwm2RegsFile 
*          1    00006840    00000040     UNINITIALIZED
                  00006840    00000040     DSP2803x_GlobalVariableDefs.obj (EPwm2RegsFile)

EPwm3RegsFile 
*          1    00006880    00000040     UNINITIALIZED
                  00006880    00000040     DSP2803x_GlobalVariableDefs.obj (EPwm3RegsFile)

EPwm4RegsFile 
*          1    000068c0    00000040     UNINITIALIZED
                  000068c0    00000040     DSP2803x_GlobalVariableDefs.obj (EPwm4RegsFile)

EPwm5RegsFile 
*          1    00006900    00000040     UNINITIALIZED
                  00006900    00000040     DSP2803x_GlobalVariableDefs.obj (EPwm5RegsFile)

EPwm6RegsFile 
*          1    00006940    00000040     UNINITIALIZED
                  00006940    00000040     DSP2803x_GlobalVariableDefs.obj (EPwm6RegsFile)

EPwm7RegsFile 
*          1    00006980    00000040     UNINITIALIZED
                  00006980    00000040     DSP2803x_GlobalVariableDefs.obj (EPwm7RegsFile)

ECap1RegsFile 
*          1    00006a00    00000020     UNINITIALIZED
                  00006a00    00000020     DSP2803x_GlobalVariableDefs.obj (ECap1RegsFile)

HRCap1RegsFile 
*          1    00006ac0    00000020     UNINITIALIZED
                  00006ac0    00000020     DSP2803x_GlobalVariableDefs.obj (HRCap1RegsFile)

HRCap2RegsFile 
*          1    00006ae0    00000020     UNINITIALIZED
                  00006ae0    00000020     DSP2803x_GlobalVariableDefs.obj (HRCap2RegsFile)

EQep1RegsFile 
*          1    00006b00    00000040     UNINITIALIZED
                  00006b00    00000040     DSP2803x_GlobalVariableDefs.obj (EQep1RegsFile)

LinaRegsFile 
*          1    00006c00    0000004a     UNINITIALIZED
                  00006c00    0000004a     DSP2803x_GlobalVariableDefs.obj (LinaRegsFile)

GpioCtrlRegsFile 
*          1    00006f80    00000040     UNINITIALIZED
                  00006f80    00000040     DSP2803x_GlobalVariableDefs.obj (GpioCtrlRegsFile)

GpioDataRegsFile 
*          1    00006fc0    00000020     UNINITIALIZED
                  00006fc0    00000020     DSP2803x_GlobalVariableDefs.obj (GpioDataRegsFile)

GpioIntRegsFile 
*          1    00006fe0    0000000c     UNINITIALIZED
                  00006fe0    0000000c     DSP2803x_GlobalVariableDefs.obj (GpioIntRegsFile)

SysCtrlRegsFile 
*          1    00007010    00000020     UNINITIALIZED
                  00007010    00000020     DSP2803x_GlobalVariableDefs.obj (SysCtrlRegsFile)

SpiaRegsFile 
*          1    00007040    00000010     UNINITIALIZED
                  00007040    00000010     DSP2803x_GlobalVariableDefs.obj (SpiaRegsFile)

SciaRegsFile 
*          1    00007050    00000010     UNINITIALIZED
                  00007050    00000010     DSP2803x_GlobalVariableDefs.obj (SciaRegsFile)

NmiIntruptRegsFile 
*          1    00007060    00000010     UNINITIALIZED
                  00007060    00000010     DSP2803x_GlobalVariableDefs.obj (NmiIntruptRegsFile)

XIntruptRegsFile 
*          1    00007070    00000010     UNINITIALIZED
                  00007070    00000010     DSP2803x_GlobalVariableDefs.obj (XIntruptRegsFile)

AdcRegsFile 
*          1    00007100    00000050     UNINITIALIZED
                  00007100    00000050     DSP2803x_GlobalVariableDefs.obj (AdcRegsFile)

SpibRegsFile 
*          1    00007740    00000010     UNINITIALIZED
                  00007740    00000010     DSP2803x_GlobalVariableDefs.obj (SpibRegsFile)

I2caRegsFile 
*          1    00007900    00000022     UNINITIALIZED
                  00007900    00000022     DSP2803x_GlobalVariableDefs.obj (I2caRegsFile)

.ebss      1    00008c00    00000298     UNINITIALIZED
                  00008c00    00000160     rts2800_ml.lib : defs.obj (.ebss)
                  00008d60    00000018     DSP2803x_CpuTimers.obj (.ebss)
                  00008d78    00000008     rts2800_ml.lib : memory.obj (.ebss)
                  00008d80    00000088                    : lowlev.obj (.ebss)
                  00008e08    00000018     printf_uart.obj (.ebss)
                  00008e20    00000008     rts2800_ml.lib : trgdrv.obj (.ebss)
                  00008e28    00000005     main.obj (.ebss)
                  00008e2d    00000001     rts2800_ml.lib : fopen.obj (.ebss)
                  00008e2e    00000004                    : _lock.obj (.ebss)
                  00008e32    00000004                    : exit.obj (.ebss)
                  00008e36    00000004     timer0_base.obj (.ebss)
                  00008e3a    00000006     --HOLE--
                  00008e40    00000058     TM1650_IIC.obj (.ebss)

.cio       1    00008ec0    00000120     UNINITIALIZED
                  00008ec0    00000120     rts2800_ml.lib : ankmsg.obj (.cio)

PartIdRegsFile 
*          1    003d7e80    00000001     UNINITIALIZED
                  003d7e80    00000001     DSP2803x_GlobalVariableDefs.obj (PartIdRegsFile)

CsmPwlFile 
*          1    003f7ff8    00000008     UNINITIALIZED
                  003f7ff8    00000008     DSP2803x_GlobalVariableDefs.obj (CsmPwlFile)


GLOBAL SYMBOLS: SORTED ALPHABETICALLY BY Name 

address    name
--------   ----
003e8000   .text
003ea131   C$$EXIT
003e9abc   C$$IO$$
003e98c7   FD$$ADD
003e9f24   FD$$CMP
003e9963   FD$$DIV
003e99ee   FD$$MPY
003ea1da   FD$$NEG
003ea183   FD$$SUB
003ea010   FD$$TOI
003ea052   FD$$TOL
003e9c9e   FS$$MPY
003ea0ad   FS$$TOFD
003e9f78   FS$$TOL
003e9f4e   L$$DIV
003e9f5d   L$$MOD
003ea0c9   L$$TOFD
003ea071   LL$$CMP
003e9557   LL$$DIV
003e9593   LL$$MOD
003ea14a   LL$$MPY
003ea1a9   U$$DIV
003ea1ae   U$$MOD
003e9f6b   UL$$DIV
003e9f72   UL$$MOD
003ea083   ULL$$CMP
003e95cd   ULL$$DIV
003e95fc   ULL$$MOD
003e90a4   _ADCINT1_ISR
003e90a9   _ADCINT2_ISR
003e915d   _ADCINT3_ISR
003e9162   _ADCINT4_ISR
003e9167   _ADCINT5_ISR
003e916c   _ADCINT6_ISR
003e9171   _ADCINT7_ISR
003e9176   _ADCINT8_ISR
003e90b8   _ADCINT9_ISR
00007100   _AdcRegs
00000b00   _AdcResult
003e917b   _CLA1_INT1_ISR
003e9180   _CLA1_INT2_ISR
003e9185   _CLA1_INT3_ISR
003e918a   _CLA1_INT4_ISR
003e918f   _CLA1_INT5_ISR
003e9194   _CLA1_INT6_ISR
003e9199   _CLA1_INT7_ISR
003e919e   _CLA1_INT8_ISR
00001400   _Cla1Regs
00006400   _Comp1Regs
00006420   _Comp2Regs
00006440   _Comp3Regs
003e9b34   _ConfigCpuTimer
00008d70   _CpuTimer0
00000c00   _CpuTimer0Regs
00008d60   _CpuTimer1
00000c08   _CpuTimer1Regs
00008d68   _CpuTimer2
00000c10   _CpuTimer2Regs
003f7ff8   _CsmPwl
00000ae0   _CsmRegs
003e9279   _CsmUnlock
003e904f   _DATALOG_ISR
00008e62   _DSP28035_IIC_Msg
0000801b   _DSP28x_usDelay
00000880   _DevEmuRegs
003e91e5   _DisableDog
003e9153   _ECAN0INTA_ISR
003e9158   _ECAN1INTA_ISR
003e910d   _ECAP1_INT_ISR
00006040   _ECanaLAMRegs
000060c0   _ECanaMOTORegs
00006080   _ECanaMOTSRegs
00006100   _ECanaMboxes
00006000   _ECanaRegs
00006a00   _ECap1Regs
003e91b2   _EMPTY_ISR
003e9059   _EMUINT_ISR
003e90ea   _EPWM1_INT_ISR
003e90c7   _EPWM1_TZINT_ISR
003e90ef   _EPWM2_INT_ISR
003e90cc   _EPWM2_TZINT_ISR
003e90f4   _EPWM3_INT_ISR
003e90d1   _EPWM3_TZINT_ISR
003e90f9   _EPWM4_INT_ISR
003e90d6   _EPWM4_TZINT_ISR
003e90fe   _EPWM5_INT_ISR
003e90db   _EPWM5_TZINT_ISR
003e9103   _EPWM6_INT_ISR
003e90e0   _EPWM6_TZINT_ISR
003e9108   _EPWM7_INT_ISR
003e90e5   _EPWM7_TZINT_ISR
00006800   _EPwm1Regs
00006840   _EPwm2Regs
00006880   _EPwm3Regs
000068c0   _EPwm4Regs
00006900   _EPwm5Regs
00006940   _EPwm6Regs
00006980   _EPwm7Regs
003e911c   _EQEP1_INT_ISR
00006b00   _EQep1Regs
00000d01   _EmuBMode
00000d00   _EmuKey
003e9fc0   _EnableInterrupts
00008e29   _Error
003e92e2   _ExtOscSel
00000a80   _FlashRegs
00000d04   _Flash_CPUScaleFactor
00000d02   _Flash_CallbackPtr
00006f80   _GpioCtrlRegs
00006fc0   _GpioDataRegs
00006fe0   _GpioIntRegs
003e8c6d   _HOSTclock
003e8c46   _HOSTclose
003e8c1e   _HOSTgetenv
003e8bd7   _HOSTlseek
003e8ba0   _HOSTopen
003e8b6a   _HOSTread
003e8b2c   _HOSTrename
003e8b02   _HOSTtime
003e8add   _HOSTunlink
003e8aa7   _HOSTwrite
003e9112   _HRCAP1_INT_ISR
003e9117   _HRCAP2_INT_ISR
00006ac0   _HRCap1Regs
00006ae0   _HRCap2Regs
003e8cad   _I2CA_Init
003e8d27   _I2CA_Rxdata_STOP
003e8cf7   _I2CA_Tx_STOP
003e9135   _I2CINT1A_ISR
003e913a   _I2CINT2A_ISR
00007900   _I2caRegs
00008e80   _ICF8591Msg
00008e42   _IIC_ISR_String
003e9063   _ILLEGAL_ISR
003e9045   _INT13_ISR
003e904a   _INT14_ISR
003e9af3   _InitCpuTimers
003e975e   _InitEPwm
003e976e   _InitEPwm1Gpio
003e9780   _InitEPwm2Gpio
003e9792   _InitEPwm3Gpio
003e97a6   _InitEPwm4Gpio
003e97ba   _InitEPwm5Gpio
003e97cc   _InitEPwm6Gpio
003e97de   _InitEPwm7Gpio
003e975f   _InitEPwmGpio
003e97f0   _InitEPwmSyncGpio
00008000   _InitFlash
003ea15e   _InitGpio
003ea0ff   _InitI2C
003ea100   _InitI2CGpio
003e8c97   _InitI2C_Gpio
003e9539   _InitLED
003e923d   _InitPeripheralClocks
003e9fa1   _InitPieCtrl
003e9fc9   _InitPieVectTable
003e91ed   _InitPll
003ea0e5   _InitSci
003ea0e6   _InitSciGpio
003ea0e9   _InitSciaGpio
003e91c1   _InitSysCtrl
003e9801   _InitTzGpio
003e92aa   _IntOsc1Sel
003e92ba   _IntOsc2Sel
003e9149   _LIN0INTA_ISR
003e914e   _LIN1INTA_ISR
003e91ad   _LUF_ISR
003e91a8   _LVF_ISR
00008e2a   _LigntVal
00006c00   _LinaRegs
003e905e   _NMI_ISR
00007060   _NmiIntruptRegs
003e91b7   _PIE_RESERVED
003d7e80   _PartIdRegs
00000ce0   _PieCtrlRegs
00000d00   _PieVectTable
003ea414   _PieVectTableInit
00008e40   _PtrMsg
003e9054   _RTOSINT_ISR
0000001f   _RamfuncsLoadSize
003f5000   _RamfuncsLoadStart
00008000   _RamfuncsRunStart
003e913f   _SCIRXINTA_ISR
003e9144   _SCITXINTA_ISR
003e9368   _SCI_Init
00008e08   _SCI_Msg
00008e52   _SEG7Table
003e9121   _SPIRXINTA_ISR
003e912b   _SPIRXINTB_ISR
003e9126   _SPITXINTA_ISR
003e9130   _SPITXINTB_ISR
00007050   _SciaRegs
003e91db   _ServiceDog
00007040   _SpiaRegs
00007740   _SpibRegs
00007010   _SysCtrlRegs
00000985   _SysPwrCtrlRegs
003e90bd   _TINT0_ISR
003e8e33   _TM1650_Read
003e8df8   _TM1650_Send
003e9fee   _Timer0_init
00008e2c   _Tmp
003e9095   _USER10_ISR
003e909a   _USER11_ISR
003e909f   _USER12_ISR
003e9068   _USER1_ISR
003e906d   _USER2_ISR
003e9072   _USER3_ISR
003e9077   _USER4_ISR
003e907c   _USER5_ISR
003e9081   _USER6_ISR
003e9086   _USER7_ISR
003e908b   _USER8_ISR
003e9090   _USER9_ISR
003e90c2   _WAKEINT_ISR
003e90ae   _XINT1_ISR
003e90b3   _XINT2_ISR
003e91a3   _XINT3_ISR
00007070   _XIntruptRegs
003e92ce   _XtalOscSel
00008ec0   __CIOBUF_
00000350   __STACK_END
00000300   __STACK_SIZE
00000400   __SYSMEM_SIZE
00000001   __TI_args_main
ffffffff   ___binit__
ffffffff   ___c_args__
003ea66a   ___cinit__
003ea1fe   ___etext__
003ea031   ___memcpy_ff
ffffffff   ___pinit__
003e8000   ___text__
003ea118   __args_main
003e96d6   __cleanup
00008e32   __cleanup_ptr
003e9d9c   __closefile
003ea313   __ctypes_
003e9c3e   __doflush
00008e34   __dtors_ptr
00008c00   __ft_end
00008c40   __ftable
00008e30   __lock
003ea1d9   __nop
003e877e   __printfi
003e9c13   __rd_ok
003ea1d5   __register_lock
003ea1d1   __register_unlock
00000050   __stack
00000400   __sys_memory
00008cc0   __tmpnams
00008e2e   __unlock
003e9bd9   __wrt_ok
003ea131   _abort
003e8a49   _add_device
003e9e9a   _atoi
003e9de7   _c_int00
003e902c   _calloc
003e902a   _chkheap
003e8a17   _close
003e9ecb   _cpu_timer0_isr
003ea133   _exit
003e9dd6   _fclose
003e9c6d   _fflush
003e9744   _fopen
003e9d4c   _fputc
003e9822   _fputs
003e8e7d   _free
003e900e   _free_memory
003e96f4   _freopen
003e9e2b   _fseek
003e92f8   _handleRxFIFO
003ea1c8   _i2c_int1a_isr
00008e2b   _keyReg
00008e28   _keyVal
003e89e9   _lseek
003e9ef8   _ltoa
003e942e   _main
003e8ee6   _malloc
003e8fee   _max_free
003ea171   _memccpy
003ea191   _memchr
003ea1f4   _memset
003e8ec2   _minit
003e93ec   _my_close
003e9414   _my_lseek
003e93e3   _my_open
003e93f1   _my_read
003e9424   _my_rename
003e941d   _my_unlink
003e93fa   _my_write
003e8993   _open
003e93b3   _open_uart_debug
003e9e6e   _printf
003e9d4c   _putc
003e9d97   _putchar
003e98b5   _puts
003e8945   _read
003e9ac0   _readmsg
003e8f3c   _realloc
003ea1fb   _remove
003e892b   _remove_device
003e8902   _rename
003e91bc   _rsvd_ISR
003e9399   _scia_xmit
003e9b69   _setvbuf
003e8d38   _softResetIIC_BUS
003ea19e   _strchr
003ea1b4   _strcmp
003ea1e3   _strcpy
003ea1be   _strlen
003ea08f   _strncpy
00008e36   _timer0Base
003e9cf8   _uartRx_isr
003e88ea   _unlink
003e8870   _write
003e9a71   _writemsg
ffffffff   binit
003ea66a   cinit
003f7ff6   code_start
003ea1fe   etext
ffffffff   pinit


GLOBAL SYMBOLS: SORTED BY Symbol Address 

address    name
--------   ----
00000001   __TI_args_main
0000001f   _RamfuncsLoadSize
00000050   __stack
00000300   __STACK_SIZE
00000350   __STACK_END
00000400   __SYSMEM_SIZE
00000400   __sys_memory
00000880   _DevEmuRegs
00000985   _SysPwrCtrlRegs
00000a80   _FlashRegs
00000ae0   _CsmRegs
00000b00   _AdcResult
00000c00   _CpuTimer0Regs
00000c08   _CpuTimer1Regs
00000c10   _CpuTimer2Regs
00000ce0   _PieCtrlRegs
00000d00   _EmuKey
00000d00   _PieVectTable
00000d01   _EmuBMode
00000d02   _Flash_CallbackPtr
00000d04   _Flash_CPUScaleFactor
00001400   _Cla1Regs
00006000   _ECanaRegs
00006040   _ECanaLAMRegs
00006080   _ECanaMOTSRegs
000060c0   _ECanaMOTORegs
00006100   _ECanaMboxes
00006400   _Comp1Regs
00006420   _Comp2Regs
00006440   _Comp3Regs
00006800   _EPwm1Regs
00006840   _EPwm2Regs
00006880   _EPwm3Regs
000068c0   _EPwm4Regs
00006900   _EPwm5Regs
00006940   _EPwm6Regs
00006980   _EPwm7Regs
00006a00   _ECap1Regs
00006ac0   _HRCap1Regs
00006ae0   _HRCap2Regs
00006b00   _EQep1Regs
00006c00   _LinaRegs
00006f80   _GpioCtrlRegs
00006fc0   _GpioDataRegs
00006fe0   _GpioIntRegs
00007010   _SysCtrlRegs
00007040   _SpiaRegs
00007050   _SciaRegs
00007060   _NmiIntruptRegs
00007070   _XIntruptRegs
00007100   _AdcRegs
00007740   _SpibRegs
00007900   _I2caRegs
00008000   _InitFlash
00008000   _RamfuncsRunStart
0000801b   _DSP28x_usDelay
00008c00   __ft_end
00008c40   __ftable
00008cc0   __tmpnams
00008d60   _CpuTimer1
00008d68   _CpuTimer2
00008d70   _CpuTimer0
00008e08   _SCI_Msg
00008e28   _keyVal
00008e29   _Error
00008e2a   _LigntVal
00008e2b   _keyReg
00008e2c   _Tmp
00008e2e   __unlock
00008e30   __lock
00008e32   __cleanup_ptr
00008e34   __dtors_ptr
00008e36   _timer0Base
00008e40   _PtrMsg
00008e42   _IIC_ISR_String
00008e52   _SEG7Table
00008e62   _DSP28035_IIC_Msg
00008e80   _ICF8591Msg
00008ec0   __CIOBUF_
003d7e80   _PartIdRegs
003e8000   .text
003e8000   ___text__
003e877e   __printfi
003e8870   _write
003e88ea   _unlink
003e8902   _rename
003e892b   _remove_device
003e8945   _read
003e8993   _open
003e89e9   _lseek
003e8a17   _close
003e8a49   _add_device
003e8aa7   _HOSTwrite
003e8add   _HOSTunlink
003e8b02   _HOSTtime
003e8b2c   _HOSTrename
003e8b6a   _HOSTread
003e8ba0   _HOSTopen
003e8bd7   _HOSTlseek
003e8c1e   _HOSTgetenv
003e8c46   _HOSTclose
003e8c6d   _HOSTclock
003e8c97   _InitI2C_Gpio
003e8cad   _I2CA_Init
003e8cf7   _I2CA_Tx_STOP
003e8d27   _I2CA_Rxdata_STOP
003e8d38   _softResetIIC_BUS
003e8df8   _TM1650_Send
003e8e33   _TM1650_Read
003e8e7d   _free
003e8ec2   _minit
003e8ee6   _malloc
003e8f3c   _realloc
003e8fee   _max_free
003e900e   _free_memory
003e902a   _chkheap
003e902c   _calloc
003e9045   _INT13_ISR
003e904a   _INT14_ISR
003e904f   _DATALOG_ISR
003e9054   _RTOSINT_ISR
003e9059   _EMUINT_ISR
003e905e   _NMI_ISR
003e9063   _ILLEGAL_ISR
003e9068   _USER1_ISR
003e906d   _USER2_ISR
003e9072   _USER3_ISR
003e9077   _USER4_ISR
003e907c   _USER5_ISR
003e9081   _USER6_ISR
003e9086   _USER7_ISR
003e908b   _USER8_ISR
003e9090   _USER9_ISR
003e9095   _USER10_ISR
003e909a   _USER11_ISR
003e909f   _USER12_ISR
003e90a4   _ADCINT1_ISR
003e90a9   _ADCINT2_ISR
003e90ae   _XINT1_ISR
003e90b3   _XINT2_ISR
003e90b8   _ADCINT9_ISR
003e90bd   _TINT0_ISR
003e90c2   _WAKEINT_ISR
003e90c7   _EPWM1_TZINT_ISR
003e90cc   _EPWM2_TZINT_ISR
003e90d1   _EPWM3_TZINT_ISR
003e90d6   _EPWM4_TZINT_ISR
003e90db   _EPWM5_TZINT_ISR
003e90e0   _EPWM6_TZINT_ISR
003e90e5   _EPWM7_TZINT_ISR
003e90ea   _EPWM1_INT_ISR
003e90ef   _EPWM2_INT_ISR
003e90f4   _EPWM3_INT_ISR
003e90f9   _EPWM4_INT_ISR
003e90fe   _EPWM5_INT_ISR
003e9103   _EPWM6_INT_ISR
003e9108   _EPWM7_INT_ISR
003e910d   _ECAP1_INT_ISR
003e9112   _HRCAP1_INT_ISR
003e9117   _HRCAP2_INT_ISR
003e911c   _EQEP1_INT_ISR
003e9121   _SPIRXINTA_ISR
003e9126   _SPITXINTA_ISR
003e912b   _SPIRXINTB_ISR
003e9130   _SPITXINTB_ISR
003e9135   _I2CINT1A_ISR
003e913a   _I2CINT2A_ISR
003e913f   _SCIRXINTA_ISR
003e9144   _SCITXINTA_ISR
003e9149   _LIN0INTA_ISR
003e914e   _LIN1INTA_ISR
003e9153   _ECAN0INTA_ISR
003e9158   _ECAN1INTA_ISR
003e915d   _ADCINT3_ISR
003e9162   _ADCINT4_ISR
003e9167   _ADCINT5_ISR
003e916c   _ADCINT6_ISR
003e9171   _ADCINT7_ISR
003e9176   _ADCINT8_ISR
003e917b   _CLA1_INT1_ISR
003e9180   _CLA1_INT2_ISR
003e9185   _CLA1_INT3_ISR
003e918a   _CLA1_INT4_ISR
003e918f   _CLA1_INT5_ISR
003e9194   _CLA1_INT6_ISR
003e9199   _CLA1_INT7_ISR
003e919e   _CLA1_INT8_ISR
003e91a3   _XINT3_ISR
003e91a8   _LVF_ISR
003e91ad   _LUF_ISR
003e91b2   _EMPTY_ISR
003e91b7   _PIE_RESERVED
003e91bc   _rsvd_ISR
003e91c1   _InitSysCtrl
003e91db   _ServiceDog
003e91e5   _DisableDog
003e91ed   _InitPll
003e923d   _InitPeripheralClocks
003e9279   _CsmUnlock
003e92aa   _IntOsc1Sel
003e92ba   _IntOsc2Sel
003e92ce   _XtalOscSel
003e92e2   _ExtOscSel
003e92f8   _handleRxFIFO
003e9368   _SCI_Init
003e9399   _scia_xmit
003e93b3   _open_uart_debug
003e93e3   _my_open
003e93ec   _my_close
003e93f1   _my_read
003e93fa   _my_write
003e9414   _my_lseek
003e941d   _my_unlink
003e9424   _my_rename
003e942e   _main
003e9539   _InitLED
003e9557   LL$$DIV
003e9593   LL$$MOD
003e95cd   ULL$$DIV
003e95fc   ULL$$MOD
003e96d6   __cleanup
003e96f4   _freopen
003e9744   _fopen
003e975e   _InitEPwm
003e975f   _InitEPwmGpio
003e976e   _InitEPwm1Gpio
003e9780   _InitEPwm2Gpio
003e9792   _InitEPwm3Gpio
003e97a6   _InitEPwm4Gpio
003e97ba   _InitEPwm5Gpio
003e97cc   _InitEPwm6Gpio
003e97de   _InitEPwm7Gpio
003e97f0   _InitEPwmSyncGpio
003e9801   _InitTzGpio
003e9822   _fputs
003e98b5   _puts
003e98c7   FD$$ADD
003e9963   FD$$DIV
003e99ee   FD$$MPY
003e9a71   _writemsg
003e9abc   C$$IO$$
003e9ac0   _readmsg
003e9af3   _InitCpuTimers
003e9b34   _ConfigCpuTimer
003e9b69   _setvbuf
003e9bd9   __wrt_ok
003e9c13   __rd_ok
003e9c3e   __doflush
003e9c6d   _fflush
003e9c9e   FS$$MPY
003e9cf8   _uartRx_isr
003e9d4c   _fputc
003e9d4c   _putc
003e9d97   _putchar
003e9d9c   __closefile
003e9dd6   _fclose
003e9de7   _c_int00
003e9e2b   _fseek
003e9e6e   _printf
003e9e9a   _atoi
003e9ecb   _cpu_timer0_isr
003e9ef8   _ltoa
003e9f24   FD$$CMP
003e9f4e   L$$DIV
003e9f5d   L$$MOD
003e9f6b   UL$$DIV
003e9f72   UL$$MOD
003e9f78   FS$$TOL
003e9fa1   _InitPieCtrl
003e9fc0   _EnableInterrupts
003e9fc9   _InitPieVectTable
003e9fee   _Timer0_init
003ea010   FD$$TOI
003ea031   ___memcpy_ff
003ea052   FD$$TOL
003ea071   LL$$CMP
003ea083   ULL$$CMP
003ea08f   _strncpy
003ea0ad   FS$$TOFD
003ea0c9   L$$TOFD
003ea0e5   _InitSci
003ea0e6   _InitSciGpio
003ea0e9   _InitSciaGpio
003ea0ff   _InitI2C
003ea100   _InitI2CGpio
003ea118   __args_main
003ea131   C$$EXIT
003ea131   _abort
003ea133   _exit
003ea14a   LL$$MPY
003ea15e   _InitGpio
003ea171   _memccpy
003ea183   FD$$SUB
003ea191   _memchr
003ea19e   _strchr
003ea1a9   U$$DIV
003ea1ae   U$$MOD
003ea1b4   _strcmp
003ea1be   _strlen
003ea1c8   _i2c_int1a_isr
003ea1d1   __register_unlock
003ea1d5   __register_lock
003ea1d9   __nop
003ea1da   FD$$NEG
003ea1e3   _strcpy
003ea1f4   _memset
003ea1fb   _remove
003ea1fe   ___etext__
003ea1fe   etext
003ea313   __ctypes_
003ea414   _PieVectTableInit
003ea66a   ___cinit__
003ea66a   cinit
003f5000   _RamfuncsLoadStart
003f7ff6   code_start
003f7ff8   _CsmPwl
ffffffff   ___binit__
ffffffff   ___c_args__
ffffffff   ___pinit__
ffffffff   binit
ffffffff   pinit

[321 symbols]
