******************************************************************************
             TMS320C2000 Linker PC v6.1.0                      
******************************************************************************
>> Linked Thu Apr 02 01:01:40 2015

OUTPUT FILE NAME:   <U2_RS485.out>
ENTRY POINT SYMBOL: "_c_int00"  address: 003ea408


MEMORY CONFIGURATION

         name            origin    length      used     unused   attr    fill
----------------------  --------  ---------  --------  --------  ----  --------
PAGE 0:
  RAML0                 00008000   00000800  0000001f  000007e1  RWIX
  RAML1                 00008800   00000400  00000000  00000400  RWIX
  OTP                   003d7800   00000400  00000000  00000400  RWIX
  FLASHCDEFGH           003e8000   0000c000  00002fad  00009053  RWIX
  FLASHB2               003f5000   00001000  0000001f  00000fe1  RWIX
  FLASHA                003f6000   00001f80  00000000  00001f80  RWIX
  CSM_RSVD              003f7f80   00000076  00000000  00000076  RWIX
  BEGIN                 003f7ff6   00000002  00000002  00000000  RWIX
  CSM_PWL_P0            003f7ff8   00000008  00000000  00000008  RWIX
  IQTABLES              003fe000   00000b50  00000000  00000b50  RWIX
  IQTABLES2             003feb50   0000008c  00000000  0000008c  RWIX
  IQTABLES3             003febdc   000000aa  00000000  000000aa  RWIX
  ROM                   003ff27c   00000d44  00000000  00000d44  RWIX
  RESET                 003fffc0   00000002  00000000  00000002  RWIX
  VECTORS               003fffc2   0000003e  00000000  0000003e  RWIX

PAGE 1:
  BOOT_RSVD             00000000   00000050  00000000  00000050  RWIX
  RAMM0                 00000050   000003b0  00000300  000000b0  RWIX
  RAMM1                 00000400   00000400  00000400  00000000  RWIX
  DEV_EMU               00000880   00000105  00000004  00000101  RWIX
  SYS_PWR_CTL           00000985   00000003  00000003  00000000  RWIX
  FLASH_REGS            00000a80   00000060  00000008  00000058  RWIX
  CSM                   00000ae0   00000010  00000010  00000000  RWIX
  ADC_RESULT            00000b00   00000020  00000020  00000000  RWIX
  CPU_TIMER0            00000c00   00000008  00000008  00000000  RWIX
  CPU_TIMER1            00000c08   00000008  00000008  00000000  RWIX
  CPU_TIMER2            00000c10   00000008  00000008  00000000  RWIX
  PIE_CTRL              00000ce0   00000020  0000001a  00000006  RWIX
  PIE_VECT              00000d00   00000100  00000100  00000000  RWIX
  CLA1                  00001400   00000080  00000040  00000040  RWIX
  ECANA                 00006000   00000040  00000034  0000000c  RWIX
  ECANA_LAM             00006040   00000040  00000040  00000000  RWIX
  ECANA_MOTS            00006080   00000040  00000040  00000000  RWIX
  ECANA_MOTO            000060c0   00000040  00000040  00000000  RWIX
  ECANA_MBOX            00006100   00000100  00000100  00000000  RWIX
  COMP1                 00006400   00000020  00000014  0000000c  RWIX
  COMP2                 00006420   00000020  00000014  0000000c  RWIX
  COMP3                 00006440   00000020  00000014  0000000c  RWIX
  EPWM1                 00006800   00000040  00000040  00000000  RWIX
  EPWM2                 00006840   00000040  00000040  00000000  RWIX
  EPWM3                 00006880   00000040  00000040  00000000  RWIX
  EPWM4                 000068c0   00000040  00000040  00000000  RWIX
  EPWM5                 00006900   00000040  00000040  00000000  RWIX
  EPWM6                 00006940   00000040  00000040  00000000  RWIX
  EPWM7                 00006980   00000040  00000040  00000000  RWIX
  ECAP1                 00006a00   00000020  00000020  00000000  RWIX
  HRCAP1                00006ac0   00000020  00000020  00000000  RWIX
  HRCAP2                00006ae0   00000020  00000020  00000000  RWIX
  EQEP1                 00006b00   00000040  00000040  00000000  RWIX
  LINA                  00006c00   00000080  0000004a  00000036  RWIX
  GPIOCTRL              00006f80   00000040  00000040  00000000  RWIX
  GPIODAT               00006fc0   00000020  00000020  00000000  RWIX
  GPIOINT               00006fe0   00000020  0000000c  00000014  RWIX
  SYSTEM                00007010   00000020  00000020  00000000  RWIX
  SPIA                  00007040   00000010  00000010  00000000  RWIX
  SCIA                  00007050   00000010  00000010  00000000  RWIX
  NMIINTRUPT            00007060   00000010  00000010  00000000  RWIX
  XINTRUPT              00007070   00000010  00000010  00000000  RWIX
  ADC                   00007100   00000080  00000050  00000030  RWIX
  SPIB                  00007740   00000010  00000010  00000000  RWIX
  I2CA                  00007900   00000040  00000022  0000001e  RWIX
  RAML2                 00008c00   00000400  000002fe  00000102  RWIX
  RAML3                 00009000   00001000  00000120  00000ee0  RWIX
  PARTID                003d7e80   00000001  00000001  00000000  RWIX
  FLASHB1               003f4000   00001000  00000000  00001000  RWIX
  CSM_PWL               003f7ff8   00000008  00000008  00000000  RWIX


SECTION ALLOCATION MAP

 output                                  attributes/
section   page    origin      length       input sections
--------  ----  ----------  ----------   ----------------
.pinit     0    003e8000    00000000     UNINITIALIZED

.text      0    003e8000    000028f5     
                  003e8000    00000870     rts2800_ml.lib : _printfi.obj (.text)
                  003e8870    0000030a     segscan.obj (.text)
                  003e8b7a    00000237     rts2800_ml.lib : lowlev.obj (.text)
                  003e8db1    000001f0                    : trgdrv.obj (.text)
                  003e8fa1    000001e6     TM1650_IIC.obj (.text)
                  003e9187    000001c8     rts2800_ml.lib : memory.obj (.text)
                  003e934f    0000017c     DSP2803x_DefaultIsr.obj (.text:retain)
                  003e94cb    00000137     DSP2803x_SysCtrl.obj (.text)
                  003e9602    00000136     printf_uart.obj (.text)
                  003e9738    00000107     rts2800_ml.lib : ll_div.obj (.text)
                  003e983f    00000100                    : fopen.obj (.text)
                  003e993f    000000e1     main.obj (.text)
                  003e9a20    000000c4     DSP2803x_EPwm.obj (.text)
                  003e9ae4    000000b6     Test485.obj (.text)
                  003e9b9a    000000a5     rts2800_ml.lib : fputs.obj (.text)
                  003e9c3f    0000009e                    : exp.obj (.text)
                  003e9cdd    0000009c                    : fd_add.obj (.text)
                  003e9d79    0000008d                    : _log.obj (.text)
                  003e9e06    0000008b                    : fd_div.obj (.text)
                  003e9e91    00000083                    : fd_mpy.obj (.text)
                  003e9f14    00000083                    : fs_div.obj (.text)
                  003e9f97    00000083                    : pow.obj (.text)
                  003ea01a    00000082                    : ankmsg.obj (.text)
                  003ea09c    00000078                    : fs_add.obj (.text)
                  003ea114    00000076     DSP2803x_CpuTimers.obj (.text)
                  003ea18a    00000070     rts2800_ml.lib : setvbuf.obj (.text)
                  003ea1fa    00000065                    : _io_perm.obj (.text)
                  003ea25f    00000060                    : fflush.obj (.text)
                  003ea2bf    0000005a                    : fs_mpy.obj (.text)
                  003ea319    00000054     printf_uart.obj (.text:retain)
                  003ea36d    00000050     rts2800_ml.lib : fputc.obj (.text)
                  003ea3bd    0000004b                    : fclose.obj (.text)
                  003ea408    00000044                    : boot.obj (.text)
                  003ea44c    00000041                    : ldexp.obj (.text)
                  003ea48d    0000003d                    : fseek.obj (.text)
                  003ea4ca    00000032                    : printf.obj (.text)
                  003ea4fc    00000031     timer0_base.obj (.text:retain)
                  003ea52d    00000031     rts2800_ml.lib : atoi.obj (.text)
                  003ea55e    0000002c                    : ltoa.obj (.text)
                  003ea58a    0000002a                    : fd_cmp.obj (.text)
                  003ea5b4    0000002a                    : l_div.obj (.text)
                  003ea5de    00000029                    : fs_tol.obj (.text)
                  003ea607    00000028     DSP2803x_PieCtrl.obj (.text)
                  003ea62f    00000025     DSP2803x_PieVect.obj (.text)
                  003ea654    00000025     rts2800_ml.lib : fs_toi.obj (.text)
                  003ea679    00000022                    : i_div.obj (.text)
                  003ea69b    00000022     timer0_base.obj (.text)
                  003ea6bd    00000021     rts2800_ml.lib : fd_toi.obj (.text)
                  003ea6de    00000021                    : memcpy_ff.obj (.text)
                  003ea6ff    0000001f                    : fd_tol.obj (.text)
                  003ea71e    0000001e                    : ll_cmp.obj (.text)
                  003ea73c    0000001e                    : strncpy.obj (.text)
                  003ea75a    0000001c                    : fs_tofd.obj (.text)
                  003ea776    0000001c                    : l_tofd.obj (.text)
                  003ea792    0000001a     DSP2803x_Sci.obj (.text)
                  003ea7ac    0000001a     rts2800_ml.lib : i_tofs.obj (.text)
                  003ea7c6    00000019     DSP2803x_I2C.obj (.text)
                  003ea7df    00000019     rts2800_ml.lib : args_main.obj (.text)
                  003ea7f8    00000019                    : exit.obj (.text)
                  003ea811    00000017                    : fs_cmp.obj (.text)
                  003ea828    00000014                    : frexp.obj (.text)
                  003ea83c    00000014                    : ll_mpy.obj (.text)
                  003ea850    00000013     DSP2803x_Gpio.obj (.text)
                  003ea863    00000012     rts2800_ml.lib : memccpy.obj (.text)
                  003ea875    0000000e                    : fd_sub.obj (.text)
                  003ea883    0000000d                    : memchr.obj (.text)
                  003ea890    0000000b                    : strchr.obj (.text)
                  003ea89b    0000000b                    : u_div.obj (.text)
                  003ea8a6    0000000a                    : strcmp.obj (.text)
                  003ea8b0    0000000a                    : strlen.obj (.text)
                  003ea8ba    00000009     TM1650_IIC.obj (.text:retain)
                  003ea8c3    00000009     rts2800_ml.lib : _lock.obj (.text)
                  003ea8cc    00000009                    : fd_neg.obj (.text)
                  003ea8d5    00000009                    : strcpy.obj (.text)
                  003ea8de    00000008     DSP2803x_CodeStartBranch.obj (.text)
                  003ea8e6    00000007     rts2800_ml.lib : memset.obj (.text)
                  003ea8ed    00000005                    : fs_neg.obj (.text)
                  003ea8f2    00000003                    : remove.obj (.text)

.econst    0    003ea8f6    00000590     
                  003ea8f6    000001da     main.obj (.econst:.string)
                  003eaad0    00000101     rts2800_ml.lib : ctype.obj (.econst:__ctypes_)
                  003eabd1    00000001     --HOLE-- [fill = 0]
                  003eabd2    00000100     DSP2803x_PieVect.obj (.econst)
                  003eacd2    000000f4     printf_uart.obj (.econst:.string)
                  003eadc6    0000004d     segscan.obj (.econst:.string)
                  003eae13    00000001     --HOLE-- [fill = 0]
                  003eae14    00000024     TM1650_IIC.obj (.econst:.string)
                  003eae38    00000024     rts2800_ml.lib : _printfi.obj (.econst:.string)
                  003eae5c    00000018                    : _printfi.obj (.econst)
                  003eae74    00000010     Test485.obj (.econst:.string)
                  003eae84    00000002     rts2800_ml.lib : fputs.obj (.econst:.string)

.cinit     0    003eae86    00000128     
                  003eae86    00000058     segscan.obj (.cinit)
                  003eaede    00000041     TM1650_IIC.obj (.cinit)
                  003eaf1f    0000002d     rts2800_ml.lib : lowlev.obj (.cinit)
                  003eaf4c    0000002a                    : defs.obj (.cinit)
                  003eaf76    0000000b     printf_uart.obj (.cinit)
                  003eaf81    0000000a     rts2800_ml.lib : _lock.obj (.cinit)
                  003eaf8b    0000000a                    : exit.obj (.cinit)
                  003eaf95    00000007     timer0_base.obj (.cinit)
                  003eaf9c    00000004     main.obj (.cinit)
                  003eafa0    00000004     rts2800_ml.lib : errno.obj (.cinit)
                  003eafa4    00000004                    : fopen.obj (.cinit)
                  003eafa8    00000004                    : memory.obj (.cinit)
                  003eafac    00000002     --HOLE-- [fill = 0]

ramfuncs   0    003f5000    0000001f     RUN ADDR = 00008000
                  003f5000    0000001b     DSP2803x_SysCtrl.obj (ramfuncs)
                  003f501b    00000004     DSP2803x_usDelay.obj (ramfuncs)

codestart 
*          0    003f7ff6    00000002     
                  003f7ff6    00000002     DSP2803x_CodeStartBranch.obj (codestart)

.reset     0    003fffc0    00000002     DSECT
                  003fffc0    00000002     rts2800_ml.lib : boot.obj (.reset)

vectors    0    003fffc2    00000000     DSECT

.stack     1    00000050    00000300     UNINITIALIZED
                  00000050    00000300     --HOLE--

.sysmem    1    00000400    00000400     UNINITIALIZED
                  00000400    00000001     rts2800_ml.lib : memory.obj (.sysmem)
                  00000401    000003ff     --HOLE--

DevEmuRegsFile 
*          1    00000880    00000004     UNINITIALIZED
                  00000880    00000004     DSP2803x_GlobalVariableDefs.obj (DevEmuRegsFile)

SysPwrCtrlRegsFile 
*          1    00000985    00000003     UNINITIALIZED
                  00000985    00000003     DSP2803x_GlobalVariableDefs.obj (SysPwrCtrlRegsFile)

FlashRegsFile 
*          1    00000a80    00000008     UNINITIALIZED
                  00000a80    00000008     DSP2803x_GlobalVariableDefs.obj (FlashRegsFile)

CsmRegsFile 
*          1    00000ae0    00000010     UNINITIALIZED
                  00000ae0    00000010     DSP2803x_GlobalVariableDefs.obj (CsmRegsFile)

AdcResultFile 
*          1    00000b00    00000020     UNINITIALIZED
                  00000b00    00000020     DSP2803x_GlobalVariableDefs.obj (AdcResultFile)

CpuTimer0RegsFile 
*          1    00000c00    00000008     UNINITIALIZED
                  00000c00    00000008     DSP2803x_GlobalVariableDefs.obj (CpuTimer0RegsFile)

CpuTimer1RegsFile 
*          1    00000c08    00000008     UNINITIALIZED
                  00000c08    00000008     DSP2803x_GlobalVariableDefs.obj (CpuTimer1RegsFile)

CpuTimer2RegsFile 
*          1    00000c10    00000008     UNINITIALIZED
                  00000c10    00000008     DSP2803x_GlobalVariableDefs.obj (CpuTimer2RegsFile)

PieCtrlRegsFile 
*          1    00000ce0    0000001a     UNINITIALIZED
                  00000ce0    0000001a     DSP2803x_GlobalVariableDefs.obj (PieCtrlRegsFile)

PieVectTableFile 
*          1    00000d00    00000100     UNINITIALIZED
                  00000d00    00000100     DSP2803x_GlobalVariableDefs.obj (PieVectTableFile)

EmuKeyVar 
*          1    00000d00    00000001     UNINITIALIZED
                  00000d00    00000001     DSP2803x_GlobalVariableDefs.obj (EmuKeyVar)

EmuBModeVar 
*          1    00000d01    00000001     UNINITIALIZED
                  00000d01    00000001     DSP2803x_GlobalVariableDefs.obj (EmuBModeVar)

FlashCallbackVar 
*          1    00000d02    00000002     UNINITIALIZED
                  00000d02    00000002     DSP2803x_GlobalVariableDefs.obj (FlashCallbackVar)

FlashScalingVar 
*          1    00000d04    00000002     UNINITIALIZED
                  00000d04    00000002     DSP2803x_GlobalVariableDefs.obj (FlashScalingVar)

Cla1RegsFile 
*          1    00001400    00000040     UNINITIALIZED
                  00001400    00000040     DSP2803x_GlobalVariableDefs.obj (Cla1RegsFile)

ECanaRegsFile 
*          1    00006000    00000034     UNINITIALIZED
                  00006000    00000034     DSP2803x_GlobalVariableDefs.obj (ECanaRegsFile)

ECanaLAMRegsFile 
*          1    00006040    00000040     UNINITIALIZED
                  00006040    00000040     DSP2803x_GlobalVariableDefs.obj (ECanaLAMRegsFile)

ECanaMOTSRegsFile 
*          1    00006080    00000040     UNINITIALIZED
                  00006080    00000040     DSP2803x_GlobalVariableDefs.obj (ECanaMOTSRegsFile)

ECanaMOTORegsFile 
*          1    000060c0    00000040     UNINITIALIZED
                  000060c0    00000040     DSP2803x_GlobalVariableDefs.obj (ECanaMOTORegsFile)

ECanaMboxesFile 
*          1    00006100    00000100     UNINITIALIZED
                  00006100    00000100     DSP2803x_GlobalVariableDefs.obj (ECanaMboxesFile)

Comp1RegsFile 
*          1    00006400    00000014     UNINITIALIZED
                  00006400    00000014     DSP2803x_GlobalVariableDefs.obj (Comp1RegsFile)

Comp2RegsFile 
*          1    00006420    00000014     UNINITIALIZED
                  00006420    00000014     DSP2803x_GlobalVariableDefs.obj (Comp2RegsFile)

Comp3RegsFile 
*          1    00006440    00000014     UNINITIALIZED
                  00006440    00000014     DSP2803x_GlobalVariableDefs.obj (Comp3RegsFile)

EPwm1RegsFile 
*          1    00006800    00000040     UNINITIALIZED
                  00006800    00000040     DSP2803x_GlobalVariableDefs.obj (EPwm1RegsFile)

EPwm2RegsFile 
*          1    00006840    00000040     UNINITIALIZED
                  00006840    00000040     DSP2803x_GlobalVariableDefs.obj (EPwm2RegsFile)

EPwm3RegsFile 
*          1    00006880    00000040     UNINITIALIZED
                  00006880    00000040     DSP2803x_GlobalVariableDefs.obj (EPwm3RegsFile)

EPwm4RegsFile 
*          1    000068c0    00000040     UNINITIALIZED
                  000068c0    00000040     DSP2803x_GlobalVariableDefs.obj (EPwm4RegsFile)

EPwm5RegsFile 
*          1    00006900    00000040     UNINITIALIZED
                  00006900    00000040     DSP2803x_GlobalVariableDefs.obj (EPwm5RegsFile)

EPwm6RegsFile 
*          1    00006940    00000040     UNINITIALIZED
                  00006940    00000040     DSP2803x_GlobalVariableDefs.obj (EPwm6RegsFile)

EPwm7RegsFile 
*          1    00006980    00000040     UNINITIALIZED
                  00006980    00000040     DSP2803x_GlobalVariableDefs.obj (EPwm7RegsFile)

ECap1RegsFile 
*          1    00006a00    00000020     UNINITIALIZED
                  00006a00    00000020     DSP2803x_GlobalVariableDefs.obj (ECap1RegsFile)

HRCap1RegsFile 
*          1    00006ac0    00000020     UNINITIALIZED
                  00006ac0    00000020     DSP2803x_GlobalVariableDefs.obj (HRCap1RegsFile)

HRCap2RegsFile 
*          1    00006ae0    00000020     UNINITIALIZED
                  00006ae0    00000020     DSP2803x_GlobalVariableDefs.obj (HRCap2RegsFile)

EQep1RegsFile 
*          1    00006b00    00000040     UNINITIALIZED
                  00006b00    00000040     DSP2803x_GlobalVariableDefs.obj (EQep1RegsFile)

LinaRegsFile 
*          1    00006c00    0000004a     UNINITIALIZED
                  00006c00    0000004a     DSP2803x_GlobalVariableDefs.obj (LinaRegsFile)

GpioCtrlRegsFile 
*          1    00006f80    00000040     UNINITIALIZED
                  00006f80    00000040     DSP2803x_GlobalVariableDefs.obj (GpioCtrlRegsFile)

GpioDataRegsFile 
*          1    00006fc0    00000020     UNINITIALIZED
                  00006fc0    00000020     DSP2803x_GlobalVariableDefs.obj (GpioDataRegsFile)

GpioIntRegsFile 
*          1    00006fe0    0000000c     UNINITIALIZED
                  00006fe0    0000000c     DSP2803x_GlobalVariableDefs.obj (GpioIntRegsFile)

SysCtrlRegsFile 
*          1    00007010    00000020     UNINITIALIZED
                  00007010    00000020     DSP2803x_GlobalVariableDefs.obj (SysCtrlRegsFile)

SpiaRegsFile 
*          1    00007040    00000010     UNINITIALIZED
                  00007040    00000010     DSP2803x_GlobalVariableDefs.obj (SpiaRegsFile)

SciaRegsFile 
*          1    00007050    00000010     UNINITIALIZED
                  00007050    00000010     DSP2803x_GlobalVariableDefs.obj (SciaRegsFile)

NmiIntruptRegsFile 
*          1    00007060    00000010     UNINITIALIZED
                  00007060    00000010     DSP2803x_GlobalVariableDefs.obj (NmiIntruptRegsFile)

XIntruptRegsFile 
*          1    00007070    00000010     UNINITIALIZED
                  00007070    00000010     DSP2803x_GlobalVariableDefs.obj (XIntruptRegsFile)

AdcRegsFile 
*          1    00007100    00000050     UNINITIALIZED
                  00007100    00000050     DSP2803x_GlobalVariableDefs.obj (AdcRegsFile)

SpibRegsFile 
*          1    00007740    00000010     UNINITIALIZED
                  00007740    00000010     DSP2803x_GlobalVariableDefs.obj (SpibRegsFile)

I2caRegsFile 
*          1    00007900    00000022     UNINITIALIZED
                  00007900    00000022     DSP2803x_GlobalVariableDefs.obj (I2caRegsFile)

.ebss      1    00008c00    000002fe     UNINITIALIZED
                  00008c00    00000160     rts2800_ml.lib : defs.obj (.ebss)
                  00008d60    00000018     DSP2803x_CpuTimers.obj (.ebss)
                  00008d78    00000008     rts2800_ml.lib : memory.obj (.ebss)
                  00008d80    00000088                    : lowlev.obj (.ebss)
                  00008e08    00000018     printf_uart.obj (.ebss)
                  00008e20    00000008     rts2800_ml.lib : trgdrv.obj (.ebss)
                  00008e28    00000004                    : _lock.obj (.ebss)
                  00008e2c    00000004                    : exit.obj (.ebss)
                  00008e30    00000004     timer0_base.obj (.ebss)
                  00008e34    00000002     main.obj (.ebss)
                  00008e36    00000001     rts2800_ml.lib : errno.obj (.ebss)
                  00008e37    00000001                    : fopen.obj (.ebss)
                  00008e38    00000008     --HOLE--
                  00008e40    00000058     TM1650_IIC.obj (.ebss)
                  00008e98    00000028     --HOLE--
                  00008ec0    0000003e     segscan.obj (.ebss)

.cio       1    00009000    00000120     UNINITIALIZED
                  00009000    00000120     rts2800_ml.lib : ankmsg.obj (.cio)

PartIdRegsFile 
*          1    003d7e80    00000001     UNINITIALIZED
                  003d7e80    00000001     DSP2803x_GlobalVariableDefs.obj (PartIdRegsFile)

CsmPwlFile 
*          1    003f7ff8    00000008     UNINITIALIZED
                  003f7ff8    00000008     DSP2803x_GlobalVariableDefs.obj (CsmPwlFile)


GLOBAL SYMBOLS: SORTED ALPHABETICALLY BY Name 

address    name
--------   ----
003e8000   .text
003ea7f8   C$$EXIT
003ea065   C$$IO$$
003e9cdd   FD$$ADD
003ea58a   FD$$CMP
003e9e06   FD$$DIV
003e9e91   FD$$MPY
003ea8cc   FD$$NEG
003ea875   FD$$SUB
003ea6bd   FD$$TOI
003ea6ff   FD$$TOL
003ea0a1   FS$$ADD
003ea811   FS$$CMP
003e9f14   FS$$DIV
003ea2bf   FS$$MPY
003ea8ed   FS$$NEG
003ea09c   FS$$SUB
003ea75a   FS$$TOFD
003ea654   FS$$TOI
003ea5de   FS$$TOL
003ea679   I$$DIV
003ea68a   I$$MOD
003ea7ac   I$$TOFS
003ea5b4   L$$DIV
003ea5c3   L$$MOD
003ea776   L$$TOFD
003ea71e   LL$$CMP
003e9738   LL$$DIV
003e9774   LL$$MOD
003ea83c   LL$$MPY
003ea89b   U$$DIV
003ea8a0   U$$MOD
003ea5d1   UL$$DIV
003ea5d8   UL$$MOD
003ea730   ULL$$CMP
003e97ae   ULL$$DIV
003e97dd   ULL$$MOD
003e93ae   _ADCINT1_ISR
003e93b3   _ADCINT2_ISR
003e9467   _ADCINT3_ISR
003e946c   _ADCINT4_ISR
003e9471   _ADCINT5_ISR
003e9476   _ADCINT6_ISR
003e947b   _ADCINT7_ISR
003e9480   _ADCINT8_ISR
003e93c2   _ADCINT9_ISR
00007100   _AdcRegs
00000b00   _AdcResult
003e9485   _CLA1_INT1_ISR
003e948a   _CLA1_INT2_ISR
003e948f   _CLA1_INT3_ISR
003e9494   _CLA1_INT4_ISR
003e9499   _CLA1_INT5_ISR
003e949e   _CLA1_INT6_ISR
003e94a3   _CLA1_INT7_ISR
003e94a8   _CLA1_INT8_ISR
00001400   _Cla1Regs
00006400   _Comp1Regs
00006420   _Comp2Regs
00006440   _Comp3Regs
003ea155   _ConfigCpuTimer
00008d70   _CpuTimer0
00000c00   _CpuTimer0Regs
00008d60   _CpuTimer1
00000c08   _CpuTimer1Regs
00008d68   _CpuTimer2
00000c10   _CpuTimer2Regs
003f7ff8   _CsmPwl
00000ae0   _CsmRegs
003e9583   _CsmUnlock
003e9359   _DATALOG_ISR
00008e80   _DSP28035_IIC_Msg
0000801b   _DSP28x_usDelay
00000880   _DevEmuRegs
003e94ef   _DisableDog
003e945d   _ECAN0INTA_ISR
003e9462   _ECAN1INTA_ISR
003e9417   _ECAP1_INT_ISR
00006040   _ECanaLAMRegs
000060c0   _ECanaMOTORegs
00006080   _ECanaMOTSRegs
00006100   _ECanaMboxes
00006000   _ECanaRegs
00006a00   _ECap1Regs
003e94bc   _EMPTY_ISR
003e9363   _EMUINT_ISR
003e93f4   _EPWM1_INT_ISR
003e93d1   _EPWM1_TZINT_ISR
003e93f9   _EPWM2_INT_ISR
003e93d6   _EPWM2_TZINT_ISR
003e93fe   _EPWM3_INT_ISR
003e93db   _EPWM3_TZINT_ISR
003e9403   _EPWM4_INT_ISR
003e93e0   _EPWM4_TZINT_ISR
003e9408   _EPWM5_INT_ISR
003e93e5   _EPWM5_TZINT_ISR
003e940d   _EPWM6_INT_ISR
003e93ea   _EPWM6_TZINT_ISR
003e9412   _EPWM7_INT_ISR
003e93ef   _EPWM7_TZINT_ISR
00006800   _EPwm1Regs
00006840   _EPwm2Regs
00006880   _EPwm3Regs
000068c0   _EPwm4Regs
00006900   _EPwm5Regs
00006940   _EPwm6Regs
00006980   _EPwm7Regs
003e9426   _EQEP1_INT_ISR
00006b00   _EQep1Regs
00000d01   _EmuBMode
00000d00   _EmuKey
003ea626   _EnableInterrupts
00008e34   _Error
003e95ec   _ExtOscSel
00000a80   _FlashRegs
00000d04   _Flash_CPUScaleFactor
00000d02   _Flash_CallbackPtr
00006f80   _GpioCtrlRegs
00006fc0   _GpioDataRegs
00006fe0   _GpioIntRegs
003e8f77   _HOSTclock
003e8f50   _HOSTclose
003e8f28   _HOSTgetenv
003e8ee1   _HOSTlseek
003e8eaa   _HOSTopen
003e8e74   _HOSTread
003e8e36   _HOSTrename
003e8e0c   _HOSTtime
003e8de7   _HOSTunlink
003e8db1   _HOSTwrite
003e941c   _HRCAP1_INT_ISR
003e9421   _HRCAP2_INT_ISR
00006ac0   _HRCap1Regs
00006ae0   _HRCap2Regs
003e8fb7   _I2CA_Init
003e9031   _I2CA_Rxdata_STOP
003e9001   _I2CA_Tx_STOP
003e943f   _I2CINT1A_ISR
003e9444   _I2CINT2A_ISR
00007900   _I2caRegs
00008e64   _ICF8591Msg
00008e44   _IIC_ISR_String
003e936d   _ILLEGAL_ISR
003e934f   _INT13_ISR
003e9354   _INT14_ISR
003e9ae4   _Init485EN
003ea114   _InitCpuTimers
003e9a20   _InitEPwm
003e9a30   _InitEPwm1Gpio
003e9a42   _InitEPwm2Gpio
003e9a54   _InitEPwm3Gpio
003e9a68   _InitEPwm4Gpio
003e9a7c   _InitEPwm5Gpio
003e9a8e   _InitEPwm6Gpio
003e9aa0   _InitEPwm7Gpio
003e9a21   _InitEPwmGpio
003e9ab2   _InitEPwmSyncGpio
00008000   _InitFlash
003ea850   _InitGpio
003ea7c6   _InitI2C
003ea7c7   _InitI2CGpio
003e8fa1   _InitI2C_Gpio
003e9a02   _InitLED
003e9547   _InitPeripheralClocks
003ea607   _InitPieCtrl
003ea62f   _InitPieVectTable
003e94f7   _InitPll
003ea792   _InitSci
003ea793   _InitSciGpio
003ea796   _InitSciaGpio
003e94cb   _InitSysCtrl
003e9ac3   _InitTzGpio
003e95b4   _IntOsc1Sel
003e95c4   _IntOsc2Sel
003e9453   _LIN0INTA_ISR
003e9458   _LIN1INTA_ISR
003e94b7   _LUF_ISR
003e94b2   _LVF_ISR
00008e40   _LigntVal
00006c00   _LinaRegs
003e9368   _NMI_ISR
00007060   _NmiIntruptRegs
003e94c1   _PIE_RESERVED
003d7e80   _PartIdRegs
00000ce0   _PieCtrlRegs
00000d00   _PieVectTable
003eabd2   _PieVectTableInit
00008e42   _PtrMsg
00008eda   _RGB_Code
003e935e   _RTOSINT_ISR
0000001f   _RamfuncsLoadSize
003f5000   _RamfuncsLoadStart
00008000   _RamfuncsRunStart
00008ee4   _Running
003e9449   _SCIRXINTA_ISR
003e944e   _SCITXINTA_ISR
003e9672   _SCI_Init
00008e08   _SCI_Msg
00008e54   _SEG7Table
003e942b   _SPIRXINTA_ISR
003e9435   _SPIRXINTB_ISR
003e9430   _SPITXINTA_ISR
003e943a   _SPITXINTB_ISR
00007050   _SciaRegs
003e8a2f   _SegScanTask
003e94e5   _ServiceDog
003e8870   _ShumaSlt
00007040   _SpiaRegs
00007740   _SpibRegs
00007010   _SysCtrlRegs
00000985   _SysPwrCtrlRegs
003e93c7   _TINT0_ISR
00008ec8   _TM1650SegVal
003e913d   _TM1650_Read
003e9102   _TM1650_Send
003ea69b   _Timer0_init
00008e35   _Tmp
003e939f   _USER10_ISR
003e93a4   _USER11_ISR
003e93a9   _USER12_ISR
003e9372   _USER1_ISR
003e9377   _USER2_ISR
003e937c   _USER3_ISR
003e9381   _USER4_ISR
003e9386   _USER5_ISR
003e938b   _USER6_ISR
003e9390   _USER7_ISR
003e9395   _USER8_ISR
003e939a   _USER9_ISR
003e93cc   _WAKEINT_ISR
003e93b8   _XINT1_ISR
003e93bd   _XINT2_ISR
003e94ad   _XINT3_ISR
00007070   _XIntruptRegs
003e95d8   _XtalOscSel
00009000   __CIOBUF_
00000350   __STACK_END
00000300   __STACK_SIZE
00000400   __SYSMEM_SIZE
00000001   __TI_args_main
ffffffff   ___binit__
ffffffff   ___c_args__
003eae86   ___cinit__
003ea8f5   ___etext__
003ea6de   ___memcpy_ff
ffffffff   ___pinit__
003e8000   ___text__
003ea7df   __args_main
003e98b7   __cleanup
00008e2c   __cleanup_ptr
003ea3bd   __closefile
003eaad0   __ctypes_
003ea25f   __doflush
00008e2e   __dtors_ptr
00008c00   __ft_end
00008c40   __ftable
00008e2a   __lock
003e9d79   __log
003ea8cb   __nop
003e877e   __printfi
003ea234   __rd_ok
003ea8c7   __register_lock
003ea8c3   __register_unlock
00000050   __stack
00000400   __sys_memory
00008cc0   __tmpnams
00008e28   __unlock
003ea1fa   __wrt_ok
003ea7f8   _abort
003e8d53   _add_device
003ea52d   _atoi
003ea408   _c_int00
003e9336   _calloc
003e9334   _chkheap
003e8d21   _close
003ea4fc   _cpu_timer0_isr
00008e36   _errno
003ea7fa   _exit
003e9c3f   _exp
003ea3f7   _fclose
003ea28e   _fflush
003e9925   _fopen
003ea36d   _fputc
003e9b9a   _fputs
003e9187   _free
003e9318   _free_memory
003e98d5   _freopen
003ea828   _frexp
003ea48d   _fseek
00008ed2   _ftest
00008ec6   _ftestData
003e9af2   _handle485RxFIFO
003e9602   _handleRxFIFO
003e8aee   _handleScanKey
003e9b66   _handleScanKey485
003ea8ba   _i2c_int1a_isr
00008ecc   _keyStr
00008e41   _keyVal
00008ec4   _keyValCode
003ea44c   _ldexp
003e8cf3   _lseek
003ea55e   _ltoa
003e993f   _main
003e91f0   _malloc
003e92f8   _max_free
003ea863   _memccpy
003ea883   _memchr
003ea8e6   _memset
003e91cc   _minit
003e96f6   _my_close
003e971e   _my_lseek
003e96ed   _my_open
003e96fb   _my_read
003e972e   _my_rename
003e9727   _my_unlink
003e9704   _my_write
003e8c9d   _open
003e96bd   _open_uart_debug
00008ec0   _poitPosition
003e9f97   _pow
003ea4d0   _printf
003ea36d   _putc
003ea3b8   _putchar
003e9c2d   _puts
003e8c4f   _read
003ea069   _readmsg
003e9246   _realloc
003ea8f2   _remove
003e8c35   _remove_device
003e8c0c   _rename
003e94c6   _rsvd_ISR
003e96a3   _scia_xmit
003e8886   _segGetShow
003ea18a   _setvbuf
003e9042   _softResetIIC_BUS
003e9b49   _start485Send
003ea890   _strchr
003ea8a6   _strcmp
003ea8d5   _strcpy
003ea8b0   _strlen
003ea73c   _strncpy
00008e30   _timer0Base
003ea319   _uartRx_isr
003e8bf4   _unlink
003e9b4e   _wait485Send
003e8b7a   _write
003ea01a   _writemsg
ffffffff   binit
003eae86   cinit
003f7ff6   code_start
003ea8f5   etext
ffffffff   pinit


GLOBAL SYMBOLS: SORTED BY Symbol Address 

address    name
--------   ----
00000001   __TI_args_main
0000001f   _RamfuncsLoadSize
00000050   __stack
00000300   __STACK_SIZE
00000350   __STACK_END
00000400   __SYSMEM_SIZE
00000400   __sys_memory
00000880   _DevEmuRegs
00000985   _SysPwrCtrlRegs
00000a80   _FlashRegs
00000ae0   _CsmRegs
00000b00   _AdcResult
00000c00   _CpuTimer0Regs
00000c08   _CpuTimer1Regs
00000c10   _CpuTimer2Regs
00000ce0   _PieCtrlRegs
00000d00   _EmuKey
00000d00   _PieVectTable
00000d01   _EmuBMode
00000d02   _Flash_CallbackPtr
00000d04   _Flash_CPUScaleFactor
00001400   _Cla1Regs
00006000   _ECanaRegs
00006040   _ECanaLAMRegs
00006080   _ECanaMOTSRegs
000060c0   _ECanaMOTORegs
00006100   _ECanaMboxes
00006400   _Comp1Regs
00006420   _Comp2Regs
00006440   _Comp3Regs
00006800   _EPwm1Regs
00006840   _EPwm2Regs
00006880   _EPwm3Regs
000068c0   _EPwm4Regs
00006900   _EPwm5Regs
00006940   _EPwm6Regs
00006980   _EPwm7Regs
00006a00   _ECap1Regs
00006ac0   _HRCap1Regs
00006ae0   _HRCap2Regs
00006b00   _EQep1Regs
00006c00   _LinaRegs
00006f80   _GpioCtrlRegs
00006fc0   _GpioDataRegs
00006fe0   _GpioIntRegs
00007010   _SysCtrlRegs
00007040   _SpiaRegs
00007050   _SciaRegs
00007060   _NmiIntruptRegs
00007070   _XIntruptRegs
00007100   _AdcRegs
00007740   _SpibRegs
00007900   _I2caRegs
00008000   _InitFlash
00008000   _RamfuncsRunStart
0000801b   _DSP28x_usDelay
00008c00   __ft_end
00008c40   __ftable
00008cc0   __tmpnams
00008d60   _CpuTimer1
00008d68   _CpuTimer2
00008d70   _CpuTimer0
00008e08   _SCI_Msg
00008e28   __unlock
00008e2a   __lock
00008e2c   __cleanup_ptr
00008e2e   __dtors_ptr
00008e30   _timer0Base
00008e34   _Error
00008e35   _Tmp
00008e36   _errno
00008e40   _LigntVal
00008e41   _keyVal
00008e42   _PtrMsg
00008e44   _IIC_ISR_String
00008e54   _SEG7Table
00008e64   _ICF8591Msg
00008e80   _DSP28035_IIC_Msg
00008ec0   _poitPosition
00008ec4   _keyValCode
00008ec6   _ftestData
00008ec8   _TM1650SegVal
00008ecc   _keyStr
00008ed2   _ftest
00008eda   _RGB_Code
00008ee4   _Running
00009000   __CIOBUF_
003d7e80   _PartIdRegs
003e8000   .text
003e8000   ___text__
003e877e   __printfi
003e8870   _ShumaSlt
003e8886   _segGetShow
003e8a2f   _SegScanTask
003e8aee   _handleScanKey
003e8b7a   _write
003e8bf4   _unlink
003e8c0c   _rename
003e8c35   _remove_device
003e8c4f   _read
003e8c9d   _open
003e8cf3   _lseek
003e8d21   _close
003e8d53   _add_device
003e8db1   _HOSTwrite
003e8de7   _HOSTunlink
003e8e0c   _HOSTtime
003e8e36   _HOSTrename
003e8e74   _HOSTread
003e8eaa   _HOSTopen
003e8ee1   _HOSTlseek
003e8f28   _HOSTgetenv
003e8f50   _HOSTclose
003e8f77   _HOSTclock
003e8fa1   _InitI2C_Gpio
003e8fb7   _I2CA_Init
003e9001   _I2CA_Tx_STOP
003e9031   _I2CA_Rxdata_STOP
003e9042   _softResetIIC_BUS
003e9102   _TM1650_Send
003e913d   _TM1650_Read
003e9187   _free
003e91cc   _minit
003e91f0   _malloc
003e9246   _realloc
003e92f8   _max_free
003e9318   _free_memory
003e9334   _chkheap
003e9336   _calloc
003e934f   _INT13_ISR
003e9354   _INT14_ISR
003e9359   _DATALOG_ISR
003e935e   _RTOSINT_ISR
003e9363   _EMUINT_ISR
003e9368   _NMI_ISR
003e936d   _ILLEGAL_ISR
003e9372   _USER1_ISR
003e9377   _USER2_ISR
003e937c   _USER3_ISR
003e9381   _USER4_ISR
003e9386   _USER5_ISR
003e938b   _USER6_ISR
003e9390   _USER7_ISR
003e9395   _USER8_ISR
003e939a   _USER9_ISR
003e939f   _USER10_ISR
003e93a4   _USER11_ISR
003e93a9   _USER12_ISR
003e93ae   _ADCINT1_ISR
003e93b3   _ADCINT2_ISR
003e93b8   _XINT1_ISR
003e93bd   _XINT2_ISR
003e93c2   _ADCINT9_ISR
003e93c7   _TINT0_ISR
003e93cc   _WAKEINT_ISR
003e93d1   _EPWM1_TZINT_ISR
003e93d6   _EPWM2_TZINT_ISR
003e93db   _EPWM3_TZINT_ISR
003e93e0   _EPWM4_TZINT_ISR
003e93e5   _EPWM5_TZINT_ISR
003e93ea   _EPWM6_TZINT_ISR
003e93ef   _EPWM7_TZINT_ISR
003e93f4   _EPWM1_INT_ISR
003e93f9   _EPWM2_INT_ISR
003e93fe   _EPWM3_INT_ISR
003e9403   _EPWM4_INT_ISR
003e9408   _EPWM5_INT_ISR
003e940d   _EPWM6_INT_ISR
003e9412   _EPWM7_INT_ISR
003e9417   _ECAP1_INT_ISR
003e941c   _HRCAP1_INT_ISR
003e9421   _HRCAP2_INT_ISR
003e9426   _EQEP1_INT_ISR
003e942b   _SPIRXINTA_ISR
003e9430   _SPITXINTA_ISR
003e9435   _SPIRXINTB_ISR
003e943a   _SPITXINTB_ISR
003e943f   _I2CINT1A_ISR
003e9444   _I2CINT2A_ISR
003e9449   _SCIRXINTA_ISR
003e944e   _SCITXINTA_ISR
003e9453   _LIN0INTA_ISR
003e9458   _LIN1INTA_ISR
003e945d   _ECAN0INTA_ISR
003e9462   _ECAN1INTA_ISR
003e9467   _ADCINT3_ISR
003e946c   _ADCINT4_ISR
003e9471   _ADCINT5_ISR
003e9476   _ADCINT6_ISR
003e947b   _ADCINT7_ISR
003e9480   _ADCINT8_ISR
003e9485   _CLA1_INT1_ISR
003e948a   _CLA1_INT2_ISR
003e948f   _CLA1_INT3_ISR
003e9494   _CLA1_INT4_ISR
003e9499   _CLA1_INT5_ISR
003e949e   _CLA1_INT6_ISR
003e94a3   _CLA1_INT7_ISR
003e94a8   _CLA1_INT8_ISR
003e94ad   _XINT3_ISR
003e94b2   _LVF_ISR
003e94b7   _LUF_ISR
003e94bc   _EMPTY_ISR
003e94c1   _PIE_RESERVED
003e94c6   _rsvd_ISR
003e94cb   _InitSysCtrl
003e94e5   _ServiceDog
003e94ef   _DisableDog
003e94f7   _InitPll
003e9547   _InitPeripheralClocks
003e9583   _CsmUnlock
003e95b4   _IntOsc1Sel
003e95c4   _IntOsc2Sel
003e95d8   _XtalOscSel
003e95ec   _ExtOscSel
003e9602   _handleRxFIFO
003e9672   _SCI_Init
003e96a3   _scia_xmit
003e96bd   _open_uart_debug
003e96ed   _my_open
003e96f6   _my_close
003e96fb   _my_read
003e9704   _my_write
003e971e   _my_lseek
003e9727   _my_unlink
003e972e   _my_rename
003e9738   LL$$DIV
003e9774   LL$$MOD
003e97ae   ULL$$DIV
003e97dd   ULL$$MOD
003e98b7   __cleanup
003e98d5   _freopen
003e9925   _fopen
003e993f   _main
003e9a02   _InitLED
003e9a20   _InitEPwm
003e9a21   _InitEPwmGpio
003e9a30   _InitEPwm1Gpio
003e9a42   _InitEPwm2Gpio
003e9a54   _InitEPwm3Gpio
003e9a68   _InitEPwm4Gpio
003e9a7c   _InitEPwm5Gpio
003e9a8e   _InitEPwm6Gpio
003e9aa0   _InitEPwm7Gpio
003e9ab2   _InitEPwmSyncGpio
003e9ac3   _InitTzGpio
003e9ae4   _Init485EN
003e9af2   _handle485RxFIFO
003e9b49   _start485Send
003e9b4e   _wait485Send
003e9b66   _handleScanKey485
003e9b9a   _fputs
003e9c2d   _puts
003e9c3f   _exp
003e9cdd   FD$$ADD
003e9d79   __log
003e9e06   FD$$DIV
003e9e91   FD$$MPY
003e9f14   FS$$DIV
003e9f97   _pow
003ea01a   _writemsg
003ea065   C$$IO$$
003ea069   _readmsg
003ea09c   FS$$SUB
003ea0a1   FS$$ADD
003ea114   _InitCpuTimers
003ea155   _ConfigCpuTimer
003ea18a   _setvbuf
003ea1fa   __wrt_ok
003ea234   __rd_ok
003ea25f   __doflush
003ea28e   _fflush
003ea2bf   FS$$MPY
003ea319   _uartRx_isr
003ea36d   _fputc
003ea36d   _putc
003ea3b8   _putchar
003ea3bd   __closefile
003ea3f7   _fclose
003ea408   _c_int00
003ea44c   _ldexp
003ea48d   _fseek
003ea4d0   _printf
003ea4fc   _cpu_timer0_isr
003ea52d   _atoi
003ea55e   _ltoa
003ea58a   FD$$CMP
003ea5b4   L$$DIV
003ea5c3   L$$MOD
003ea5d1   UL$$DIV
003ea5d8   UL$$MOD
003ea5de   FS$$TOL
003ea607   _InitPieCtrl
003ea626   _EnableInterrupts
003ea62f   _InitPieVectTable
003ea654   FS$$TOI
003ea679   I$$DIV
003ea68a   I$$MOD
003ea69b   _Timer0_init
003ea6bd   FD$$TOI
003ea6de   ___memcpy_ff
003ea6ff   FD$$TOL
003ea71e   LL$$CMP
003ea730   ULL$$CMP
003ea73c   _strncpy
003ea75a   FS$$TOFD
003ea776   L$$TOFD
003ea792   _InitSci
003ea793   _InitSciGpio
003ea796   _InitSciaGpio
003ea7ac   I$$TOFS
003ea7c6   _InitI2C
003ea7c7   _InitI2CGpio
003ea7df   __args_main
003ea7f8   C$$EXIT
003ea7f8   _abort
003ea7fa   _exit
003ea811   FS$$CMP
003ea828   _frexp
003ea83c   LL$$MPY
003ea850   _InitGpio
003ea863   _memccpy
003ea875   FD$$SUB
003ea883   _memchr
003ea890   _strchr
003ea89b   U$$DIV
003ea8a0   U$$MOD
003ea8a6   _strcmp
003ea8b0   _strlen
003ea8ba   _i2c_int1a_isr
003ea8c3   __register_unlock
003ea8c7   __register_lock
003ea8cb   __nop
003ea8cc   FD$$NEG
003ea8d5   _strcpy
003ea8e6   _memset
003ea8ed   FS$$NEG
003ea8f2   _remove
003ea8f5   ___etext__
003ea8f5   etext
003eaad0   __ctypes_
003eabd2   _PieVectTableInit
003eae86   ___cinit__
003eae86   cinit
003f5000   _RamfuncsLoadStart
003f7ff6   code_start
003f7ff8   _CsmPwl
ffffffff   ___binit__
ffffffff   ___c_args__
ffffffff   ___pinit__
ffffffff   binit
ffffffff   pinit

[352 symbols]
