******************************************************************************
             TMS320C2000 Linker PC v6.2.0                      
******************************************************************************
>> Linked Tue May 02 16:27:48 2017

OUTPUT FILE NAME:   <WXCD_JS.out>
ENTRY POINT SYMBOL: "_c_int00"  address: 003ea99a


MEMORY CONFIGURATION

         name            origin    length      used     unused   attr    fill
----------------------  --------  ---------  --------  --------  ----  --------
PAGE 0:
  RAML0                 00008000   00000800  0000001f  000007e1  RWIX
  RAML1                 00008800   00000400  00000000  00000400  RWIX
  OTP                   003d7800   00000400  00000000  00000400  RWIX
  FLASHCDEFGH           003e8000   0000c000  00003406  00008bfa  RWIX
  FLASHB2               003f5000   00001000  0000001f  00000fe1  RWIX
  FLASHA                003f6000   00001f80  00000000  00001f80  RWIX
  CSM_RSVD              003f7f80   00000076  00000000  00000076  RWIX
  BEGIN                 003f7ff6   00000002  00000002  00000000  RWIX
  CSM_PWL_P0            003f7ff8   00000008  00000000  00000008  RWIX
  IQTABLES              003fe000   00000b50  00000000  00000b50  RWIX
  IQTABLES2             003feb50   0000008c  00000000  0000008c  RWIX
  IQTABLES3             003febdc   000000aa  00000000  000000aa  RWIX
  ROM                   003ff27c   00000d44  00000000  00000d44  RWIX
  RESET                 003fffc0   00000002  00000000  00000002  RWIX
  VECTORS               003fffc2   0000003e  00000000  0000003e  RWIX

PAGE 1:
  BOOT_RSVD             00000000   00000050  00000000  00000050  RWIX
  RAMM0                 00000050   000003b0  00000300  000000b0  RWIX
  RAMM1                 00000400   00000300  00000120  000001e0  RWIX
  DEV_EMU               00000880   00000105  00000004  00000101  RWIX
  SYS_PWR_CTL           00000985   00000003  00000003  00000000  RWIX
  FLASH_REGS            00000a80   00000060  00000008  00000058  RWIX
  CSM                   00000ae0   00000010  00000010  00000000  RWIX
  ADC_RESULT            00000b00   00000020  00000020  00000000  RWIX
  CPU_TIMER0            00000c00   00000008  00000008  00000000  RWIX
  CPU_TIMER1            00000c08   00000008  00000008  00000000  RWIX
  CPU_TIMER2            00000c10   00000008  00000008  00000000  RWIX
  PIE_CTRL              00000ce0   00000020  0000001a  00000006  RWIX
  PIE_VECT              00000d00   00000100  00000100  00000000  RWIX
  CLA1                  00001400   00000080  00000040  00000040  RWIX
  ECANA                 00006000   00000040  00000034  0000000c  RWIX
  ECANA_LAM             00006040   00000040  00000040  00000000  RWIX
  ECANA_MOTS            00006080   00000040  00000040  00000000  RWIX
  ECANA_MOTO            000060c0   00000040  00000040  00000000  RWIX
  ECANA_MBOX            00006100   00000100  00000100  00000000  RWIX
  COMP1                 00006400   00000020  00000014  0000000c  RWIX
  COMP2                 00006420   00000020  00000014  0000000c  RWIX
  COMP3                 00006440   00000020  00000014  0000000c  RWIX
  EPWM1                 00006800   00000040  00000040  00000000  RWIX
  EPWM2                 00006840   00000040  00000040  00000000  RWIX
  EPWM3                 00006880   00000040  00000040  00000000  RWIX
  EPWM4                 000068c0   00000040  00000040  00000000  RWIX
  EPWM5                 00006900   00000040  00000040  00000000  RWIX
  EPWM6                 00006940   00000040  00000040  00000000  RWIX
  EPWM7                 00006980   00000040  00000040  00000000  RWIX
  ECAP1                 00006a00   00000020  00000020  00000000  RWIX
  HRCAP1                00006ac0   00000020  00000020  00000000  RWIX
  HRCAP2                00006ae0   00000020  00000020  00000000  RWIX
  EQEP1                 00006b00   00000040  00000040  00000000  RWIX
  LINA                  00006c00   00000080  0000004a  00000036  RWIX
  GPIOCTRL              00006f80   00000040  00000040  00000000  RWIX
  GPIODAT               00006fc0   00000020  00000020  00000000  RWIX
  GPIOINT               00006fe0   00000020  0000000c  00000014  RWIX
  SYSTEM                00007010   00000020  00000020  00000000  RWIX
  SPIA                  00007040   00000010  00000010  00000000  RWIX
  SCIA                  00007050   00000010  00000010  00000000  RWIX
  NMIINTRUPT            00007060   00000010  00000010  00000000  RWIX
  XINTRUPT              00007070   00000010  00000010  00000000  RWIX
  ADC                   00007100   00000080  00000050  00000030  RWIX
  SPIB                  00007740   00000010  00000010  00000000  RWIX
  I2CA                  00007900   00000040  00000022  0000001e  RWIX
  RAML2                 00008b00   00000500  0000046b  00000095  RWIX
  RAML3                 00009000   00001000  00000400  00000c00  RWIX
  PARTID                003d7e80   00000001  00000001  00000000  RWIX
  FLASHB1               003f4000   00001000  00000000  00001000  RWIX
  CSM_PWL               003f7ff8   00000008  00000008  00000000  RWIX


SECTION ALLOCATION MAP

 output                                  attributes/
section   page    origin      length       input sections
--------  ----  ----------  ----------   ----------------
.pinit     0    003e8000    00000000     UNINITIALIZED

.text      0    003e8000    00002ead     
                  003e8000    000008fc     rts2800_ml.lib : _printfi.obj (.text)
                  003e88fc    00000282     CANcomm.obj (.text)
                  003e8b7e    00000203     DSP2803x_Adc.obj (.text)
                  003e8d81    00000201     rts2800_ml.lib : lowlev.obj (.text)
                  003e8f82    000001f0                    : trgdrv.obj (.text)
                  003e9172    000001c7                    : memory.obj (.text)
                  003e9339    00000194     zm5168.obj (.text)
                  003e94cd    0000017c     DSP2803x_DefaultIsr.obj (.text:retain)
                  003e9649    00000148     printf_uart.obj (.text)
                  003e9791    00000137     DSP2803x_SysCtrl.obj (.text)
                  003e98c8    00000129     pid.obj (.text)
                  003e99f1    0000011e     ad.obj (.text)
                  003e9b0f    00000107     rts2800_ml.lib : ll_div.obj (.text)
                  003e9c16    00000102     sim_spi.obj (.text)
                  003e9d18    000000ff     rts2800_ml.lib : fopen.obj (.text)
                  003e9e17    000000ed     DataScope_DP.obj (.text)
                  003e9f04    000000ca     TM1650_IIC.obj (.text)
                  003e9fce    000000c4     DSP2803x_EPwm.obj (.text)
                  003ea092    000000c1     CANcomm.obj (.text:retain)
                  003ea153    000000b3     main.obj (.text)
                  003ea206    000000a5     rts2800_ml.lib : fputs.obj (.text)
                  003ea2ab    0000009c                    : fd_add.obj (.text)
                  003ea347    0000008e                    : ankmsg.obj (.text)
                  003ea3d5    0000008b                    : fd_div.obj (.text)
                  003ea460    00000087     gpio.obj (.text)
                  003ea4e7    00000083     rts2800_ml.lib : fd_mpy.obj (.text)
                  003ea56a    00000083                    : fs_div.obj (.text)
                  003ea5ed    00000078                    : fs_add.obj (.text)
                  003ea665    00000078                    : setvbuf.obj (.text)
                  003ea6dd    00000076     DSP2803x_CpuTimers.obj (.text)
                  003ea753    00000072     ad.obj (.text:retain)
                  003ea7c5    0000006b     rts2800_ml.lib : fflush.obj (.text)
                  003ea830    00000065                    : _io_perm.obj (.text)
                  003ea895    0000005b                    : fclose.obj (.text)
                  003ea8f0    0000005a                    : fs_mpy.obj (.text)
                  003ea94a    00000050                    : fputc.obj (.text)
                  003ea99a    00000044                    : boot.obj (.text)
                  003ea9de    0000003f     timer.obj (.text)
                  003eaa1d    0000003d     rts2800_ml.lib : fseek.obj (.text)
                  003eaa5a    00000032                    : printf.obj (.text)
                  003eaa8c    00000031     printf_uart.obj (.text:retain)
                  003eaabd    00000031     rts2800_ml.lib : atoi.obj (.text)
                  003eaaee    0000002c                    : ltoa.obj (.text)
                  003eab1a    0000002b     Exint.obj (.text)
                  003eab45    0000002a     rts2800_ml.lib : fd_cmp.obj (.text)
                  003eab6f    0000002a                    : l_div.obj (.text)
                  003eab99    00000029                    : fs_tol.obj (.text)
                  003eabc2    00000028     DSP2803x_PieCtrl.obj (.text)
                  003eabea    00000025     DSP2803x_PieVect.obj (.text)
                  003eac0f    00000025     rts2800_ml.lib : fs_toi.obj (.text)
                  003eac34    00000022     pid.obj (.text:retain)
                  003eac56    00000022     rts2800_ml.lib : strncpy.obj (.text)
                  003eac78    00000021                    : fd_toi.obj (.text)
                  003eac99    00000021                    : memcpy_ff.obj (.text)
                  003eacba    0000001f                    : fd_tol.obj (.text)
                  003eacd9    0000001e                    : ll_cmp.obj (.text)
                  003eacf7    0000001c                    : fs_tofd.obj (.text)
                  003ead13    0000001c                    : l_tofd.obj (.text)
                  003ead2f    0000001a     DSP2803x_Sci.obj (.text)
                  003ead49    0000001a     timer.obj (.text:retain)
                  003ead63    0000001a     rts2800_ml.lib : i_tofs.obj (.text)
                  003ead7d    00000019     DSP2803x_I2C.obj (.text)
                  003ead96    00000019     rts2800_ml.lib : args_main.obj (.text)
                  003eadaf    00000019                    : exit.obj (.text)
                  003eadc8    00000018                    : ll_aox.obj (.text)
                  003eade0    00000014                    : ll_mpy.obj (.text)
                  003eadf4    00000013     DSP2803x_Gpio.obj (.text)
                  003eae07    00000010     rts2800_ml.lib : memchr.obj (.text)
                  003eae17    00000010                    : u_tofs.obj (.text)
                  003eae27    0000000e                    : fd_sub.obj (.text)
                  003eae35    0000000d                    : memccpy.obj (.text)
                  003eae42    0000000c     Exint.obj (.text:retain)
                  003eae4e    0000000c     rts2800_ml.lib : memset.obj (.text)
                  003eae5a    0000000b                    : strchr.obj (.text)
                  003eae65    0000000b                    : u_div.obj (.text)
                  003eae70    0000000a                    : strcmp.obj (.text)
                  003eae7a    00000009     TM1650_IIC.obj (.text:retain)
                  003eae83    00000009     rts2800_ml.lib : _lock.obj (.text)
                  003eae8c    00000009                    : fd_neg.obj (.text)
                  003eae95    00000008     DSP2803x_CodeStartBranch.obj (.text)
                  003eae9d    00000008     rts2800_ml.lib : strlen.obj (.text)
                  003eaea5    00000005                    : strcpy.obj (.text)
                  003eaeaa    00000003                    : remove.obj (.text)

.econst    0    003eaeae    00000434     
                  003eaeae    00000101     rts2800_ml.lib : ctype.obj (.econst:.string:__ctypes_)
                  003eafaf    00000001     --HOLE-- [fill = 0]
                  003eafb0    00000100     DSP2803x_PieVect.obj (.econst)
                  003eb0b0    000000f4     printf_uart.obj (.econst:.string)
                  003eb1a4    000000db     CANcomm.obj (.econst:.string)
                  003eb27f    00000001     --HOLE-- [fill = 0]
                  003eb280    00000024     TM1650_IIC.obj (.econst:.string)
                  003eb2a4    00000024     rts2800_ml.lib : _printfi.obj (.econst:.string)
                  003eb2c8    00000018                    : _printfi.obj (.econst)
                  003eb2e0    00000002                    : fputs.obj (.econst:.string)

.cinit     0    003eb2e2    00000125     
                  003eb2e2    00000048     TM1650_IIC.obj (.cinit)
                  003eb32a    00000031     rts2800_ml.lib : lowlev.obj (.cinit)
                  003eb35b    0000002a                    : defs.obj (.cinit)
                  003eb385    00000022     CANcomm.obj (.cinit)
                  003eb3a7    00000021     printf_uart.obj (.cinit)
                  003eb3c8    0000000a     rts2800_ml.lib : _lock.obj (.cinit)
                  003eb3d2    0000000a                    : exit.obj (.cinit)
                  003eb3dc    00000008     main.obj (.cinit)
                  003eb3e4    00000007     timer.obj (.cinit)
                  003eb3eb    00000006     ad.obj (.cinit)
                  003eb3f1    00000004     DataScope_DP.obj (.cinit)
                  003eb3f5    00000004     pid.obj (.cinit)
                  003eb3f9    00000004     rts2800_ml.lib : fopen.obj (.cinit)
                  003eb3fd    00000004                    : memory.obj (.cinit)
                  003eb401    00000004     zm5168.obj (.cinit)
                  003eb405    00000002     --HOLE-- [fill = 0]

ramfuncs   0    003f5000    0000001f     RUN ADDR = 00008000
                  003f5000    0000001b     DSP2803x_SysCtrl.obj (ramfuncs)
                  003f501b    00000004     DSP2803x_usDelay.obj (ramfuncs)

codestart 
*          0    003f7ff6    00000002     
                  003f7ff6    00000002     DSP2803x_CodeStartBranch.obj (codestart)

.reset     0    003fffc0    00000002     DSECT
                  003fffc0    00000002     rts2800_ml.lib : boot.obj (.reset)

vectors    0    003fffc2    00000000     DSECT

.stack     1    00000050    00000300     UNINITIALIZED
                  00000050    00000300     --HOLE--

.cio       1    00000400    00000120     UNINITIALIZED
                  00000400    00000120     rts2800_ml.lib : ankmsg.obj (.cio)

DevEmuRegsFile 
*          1    00000880    00000004     UNINITIALIZED
                  00000880    00000004     DSP2803x_GlobalVariableDefs.obj (DevEmuRegsFile)

SysPwrCtrlRegsFile 
*          1    00000985    00000003     UNINITIALIZED
                  00000985    00000003     DSP2803x_GlobalVariableDefs.obj (SysPwrCtrlRegsFile)

FlashRegsFile 
*          1    00000a80    00000008     UNINITIALIZED
                  00000a80    00000008     DSP2803x_GlobalVariableDefs.obj (FlashRegsFile)

CsmRegsFile 
*          1    00000ae0    00000010     UNINITIALIZED
                  00000ae0    00000010     DSP2803x_GlobalVariableDefs.obj (CsmRegsFile)

AdcResultFile 
*          1    00000b00    00000020     UNINITIALIZED
                  00000b00    00000020     DSP2803x_GlobalVariableDefs.obj (AdcResultFile)

CpuTimer0RegsFile 
*          1    00000c00    00000008     UNINITIALIZED
                  00000c00    00000008     DSP2803x_GlobalVariableDefs.obj (CpuTimer0RegsFile)

CpuTimer1RegsFile 
*          1    00000c08    00000008     UNINITIALIZED
                  00000c08    00000008     DSP2803x_GlobalVariableDefs.obj (CpuTimer1RegsFile)

CpuTimer2RegsFile 
*          1    00000c10    00000008     UNINITIALIZED
                  00000c10    00000008     DSP2803x_GlobalVariableDefs.obj (CpuTimer2RegsFile)

PieCtrlRegsFile 
*          1    00000ce0    0000001a     UNINITIALIZED
                  00000ce0    0000001a     DSP2803x_GlobalVariableDefs.obj (PieCtrlRegsFile)

PieVectTableFile 
*          1    00000d00    00000100     UNINITIALIZED
                  00000d00    00000100     DSP2803x_GlobalVariableDefs.obj (PieVectTableFile)

EmuKeyVar 
*          1    00000d00    00000001     UNINITIALIZED
                  00000d00    00000001     DSP2803x_GlobalVariableDefs.obj (EmuKeyVar)

EmuBModeVar 
*          1    00000d01    00000001     UNINITIALIZED
                  00000d01    00000001     DSP2803x_GlobalVariableDefs.obj (EmuBModeVar)

FlashCallbackVar 
*          1    00000d02    00000002     UNINITIALIZED
                  00000d02    00000002     DSP2803x_GlobalVariableDefs.obj (FlashCallbackVar)

FlashScalingVar 
*          1    00000d04    00000002     UNINITIALIZED
                  00000d04    00000002     DSP2803x_GlobalVariableDefs.obj (FlashScalingVar)

Cla1RegsFile 
*          1    00001400    00000040     UNINITIALIZED
                  00001400    00000040     DSP2803x_GlobalVariableDefs.obj (Cla1RegsFile)

ECanaRegsFile 
*          1    00006000    00000034     UNINITIALIZED
                  00006000    00000034     DSP2803x_GlobalVariableDefs.obj (ECanaRegsFile)

ECanaLAMRegsFile 
*          1    00006040    00000040     UNINITIALIZED
                  00006040    00000040     DSP2803x_GlobalVariableDefs.obj (ECanaLAMRegsFile)

ECanaMOTSRegsFile 
*          1    00006080    00000040     UNINITIALIZED
                  00006080    00000040     DSP2803x_GlobalVariableDefs.obj (ECanaMOTSRegsFile)

ECanaMOTORegsFile 
*          1    000060c0    00000040     UNINITIALIZED
                  000060c0    00000040     DSP2803x_GlobalVariableDefs.obj (ECanaMOTORegsFile)

ECanaMboxesFile 
*          1    00006100    00000100     UNINITIALIZED
                  00006100    00000100     DSP2803x_GlobalVariableDefs.obj (ECanaMboxesFile)

Comp1RegsFile 
*          1    00006400    00000014     UNINITIALIZED
                  00006400    00000014     DSP2803x_GlobalVariableDefs.obj (Comp1RegsFile)

Comp2RegsFile 
*          1    00006420    00000014     UNINITIALIZED
                  00006420    00000014     DSP2803x_GlobalVariableDefs.obj (Comp2RegsFile)

Comp3RegsFile 
*          1    00006440    00000014     UNINITIALIZED
                  00006440    00000014     DSP2803x_GlobalVariableDefs.obj (Comp3RegsFile)

EPwm1RegsFile 
*          1    00006800    00000040     UNINITIALIZED
                  00006800    00000040     DSP2803x_GlobalVariableDefs.obj (EPwm1RegsFile)

EPwm2RegsFile 
*          1    00006840    00000040     UNINITIALIZED
                  00006840    00000040     DSP2803x_GlobalVariableDefs.obj (EPwm2RegsFile)

EPwm3RegsFile 
*          1    00006880    00000040     UNINITIALIZED
                  00006880    00000040     DSP2803x_GlobalVariableDefs.obj (EPwm3RegsFile)

EPwm4RegsFile 
*          1    000068c0    00000040     UNINITIALIZED
                  000068c0    00000040     DSP2803x_GlobalVariableDefs.obj (EPwm4RegsFile)

EPwm5RegsFile 
*          1    00006900    00000040     UNINITIALIZED
                  00006900    00000040     DSP2803x_GlobalVariableDefs.obj (EPwm5RegsFile)

EPwm6RegsFile 
*          1    00006940    00000040     UNINITIALIZED
                  00006940    00000040     DSP2803x_GlobalVariableDefs.obj (EPwm6RegsFile)

EPwm7RegsFile 
*          1    00006980    00000040     UNINITIALIZED
                  00006980    00000040     DSP2803x_GlobalVariableDefs.obj (EPwm7RegsFile)

ECap1RegsFile 
*          1    00006a00    00000020     UNINITIALIZED
                  00006a00    00000020     DSP2803x_GlobalVariableDefs.obj (ECap1RegsFile)

HRCap1RegsFile 
*          1    00006ac0    00000020     UNINITIALIZED
                  00006ac0    00000020     DSP2803x_GlobalVariableDefs.obj (HRCap1RegsFile)

HRCap2RegsFile 
*          1    00006ae0    00000020     UNINITIALIZED
                  00006ae0    00000020     DSP2803x_GlobalVariableDefs.obj (HRCap2RegsFile)

EQep1RegsFile 
*          1    00006b00    00000040     UNINITIALIZED
                  00006b00    00000040     DSP2803x_GlobalVariableDefs.obj (EQep1RegsFile)

LinaRegsFile 
*          1    00006c00    0000004a     UNINITIALIZED
                  00006c00    0000004a     DSP2803x_GlobalVariableDefs.obj (LinaRegsFile)

GpioCtrlRegsFile 
*          1    00006f80    00000040     UNINITIALIZED
                  00006f80    00000040     DSP2803x_GlobalVariableDefs.obj (GpioCtrlRegsFile)

GpioDataRegsFile 
*          1    00006fc0    00000020     UNINITIALIZED
                  00006fc0    00000020     DSP2803x_GlobalVariableDefs.obj (GpioDataRegsFile)

GpioIntRegsFile 
*          1    00006fe0    0000000c     UNINITIALIZED
                  00006fe0    0000000c     DSP2803x_GlobalVariableDefs.obj (GpioIntRegsFile)

SysCtrlRegsFile 
*          1    00007010    00000020     UNINITIALIZED
                  00007010    00000020     DSP2803x_GlobalVariableDefs.obj (SysCtrlRegsFile)

SpiaRegsFile 
*          1    00007040    00000010     UNINITIALIZED
                  00007040    00000010     DSP2803x_GlobalVariableDefs.obj (SpiaRegsFile)

SciaRegsFile 
*          1    00007050    00000010     UNINITIALIZED
                  00007050    00000010     DSP2803x_GlobalVariableDefs.obj (SciaRegsFile)

NmiIntruptRegsFile 
*          1    00007060    00000010     UNINITIALIZED
                  00007060    00000010     DSP2803x_GlobalVariableDefs.obj (NmiIntruptRegsFile)

XIntruptRegsFile 
*          1    00007070    00000010     UNINITIALIZED
                  00007070    00000010     DSP2803x_GlobalVariableDefs.obj (XIntruptRegsFile)

AdcRegsFile 
*          1    00007100    00000050     UNINITIALIZED
                  00007100    00000050     DSP2803x_GlobalVariableDefs.obj (AdcRegsFile)

SpibRegsFile 
*          1    00007740    00000010     UNINITIALIZED
                  00007740    00000010     DSP2803x_GlobalVariableDefs.obj (SpibRegsFile)

I2caRegsFile 
*          1    00007900    00000022     UNINITIALIZED
                  00007900    00000022     DSP2803x_GlobalVariableDefs.obj (I2caRegsFile)

.ebss      1    00008b00    0000046b     UNINITIALIZED
                  00008b00    00000160     rts2800_ml.lib : defs.obj (.ebss)
                  00008c60    00000018     DSP2803x_CpuTimers.obj (.ebss)
                  00008c78    00000008     rts2800_ml.lib : memory.obj (.ebss)
                  00008c80    00000098     TM1650_IIC.obj (.ebss)
                  00008d18    00000024     zm5168.obj (.ebss)
                  00008d3c    00000004     rts2800_ml.lib : _lock.obj (.ebss)
                  00008d40    00000093     CANcomm.obj (.ebss)
                  00008dd3    00000001     rts2800_ml.lib : fopen.obj (.ebss)
                  00008dd4    00000022     pid.obj (.ebss)
                  00008df6    00000008     rts2800_ml.lib : trgdrv.obj (.ebss)
                  00008dfe    00000002     --HOLE--
                  00008e00    00000090     printf_uart.obj (.ebss)
                  00008e90    0000002e     DataScope_DP.obj (.ebss)
                  00008ebe    00000002     --HOLE--
                  00008ec0    00000088     rts2800_ml.lib : lowlev.obj (.ebss)
                  00008f48    00000017     ad.obj (.ebss)
                  00008f5f    00000001     --HOLE--
                  00008f60    00000004     rts2800_ml.lib : exit.obj (.ebss)
                  00008f64    00000004     timer.obj (.ebss)
                  00008f68    00000003     main.obj (.ebss)

.sysmem    1    00009000    00000400     UNINITIALIZED
                  00009000    00000001     rts2800_ml.lib : memory.obj (.sysmem)
                  00009001    000003ff     --HOLE--

PartIdRegsFile 
*          1    003d7e80    00000001     UNINITIALIZED
                  003d7e80    00000001     DSP2803x_GlobalVariableDefs.obj (PartIdRegsFile)

CsmPwlFile 
*          1    003f7ff8    00000008     UNINITIALIZED
                  003f7ff8    00000008     DSP2803x_GlobalVariableDefs.obj (CsmPwlFile)


GLOBAL DATA SYMBOLS: SORTED BY DATA PAGE

address     data page           name
--------    ----------------    ----
00000050       1 (00000040)     __stack

00000400      10 (00000400)     __CIOBUF_

00000880      22 (00000880)     _DevEmuRegs

00000985      26 (00000980)     _SysPwrCtrlRegs

00000a80      2a (00000a80)     _FlashRegs

00000ae0      2b (00000ac0)     _CsmRegs

00000b00      2c (00000b00)     _AdcResult

00000c00      30 (00000c00)     _CpuTimer0Regs
00000c08      30 (00000c00)     _CpuTimer1Regs
00000c10      30 (00000c00)     _CpuTimer2Regs

00000ce0      33 (00000cc0)     _PieCtrlRegs

00000d00      34 (00000d00)     _EmuKey
00000d00      34 (00000d00)     _PieVectTable
00000d01      34 (00000d00)     _EmuBMode
00000d02      34 (00000d00)     _Flash_CallbackPtr
00000d04      34 (00000d00)     _Flash_CPUScaleFactor

00001400      50 (00001400)     _Cla1Regs

00006000     180 (00006000)     _ECanaRegs

00006040     181 (00006040)     _ECanaLAMRegs

00006080     182 (00006080)     _ECanaMOTSRegs

000060c0     183 (000060c0)     _ECanaMOTORegs

00006100     184 (00006100)     _ECanaMboxes

00006400     190 (00006400)     _Comp1Regs
00006420     190 (00006400)     _Comp2Regs

00006440     191 (00006440)     _Comp3Regs

00006800     1a0 (00006800)     _EPwm1Regs

00006840     1a1 (00006840)     _EPwm2Regs

00006880     1a2 (00006880)     _EPwm3Regs

000068c0     1a3 (000068c0)     _EPwm4Regs

00006900     1a4 (00006900)     _EPwm5Regs

00006940     1a5 (00006940)     _EPwm6Regs

00006980     1a6 (00006980)     _EPwm7Regs

00006a00     1a8 (00006a00)     _ECap1Regs

00006ac0     1ab (00006ac0)     _HRCap1Regs
00006ae0     1ab (00006ac0)     _HRCap2Regs

00006b00     1ac (00006b00)     _EQep1Regs

00006c00     1b0 (00006c00)     _LinaRegs

00006f80     1be (00006f80)     _GpioCtrlRegs

00006fc0     1bf (00006fc0)     _GpioDataRegs
00006fe0     1bf (00006fc0)     _GpioIntRegs

00007010     1c0 (00007000)     _SysCtrlRegs

00007040     1c1 (00007040)     _SpiaRegs
00007050     1c1 (00007040)     _SciaRegs
00007060     1c1 (00007040)     _NmiIntruptRegs
00007070     1c1 (00007040)     _XIntruptRegs

00007100     1c4 (00007100)     _AdcRegs

00007740     1dd (00007740)     _SpibRegs

00007900     1e4 (00007900)     _I2caRegs

00008b00     22c (00008b00)     ___TI_ft_end

00008b40     22d (00008b40)     __ftable

00008bc0     22f (00008bc0)     ___TI_tmpnams

00008c60     231 (00008c40)     _CpuTimer1
00008c68     231 (00008c40)     _CpuTimer2
00008c70     231 (00008c40)     _CpuTimer0

00008c80     232 (00008c80)     _keyVal
00008c81     232 (00008c80)     _LigntVal
00008c82     232 (00008c80)     _PtrMsg
00008c86     232 (00008c80)     _SEG7Table
00008c96     232 (00008c80)     _IIC_ISR_String
00008ca6     232 (00008c80)     _ICF8591Msg

00008cc0     233 (00008cc0)     _MCP79411
00008cd8     233 (00008cc0)     _AT24C02Msg

00008d00     234 (00008d00)     _TM1650
00008d18     234 (00008d00)     _y
00008d19     234 (00008d00)     _x
00008d1a     234 (00008d00)     _z
00008d1b     234 (00008d00)     _zm5168_p2
00008d3c     234 (00008d00)     __unlock
00008d3e     234 (00008d00)     __lock

00008d40     235 (00008d40)     _lastSendMBox
00008d42     235 (00008d40)     _PtrCanRx
00008d44     235 (00008d40)     _PtrCanTx
00008d46     235 (00008d40)     _CANTxMsg

00008d80     236 (00008d80)     _CANRxMsg

00008dd4     237 (00008dc0)     _j
00008dd5     237 (00008dc0)     _xfeq
00008dd6     237 (00008dc0)     _F_OUT
00008dd7     237 (00008dc0)     _Send_Count
00008dd8     237 (00008dc0)     _V_OUT
00008dda     237 (00008dc0)     _PID_F
00008de8     237 (00008dc0)     _PID_V

00008e00     238 (00008e00)     _SerDealSta
00008e01     238 (00008e00)     _count
00008e02     238 (00008e00)     _UartRxLEN
00008e03     238 (00008e00)     _SCI_Msg

00008e40     239 (00008e40)     _temp

00008e90     23a (00008e80)     _temp3
00008e91     23a (00008e80)     _temp4
00008e92     23a (00008e80)     _temp2
00008e93     23a (00008e80)     _temp1
00008e94     23a (00008e80)     _DataScope_OutPut_Buffer

00008f48     23d (00008f40)     _i
00008f4a     23d (00008f40)     _p
00008f4c     23d (00008f40)     _zm5168_v1
00008f4f     23d (00008f40)     _ADResReg
00008f60     23d (00008f40)     ___TI_cleanup_ptr
00008f62     23d (00008f40)     ___TI_dtors_ptr
00008f64     23d (00008f40)     _timer0Base
00008f68     23d (00008f40)     _Error
00008f69     23d (00008f40)     _key
00008f6a     23d (00008f40)     _Tmp

00009000     240 (00009000)     __sys_memory

003d7e80    f5fa (003d7e80)     _PartIdRegs

003eaeae    faba (003eae80)     __ctypes_

003eafb0    fabe (003eaf80)     _PieVectTableInit

003f7ff8    fdff (003f7fc0)     _CsmPwl


GLOBAL SYMBOLS: SORTED ALPHABETICALLY BY Name 

address    name
--------   ----
003e8000   .text
003eadaf   C$$EXIT
003ea397   C$$IO$$
003ea2ab   FD$$ADD
003eab45   FD$$CMP
003ea3d5   FD$$DIV
003ea4e7   FD$$MPY
003eae8c   FD$$NEG
003eae27   FD$$SUB
003eac78   FD$$TOI
003eacba   FD$$TOL
003ea5f2   FS$$ADD
003ea56a   FS$$DIV
003ea8f0   FS$$MPY
003ea5ed   FS$$SUB
003eacf7   FS$$TOFD
003eac0f   FS$$TOI
003eab99   FS$$TOL
003ead63   I$$TOFS
003eab6f   L$$DIV
003eab7e   L$$MOD
003ead13   L$$TOFD
003eadc8   LL$$AND
003eacd9   LL$$CMP
003e9b0f   LL$$DIV
003e9b4b   LL$$MOD
003eade0   LL$$MPY
003eadd0   LL$$OR
003eadd8   LL$$XOR
003eae65   U$$DIV
003eae6a   U$$MOD
003eae17   U$$TOFS
003eab8c   UL$$DIV
003eab93   UL$$MOD
003eaceb   ULL$$CMP
003e9b85   ULL$$DIV
003e9bb4   ULL$$MOD
003e952c   _ADCINT1_ISR
003e9531   _ADCINT2_ISR
003e95e5   _ADCINT3_ISR
003e95ea   _ADCINT4_ISR
003e95ef   _ADCINT5_ISR
003e95f4   _ADCINT6_ISR
003e95f9   _ADCINT7_ISR
003e95fe   _ADCINT8_ISR
003e9540   _ADCINT9_ISR
003e99f1   _ADC_Config
00008f4f   _ADResReg
00008cd8   _AT24C02Msg
003e8be5   _AdcChanSelect
003e8c5a   _AdcConversion
003e8bbe   _AdcOffsetSelfCal
00007100   _AdcRegs
00000b00   _AdcResult
003e8912   _CANInit
00008d80   _CANRxMsg
00008d46   _CANTxMsg
003e8a2d   _CAN_Init_Interrupt
003e8a77   _CAN_Send
003e9603   _CLA1_INT1_ISR
003e9608   _CLA1_INT2_ISR
003e960d   _CLA1_INT3_ISR
003e9612   _CLA1_INT4_ISR
003e9617   _CLA1_INT5_ISR
003e961c   _CLA1_INT6_ISR
003e9621   _CLA1_INT7_ISR
003e9626   _CLA1_INT8_ISR
00001400   _Cla1Regs
00006400   _Comp1Regs
00006420   _Comp2Regs
00006440   _Comp3Regs
003ea71e   _ConfigCpuTimer
00008c70   _CpuTimer0
00000c00   _CpuTimer0Regs
00008c60   _CpuTimer1
00000c08   _CpuTimer1Regs
00008c68   _CpuTimer2
00000c10   _CpuTimer2Regs
003f7ff8   _CsmPwl
00000ae0   _CsmRegs
003e9849   _CsmUnlock
003e94d7   _DATALOG_ISR
003ea4b2   _DIP_Scan
0000801b   _DSP28x_usDelay
003e9c65   _DataFlash_SPI_BUSY_OrNot
003e9c53   _DataFlash_WriteDisable
003e9c41   _DataFlash_WriteEnable
003e9ce5   _DataFlash_Write_Byte
003e9eb2   _DataScope_Data_Generate
003e9e3c   _DataScope_Get_Channel_Data
00008e94   _DataScope_OutPut_Buffer
00000880   _DevEmuRegs
003e97b5   _DisableDog
003e95db   _ECAN0INTA_ISR
003e95e0   _ECAN1INTA_ISR
003e9595   _ECAP1_INT_ISR
00006040   _ECanaLAMRegs
000060c0   _ECanaMOTORegs
00006080   _ECanaMOTSRegs
00006100   _ECanaMboxes
00006000   _ECanaRegs
00006a00   _ECap1Regs
003e963a   _EMPTY_ISR
003e94e1   _EMUINT_ISR
003e9572   _EPWM1_INT_ISR
003e954f   _EPWM1_TZINT_ISR
003e9577   _EPWM2_INT_ISR
003e9554   _EPWM2_TZINT_ISR
003e957c   _EPWM3_INT_ISR
003e9559   _EPWM3_TZINT_ISR
003e9581   _EPWM4_INT_ISR
003e955e   _EPWM4_TZINT_ISR
003e9586   _EPWM5_INT_ISR
003e9563   _EPWM5_TZINT_ISR
003e958b   _EPWM6_INT_ISR
003e9568   _EPWM6_TZINT_ISR
003e9590   _EPWM7_INT_ISR
003e956d   _EPWM7_TZINT_ISR
00006800   _EPwm1Regs
00006840   _EPwm2Regs
00006880   _EPwm3Regs
000068c0   _EPwm4Regs
00006900   _EPwm5Regs
00006940   _EPwm6Regs
00006980   _EPwm7Regs
003e95a4   _EQEP1_INT_ISR
00006b00   _EQep1Regs
00000d01   _EmuBMode
00000d00   _EmuKey
003eabe1   _EnableInterrupts
00008f68   _Error
003eab1a   _ExInt_Init
003e98b2   _ExtOscSel
00008dd6   _F_OUT
00000a80   _FlashRegs
00000d04   _Flash_CPUScaleFactor
00000d02   _Flash_CallbackPtr
003e9e17   _Float2Byte
003ea460   _GPIO_INit
00006f80   _GpioCtrlRegs
00006fc0   _GpioDataRegs
00006fe0   _GpioIntRegs
003e9148   _HOSTclock
003e9121   _HOSTclose
003e90f9   _HOSTgetenv
003e90b2   _HOSTlseek
003e907b   _HOSTopen
003e9045   _HOSTread
003e9007   _HOSTrename
003e8fdd   _HOSTtime
003e8fb8   _HOSTunlink
003e8f82   _HOSTwrite
003e959a   _HRCAP1_INT_ISR
003e959f   _HRCAP2_INT_ISR
00006ac0   _HRCap1Regs
00006ae0   _HRCap2Regs
003e9f1a   _I2CA_Init
003e9f92   _I2CA_Rxdata_STOP
003e9f66   _I2CA_Tx_STOP
003e95bd   _I2CINT1A_ISR
003e95c2   _I2CINT2A_ISR
00007900   _I2caRegs
00008ca6   _ICF8591Msg
00008c96   _IIC_ISR_String
003e94eb   _ILLEGAL_ISR
003e94cd   _INT13_ISR
003e94d2   _INT14_ISR
003e8b7e   _InitAdc
003e8b9c   _InitAdcAio
003ea6dd   _InitCpuTimers
003e891b   _InitECana_1
003e9fce   _InitEPwm
003e9fde   _InitEPwm1Gpio
003e9ff0   _InitEPwm2Gpio
003ea002   _InitEPwm3Gpio
003ea016   _InitEPwm4Gpio
003ea02a   _InitEPwm5Gpio
003ea03c   _InitEPwm6Gpio
003ea04e   _InitEPwm7Gpio
003e9fcf   _InitEPwmGpio
003ea060   _InitEPwmSyncGpio
00008000   _InitFlash
003eadf4   _InitGpio
003ead7d   _InitI2C
003ead7e   _InitI2CGpio
003e9f04   _InitI2C_Gpio
003ea1e8   _InitLED
003e980d   _InitPeripheralClocks
003eabc2   _InitPieCtrl
003eabea   _InitPieVectTable
003e97bd   _InitPll
003ead2f   _InitSci
003ead30   _InitSciGpio
003ead33   _InitSciaGpio
003e9791   _InitSysCtrl
003ea071   _InitTzGpio
003e88fc   _Init_CANA_Gpio
003e9339   _Init_LinaGpio
003e987a   _IntOsc1Sel
003e988a   _IntOsc2Sel
003ea484   _KEY_Init
003e95d1   _LIN0INTA_ISR
003e95d6   _LIN1INTA_ISR
003e9635   _LUF_ISR
003e9630   _LVF_ISR
00008c81   _LigntVal
00006c00   _LinaRegs
003e93c7   _LocalConfDeal
00008cc0   _MCP79411
003e9f9f   _MCP79411_INit
003e94e6   _NMI_ISR
00007060   _NmiIntruptRegs
003e98de   _PID_Control_F
003e9942   _PID_Control_V
00008dda   _PID_F
003e98c8   _PID_Init
00008de8   _PID_V
003e963f   _PIE_RESERVED
003d7e80   _PartIdRegs
00000ce0   _PieCtrlRegs
00000d00   _PieVectTable
003eafb0   _PieVectTableInit
00008d42   _PtrCanRx
00008d44   _PtrCanTx
00008c82   _PtrMsg
003e94dc   _RTOSINT_ISR
0000001f   _RamfuncsLoadSize
003f5000   _RamfuncsLoadStart
00008000   _RamfuncsRunStart
003e9494   _ReadLocalConf
003e94b3   _ReadRemoteConf
003e94bf   _ResetDevice
003e94c6   _RestoreDevice
003e95c7   _SCIRXINTA_ISR
003e95cc   _SCITXINTA_ISR
003e96ba   _SCI_Init
00008e03   _SCI_Msg
00008c86   _SEG7Table
003e9c16   _SPIGpio_Init
003e95a9   _SPIRXINTA_ISR
003e95b3   _SPIRXINTB_ISR
003e95ae   _SPITXINTA_ISR
003e95b8   _SPITXINTB_ISR
003e9c82   _SPI_Flash_Read
003e9cb8   _SPI_Flash_ReadID
003e9c3e   _SPI_INit
003ea4df   _STOP_Scan
00007050   _SciaRegs
003e94ae   _SearchDevice
003e93b9   _SendAgreementFlag
003e9ac6   _SendJS
00008dd7   _Send_Count
00008e00   _SerDealSta
003e97ab   _ServiceDog
003e94a8   _SetChanelNum
003e9349   _SetupSCI
00007040   _SpiaRegs
00007740   _SpibRegs
00007010   _SysCtrlRegs
00000985   _SysPwrCtrlRegs
003e9545   _TINT0_ISR
00008d00   _TM1650
003ea9de   _Timer0_init
003eaa00   _Timer1_init
00008f6a   _Tmp
003e951d   _USER10_ISR
003e9522   _USER11_ISR
003e9527   _USER12_ISR
003e94f0   _USER1_ISR
003e94f5   _USER2_ISR
003e94fa   _USER3_ISR
003e94ff   _USER4_ISR
003e9504   _USER5_ISR
003e9509   _USER6_ISR
003e950e   _USER7_ISR
003e9513   _USER8_ISR
003e9518   _USER9_ISR
00008e02   _UartRxLEN
003e99ae   _Upper_Uart
00008dd8   _V_OUT
003e954a   _WAKEINT_ISR
003e94b9   _WriteConf
003e9536   _XINT1_ISR
003e953b   _XINT2_ISR
003e962b   _XINT3_ISR
00007070   _XIntruptRegs
003e989e   _XtalOscSel
003e939d   _ZM5168_INit
00000400   __CIOBUF_
00000350   __STACK_END
00000300   __STACK_SIZE
00000400   __SYSMEM_SIZE
00000001   __TI_args_main
003e9d90   ___TI_cleanup
00008f60   ___TI_cleanup_ptr
003ea895   ___TI_closefile
003ea7c5   ___TI_doflush
00008f62   ___TI_dtors_ptr
00008b00   ___TI_ft_end
003e880f   ___TI_printfi
003ea86a   ___TI_rd_ok
003ea39b   ___TI_readmsg
00008bc0   ___TI_tmpnams
003ea347   ___TI_writemsg
003ea830   ___TI_wrt_ok
ffffffff   ___binit__
ffffffff   ___c_args__
003eb2e2   ___cinit__
003eaead   ___etext__
003eac99   ___memcpy_ff
ffffffff   ___pinit__
003e8000   ___text__
003ead96   __args_main
003eaeae   __ctypes_
00008b40   __ftable
00008d3e   __lock
003eae8b   __nop
003eae87   __register_lock
003eae83   __register_unlock
00000050   __stack
00009000   __sys_memory
00008d3c   __unlock
003eadaf   _abort
003ea753   _adc_isr
003e8f16   _add_device
003eaabd   _atoi
003ea99a   _c_int00
003e9322   _calloc
003ea092   _canA_isr0
003ea0ca   _canA_isr1
003e8996   _canMailboxInit
003e9320   _chkheap
003e8ee4   _close
00008e01   _count
003ead49   _cpu_timer0_isr
003eac34   _cpu_timer1_isr
003eadb1   _exit
003ea8d7   _fclose
003ea7f4   _fflush
003e9dfd   _fopen
003ea94a   _fputc
003ea206   _fputs
003e9172   _free
003e9304   _free_memory
003e9dad   _freopen
003eaa1d   _fseek
003e8ae4   _handleCANRxFIFO
003e9649   _handleRxFIFO
00008f48   _i
003eae7a   _i2c_int1a_isr
00008dd4   _j
00008f69   _key
00008c80   _keyVal
00008d40   _lastSendMBox
003e8ecc   _lseek
003eaaee   _ltoa
003ea153   _main
003e91db   _malloc
003e92e4   _max_free
003eae35   _memccpy
003eae07   _memchr
003eae4e   _memset
003e91b7   _minit
003e974f   _my_close
003e9777   _my_lseek
003e9746   _my_open
003e9754   _my_read
003e9787   _my_rename
003e9780   _my_unlink
003e975d   _my_write
003e8e5a   _open
003e9716   _open_uart_debug
00008f4a   _p
003eaa60   _printf
003ea94a   _putc
003ea995   _putchar
003ea299   _puts
003e8e42   _read
003e9234   _realloc
003eaeaa   _remove
003e8e28   _remove_device
003e8dff   _rename
003e9644   _rsvd_ISR
003e96fc   _scia_xmit
003ea665   _setvbuf
003eae5a   _strchr
003eae70   _strcmp
003eaea5   _strcpy
003eae9d   _strlen
003eac56   _strncpy
00008e40   _temp
00008e93   _temp1
00008e92   _temp2
00008e90   _temp3
00008e91   _temp4
00008f64   _timer0Base
003eaa8c   _uartRx_isr
003e8de7   _unlink
003e8d81   _write
00008d19   _x
00008dd5   _xfeq
003eae42   _xint1_isr
00008d18   _y
00008d1a   _z
00008d1b   _zm5168_p2
00008f4c   _zm5168_v1
ffffffff   binit
003eb2e2   cinit
003f7ff6   code_start
003eaead   etext
ffffffff   pinit


GLOBAL SYMBOLS: SORTED BY Symbol Address 

address    name
--------   ----
00000001   __TI_args_main
0000001f   _RamfuncsLoadSize
00000050   __stack
00000300   __STACK_SIZE
00000350   __STACK_END
00000400   __CIOBUF_
00000400   __SYSMEM_SIZE
00000880   _DevEmuRegs
00000985   _SysPwrCtrlRegs
00000a80   _FlashRegs
00000ae0   _CsmRegs
00000b00   _AdcResult
00000c00   _CpuTimer0Regs
00000c08   _CpuTimer1Regs
00000c10   _CpuTimer2Regs
00000ce0   _PieCtrlRegs
00000d00   _EmuKey
00000d00   _PieVectTable
00000d01   _EmuBMode
00000d02   _Flash_CallbackPtr
00000d04   _Flash_CPUScaleFactor
00001400   _Cla1Regs
00006000   _ECanaRegs
00006040   _ECanaLAMRegs
00006080   _ECanaMOTSRegs
000060c0   _ECanaMOTORegs
00006100   _ECanaMboxes
00006400   _Comp1Regs
00006420   _Comp2Regs
00006440   _Comp3Regs
00006800   _EPwm1Regs
00006840   _EPwm2Regs
00006880   _EPwm3Regs
000068c0   _EPwm4Regs
00006900   _EPwm5Regs
00006940   _EPwm6Regs
00006980   _EPwm7Regs
00006a00   _ECap1Regs
00006ac0   _HRCap1Regs
00006ae0   _HRCap2Regs
00006b00   _EQep1Regs
00006c00   _LinaRegs
00006f80   _GpioCtrlRegs
00006fc0   _GpioDataRegs
00006fe0   _GpioIntRegs
00007010   _SysCtrlRegs
00007040   _SpiaRegs
00007050   _SciaRegs
00007060   _NmiIntruptRegs
00007070   _XIntruptRegs
00007100   _AdcRegs
00007740   _SpibRegs
00007900   _I2caRegs
00008000   _InitFlash
00008000   _RamfuncsRunStart
0000801b   _DSP28x_usDelay
00008b00   ___TI_ft_end
00008b40   __ftable
00008bc0   ___TI_tmpnams
00008c60   _CpuTimer1
00008c68   _CpuTimer2
00008c70   _CpuTimer0
00008c80   _keyVal
00008c81   _LigntVal
00008c82   _PtrMsg
00008c86   _SEG7Table
00008c96   _IIC_ISR_String
00008ca6   _ICF8591Msg
00008cc0   _MCP79411
00008cd8   _AT24C02Msg
00008d00   _TM1650
00008d18   _y
00008d19   _x
00008d1a   _z
00008d1b   _zm5168_p2
00008d3c   __unlock
00008d3e   __lock
00008d40   _lastSendMBox
00008d42   _PtrCanRx
00008d44   _PtrCanTx
00008d46   _CANTxMsg
00008d80   _CANRxMsg
00008dd4   _j
00008dd5   _xfeq
00008dd6   _F_OUT
00008dd7   _Send_Count
00008dd8   _V_OUT
00008dda   _PID_F
00008de8   _PID_V
00008e00   _SerDealSta
00008e01   _count
00008e02   _UartRxLEN
00008e03   _SCI_Msg
00008e40   _temp
00008e90   _temp3
00008e91   _temp4
00008e92   _temp2
00008e93   _temp1
00008e94   _DataScope_OutPut_Buffer
00008f48   _i
00008f4a   _p
00008f4c   _zm5168_v1
00008f4f   _ADResReg
00008f60   ___TI_cleanup_ptr
00008f62   ___TI_dtors_ptr
00008f64   _timer0Base
00008f68   _Error
00008f69   _key
00008f6a   _Tmp
00009000   __sys_memory
003d7e80   _PartIdRegs
003e8000   .text
003e8000   ___text__
003e880f   ___TI_printfi
003e88fc   _Init_CANA_Gpio
003e8912   _CANInit
003e891b   _InitECana_1
003e8996   _canMailboxInit
003e8a2d   _CAN_Init_Interrupt
003e8a77   _CAN_Send
003e8ae4   _handleCANRxFIFO
003e8b7e   _InitAdc
003e8b9c   _InitAdcAio
003e8bbe   _AdcOffsetSelfCal
003e8be5   _AdcChanSelect
003e8c5a   _AdcConversion
003e8d81   _write
003e8de7   _unlink
003e8dff   _rename
003e8e28   _remove_device
003e8e42   _read
003e8e5a   _open
003e8ecc   _lseek
003e8ee4   _close
003e8f16   _add_device
003e8f82   _HOSTwrite
003e8fb8   _HOSTunlink
003e8fdd   _HOSTtime
003e9007   _HOSTrename
003e9045   _HOSTread
003e907b   _HOSTopen
003e90b2   _HOSTlseek
003e90f9   _HOSTgetenv
003e9121   _HOSTclose
003e9148   _HOSTclock
003e9172   _free
003e91b7   _minit
003e91db   _malloc
003e9234   _realloc
003e92e4   _max_free
003e9304   _free_memory
003e9320   _chkheap
003e9322   _calloc
003e9339   _Init_LinaGpio
003e9349   _SetupSCI
003e939d   _ZM5168_INit
003e93b9   _SendAgreementFlag
003e93c7   _LocalConfDeal
003e9494   _ReadLocalConf
003e94a8   _SetChanelNum
003e94ae   _SearchDevice
003e94b3   _ReadRemoteConf
003e94b9   _WriteConf
003e94bf   _ResetDevice
003e94c6   _RestoreDevice
003e94cd   _INT13_ISR
003e94d2   _INT14_ISR
003e94d7   _DATALOG_ISR
003e94dc   _RTOSINT_ISR
003e94e1   _EMUINT_ISR
003e94e6   _NMI_ISR
003e94eb   _ILLEGAL_ISR
003e94f0   _USER1_ISR
003e94f5   _USER2_ISR
003e94fa   _USER3_ISR
003e94ff   _USER4_ISR
003e9504   _USER5_ISR
003e9509   _USER6_ISR
003e950e   _USER7_ISR
003e9513   _USER8_ISR
003e9518   _USER9_ISR
003e951d   _USER10_ISR
003e9522   _USER11_ISR
003e9527   _USER12_ISR
003e952c   _ADCINT1_ISR
003e9531   _ADCINT2_ISR
003e9536   _XINT1_ISR
003e953b   _XINT2_ISR
003e9540   _ADCINT9_ISR
003e9545   _TINT0_ISR
003e954a   _WAKEINT_ISR
003e954f   _EPWM1_TZINT_ISR
003e9554   _EPWM2_TZINT_ISR
003e9559   _EPWM3_TZINT_ISR
003e955e   _EPWM4_TZINT_ISR
003e9563   _EPWM5_TZINT_ISR
003e9568   _EPWM6_TZINT_ISR
003e956d   _EPWM7_TZINT_ISR
003e9572   _EPWM1_INT_ISR
003e9577   _EPWM2_INT_ISR
003e957c   _EPWM3_INT_ISR
003e9581   _EPWM4_INT_ISR
003e9586   _EPWM5_INT_ISR
003e958b   _EPWM6_INT_ISR
003e9590   _EPWM7_INT_ISR
003e9595   _ECAP1_INT_ISR
003e959a   _HRCAP1_INT_ISR
003e959f   _HRCAP2_INT_ISR
003e95a4   _EQEP1_INT_ISR
003e95a9   _SPIRXINTA_ISR
003e95ae   _SPITXINTA_ISR
003e95b3   _SPIRXINTB_ISR
003e95b8   _SPITXINTB_ISR
003e95bd   _I2CINT1A_ISR
003e95c2   _I2CINT2A_ISR
003e95c7   _SCIRXINTA_ISR
003e95cc   _SCITXINTA_ISR
003e95d1   _LIN0INTA_ISR
003e95d6   _LIN1INTA_ISR
003e95db   _ECAN0INTA_ISR
003e95e0   _ECAN1INTA_ISR
003e95e5   _ADCINT3_ISR
003e95ea   _ADCINT4_ISR
003e95ef   _ADCINT5_ISR
003e95f4   _ADCINT6_ISR
003e95f9   _ADCINT7_ISR
003e95fe   _ADCINT8_ISR
003e9603   _CLA1_INT1_ISR
003e9608   _CLA1_INT2_ISR
003e960d   _CLA1_INT3_ISR
003e9612   _CLA1_INT4_ISR
003e9617   _CLA1_INT5_ISR
003e961c   _CLA1_INT6_ISR
003e9621   _CLA1_INT7_ISR
003e9626   _CLA1_INT8_ISR
003e962b   _XINT3_ISR
003e9630   _LVF_ISR
003e9635   _LUF_ISR
003e963a   _EMPTY_ISR
003e963f   _PIE_RESERVED
003e9644   _rsvd_ISR
003e9649   _handleRxFIFO
003e96ba   _SCI_Init
003e96fc   _scia_xmit
003e9716   _open_uart_debug
003e9746   _my_open
003e974f   _my_close
003e9754   _my_read
003e975d   _my_write
003e9777   _my_lseek
003e9780   _my_unlink
003e9787   _my_rename
003e9791   _InitSysCtrl
003e97ab   _ServiceDog
003e97b5   _DisableDog
003e97bd   _InitPll
003e980d   _InitPeripheralClocks
003e9849   _CsmUnlock
003e987a   _IntOsc1Sel
003e988a   _IntOsc2Sel
003e989e   _XtalOscSel
003e98b2   _ExtOscSel
003e98c8   _PID_Init
003e98de   _PID_Control_F
003e9942   _PID_Control_V
003e99ae   _Upper_Uart
003e99f1   _ADC_Config
003e9ac6   _SendJS
003e9b0f   LL$$DIV
003e9b4b   LL$$MOD
003e9b85   ULL$$DIV
003e9bb4   ULL$$MOD
003e9c16   _SPIGpio_Init
003e9c3e   _SPI_INit
003e9c41   _DataFlash_WriteEnable
003e9c53   _DataFlash_WriteDisable
003e9c65   _DataFlash_SPI_BUSY_OrNot
003e9c82   _SPI_Flash_Read
003e9cb8   _SPI_Flash_ReadID
003e9ce5   _DataFlash_Write_Byte
003e9d90   ___TI_cleanup
003e9dad   _freopen
003e9dfd   _fopen
003e9e17   _Float2Byte
003e9e3c   _DataScope_Get_Channel_Data
003e9eb2   _DataScope_Data_Generate
003e9f04   _InitI2C_Gpio
003e9f1a   _I2CA_Init
003e9f66   _I2CA_Tx_STOP
003e9f92   _I2CA_Rxdata_STOP
003e9f9f   _MCP79411_INit
003e9fce   _InitEPwm
003e9fcf   _InitEPwmGpio
003e9fde   _InitEPwm1Gpio
003e9ff0   _InitEPwm2Gpio
003ea002   _InitEPwm3Gpio
003ea016   _InitEPwm4Gpio
003ea02a   _InitEPwm5Gpio
003ea03c   _InitEPwm6Gpio
003ea04e   _InitEPwm7Gpio
003ea060   _InitEPwmSyncGpio
003ea071   _InitTzGpio
003ea092   _canA_isr0
003ea0ca   _canA_isr1
003ea153   _main
003ea1e8   _InitLED
003ea206   _fputs
003ea299   _puts
003ea2ab   FD$$ADD
003ea347   ___TI_writemsg
003ea397   C$$IO$$
003ea39b   ___TI_readmsg
003ea3d5   FD$$DIV
003ea460   _GPIO_INit
003ea484   _KEY_Init
003ea4b2   _DIP_Scan
003ea4df   _STOP_Scan
003ea4e7   FD$$MPY
003ea56a   FS$$DIV
003ea5ed   FS$$SUB
003ea5f2   FS$$ADD
003ea665   _setvbuf
003ea6dd   _InitCpuTimers
003ea71e   _ConfigCpuTimer
003ea753   _adc_isr
003ea7c5   ___TI_doflush
003ea7f4   _fflush
003ea830   ___TI_wrt_ok
003ea86a   ___TI_rd_ok
003ea895   ___TI_closefile
003ea8d7   _fclose
003ea8f0   FS$$MPY
003ea94a   _fputc
003ea94a   _putc
003ea995   _putchar
003ea99a   _c_int00
003ea9de   _Timer0_init
003eaa00   _Timer1_init
003eaa1d   _fseek
003eaa60   _printf
003eaa8c   _uartRx_isr
003eaabd   _atoi
003eaaee   _ltoa
003eab1a   _ExInt_Init
003eab45   FD$$CMP
003eab6f   L$$DIV
003eab7e   L$$MOD
003eab8c   UL$$DIV
003eab93   UL$$MOD
003eab99   FS$$TOL
003eabc2   _InitPieCtrl
003eabe1   _EnableInterrupts
003eabea   _InitPieVectTable
003eac0f   FS$$TOI
003eac34   _cpu_timer1_isr
003eac56   _strncpy
003eac78   FD$$TOI
003eac99   ___memcpy_ff
003eacba   FD$$TOL
003eacd9   LL$$CMP
003eaceb   ULL$$CMP
003eacf7   FS$$TOFD
003ead13   L$$TOFD
003ead2f   _InitSci
003ead30   _InitSciGpio
003ead33   _InitSciaGpio
003ead49   _cpu_timer0_isr
003ead63   I$$TOFS
003ead7d   _InitI2C
003ead7e   _InitI2CGpio
003ead96   __args_main
003eadaf   C$$EXIT
003eadaf   _abort
003eadb1   _exit
003eadc8   LL$$AND
003eadd0   LL$$OR
003eadd8   LL$$XOR
003eade0   LL$$MPY
003eadf4   _InitGpio
003eae07   _memchr
003eae17   U$$TOFS
003eae27   FD$$SUB
003eae35   _memccpy
003eae42   _xint1_isr
003eae4e   _memset
003eae5a   _strchr
003eae65   U$$DIV
003eae6a   U$$MOD
003eae70   _strcmp
003eae7a   _i2c_int1a_isr
003eae83   __register_unlock
003eae87   __register_lock
003eae8b   __nop
003eae8c   FD$$NEG
003eae9d   _strlen
003eaea5   _strcpy
003eaeaa   _remove
003eaead   ___etext__
003eaead   etext
003eaeae   __ctypes_
003eafb0   _PieVectTableInit
003eb2e2   ___cinit__
003eb2e2   cinit
003f5000   _RamfuncsLoadStart
003f7ff6   code_start
003f7ff8   _CsmPwl
ffffffff   ___binit__
ffffffff   ___c_args__
ffffffff   ___pinit__
ffffffff   binit
ffffffff   pinit

[411 symbols]
