<?xml version="1.0"?>
<link_info>
   <banner>TMS320C2000 Linker PC v6.2.0</banner>
   <copyright>Copyright (c) 1996-2013 Texas Instruments Incorporated</copyright>
   <link_time>0x58e47faa</link_time>
   <link_errors>0x0</link_errors>
   <output_file>WXCD_JS.out</output_file>
   <entry_point>
      <name>_c_int00</name>
      <address>0x3ea85a</address>
   </entry_point>
   <input_file_list>
      <input_file id="fl-2">
         <path>.\user\</path>
         <kind>object</kind>
         <file>zm5168.obj</file>
         <name>zm5168.obj</name>
      </input_file>
      <input_file id="fl-3">
         <path>.\user\</path>
         <kind>object</kind>
         <file>timer.obj</file>
         <name>timer.obj</name>
      </input_file>
      <input_file id="fl-4">
         <path>.\user\</path>
         <kind>object</kind>
         <file>sim_spi.obj</file>
         <name>sim_spi.obj</name>
      </input_file>
      <input_file id="fl-5">
         <path>.\user\</path>
         <kind>object</kind>
         <file>printf_uart.obj</file>
         <name>printf_uart.obj</name>
      </input_file>
      <input_file id="fl-6">
         <path>.\user\</path>
         <kind>object</kind>
         <file>pid.obj</file>
         <name>pid.obj</name>
      </input_file>
      <input_file id="fl-7">
         <path>.\user\</path>
         <kind>object</kind>
         <file>main.obj</file>
         <name>main.obj</name>
      </input_file>
      <input_file id="fl-8">
         <path>.\user\</path>
         <kind>object</kind>
         <file>led.obj</file>
         <name>led.obj</name>
      </input_file>
      <input_file id="fl-9">
         <path>.\user\</path>
         <kind>object</kind>
         <file>ad.obj</file>
         <name>ad.obj</name>
      </input_file>
      <input_file id="fl-a">
         <path>.\user\</path>
         <kind>object</kind>
         <file>TM1650_IIC.obj</file>
         <name>TM1650_IIC.obj</name>
      </input_file>
      <input_file id="fl-b">
         <path>.\user\</path>
         <kind>object</kind>
         <file>Exint.obj</file>
         <name>Exint.obj</name>
      </input_file>
      <input_file id="fl-c">
         <path>.\user\</path>
         <kind>object</kind>
         <file>DataScope_DP.obj</file>
         <name>DataScope_DP.obj</name>
      </input_file>
      <input_file id="fl-d">
         <path>.\user\</path>
         <kind>object</kind>
         <file>CANcomm.obj</file>
         <name>CANcomm.obj</name>
      </input_file>
      <input_file id="fl-e">
         <path>.\</path>
         <kind>object</kind>
         <file>DSP2803x_usDelay.obj</file>
         <name>DSP2803x_usDelay.obj</name>
      </input_file>
      <input_file id="fl-f">
         <path>.\</path>
         <kind>object</kind>
         <file>DSP2803x_SysCtrl.obj</file>
         <name>DSP2803x_SysCtrl.obj</name>
      </input_file>
      <input_file id="fl-10">
         <path>.\</path>
         <kind>object</kind>
         <file>DSP2803x_Sci.obj</file>
         <name>DSP2803x_Sci.obj</name>
      </input_file>
      <input_file id="fl-11">
         <path>.\</path>
         <kind>object</kind>
         <file>DSP2803x_PieVect.obj</file>
         <name>DSP2803x_PieVect.obj</name>
      </input_file>
      <input_file id="fl-12">
         <path>.\</path>
         <kind>object</kind>
         <file>DSP2803x_PieCtrl.obj</file>
         <name>DSP2803x_PieCtrl.obj</name>
      </input_file>
      <input_file id="fl-13">
         <path>.\</path>
         <kind>object</kind>
         <file>DSP2803x_I2C.obj</file>
         <name>DSP2803x_I2C.obj</name>
      </input_file>
      <input_file id="fl-14">
         <path>.\</path>
         <kind>object</kind>
         <file>DSP2803x_Gpio.obj</file>
         <name>DSP2803x_Gpio.obj</name>
      </input_file>
      <input_file id="fl-15">
         <path>.\</path>
         <kind>object</kind>
         <file>DSP2803x_GlobalVariableDefs.obj</file>
         <name>DSP2803x_GlobalVariableDefs.obj</name>
      </input_file>
      <input_file id="fl-16">
         <path>.\</path>
         <kind>object</kind>
         <file>DSP2803x_EPwm.obj</file>
         <name>DSP2803x_EPwm.obj</name>
      </input_file>
      <input_file id="fl-17">
         <path>.\</path>
         <kind>object</kind>
         <file>DSP2803x_DefaultIsr.obj</file>
         <name>DSP2803x_DefaultIsr.obj</name>
      </input_file>
      <input_file id="fl-18">
         <path>.\</path>
         <kind>object</kind>
         <file>DSP2803x_CpuTimers.obj</file>
         <name>DSP2803x_CpuTimers.obj</name>
      </input_file>
      <input_file id="fl-19">
         <path>.\</path>
         <kind>object</kind>
         <file>DSP2803x_CodeStartBranch.obj</file>
         <name>DSP2803x_CodeStartBranch.obj</name>
      </input_file>
      <input_file id="fl-1a">
         <path>.\</path>
         <kind>object</kind>
         <file>DSP2803x_Adc.obj</file>
         <name>DSP2803x_Adc.obj</name>
      </input_file>
      <input_file id="fl-2a">
         <path>C:\ti\ccsv5\tools\compiler\c2000_6.2.0\lib\</path>
         <kind>archive</kind>
         <file>rts2800_ml.lib</file>
         <name>boot.obj</name>
      </input_file>
      <input_file id="fl-2b">
         <path>C:\ti\ccsv5\tools\compiler\c2000_6.2.0\lib\</path>
         <kind>archive</kind>
         <file>rts2800_ml.lib</file>
         <name>defs.obj</name>
      </input_file>
      <input_file id="fl-2c">
         <path>C:\ti\ccsv5\tools\compiler\c2000_6.2.0\lib\</path>
         <kind>archive</kind>
         <file>rts2800_ml.lib</file>
         <name>exit.obj</name>
      </input_file>
      <input_file id="fl-2d">
         <path>C:\ti\ccsv5\tools\compiler\c2000_6.2.0\lib\</path>
         <kind>archive</kind>
         <file>rts2800_ml.lib</file>
         <name>fopen.obj</name>
      </input_file>
      <input_file id="fl-2e">
         <path>C:\ti\ccsv5\tools\compiler\c2000_6.2.0\lib\</path>
         <kind>archive</kind>
         <file>rts2800_ml.lib</file>
         <name>fs_add.obj</name>
      </input_file>
      <input_file id="fl-2f">
         <path>C:\ti\ccsv5\tools\compiler\c2000_6.2.0\lib\</path>
         <kind>archive</kind>
         <file>rts2800_ml.lib</file>
         <name>fs_div.obj</name>
      </input_file>
      <input_file id="fl-30">
         <path>C:\ti\ccsv5\tools\compiler\c2000_6.2.0\lib\</path>
         <kind>archive</kind>
         <file>rts2800_ml.lib</file>
         <name>fs_mpy.obj</name>
      </input_file>
      <input_file id="fl-31">
         <path>C:\ti\ccsv5\tools\compiler\c2000_6.2.0\lib\</path>
         <kind>archive</kind>
         <file>rts2800_ml.lib</file>
         <name>fs_toi.obj</name>
      </input_file>
      <input_file id="fl-32">
         <path>C:\ti\ccsv5\tools\compiler\c2000_6.2.0\lib\</path>
         <kind>archive</kind>
         <file>rts2800_ml.lib</file>
         <name>fs_tol.obj</name>
      </input_file>
      <input_file id="fl-33">
         <path>C:\ti\ccsv5\tools\compiler\c2000_6.2.0\lib\</path>
         <kind>archive</kind>
         <file>rts2800_ml.lib</file>
         <name>i_tofs.obj</name>
      </input_file>
      <input_file id="fl-34">
         <path>C:\ti\ccsv5\tools\compiler\c2000_6.2.0\lib\</path>
         <kind>archive</kind>
         <file>rts2800_ml.lib</file>
         <name>l_div.obj</name>
      </input_file>
      <input_file id="fl-35">
         <path>C:\ti\ccsv5\tools\compiler\c2000_6.2.0\lib\</path>
         <kind>archive</kind>
         <file>rts2800_ml.lib</file>
         <name>_lock.obj</name>
      </input_file>
      <input_file id="fl-36">
         <path>C:\ti\ccsv5\tools\compiler\c2000_6.2.0\lib\</path>
         <kind>archive</kind>
         <file>rts2800_ml.lib</file>
         <name>lowlev.obj</name>
      </input_file>
      <input_file id="fl-37">
         <path>C:\ti\ccsv5\tools\compiler\c2000_6.2.0\lib\</path>
         <kind>archive</kind>
         <file>rts2800_ml.lib</file>
         <name>memcpy_ff.obj</name>
      </input_file>
      <input_file id="fl-38">
         <path>C:\ti\ccsv5\tools\compiler\c2000_6.2.0\lib\</path>
         <kind>archive</kind>
         <file>rts2800_ml.lib</file>
         <name>printf.obj</name>
      </input_file>
      <input_file id="fl-39">
         <path>C:\ti\ccsv5\tools\compiler\c2000_6.2.0\lib\</path>
         <kind>archive</kind>
         <file>rts2800_ml.lib</file>
         <name>setvbuf.obj</name>
      </input_file>
      <input_file id="fl-3a">
         <path>C:\ti\ccsv5\tools\compiler\c2000_6.2.0\lib\</path>
         <kind>archive</kind>
         <file>rts2800_ml.lib</file>
         <name>strchr.obj</name>
      </input_file>
      <input_file id="fl-3b">
         <path>C:\ti\ccsv5\tools\compiler\c2000_6.2.0\lib\</path>
         <kind>archive</kind>
         <file>rts2800_ml.lib</file>
         <name>strcmp.obj</name>
      </input_file>
      <input_file id="fl-3c">
         <path>C:\ti\ccsv5\tools\compiler\c2000_6.2.0\lib\</path>
         <kind>archive</kind>
         <file>rts2800_ml.lib</file>
         <name>strncpy.obj</name>
      </input_file>
      <input_file id="fl-3d">
         <path>C:\ti\ccsv5\tools\compiler\c2000_6.2.0\lib\</path>
         <kind>archive</kind>
         <file>rts2800_ml.lib</file>
         <name>trgdrv.obj</name>
      </input_file>
      <input_file id="fl-3e">
         <path>C:\ti\ccsv5\tools\compiler\c2000_6.2.0\lib\</path>
         <kind>archive</kind>
         <file>rts2800_ml.lib</file>
         <name>u_div.obj</name>
      </input_file>
      <input_file id="fl-3f">
         <path>C:\ti\ccsv5\tools\compiler\c2000_6.2.0\lib\</path>
         <kind>archive</kind>
         <file>rts2800_ml.lib</file>
         <name>u_tofs.obj</name>
      </input_file>
      <input_file id="fl-40">
         <path>C:\ti\ccsv5\tools\compiler\c2000_6.2.0\lib\</path>
         <kind>archive</kind>
         <file>rts2800_ml.lib</file>
         <name>ankmsg.obj</name>
      </input_file>
      <input_file id="fl-41">
         <path>C:\ti\ccsv5\tools\compiler\c2000_6.2.0\lib\</path>
         <kind>archive</kind>
         <file>rts2800_ml.lib</file>
         <name>args_main.obj</name>
      </input_file>
      <input_file id="fl-42">
         <path>C:\ti\ccsv5\tools\compiler\c2000_6.2.0\lib\</path>
         <kind>archive</kind>
         <file>rts2800_ml.lib</file>
         <name>fclose.obj</name>
      </input_file>
      <input_file id="fl-43">
         <path>C:\ti\ccsv5\tools\compiler\c2000_6.2.0\lib\</path>
         <kind>archive</kind>
         <file>rts2800_ml.lib</file>
         <name>fflush.obj</name>
      </input_file>
      <input_file id="fl-44">
         <path>C:\ti\ccsv5\tools\compiler\c2000_6.2.0\lib\</path>
         <kind>archive</kind>
         <file>rts2800_ml.lib</file>
         <name>fputc.obj</name>
      </input_file>
      <input_file id="fl-45">
         <path>C:\ti\ccsv5\tools\compiler\c2000_6.2.0\lib\</path>
         <kind>archive</kind>
         <file>rts2800_ml.lib</file>
         <name>fputs.obj</name>
      </input_file>
      <input_file id="fl-46">
         <path>C:\ti\ccsv5\tools\compiler\c2000_6.2.0\lib\</path>
         <kind>archive</kind>
         <file>rts2800_ml.lib</file>
         <name>_io_perm.obj</name>
      </input_file>
      <input_file id="fl-47">
         <path>C:\ti\ccsv5\tools\compiler\c2000_6.2.0\lib\</path>
         <kind>archive</kind>
         <file>rts2800_ml.lib</file>
         <name>memchr.obj</name>
      </input_file>
      <input_file id="fl-48">
         <path>C:\ti\ccsv5\tools\compiler\c2000_6.2.0\lib\</path>
         <kind>archive</kind>
         <file>rts2800_ml.lib</file>
         <name>memory.obj</name>
      </input_file>
      <input_file id="fl-49">
         <path>C:\ti\ccsv5\tools\compiler\c2000_6.2.0\lib\</path>
         <kind>archive</kind>
         <file>rts2800_ml.lib</file>
         <name>_printfi.obj</name>
      </input_file>
      <input_file id="fl-4a">
         <path>C:\ti\ccsv5\tools\compiler\c2000_6.2.0\lib\</path>
         <kind>archive</kind>
         <file>rts2800_ml.lib</file>
         <name>remove.obj</name>
      </input_file>
      <input_file id="fl-4b">
         <path>C:\ti\ccsv5\tools\compiler\c2000_6.2.0\lib\</path>
         <kind>archive</kind>
         <file>rts2800_ml.lib</file>
         <name>strcpy.obj</name>
      </input_file>
      <input_file id="fl-4c">
         <path>C:\ti\ccsv5\tools\compiler\c2000_6.2.0\lib\</path>
         <kind>archive</kind>
         <file>rts2800_ml.lib</file>
         <name>strlen.obj</name>
      </input_file>
      <input_file id="fl-4d">
         <path>C:\ti\ccsv5\tools\compiler\c2000_6.2.0\lib\</path>
         <kind>archive</kind>
         <file>rts2800_ml.lib</file>
         <name>atoi.obj</name>
      </input_file>
      <input_file id="fl-4e">
         <path>C:\ti\ccsv5\tools\compiler\c2000_6.2.0\lib\</path>
         <kind>archive</kind>
         <file>rts2800_ml.lib</file>
         <name>ctype.obj</name>
      </input_file>
      <input_file id="fl-4f">
         <path>C:\ti\ccsv5\tools\compiler\c2000_6.2.0\lib\</path>
         <kind>archive</kind>
         <file>rts2800_ml.lib</file>
         <name>fd_cmp.obj</name>
      </input_file>
      <input_file id="fl-50">
         <path>C:\ti\ccsv5\tools\compiler\c2000_6.2.0\lib\</path>
         <kind>archive</kind>
         <file>rts2800_ml.lib</file>
         <name>fd_div.obj</name>
      </input_file>
      <input_file id="fl-51">
         <path>C:\ti\ccsv5\tools\compiler\c2000_6.2.0\lib\</path>
         <kind>archive</kind>
         <file>rts2800_ml.lib</file>
         <name>fd_mpy.obj</name>
      </input_file>
      <input_file id="fl-52">
         <path>C:\ti\ccsv5\tools\compiler\c2000_6.2.0\lib\</path>
         <kind>archive</kind>
         <file>rts2800_ml.lib</file>
         <name>fd_neg.obj</name>
      </input_file>
      <input_file id="fl-53">
         <path>C:\ti\ccsv5\tools\compiler\c2000_6.2.0\lib\</path>
         <kind>archive</kind>
         <file>rts2800_ml.lib</file>
         <name>fd_sub.obj</name>
      </input_file>
      <input_file id="fl-54">
         <path>C:\ti\ccsv5\tools\compiler\c2000_6.2.0\lib\</path>
         <kind>archive</kind>
         <file>rts2800_ml.lib</file>
         <name>fd_toi.obj</name>
      </input_file>
      <input_file id="fl-55">
         <path>C:\ti\ccsv5\tools\compiler\c2000_6.2.0\lib\</path>
         <kind>archive</kind>
         <file>rts2800_ml.lib</file>
         <name>fd_tol.obj</name>
      </input_file>
      <input_file id="fl-56">
         <path>C:\ti\ccsv5\tools\compiler\c2000_6.2.0\lib\</path>
         <kind>archive</kind>
         <file>rts2800_ml.lib</file>
         <name>fseek.obj</name>
      </input_file>
      <input_file id="fl-57">
         <path>C:\ti\ccsv5\tools\compiler\c2000_6.2.0\lib\</path>
         <kind>archive</kind>
         <file>rts2800_ml.lib</file>
         <name>fs_tofd.obj</name>
      </input_file>
      <input_file id="fl-58">
         <path>C:\ti\ccsv5\tools\compiler\c2000_6.2.0\lib\</path>
         <kind>archive</kind>
         <file>rts2800_ml.lib</file>
         <name>ll_aox.obj</name>
      </input_file>
      <input_file id="fl-59">
         <path>C:\ti\ccsv5\tools\compiler\c2000_6.2.0\lib\</path>
         <kind>archive</kind>
         <file>rts2800_ml.lib</file>
         <name>ll_cmp.obj</name>
      </input_file>
      <input_file id="fl-5a">
         <path>C:\ti\ccsv5\tools\compiler\c2000_6.2.0\lib\</path>
         <kind>archive</kind>
         <file>rts2800_ml.lib</file>
         <name>ll_div.obj</name>
      </input_file>
      <input_file id="fl-5b">
         <path>C:\ti\ccsv5\tools\compiler\c2000_6.2.0\lib\</path>
         <kind>archive</kind>
         <file>rts2800_ml.lib</file>
         <name>ll_mpy.obj</name>
      </input_file>
      <input_file id="fl-5c">
         <path>C:\ti\ccsv5\tools\compiler\c2000_6.2.0\lib\</path>
         <kind>archive</kind>
         <file>rts2800_ml.lib</file>
         <name>ltoa.obj</name>
      </input_file>
      <input_file id="fl-5d">
         <path>C:\ti\ccsv5\tools\compiler\c2000_6.2.0\lib\</path>
         <kind>archive</kind>
         <file>rts2800_ml.lib</file>
         <name>l_tofd.obj</name>
      </input_file>
      <input_file id="fl-5e">
         <path>C:\ti\ccsv5\tools\compiler\c2000_6.2.0\lib\</path>
         <kind>archive</kind>
         <file>rts2800_ml.lib</file>
         <name>memccpy.obj</name>
      </input_file>
      <input_file id="fl-5f">
         <path>C:\ti\ccsv5\tools\compiler\c2000_6.2.0\lib\</path>
         <kind>archive</kind>
         <file>rts2800_ml.lib</file>
         <name>memset.obj</name>
      </input_file>
      <input_file id="fl-60">
         <path>C:\ti\ccsv5\tools\compiler\c2000_6.2.0\lib\</path>
         <kind>archive</kind>
         <file>rts2800_ml.lib</file>
         <name>fd_add.obj</name>
      </input_file>
   </input_file_list>
   <object_component_list>
      <object_component id="oc-ee">
         <name>PieVectTableFile</name>
         <uninitialized>true</uninitialized>
         <run_address>0xd00</run_address>
         <size>0x100</size>
         <input_file_ref idref="fl-15"/>
      </object_component>
      <object_component id="oc-c1">
         <name>EmuKeyVar</name>
         <uninitialized>true</uninitialized>
         <run_address>0xd00</run_address>
         <size>0x1</size>
         <input_file_ref idref="fl-15"/>
      </object_component>
      <object_component id="oc-c0">
         <name>EmuBModeVar</name>
         <uninitialized>true</uninitialized>
         <run_address>0xd01</run_address>
         <size>0x1</size>
         <input_file_ref idref="fl-15"/>
      </object_component>
      <object_component id="oc-c3">
         <name>FlashCallbackVar</name>
         <uninitialized>true</uninitialized>
         <run_address>0xd02</run_address>
         <size>0x2</size>
         <input_file_ref idref="fl-15"/>
      </object_component>
      <object_component id="oc-c4">
         <name>FlashScalingVar</name>
         <uninitialized>true</uninitialized>
         <run_address>0xd04</run_address>
         <size>0x2</size>
         <input_file_ref idref="fl-15"/>
      </object_component>
      <object_component id="oc-c6">
         <name>DevEmuRegsFile</name>
         <uninitialized>true</uninitialized>
         <run_address>0x880</run_address>
         <size>0x4</size>
         <input_file_ref idref="fl-15"/>
      </object_component>
      <object_component id="oc-c5">
         <name>SysPwrCtrlRegsFile</name>
         <uninitialized>true</uninitialized>
         <run_address>0x985</run_address>
         <size>0x3</size>
         <input_file_ref idref="fl-15"/>
      </object_component>
      <object_component id="oc-c7">
         <name>FlashRegsFile</name>
         <uninitialized>true</uninitialized>
         <run_address>0xa80</run_address>
         <size>0x8</size>
         <input_file_ref idref="fl-15"/>
      </object_component>
      <object_component id="oc-d2">
         <name>CsmRegsFile</name>
         <uninitialized>true</uninitialized>
         <run_address>0xae0</run_address>
         <size>0x10</size>
         <input_file_ref idref="fl-15"/>
      </object_component>
      <object_component id="oc-dc">
         <name>AdcResultFile</name>
         <uninitialized>true</uninitialized>
         <run_address>0xb00</run_address>
         <size>0x20</size>
         <input_file_ref idref="fl-15"/>
      </object_component>
      <object_component id="oc-ca">
         <name>CpuTimer0RegsFile</name>
         <uninitialized>true</uninitialized>
         <run_address>0xc00</run_address>
         <size>0x8</size>
         <input_file_ref idref="fl-15"/>
      </object_component>
      <object_component id="oc-c9">
         <name>CpuTimer1RegsFile</name>
         <uninitialized>true</uninitialized>
         <run_address>0xc08</run_address>
         <size>0x8</size>
         <input_file_ref idref="fl-15"/>
      </object_component>
      <object_component id="oc-cb">
         <name>CpuTimer2RegsFile</name>
         <uninitialized>true</uninitialized>
         <run_address>0xc10</run_address>
         <size>0x8</size>
         <input_file_ref idref="fl-15"/>
      </object_component>
      <object_component id="oc-d6">
         <name>PieCtrlRegsFile</name>
         <uninitialized>true</uninitialized>
         <run_address>0xce0</run_address>
         <size>0x1a</size>
         <input_file_ref idref="fl-15"/>
      </object_component>
      <object_component id="oc-e0">
         <name>Cla1RegsFile</name>
         <uninitialized>true</uninitialized>
         <run_address>0x1400</run_address>
         <size>0x40</size>
         <input_file_ref idref="fl-15"/>
      </object_component>
      <object_component id="oc-de">
         <name>ECanaRegsFile</name>
         <uninitialized>true</uninitialized>
         <run_address>0x6000</run_address>
         <size>0x34</size>
         <input_file_ref idref="fl-15"/>
      </object_component>
      <object_component id="oc-e3">
         <name>ECanaLAMRegsFile</name>
         <uninitialized>true</uninitialized>
         <run_address>0x6040</run_address>
         <size>0x40</size>
         <input_file_ref idref="fl-15"/>
      </object_component>
      <object_component id="oc-ef">
         <name>ECanaMboxesFile</name>
         <uninitialized>true</uninitialized>
         <run_address>0x6100</run_address>
         <size>0x100</size>
         <input_file_ref idref="fl-15"/>
      </object_component>
      <object_component id="oc-e2">
         <name>ECanaMOTSRegsFile</name>
         <uninitialized>true</uninitialized>
         <run_address>0x6080</run_address>
         <size>0x40</size>
         <input_file_ref idref="fl-15"/>
      </object_component>
      <object_component id="oc-eb">
         <name>ECanaMOTORegsFile</name>
         <uninitialized>true</uninitialized>
         <run_address>0x60c0</run_address>
         <size>0x40</size>
         <input_file_ref idref="fl-15"/>
      </object_component>
      <object_component id="oc-db">
         <name>ECap1RegsFile</name>
         <uninitialized>true</uninitialized>
         <run_address>0x6a00</run_address>
         <size>0x20</size>
         <input_file_ref idref="fl-15"/>
      </object_component>
      <object_component id="oc-da">
         <name>HRCap1RegsFile</name>
         <uninitialized>true</uninitialized>
         <run_address>0x6ac0</run_address>
         <size>0x20</size>
         <input_file_ref idref="fl-15"/>
      </object_component>
      <object_component id="oc-d9">
         <name>HRCap2RegsFile</name>
         <uninitialized>true</uninitialized>
         <run_address>0x6ae0</run_address>
         <size>0x20</size>
         <input_file_ref idref="fl-15"/>
      </object_component>
      <object_component id="oc-e8">
         <name>EQep1RegsFile</name>
         <uninitialized>true</uninitialized>
         <run_address>0x6b00</run_address>
         <size>0x40</size>
         <input_file_ref idref="fl-15"/>
      </object_component>
      <object_component id="oc-ec">
         <name>LinaRegsFile</name>
         <uninitialized>true</uninitialized>
         <run_address>0x6c00</run_address>
         <size>0x4a</size>
         <input_file_ref idref="fl-15"/>
      </object_component>
      <object_component id="oc-e7">
         <name>GpioCtrlRegsFile</name>
         <uninitialized>true</uninitialized>
         <run_address>0x6f80</run_address>
         <size>0x40</size>
         <input_file_ref idref="fl-15"/>
      </object_component>
      <object_component id="oc-d8">
         <name>GpioDataRegsFile</name>
         <uninitialized>true</uninitialized>
         <run_address>0x6fc0</run_address>
         <size>0x20</size>
         <input_file_ref idref="fl-15"/>
      </object_component>
      <object_component id="oc-cc">
         <name>GpioIntRegsFile</name>
         <uninitialized>true</uninitialized>
         <run_address>0x6fe0</run_address>
         <size>0xc</size>
         <input_file_ref idref="fl-15"/>
      </object_component>
      <object_component id="oc-d7">
         <name>SysCtrlRegsFile</name>
         <uninitialized>true</uninitialized>
         <run_address>0x7010</run_address>
         <size>0x20</size>
         <input_file_ref idref="fl-15"/>
      </object_component>
      <object_component id="oc-cd">
         <name>SpiaRegsFile</name>
         <uninitialized>true</uninitialized>
         <run_address>0x7040</run_address>
         <size>0x10</size>
         <input_file_ref idref="fl-15"/>
      </object_component>
      <object_component id="oc-ce">
         <name>SpibRegsFile</name>
         <uninitialized>true</uninitialized>
         <run_address>0x7740</run_address>
         <size>0x10</size>
         <input_file_ref idref="fl-15"/>
      </object_component>
      <object_component id="oc-d0">
         <name>SciaRegsFile</name>
         <uninitialized>true</uninitialized>
         <run_address>0x7050</run_address>
         <size>0x10</size>
         <input_file_ref idref="fl-15"/>
      </object_component>
      <object_component id="oc-cf">
         <name>NmiIntruptRegsFile</name>
         <uninitialized>true</uninitialized>
         <run_address>0x7060</run_address>
         <size>0x10</size>
         <input_file_ref idref="fl-15"/>
      </object_component>
      <object_component id="oc-d1">
         <name>XIntruptRegsFile</name>
         <uninitialized>true</uninitialized>
         <run_address>0x7070</run_address>
         <size>0x10</size>
         <input_file_ref idref="fl-15"/>
      </object_component>
      <object_component id="oc-ed">
         <name>AdcRegsFile</name>
         <uninitialized>true</uninitialized>
         <run_address>0x7100</run_address>
         <size>0x50</size>
         <input_file_ref idref="fl-15"/>
      </object_component>
      <object_component id="oc-dd">
         <name>I2caRegsFile</name>
         <uninitialized>true</uninitialized>
         <run_address>0x7900</run_address>
         <size>0x22</size>
         <input_file_ref idref="fl-15"/>
      </object_component>
      <object_component id="oc-d3">
         <name>Comp1RegsFile</name>
         <uninitialized>true</uninitialized>
         <run_address>0x6400</run_address>
         <size>0x14</size>
         <input_file_ref idref="fl-15"/>
      </object_component>
      <object_component id="oc-d4">
         <name>Comp2RegsFile</name>
         <uninitialized>true</uninitialized>
         <run_address>0x6420</run_address>
         <size>0x14</size>
         <input_file_ref idref="fl-15"/>
      </object_component>
      <object_component id="oc-d5">
         <name>Comp3RegsFile</name>
         <uninitialized>true</uninitialized>
         <run_address>0x6440</run_address>
         <size>0x14</size>
         <input_file_ref idref="fl-15"/>
      </object_component>
      <object_component id="oc-df">
         <name>EPwm1RegsFile</name>
         <uninitialized>true</uninitialized>
         <run_address>0x6800</run_address>
         <size>0x40</size>
         <input_file_ref idref="fl-15"/>
      </object_component>
      <object_component id="oc-e1">
         <name>EPwm2RegsFile</name>
         <uninitialized>true</uninitialized>
         <run_address>0x6840</run_address>
         <size>0x40</size>
         <input_file_ref idref="fl-15"/>
      </object_component>
      <object_component id="oc-e4">
         <name>EPwm3RegsFile</name>
         <uninitialized>true</uninitialized>
         <run_address>0x6880</run_address>
         <size>0x40</size>
         <input_file_ref idref="fl-15"/>
      </object_component>
      <object_component id="oc-e9">
         <name>EPwm4RegsFile</name>
         <uninitialized>true</uninitialized>
         <run_address>0x68c0</run_address>
         <size>0x40</size>
         <input_file_ref idref="fl-15"/>
      </object_component>
      <object_component id="oc-ea">
         <name>EPwm5RegsFile</name>
         <uninitialized>true</uninitialized>
         <run_address>0x6900</run_address>
         <size>0x40</size>
         <input_file_ref idref="fl-15"/>
      </object_component>
      <object_component id="oc-e6">
         <name>EPwm6RegsFile</name>
         <uninitialized>true</uninitialized>
         <run_address>0x6940</run_address>
         <size>0x40</size>
         <input_file_ref idref="fl-15"/>
      </object_component>
      <object_component id="oc-e5">
         <name>EPwm7RegsFile</name>
         <uninitialized>true</uninitialized>
         <run_address>0x6980</run_address>
         <size>0x40</size>
         <input_file_ref idref="fl-15"/>
      </object_component>
      <object_component id="oc-c8">
         <name>CsmPwlFile</name>
         <uninitialized>true</uninitialized>
         <run_address>0x3f7ff8</run_address>
         <size>0x8</size>
         <input_file_ref idref="fl-15"/>
      </object_component>
      <object_component id="oc-c2">
         <name>PartIdRegsFile</name>
         <uninitialized>true</uninitialized>
         <run_address>0x3d7e80</run_address>
         <size>0x1</size>
         <input_file_ref idref="fl-15"/>
      </object_component>
      <object_component id="oc-7e">
         <name>.cinit</name>
         <load_address>0x3eb192</load_address>
         <run_address>0x3eb192</run_address>
         <size>0x48</size>
         <input_file_ref idref="fl-a"/>
      </object_component>
      <object_component id="oc-147">
         <name>.cinit</name>
         <load_address>0x3eb1da</load_address>
         <run_address>0x3eb1da</run_address>
         <size>0x31</size>
         <input_file_ref idref="fl-36"/>
      </object_component>
      <object_component id="oc-111">
         <name>.cinit</name>
         <load_address>0x3eb20b</load_address>
         <run_address>0x3eb20b</run_address>
         <size>0x2a</size>
         <input_file_ref idref="fl-2b"/>
      </object_component>
      <object_component id="oc-94">
         <name>.cinit</name>
         <load_address>0x3eb235</load_address>
         <run_address>0x3eb235</run_address>
         <size>0x22</size>
         <input_file_ref idref="fl-d"/>
      </object_component>
      <object_component id="oc-59">
         <name>.cinit</name>
         <load_address>0x3eb257</load_address>
         <run_address>0x3eb257</run_address>
         <size>0xb</size>
         <input_file_ref idref="fl-5"/>
      </object_component>
      <object_component id="oc-140">
         <name>.cinit</name>
         <load_address>0x3eb262</load_address>
         <run_address>0x3eb262</run_address>
         <size>0xa</size>
         <input_file_ref idref="fl-35"/>
      </object_component>
      <object_component id="oc-116">
         <name>.cinit</name>
         <load_address>0x3eb26c</load_address>
         <run_address>0x3eb26c</run_address>
         <size>0xa</size>
         <input_file_ref idref="fl-2c"/>
      </object_component>
      <object_component id="oc-6a">
         <name>.cinit</name>
         <load_address>0x3eb276</load_address>
         <run_address>0x3eb276</run_address>
         <size>0x8</size>
         <input_file_ref idref="fl-7"/>
      </object_component>
      <object_component id="oc-4c">
         <name>.cinit</name>
         <load_address>0x3eb27e</load_address>
         <run_address>0x3eb27e</run_address>
         <size>0x7</size>
         <input_file_ref idref="fl-3"/>
      </object_component>
      <object_component id="oc-76">
         <name>.cinit</name>
         <load_address>0x3eb285</load_address>
         <run_address>0x3eb285</run_address>
         <size>0x6</size>
         <input_file_ref idref="fl-9"/>
      </object_component>
      <object_component id="oc-8d">
         <name>.cinit</name>
         <load_address>0x3eb28b</load_address>
         <run_address>0x3eb28b</run_address>
         <size>0x4</size>
         <input_file_ref idref="fl-c"/>
      </object_component>
      <object_component id="oc-62">
         <name>.cinit</name>
         <load_address>0x3eb28f</load_address>
         <run_address>0x3eb28f</run_address>
         <size>0x4</size>
         <input_file_ref idref="fl-6"/>
      </object_component>
      <object_component id="oc-11d">
         <name>.cinit</name>
         <load_address>0x3eb293</load_address>
         <run_address>0x3eb293</run_address>
         <size>0x4</size>
         <input_file_ref idref="fl-2d"/>
      </object_component>
      <object_component id="oc-1a4">
         <name>.cinit</name>
         <load_address>0x3eb297</load_address>
         <run_address>0x3eb297</run_address>
         <size>0x4</size>
         <input_file_ref idref="fl-48"/>
      </object_component>
      <object_component id="oc-1aa">
         <name>.text</name>
         <load_address>0x3e8000</load_address>
         <run_address>0x3e8000</run_address>
         <size>0x8fc</size>
         <input_file_ref idref="fl-49"/>
      </object_component>
      <object_component id="oc-92">
         <name>.text</name>
         <load_address>0x3e88fc</load_address>
         <run_address>0x3e88fc</run_address>
         <size>0x282</size>
         <input_file_ref idref="fl-d"/>
      </object_component>
      <object_component id="oc-106">
         <name>.text</name>
         <load_address>0x3e8b7e</load_address>
         <run_address>0x3e8b7e</run_address>
         <size>0x203</size>
         <input_file_ref idref="fl-1a"/>
      </object_component>
      <object_component id="oc-145">
         <name>.text</name>
         <load_address>0x3e8d81</load_address>
         <run_address>0x3e8d81</run_address>
         <size>0x201</size>
         <input_file_ref idref="fl-36"/>
      </object_component>
      <object_component id="oc-16a">
         <name>.text</name>
         <load_address>0x3e8f82</load_address>
         <run_address>0x3e8f82</run_address>
         <size>0x1f0</size>
         <input_file_ref idref="fl-3d"/>
      </object_component>
      <object_component id="oc-1a2">
         <name>.text</name>
         <load_address>0x3e9172</load_address>
         <run_address>0x3e9172</run_address>
         <size>0x1c7</size>
         <input_file_ref idref="fl-48"/>
      </object_component>
      <object_component id="oc-f7">
         <name>.text:retain</name>
         <load_address>0x3e9339</load_address>
         <run_address>0x3e9339</run_address>
         <size>0x17c</size>
         <input_file_ref idref="fl-17"/>
      </object_component>
      <object_component id="oc-57">
         <name>.text</name>
         <load_address>0x3e94b5</load_address>
         <run_address>0x3e94b5</run_address>
         <size>0x147</size>
         <input_file_ref idref="fl-5"/>
      </object_component>
      <object_component id="oc-9f">
         <name>.text</name>
         <load_address>0x3e95fc</load_address>
         <run_address>0x3e95fc</run_address>
         <size>0x137</size>
         <input_file_ref idref="fl-f"/>
      </object_component>
      <object_component id="oc-60">
         <name>.text</name>
         <load_address>0x3e9733</load_address>
         <run_address>0x3e9733</run_address>
         <size>0x129</size>
         <input_file_ref idref="fl-6"/>
      </object_component>
      <object_component id="oc-1f4">
         <name>.text</name>
         <load_address>0x3e985c</load_address>
         <run_address>0x3e985c</run_address>
         <size>0x107</size>
         <input_file_ref idref="fl-5a"/>
      </object_component>
      <object_component id="oc-52">
         <name>.text</name>
         <load_address>0x3e9963</load_address>
         <run_address>0x3e9963</run_address>
         <size>0x102</size>
         <input_file_ref idref="fl-4"/>
      </object_component>
      <object_component id="oc-11b">
         <name>.text</name>
         <load_address>0x3e9a65</load_address>
         <run_address>0x3e9a65</run_address>
         <size>0xff</size>
         <input_file_ref idref="fl-2d"/>
      </object_component>
      <object_component id="oc-74">
         <name>.text</name>
         <load_address>0x3e9b64</load_address>
         <run_address>0x3e9b64</run_address>
         <size>0xf0</size>
         <input_file_ref idref="fl-9"/>
      </object_component>
      <object_component id="oc-8b">
         <name>.text</name>
         <load_address>0x3e9c54</load_address>
         <run_address>0x3e9c54</run_address>
         <size>0xed</size>
         <input_file_ref idref="fl-c"/>
      </object_component>
      <object_component id="oc-7c">
         <name>.text</name>
         <load_address>0x3e9d41</load_address>
         <run_address>0x3e9d41</run_address>
         <size>0xca</size>
         <input_file_ref idref="fl-a"/>
      </object_component>
      <object_component id="oc-f1">
         <name>.text</name>
         <load_address>0x3e9e0b</load_address>
         <run_address>0x3e9e0b</run_address>
         <size>0xc4</size>
         <input_file_ref idref="fl-16"/>
      </object_component>
      <object_component id="oc-96">
         <name>.text:retain</name>
         <load_address>0x3e9ecf</load_address>
         <run_address>0x3e9ecf</run_address>
         <size>0xc1</size>
         <input_file_ref idref="fl-d"/>
      </object_component>
      <object_component id="oc-192">
         <name>.text</name>
         <load_address>0x3e9f90</load_address>
         <run_address>0x3e9f90</run_address>
         <size>0xa5</size>
         <input_file_ref idref="fl-45"/>
      </object_component>
      <object_component id="oc-68">
         <name>.text</name>
         <load_address>0x3ea035</load_address>
         <run_address>0x3ea035</run_address>
         <size>0x9e</size>
         <input_file_ref idref="fl-7"/>
      </object_component>
      <object_component id="oc-20f">
         <name>.text</name>
         <load_address>0x3ea0d3</load_address>
         <run_address>0x3ea0d3</run_address>
         <size>0x9c</size>
         <input_file_ref idref="fl-60"/>
      </object_component>
      <object_component id="oc-178">
         <name>.text</name>
         <load_address>0x3ea16f</load_address>
         <run_address>0x3ea16f</run_address>
         <size>0x8e</size>
         <input_file_ref idref="fl-40"/>
      </object_component>
      <object_component id="oc-78">
         <name>.text:retain</name>
         <load_address>0x3ea1fd</load_address>
         <run_address>0x3ea1fd</run_address>
         <size>0x8c</size>
         <input_file_ref idref="fl-9"/>
      </object_component>
      <object_component id="oc-1cb">
         <name>.text</name>
         <load_address>0x3ea289</load_address>
         <run_address>0x3ea289</run_address>
         <size>0x8b</size>
         <input_file_ref idref="fl-50"/>
      </object_component>
      <object_component id="oc-6f">
         <name>.text</name>
         <load_address>0x3ea314</load_address>
         <run_address>0x3ea314</run_address>
         <size>0x87</size>
         <input_file_ref idref="fl-8"/>
      </object_component>
      <object_component id="oc-1cf">
         <name>.text</name>
         <load_address>0x3ea39b</load_address>
         <run_address>0x3ea39b</run_address>
         <size>0x83</size>
         <input_file_ref idref="fl-51"/>
      </object_component>
      <object_component id="oc-126">
         <name>.text</name>
         <load_address>0x3ea41e</load_address>
         <run_address>0x3ea41e</run_address>
         <size>0x83</size>
         <input_file_ref idref="fl-2f"/>
      </object_component>
      <object_component id="oc-45">
         <name>.text</name>
         <load_address>0x3ea4a1</load_address>
         <run_address>0x3ea4a1</run_address>
         <size>0x7e</size>
         <input_file_ref idref="fl-2"/>
      </object_component>
      <object_component id="oc-122">
         <name>.text</name>
         <load_address>0x3ea51f</load_address>
         <run_address>0x3ea51f</run_address>
         <size>0x78</size>
         <input_file_ref idref="fl-2e"/>
      </object_component>
      <object_component id="oc-156">
         <name>.text</name>
         <load_address>0x3ea597</load_address>
         <run_address>0x3ea597</run_address>
         <size>0x78</size>
         <input_file_ref idref="fl-39"/>
      </object_component>
      <object_component id="oc-fb">
         <name>.text</name>
         <load_address>0x3ea60f</load_address>
         <run_address>0x3ea60f</run_address>
         <size>0x76</size>
         <input_file_ref idref="fl-18"/>
      </object_component>
      <object_component id="oc-188">
         <name>.text</name>
         <load_address>0x3ea685</load_address>
         <run_address>0x3ea685</run_address>
         <size>0x6b</size>
         <input_file_ref idref="fl-43"/>
      </object_component>
      <object_component id="oc-198">
         <name>.text</name>
         <load_address>0x3ea6f0</load_address>
         <run_address>0x3ea6f0</run_address>
         <size>0x65</size>
         <input_file_ref idref="fl-46"/>
      </object_component>
      <object_component id="oc-183">
         <name>.text</name>
         <load_address>0x3ea755</load_address>
         <run_address>0x3ea755</run_address>
         <size>0x5b</size>
         <input_file_ref idref="fl-42"/>
      </object_component>
      <object_component id="oc-12a">
         <name>.text</name>
         <load_address>0x3ea7b0</load_address>
         <run_address>0x3ea7b0</run_address>
         <size>0x5a</size>
         <input_file_ref idref="fl-30"/>
      </object_component>
      <object_component id="oc-18d">
         <name>.text</name>
         <load_address>0x3ea80a</load_address>
         <run_address>0x3ea80a</run_address>
         <size>0x50</size>
         <input_file_ref idref="fl-44"/>
      </object_component>
      <object_component id="oc-44">
         <name>.text</name>
         <load_address>0x3ea85a</load_address>
         <run_address>0x3ea85a</run_address>
         <size>0x44</size>
         <input_file_ref idref="fl-2a"/>
      </object_component>
      <object_component id="oc-4a">
         <name>.text</name>
         <load_address>0x3ea89e</load_address>
         <run_address>0x3ea89e</run_address>
         <size>0x3f</size>
         <input_file_ref idref="fl-3"/>
      </object_component>
      <object_component id="oc-1e3">
         <name>.text</name>
         <load_address>0x3ea8dd</load_address>
         <run_address>0x3ea8dd</run_address>
         <size>0x3d</size>
         <input_file_ref idref="fl-56"/>
      </object_component>
      <object_component id="oc-151">
         <name>.text</name>
         <load_address>0x3ea91a</load_address>
         <run_address>0x3ea91a</run_address>
         <size>0x32</size>
         <input_file_ref idref="fl-38"/>
      </object_component>
      <object_component id="oc-1c0">
         <name>.text</name>
         <load_address>0x3ea94c</load_address>
         <run_address>0x3ea94c</run_address>
         <size>0x31</size>
         <input_file_ref idref="fl-4d"/>
      </object_component>
      <object_component id="oc-1fc">
         <name>.text</name>
         <load_address>0x3ea97d</load_address>
         <run_address>0x3ea97d</run_address>
         <size>0x2c</size>
         <input_file_ref idref="fl-5c"/>
      </object_component>
      <object_component id="oc-85">
         <name>.text</name>
         <load_address>0x3ea9a9</load_address>
         <run_address>0x3ea9a9</run_address>
         <size>0x2b</size>
         <input_file_ref idref="fl-b"/>
      </object_component>
      <object_component id="oc-1c7">
         <name>.text</name>
         <load_address>0x3ea9d4</load_address>
         <run_address>0x3ea9d4</run_address>
         <size>0x2a</size>
         <input_file_ref idref="fl-4f"/>
      </object_component>
      <object_component id="oc-13a">
         <name>.text</name>
         <load_address>0x3ea9fe</load_address>
         <run_address>0x3ea9fe</run_address>
         <size>0x2a</size>
         <input_file_ref idref="fl-34"/>
      </object_component>
      <object_component id="oc-132">
         <name>.text</name>
         <load_address>0x3eaa28</load_address>
         <run_address>0x3eaa28</run_address>
         <size>0x29</size>
         <input_file_ref idref="fl-32"/>
      </object_component>
      <object_component id="oc-b0">
         <name>.text</name>
         <load_address>0x3eaa51</load_address>
         <run_address>0x3eaa51</run_address>
         <size>0x28</size>
         <input_file_ref idref="fl-12"/>
      </object_component>
      <object_component id="oc-5b">
         <name>.text:retain</name>
         <load_address>0x3eaa79</load_address>
         <run_address>0x3eaa79</run_address>
         <size>0x26</size>
         <input_file_ref idref="fl-5"/>
      </object_component>
      <object_component id="oc-aa">
         <name>.text</name>
         <load_address>0x3eaa9f</load_address>
         <run_address>0x3eaa9f</run_address>
         <size>0x25</size>
         <input_file_ref idref="fl-11"/>
      </object_component>
      <object_component id="oc-12e">
         <name>.text</name>
         <load_address>0x3eaac4</load_address>
         <run_address>0x3eaac4</run_address>
         <size>0x25</size>
         <input_file_ref idref="fl-31"/>
      </object_component>
      <object_component id="oc-165">
         <name>.text</name>
         <load_address>0x3eaae9</load_address>
         <run_address>0x3eaae9</run_address>
         <size>0x22</size>
         <input_file_ref idref="fl-3c"/>
      </object_component>
      <object_component id="oc-1db">
         <name>.text</name>
         <load_address>0x3eab0b</load_address>
         <run_address>0x3eab0b</run_address>
         <size>0x21</size>
         <input_file_ref idref="fl-54"/>
      </object_component>
      <object_component id="oc-14c">
         <name>.text</name>
         <load_address>0x3eab2c</load_address>
         <run_address>0x3eab2c</run_address>
         <size>0x21</size>
         <input_file_ref idref="fl-37"/>
      </object_component>
      <object_component id="oc-1df">
         <name>.text</name>
         <load_address>0x3eab4d</load_address>
         <run_address>0x3eab4d</run_address>
         <size>0x1f</size>
         <input_file_ref idref="fl-55"/>
      </object_component>
      <object_component id="oc-64">
         <name>.text:retain</name>
         <load_address>0x3eab6c</load_address>
         <run_address>0x3eab6c</run_address>
         <size>0x1e</size>
         <input_file_ref idref="fl-6"/>
      </object_component>
      <object_component id="oc-1f0">
         <name>.text</name>
         <load_address>0x3eab8a</load_address>
         <run_address>0x3eab8a</run_address>
         <size>0x1e</size>
         <input_file_ref idref="fl-59"/>
      </object_component>
      <object_component id="oc-1e8">
         <name>.text</name>
         <load_address>0x3eaba8</load_address>
         <run_address>0x3eaba8</run_address>
         <size>0x1c</size>
         <input_file_ref idref="fl-57"/>
      </object_component>
      <object_component id="oc-201">
         <name>.text</name>
         <load_address>0x3eabc4</load_address>
         <run_address>0x3eabc4</run_address>
         <size>0x1c</size>
         <input_file_ref idref="fl-5d"/>
      </object_component>
      <object_component id="oc-a5">
         <name>.text</name>
         <load_address>0x3eabe0</load_address>
         <run_address>0x3eabe0</run_address>
         <size>0x1a</size>
         <input_file_ref idref="fl-10"/>
      </object_component>
      <object_component id="oc-4e">
         <name>.text:retain</name>
         <load_address>0x3eabfa</load_address>
         <run_address>0x3eabfa</run_address>
         <size>0x1a</size>
         <input_file_ref idref="fl-3"/>
      </object_component>
      <object_component id="oc-136">
         <name>.text</name>
         <load_address>0x3eac14</load_address>
         <run_address>0x3eac14</run_address>
         <size>0x1a</size>
         <input_file_ref idref="fl-33"/>
      </object_component>
      <object_component id="oc-b5">
         <name>.text</name>
         <load_address>0x3eac2e</load_address>
         <run_address>0x3eac2e</run_address>
         <size>0x19</size>
         <input_file_ref idref="fl-13"/>
      </object_component>
      <object_component id="oc-17e">
         <name>.text</name>
         <load_address>0x3eac47</load_address>
         <run_address>0x3eac47</run_address>
         <size>0x19</size>
         <input_file_ref idref="fl-41"/>
      </object_component>
      <object_component id="oc-114">
         <name>.text</name>
         <load_address>0x3eac60</load_address>
         <run_address>0x3eac60</run_address>
         <size>0x19</size>
         <input_file_ref idref="fl-2c"/>
      </object_component>
      <object_component id="oc-1ec">
         <name>.text</name>
         <load_address>0x3eac79</load_address>
         <run_address>0x3eac79</run_address>
         <size>0x18</size>
         <input_file_ref idref="fl-58"/>
      </object_component>
      <object_component id="oc-1f8">
         <name>.text</name>
         <load_address>0x3eac91</load_address>
         <run_address>0x3eac91</run_address>
         <size>0x14</size>
         <input_file_ref idref="fl-5b"/>
      </object_component>
      <object_component id="oc-ba">
         <name>.text</name>
         <load_address>0x3eaca5</load_address>
         <run_address>0x3eaca5</run_address>
         <size>0x13</size>
         <input_file_ref idref="fl-14"/>
      </object_component>
      <object_component id="oc-19d">
         <name>.text</name>
         <load_address>0x3eacb8</load_address>
         <run_address>0x3eacb8</run_address>
         <size>0x10</size>
         <input_file_ref idref="fl-47"/>
      </object_component>
      <object_component id="oc-174">
         <name>.text</name>
         <load_address>0x3eacc8</load_address>
         <run_address>0x3eacc8</run_address>
         <size>0x10</size>
         <input_file_ref idref="fl-3f"/>
      </object_component>
      <object_component id="oc-1d7">
         <name>.text</name>
         <load_address>0x3eacd8</load_address>
         <run_address>0x3eacd8</run_address>
         <size>0xe</size>
         <input_file_ref idref="fl-53"/>
      </object_component>
      <object_component id="oc-205">
         <name>.text</name>
         <load_address>0x3eace6</load_address>
         <run_address>0x3eace6</run_address>
         <size>0xd</size>
         <input_file_ref idref="fl-5e"/>
      </object_component>
      <object_component id="oc-87">
         <name>.text:retain</name>
         <load_address>0x3eacf3</load_address>
         <run_address>0x3eacf3</run_address>
         <size>0xc</size>
         <input_file_ref idref="fl-b"/>
      </object_component>
      <object_component id="oc-20a">
         <name>.text</name>
         <load_address>0x3eacff</load_address>
         <run_address>0x3eacff</run_address>
         <size>0xc</size>
         <input_file_ref idref="fl-5f"/>
      </object_component>
      <object_component id="oc-15b">
         <name>.text</name>
         <load_address>0x3ead0b</load_address>
         <run_address>0x3ead0b</run_address>
         <size>0xb</size>
         <input_file_ref idref="fl-3a"/>
      </object_component>
      <object_component id="oc-170">
         <name>.text</name>
         <load_address>0x3ead16</load_address>
         <run_address>0x3ead16</run_address>
         <size>0xb</size>
         <input_file_ref idref="fl-3e"/>
      </object_component>
      <object_component id="oc-160">
         <name>.text</name>
         <load_address>0x3ead21</load_address>
         <run_address>0x3ead21</run_address>
         <size>0xa</size>
         <input_file_ref idref="fl-3b"/>
      </object_component>
      <object_component id="oc-80">
         <name>.text:retain</name>
         <load_address>0x3ead2b</load_address>
         <run_address>0x3ead2b</run_address>
         <size>0x9</size>
         <input_file_ref idref="fl-a"/>
      </object_component>
      <object_component id="oc-13e">
         <name>.text</name>
         <load_address>0x3ead34</load_address>
         <run_address>0x3ead34</run_address>
         <size>0x9</size>
         <input_file_ref idref="fl-35"/>
      </object_component>
      <object_component id="oc-1d3">
         <name>.text</name>
         <load_address>0x3ead3d</load_address>
         <run_address>0x3ead3d</run_address>
         <size>0x9</size>
         <input_file_ref idref="fl-52"/>
      </object_component>
      <object_component id="oc-101">
         <name>.text</name>
         <load_address>0x3ead46</load_address>
         <run_address>0x3ead46</run_address>
         <size>0x8</size>
         <input_file_ref idref="fl-19"/>
      </object_component>
      <object_component id="oc-1bb">
         <name>.text</name>
         <load_address>0x3ead4e</load_address>
         <run_address>0x3ead4e</run_address>
         <size>0x8</size>
         <input_file_ref idref="fl-4c"/>
      </object_component>
      <object_component id="oc-1b6">
         <name>.text</name>
         <load_address>0x3ead56</load_address>
         <run_address>0x3ead56</run_address>
         <size>0x5</size>
         <input_file_ref idref="fl-4b"/>
      </object_component>
      <object_component id="oc-1b1">
         <name>.text</name>
         <load_address>0x3ead5b</load_address>
         <run_address>0x3ead5b</run_address>
         <size>0x3</size>
         <input_file_ref idref="fl-4a"/>
      </object_component>
      <object_component id="oc-102">
         <name>codestart</name>
         <load_address>0x3f7ff6</load_address>
         <run_address>0x3f7ff6</run_address>
         <size>0x2</size>
         <input_file_ref idref="fl-19"/>
      </object_component>
      <object_component id="oc-a1">
         <name>ramfuncs</name>
         <load_address>0x3f5000</load_address>
         <run_address>0x8000</run_address>
         <size>0x1b</size>
         <input_file_ref idref="fl-f"/>
      </object_component>
      <object_component id="oc-9b">
         <name>ramfuncs</name>
         <load_address>0x3f501b</load_address>
         <run_address>0x801b</run_address>
         <size>0x4</size>
         <input_file_ref idref="fl-e"/>
      </object_component>
      <object_component id="oc-10b">
         <name>.stack</name>
         <uninitialized>true</uninitialized>
         <run_address>0x50</run_address>
         <size>0x0</size>
         <input_file_ref idref="fl-2a"/>
      </object_component>
      <object_component id="oc-261">
         <name>.stack</name>
         <uninitialized>true</uninitialized>
         <run_address>0x50</run_address>
         <size>0x0</size>
      </object_component>
      <object_component id="oc-4d">
         <name>.ebss</name>
         <uninitialized>true</uninitialized>
         <run_address>0x8efc</run_address>
         <size>0x4</size>
         <input_file_ref idref="fl-3"/>
      </object_component>
      <object_component id="oc-5a">
         <name>.ebss</name>
         <uninitialized>true</uninitialized>
         <run_address>0x8d60</run_address>
         <size>0x19</size>
         <input_file_ref idref="fl-5"/>
      </object_component>
      <object_component id="oc-63">
         <name>.ebss</name>
         <uninitialized>true</uninitialized>
         <run_address>0x8e18</run_address>
         <size>0x22</size>
         <input_file_ref idref="fl-6"/>
      </object_component>
      <object_component id="oc-6b">
         <name>.ebss</name>
         <uninitialized>true</uninitialized>
         <run_address>0x8fb6</run_address>
         <size>0x3</size>
         <input_file_ref idref="fl-7"/>
      </object_component>
      <object_component id="oc-77">
         <name>.ebss</name>
         <uninitialized>true</uninitialized>
         <run_address>0x8fc0</run_address>
         <size>0x17</size>
         <input_file_ref idref="fl-9"/>
      </object_component>
      <object_component id="oc-7f">
         <name>.ebss</name>
         <uninitialized>true</uninitialized>
         <run_address>0x8d80</run_address>
         <size>0x98</size>
         <input_file_ref idref="fl-a"/>
      </object_component>
      <object_component id="oc-8e">
         <name>.ebss</name>
         <uninitialized>true</uninitialized>
         <run_address>0x8f88</run_address>
         <size>0x2e</size>
         <input_file_ref idref="fl-c"/>
      </object_component>
      <object_component id="oc-95">
         <name>.ebss</name>
         <uninitialized>true</uninitialized>
         <run_address>0x8e40</run_address>
         <size>0x93</size>
         <input_file_ref idref="fl-d"/>
      </object_component>
      <object_component id="oc-fd">
         <name>.ebss</name>
         <uninitialized>true</uninitialized>
         <run_address>0x8ed4</run_address>
         <size>0x18</size>
         <input_file_ref idref="fl-18"/>
      </object_component>
      <object_component id="oc-112">
         <name>.ebss</name>
         <uninitialized>true</uninitialized>
         <run_address>0x8c00</run_address>
         <size>0x160</size>
         <input_file_ref idref="fl-2b"/>
      </object_component>
      <object_component id="oc-117">
         <name>.ebss</name>
         <uninitialized>true</uninitialized>
         <run_address>0x8e3a</run_address>
         <size>0x4</size>
         <input_file_ref idref="fl-2c"/>
      </object_component>
      <object_component id="oc-11e">
         <name>.ebss</name>
         <uninitialized>true</uninitialized>
         <run_address>0x8d79</run_address>
         <size>0x1</size>
         <input_file_ref idref="fl-2d"/>
      </object_component>
      <object_component id="oc-141">
         <name>.ebss</name>
         <uninitialized>true</uninitialized>
         <run_address>0x8d7a</run_address>
         <size>0x4</size>
         <input_file_ref idref="fl-35"/>
      </object_component>
      <object_component id="oc-148">
         <name>.ebss</name>
         <uninitialized>true</uninitialized>
         <run_address>0x8f00</run_address>
         <size>0x88</size>
         <input_file_ref idref="fl-36"/>
      </object_component>
      <object_component id="oc-16c">
         <name>.ebss</name>
         <uninitialized>true</uninitialized>
         <run_address>0x8ef4</run_address>
         <size>0x8</size>
         <input_file_ref idref="fl-3d"/>
      </object_component>
      <object_component id="oc-1a5">
         <name>.ebss</name>
         <uninitialized>true</uninitialized>
         <run_address>0x8eec</run_address>
         <size>0x8</size>
         <input_file_ref idref="fl-48"/>
      </object_component>
      <object_component id="oc-213">
         <name>.econst:.string:__ctypes_</name>
         <load_address>0x3ead5e</load_address>
         <run_address>0x3ead5e</run_address>
         <size>0x101</size>
         <input_file_ref idref="fl-4e"/>
      </object_component>
      <object_component id="oc-ac">
         <name>.econst</name>
         <load_address>0x3eae60</load_address>
         <run_address>0x3eae60</run_address>
         <size>0x100</size>
         <input_file_ref idref="fl-11"/>
      </object_component>
      <object_component id="oc-5c">
         <name>.econst:.string</name>
         <load_address>0x3eaf60</load_address>
         <run_address>0x3eaf60</run_address>
         <size>0xf4</size>
         <input_file_ref idref="fl-5"/>
      </object_component>
      <object_component id="oc-97">
         <name>.econst:.string</name>
         <load_address>0x3eb054</load_address>
         <run_address>0x3eb054</run_address>
         <size>0xdb</size>
         <input_file_ref idref="fl-d"/>
      </object_component>
      <object_component id="oc-81">
         <name>.econst:.string</name>
         <load_address>0x3eb130</load_address>
         <run_address>0x3eb130</run_address>
         <size>0x24</size>
         <input_file_ref idref="fl-a"/>
      </object_component>
      <object_component id="oc-1ad">
         <name>.econst:.string</name>
         <load_address>0x3eb154</load_address>
         <run_address>0x3eb154</run_address>
         <size>0x24</size>
         <input_file_ref idref="fl-49"/>
      </object_component>
      <object_component id="oc-1ac">
         <name>.econst</name>
         <load_address>0x3eb178</load_address>
         <run_address>0x3eb178</run_address>
         <size>0x18</size>
         <input_file_ref idref="fl-49"/>
      </object_component>
      <object_component id="oc-194">
         <name>.econst:.string</name>
         <load_address>0x3eb190</load_address>
         <run_address>0x3eb190</run_address>
         <size>0x2</size>
         <input_file_ref idref="fl-45"/>
      </object_component>
      <object_component id="oc-10c">
         <name>.reset</name>
         <load_address>0x3fffc0</load_address>
         <run_address>0x3fffc0</run_address>
         <size>0x2</size>
         <input_file_ref idref="fl-2a"/>
      </object_component>
      <object_component id="oc-46">
         <name>.debug_info</name>
         <load_address>0x0</load_address>
         <run_address>0x0</run_address>
         <size>0x37f9</size>
         <input_file_ref idref="fl-2"/>
      </object_component>
      <object_component id="oc-4b">
         <name>.debug_info</name>
         <load_address>0x37f9</load_address>
         <run_address>0x37f9</run_address>
         <size>0x20ce</size>
         <input_file_ref idref="fl-3"/>
      </object_component>
      <object_component id="oc-53">
         <name>.debug_info</name>
         <load_address>0x58c7</load_address>
         <run_address>0x58c7</run_address>
         <size>0x1d27</size>
         <input_file_ref idref="fl-4"/>
      </object_component>
      <object_component id="oc-58">
         <name>.debug_info</name>
         <load_address>0x75ee</load_address>
         <run_address>0x75ee</run_address>
         <size>0x37c7</size>
         <input_file_ref idref="fl-5"/>
      </object_component>
      <object_component id="oc-61">
         <name>.debug_info</name>
         <load_address>0xadb5</load_address>
         <run_address>0xadb5</run_address>
         <size>0x4b66</size>
         <input_file_ref idref="fl-6"/>
      </object_component>
      <object_component id="oc-69">
         <name>.debug_info</name>
         <load_address>0xf91b</load_address>
         <run_address>0xf91b</run_address>
         <size>0x3b28</size>
         <input_file_ref idref="fl-7"/>
      </object_component>
      <object_component id="oc-70">
         <name>.debug_info</name>
         <load_address>0x13443</load_address>
         <run_address>0x13443</run_address>
         <size>0x175d</size>
         <input_file_ref idref="fl-8"/>
      </object_component>
      <object_component id="oc-75">
         <name>.debug_info</name>
         <load_address>0x14ba0</load_address>
         <run_address>0x14ba0</run_address>
         <size>0x5550</size>
         <input_file_ref idref="fl-9"/>
      </object_component>
      <object_component id="oc-7d">
         <name>.debug_info</name>
         <load_address>0x1a0f0</load_address>
         <run_address>0x1a0f0</run_address>
         <size>0x3883</size>
         <input_file_ref idref="fl-a"/>
      </object_component>
      <object_component id="oc-86">
         <name>.debug_info</name>
         <load_address>0x1d973</load_address>
         <run_address>0x1d973</run_address>
         <size>0x2f6d</size>
         <input_file_ref idref="fl-b"/>
      </object_component>
      <object_component id="oc-8c">
         <name>.debug_info</name>
         <load_address>0x208e0</load_address>
         <run_address>0x208e0</run_address>
         <size>0x68e</size>
         <input_file_ref idref="fl-c"/>
      </object_component>
      <object_component id="oc-93">
         <name>.debug_info</name>
         <load_address>0x20f6e</load_address>
         <run_address>0x20f6e</run_address>
         <size>0x7832</size>
         <input_file_ref idref="fl-d"/>
      </object_component>
      <object_component id="oc-9c">
         <name>.debug_info</name>
         <load_address>0x287a0</load_address>
         <run_address>0x287a0</run_address>
         <size>0x178</size>
         <input_file_ref idref="fl-e"/>
      </object_component>
      <object_component id="oc-a0">
         <name>.debug_info</name>
         <load_address>0x28918</load_address>
         <run_address>0x28918</run_address>
         <size>0x257d</size>
         <input_file_ref idref="fl-f"/>
      </object_component>
      <object_component id="oc-a6">
         <name>.debug_info</name>
         <load_address>0x2ae95</load_address>
         <run_address>0x2ae95</run_address>
         <size>0x1742</size>
         <input_file_ref idref="fl-10"/>
      </object_component>
      <object_component id="oc-ab">
         <name>.debug_info</name>
         <load_address>0x2c5d7</load_address>
         <run_address>0x2c5d7</run_address>
         <size>0x228a</size>
         <input_file_ref idref="fl-11"/>
      </object_component>
      <object_component id="oc-b1">
         <name>.debug_info</name>
         <load_address>0x2e861</load_address>
         <run_address>0x2e861</run_address>
         <size>0xbd4</size>
         <input_file_ref idref="fl-12"/>
      </object_component>
      <object_component id="oc-b6">
         <name>.debug_info</name>
         <load_address>0x2f435</load_address>
         <run_address>0x2f435</run_address>
         <size>0x1649</size>
         <input_file_ref idref="fl-13"/>
      </object_component>
      <object_component id="oc-bb">
         <name>.debug_info</name>
         <load_address>0x30a7e</load_address>
         <run_address>0x30a7e</run_address>
         <size>0x156b</size>
         <input_file_ref idref="fl-14"/>
      </object_component>
      <object_component id="oc-bf">
         <name>.debug_info</name>
         <load_address>0x31fe9</load_address>
         <run_address>0x31fe9</run_address>
         <size>0x13a34</size>
         <input_file_ref idref="fl-15"/>
      </object_component>
      <object_component id="oc-f2">
         <name>.debug_info</name>
         <load_address>0x45a1d</load_address>
         <run_address>0x45a1d</run_address>
         <size>0x1f19</size>
         <input_file_ref idref="fl-16"/>
      </object_component>
      <object_component id="oc-f6">
         <name>.debug_info</name>
         <load_address>0x47936</load_address>
         <run_address>0x47936</run_address>
         <size>0x497c</size>
         <input_file_ref idref="fl-17"/>
      </object_component>
      <object_component id="oc-fc">
         <name>.debug_info</name>
         <load_address>0x4c2b2</load_address>
         <run_address>0x4c2b2</run_address>
         <size>0xa38</size>
         <input_file_ref idref="fl-18"/>
      </object_component>
      <object_component id="oc-103">
         <name>.debug_info</name>
         <load_address>0x4ccea</load_address>
         <run_address>0x4ccea</run_address>
         <size>0x1fd</size>
         <input_file_ref idref="fl-19"/>
      </object_component>
      <object_component id="oc-107">
         <name>.debug_info</name>
         <load_address>0x4cee7</load_address>
         <run_address>0x4cee7</run_address>
         <size>0x448b</size>
         <input_file_ref idref="fl-1a"/>
      </object_component>
      <object_component id="oc-10d">
         <name>.debug_info</name>
         <load_address>0x51372</load_address>
         <run_address>0x51372</run_address>
         <size>0xde</size>
         <input_file_ref idref="fl-2a"/>
      </object_component>
      <object_component id="oc-110">
         <name>.debug_info</name>
         <load_address>0x51450</load_address>
         <run_address>0x51450</run_address>
         <size>0x3a7</size>
         <input_file_ref idref="fl-2b"/>
      </object_component>
      <object_component id="oc-115">
         <name>.debug_info</name>
         <load_address>0x517f7</load_address>
         <run_address>0x517f7</run_address>
         <size>0x3d6</size>
         <input_file_ref idref="fl-2c"/>
      </object_component>
      <object_component id="oc-11c">
         <name>.debug_info</name>
         <load_address>0x51bcd</load_address>
         <run_address>0x51bcd</run_address>
         <size>0x850</size>
         <input_file_ref idref="fl-2d"/>
      </object_component>
      <object_component id="oc-123">
         <name>.debug_info</name>
         <load_address>0x5241d</load_address>
         <run_address>0x5241d</run_address>
         <size>0xc0</size>
         <input_file_ref idref="fl-2e"/>
      </object_component>
      <object_component id="oc-127">
         <name>.debug_info</name>
         <load_address>0x524dd</load_address>
         <run_address>0x524dd</run_address>
         <size>0xc0</size>
         <input_file_ref idref="fl-2f"/>
      </object_component>
      <object_component id="oc-12b">
         <name>.debug_info</name>
         <load_address>0x5259d</load_address>
         <run_address>0x5259d</run_address>
         <size>0xc0</size>
         <input_file_ref idref="fl-30"/>
      </object_component>
      <object_component id="oc-12f">
         <name>.debug_info</name>
         <load_address>0x5265d</load_address>
         <run_address>0x5265d</run_address>
         <size>0xcc</size>
         <input_file_ref idref="fl-31"/>
      </object_component>
      <object_component id="oc-133">
         <name>.debug_info</name>
         <load_address>0x52729</load_address>
         <run_address>0x52729</run_address>
         <size>0xcc</size>
         <input_file_ref idref="fl-32"/>
      </object_component>
      <object_component id="oc-137">
         <name>.debug_info</name>
         <load_address>0x527f5</load_address>
         <run_address>0x527f5</run_address>
         <size>0xc6</size>
         <input_file_ref idref="fl-33"/>
      </object_component>
      <object_component id="oc-13b">
         <name>.debug_info</name>
         <load_address>0x528bb</load_address>
         <run_address>0x528bb</run_address>
         <size>0x14b</size>
         <input_file_ref idref="fl-34"/>
      </object_component>
      <object_component id="oc-13f">
         <name>.debug_info</name>
         <load_address>0x52a06</load_address>
         <run_address>0x52a06</run_address>
         <size>0x3fc</size>
         <input_file_ref idref="fl-35"/>
      </object_component>
      <object_component id="oc-146">
         <name>.debug_info</name>
         <load_address>0x52e02</load_address>
         <run_address>0x52e02</run_address>
         <size>0x1254</size>
         <input_file_ref idref="fl-36"/>
      </object_component>
      <object_component id="oc-14d">
         <name>.debug_info</name>
         <load_address>0x54056</load_address>
         <run_address>0x54056</run_address>
         <size>0x3a3</size>
         <input_file_ref idref="fl-37"/>
      </object_component>
      <object_component id="oc-152">
         <name>.debug_info</name>
         <load_address>0x543f9</load_address>
         <run_address>0x543f9</run_address>
         <size>0x630</size>
         <input_file_ref idref="fl-38"/>
      </object_component>
      <object_component id="oc-157">
         <name>.debug_info</name>
         <load_address>0x54a29</load_address>
         <run_address>0x54a29</run_address>
         <size>0x510</size>
         <input_file_ref idref="fl-39"/>
      </object_component>
      <object_component id="oc-15c">
         <name>.debug_info</name>
         <load_address>0x54f39</load_address>
         <run_address>0x54f39</run_address>
         <size>0x38b</size>
         <input_file_ref idref="fl-3a"/>
      </object_component>
      <object_component id="oc-161">
         <name>.debug_info</name>
         <load_address>0x552c4</load_address>
         <run_address>0x552c4</run_address>
         <size>0x37d</size>
         <input_file_ref idref="fl-3b"/>
      </object_component>
      <object_component id="oc-166">
         <name>.debug_info</name>
         <load_address>0x55641</load_address>
         <run_address>0x55641</run_address>
         <size>0x3a9</size>
         <input_file_ref idref="fl-3c"/>
      </object_component>
      <object_component id="oc-16b">
         <name>.debug_info</name>
         <load_address>0x559ea</load_address>
         <run_address>0x559ea</run_address>
         <size>0xd72</size>
         <input_file_ref idref="fl-3d"/>
      </object_component>
      <object_component id="oc-171">
         <name>.debug_info</name>
         <load_address>0x5675c</load_address>
         <run_address>0x5675c</run_address>
         <size>0xeb</size>
         <input_file_ref idref="fl-3e"/>
      </object_component>
      <object_component id="oc-175">
         <name>.debug_info</name>
         <load_address>0x56847</load_address>
         <run_address>0x56847</run_address>
         <size>0xc0</size>
         <input_file_ref idref="fl-3f"/>
      </object_component>
      <object_component id="oc-179">
         <name>.debug_info</name>
         <load_address>0x56907</load_address>
         <run_address>0x56907</run_address>
         <size>0x4b5</size>
         <input_file_ref idref="fl-40"/>
      </object_component>
      <object_component id="oc-17f">
         <name>.debug_info</name>
         <load_address>0x56dbc</load_address>
         <run_address>0x56dbc</run_address>
         <size>0x3bd</size>
         <input_file_ref idref="fl-41"/>
      </object_component>
      <object_component id="oc-184">
         <name>.debug_info</name>
         <load_address>0x57179</load_address>
         <run_address>0x57179</run_address>
         <size>0x5cb</size>
         <input_file_ref idref="fl-42"/>
      </object_component>
      <object_component id="oc-189">
         <name>.debug_info</name>
         <load_address>0x57744</load_address>
         <run_address>0x57744</run_address>
         <size>0x543</size>
         <input_file_ref idref="fl-43"/>
      </object_component>
      <object_component id="oc-18e">
         <name>.debug_info</name>
         <load_address>0x57c87</load_address>
         <run_address>0x57c87</run_address>
         <size>0x566</size>
         <input_file_ref idref="fl-44"/>
      </object_component>
      <object_component id="oc-193">
         <name>.debug_info</name>
         <load_address>0x581ed</load_address>
         <run_address>0x581ed</run_address>
         <size>0x71d</size>
         <input_file_ref idref="fl-45"/>
      </object_component>
      <object_component id="oc-199">
         <name>.debug_info</name>
         <load_address>0x5890a</load_address>
         <run_address>0x5890a</run_address>
         <size>0x4cc</size>
         <input_file_ref idref="fl-46"/>
      </object_component>
      <object_component id="oc-19e">
         <name>.debug_info</name>
         <load_address>0x58dd6</load_address>
         <run_address>0x58dd6</run_address>
         <size>0x398</size>
         <input_file_ref idref="fl-47"/>
      </object_component>
      <object_component id="oc-1a3">
         <name>.debug_info</name>
         <load_address>0x5916e</load_address>
         <run_address>0x5916e</run_address>
         <size>0x9f7</size>
         <input_file_ref idref="fl-48"/>
      </object_component>
      <object_component id="oc-1ab">
         <name>.debug_info</name>
         <load_address>0x59b65</load_address>
         <run_address>0x59b65</run_address>
         <size>0x1e9a</size>
         <input_file_ref idref="fl-49"/>
      </object_component>
      <object_component id="oc-1b2">
         <name>.debug_info</name>
         <load_address>0x5b9ff</load_address>
         <run_address>0x5b9ff</run_address>
         <size>0x337</size>
         <input_file_ref idref="fl-4a"/>
      </object_component>
      <object_component id="oc-1b7">
         <name>.debug_info</name>
         <load_address>0x5bd36</load_address>
         <run_address>0x5bd36</run_address>
         <size>0x381</size>
         <input_file_ref idref="fl-4b"/>
      </object_component>
      <object_component id="oc-1bc">
         <name>.debug_info</name>
         <load_address>0x5c0b7</load_address>
         <run_address>0x5c0b7</run_address>
         <size>0x366</size>
         <input_file_ref idref="fl-4c"/>
      </object_component>
      <object_component id="oc-1c1">
         <name>.debug_info</name>
         <load_address>0x5c41d</load_address>
         <run_address>0x5c41d</run_address>
         <size>0x34f</size>
         <input_file_ref idref="fl-4d"/>
      </object_component>
      <object_component id="oc-1c5">
         <name>.debug_info</name>
         <load_address>0x5c76c</load_address>
         <run_address>0x5c76c</run_address>
         <size>0x2c0</size>
         <input_file_ref idref="fl-4e"/>
      </object_component>
      <object_component id="oc-1c8">
         <name>.debug_info</name>
         <load_address>0x5ca2c</load_address>
         <run_address>0x5ca2c</run_address>
         <size>0xcc</size>
         <input_file_ref idref="fl-4f"/>
      </object_component>
      <object_component id="oc-1cc">
         <name>.debug_info</name>
         <load_address>0x5caf8</load_address>
         <run_address>0x5caf8</run_address>
         <size>0xc0</size>
         <input_file_ref idref="fl-50"/>
      </object_component>
      <object_component id="oc-1d0">
         <name>.debug_info</name>
         <load_address>0x5cbb8</load_address>
         <run_address>0x5cbb8</run_address>
         <size>0xc0</size>
         <input_file_ref idref="fl-51"/>
      </object_component>
      <object_component id="oc-1d4">
         <name>.debug_info</name>
         <load_address>0x5cc78</load_address>
         <run_address>0x5cc78</run_address>
         <size>0xc0</size>
         <input_file_ref idref="fl-52"/>
      </object_component>
      <object_component id="oc-1d8">
         <name>.debug_info</name>
         <load_address>0x5cd38</load_address>
         <run_address>0x5cd38</run_address>
         <size>0xce</size>
         <input_file_ref idref="fl-53"/>
      </object_component>
      <object_component id="oc-1dc">
         <name>.debug_info</name>
         <load_address>0x5ce06</load_address>
         <run_address>0x5ce06</run_address>
         <size>0xc0</size>
         <input_file_ref idref="fl-54"/>
      </object_component>
      <object_component id="oc-1e0">
         <name>.debug_info</name>
         <load_address>0x5cec6</load_address>
         <run_address>0x5cec6</run_address>
         <size>0xc0</size>
         <input_file_ref idref="fl-55"/>
      </object_component>
      <object_component id="oc-1e4">
         <name>.debug_info</name>
         <load_address>0x5cf86</load_address>
         <run_address>0x5cf86</run_address>
         <size>0x4ba</size>
         <input_file_ref idref="fl-56"/>
      </object_component>
      <object_component id="oc-1e9">
         <name>.debug_info</name>
         <load_address>0x5d440</load_address>
         <run_address>0x5d440</run_address>
         <size>0xc3</size>
         <input_file_ref idref="fl-57"/>
      </object_component>
      <object_component id="oc-1ed">
         <name>.debug_info</name>
         <load_address>0x5d503</load_address>
         <run_address>0x5d503</run_address>
         <size>0x11e</size>
         <input_file_ref idref="fl-58"/>
      </object_component>
      <object_component id="oc-1f1">
         <name>.debug_info</name>
         <load_address>0x5d621</load_address>
         <run_address>0x5d621</run_address>
         <size>0xf8</size>
         <input_file_ref idref="fl-59"/>
      </object_component>
      <object_component id="oc-1f5">
         <name>.debug_info</name>
         <load_address>0x5d719</load_address>
         <run_address>0x5d719</run_address>
         <size>0x1c1</size>
         <input_file_ref idref="fl-5a"/>
      </object_component>
      <object_component id="oc-1f9">
         <name>.debug_info</name>
         <load_address>0x5d8da</load_address>
         <run_address>0x5d8da</run_address>
         <size>0xc0</size>
[...]
         <object_component_ref idref="oc-f7"/>
      </symbol>
      <symbol id="sm-3d1">
         <name>_SCIRXINTA_ISR</name>
         <value>0x3e9433</value>
         <object_component_ref idref="oc-f7"/>
      </symbol>
      <symbol id="sm-3d2">
         <name>_rsvd_ISR</name>
         <value>0x3e94b0</value>
         <object_component_ref idref="oc-f7"/>
      </symbol>
      <symbol id="sm-3d3">
         <name>_HRCAP1_INT_ISR</name>
         <value>0x3e9406</value>
         <object_component_ref idref="oc-f7"/>
      </symbol>
      <symbol id="sm-3df">
         <name>_CpuTimer2</name>
         <value>0x8edc</value>
         <object_component_ref idref="oc-fd"/>
      </symbol>
      <symbol id="sm-3e0">
         <name>_CpuTimer0</name>
         <value>0x8ee4</value>
         <object_component_ref idref="oc-fd"/>
      </symbol>
      <symbol id="sm-3e1">
         <name>_CpuTimer1</name>
         <value>0x8ed4</value>
         <object_component_ref idref="oc-fd"/>
      </symbol>
      <symbol id="sm-3e2">
         <name>_InitCpuTimers</name>
         <value>0x3ea60f</value>
         <object_component_ref idref="oc-fb"/>
      </symbol>
      <symbol id="sm-3e3">
         <name>_ConfigCpuTimer</name>
         <value>0x3ea650</value>
         <object_component_ref idref="oc-fb"/>
      </symbol>
      <symbol id="sm-3ee">
         <name>code_start</name>
         <value>0x3f7ff6</value>
         <object_component_ref idref="oc-102"/>
      </symbol>
      <symbol id="sm-3fb">
         <name>_InitAdc</name>
         <value>0x3e8b7e</value>
         <object_component_ref idref="oc-106"/>
      </symbol>
      <symbol id="sm-3fc">
         <name>_InitAdcAio</name>
         <value>0x3e8b9c</value>
         <object_component_ref idref="oc-106"/>
      </symbol>
      <symbol id="sm-3fd">
         <name>_AdcOffsetSelfCal</name>
         <value>0x3e8bbe</value>
         <object_component_ref idref="oc-106"/>
      </symbol>
      <symbol id="sm-3fe">
         <name>_AdcChanSelect</name>
         <value>0x3e8be5</value>
         <object_component_ref idref="oc-106"/>
      </symbol>
      <symbol id="sm-3ff">
         <name>_AdcConversion</name>
         <value>0x3e8c5a</value>
         <object_component_ref idref="oc-106"/>
      </symbol>
      <symbol id="sm-413">
         <name>_c_int00</name>
         <value>0x3ea85a</value>
         <object_component_ref idref="oc-44"/>
      </symbol>
      <symbol id="sm-414">
         <name>__stack</name>
         <value>0x50</value>
         <object_component_ref idref="oc-10b"/>
      </symbol>
      <symbol id="sm-41e">
         <name>___TI_ft_end</name>
         <value>0x8c00</value>
         <object_component_ref idref="oc-112"/>
      </symbol>
      <symbol id="sm-41f">
         <name>___TI_tmpnams</name>
         <value>0x8cc0</value>
         <object_component_ref idref="oc-112"/>
      </symbol>
      <symbol id="sm-420">
         <name>__ftable</name>
         <value>0x8c40</value>
         <object_component_ref idref="oc-112"/>
      </symbol>
      <symbol id="sm-431">
         <name>C$$EXIT</name>
         <value>0x3eac60</value>
         <object_component_ref idref="oc-114"/>
      </symbol>
      <symbol id="sm-432">
         <name>_exit</name>
         <value>0x3eac62</value>
         <object_component_ref idref="oc-114"/>
      </symbol>
      <symbol id="sm-433">
         <name>___TI_cleanup_ptr</name>
         <value>0x8e3a</value>
         <object_component_ref idref="oc-117"/>
      </symbol>
      <symbol id="sm-434">
         <name>_abort</name>
         <value>0x3eac60</value>
         <object_component_ref idref="oc-114"/>
      </symbol>
      <symbol id="sm-435">
         <name>___TI_dtors_ptr</name>
         <value>0x8e3c</value>
         <object_component_ref idref="oc-117"/>
      </symbol>
      <symbol id="sm-468">
         <name>_fopen</name>
         <value>0x3e9b4a</value>
         <object_component_ref idref="oc-11b"/>
      </symbol>
      <symbol id="sm-469">
         <name>___TI_cleanup</name>
         <value>0x3e9add</value>
         <object_component_ref idref="oc-11b"/>
      </symbol>
      <symbol id="sm-46a">
         <name>_freopen</name>
         <value>0x3e9afa</value>
         <object_component_ref idref="oc-11b"/>
      </symbol>
      <symbol id="sm-480">
         <name>FS$$ADD</name>
         <value>0x3ea524</value>
         <object_component_ref idref="oc-122"/>
      </symbol>
      <symbol id="sm-481">
         <name>FS$$SUB</name>
         <value>0x3ea51f</value>
         <object_component_ref idref="oc-122"/>
      </symbol>
      <symbol id="sm-48e">
         <name>FS$$DIV</name>
         <value>0x3ea41e</value>
         <object_component_ref idref="oc-126"/>
      </symbol>
      <symbol id="sm-49b">
         <name>FS$$MPY</name>
         <value>0x3ea7b0</value>
         <object_component_ref idref="oc-12a"/>
      </symbol>
      <symbol id="sm-4a8">
         <name>FS$$TOI</name>
         <value>0x3eaac4</value>
         <object_component_ref idref="oc-12e"/>
      </symbol>
      <symbol id="sm-4b7">
         <name>FS$$TOL</name>
         <value>0x3eaa28</value>
         <object_component_ref idref="oc-132"/>
      </symbol>
      <symbol id="sm-4c2">
         <name>I$$TOFS</name>
         <value>0x3eac14</value>
         <object_component_ref idref="oc-136"/>
      </symbol>
      <symbol id="sm-4ca">
         <name>UL$$MOD</name>
         <value>0x3eaa22</value>
         <object_component_ref idref="oc-13a"/>
      </symbol>
      <symbol id="sm-4cb">
         <name>L$$MOD</name>
         <value>0x3eaa0d</value>
         <object_component_ref idref="oc-13a"/>
      </symbol>
      <symbol id="sm-4cc">
         <name>L$$DIV</name>
         <value>0x3ea9fe</value>
         <object_component_ref idref="oc-13a"/>
      </symbol>
      <symbol id="sm-4cd">
         <name>UL$$DIV</name>
         <value>0x3eaa1b</value>
         <object_component_ref idref="oc-13a"/>
      </symbol>
      <symbol id="sm-4db">
         <name>__unlock</name>
         <value>0x8d7a</value>
         <object_component_ref idref="oc-141"/>
      </symbol>
      <symbol id="sm-4dc">
         <name>__lock</name>
         <value>0x8d7c</value>
         <object_component_ref idref="oc-141"/>
      </symbol>
      <symbol id="sm-4dd">
         <name>__register_lock</name>
         <value>0x3ead38</value>
         <object_component_ref idref="oc-13e"/>
      </symbol>
      <symbol id="sm-4de">
         <name>__nop</name>
         <value>0x3ead3c</value>
         <object_component_ref idref="oc-13e"/>
      </symbol>
      <symbol id="sm-4df">
         <name>__register_unlock</name>
         <value>0x3ead34</value>
         <object_component_ref idref="oc-13e"/>
      </symbol>
      <symbol id="sm-514">
         <name>_add_device</name>
         <value>0x3e8f16</value>
         <object_component_ref idref="oc-145"/>
      </symbol>
      <symbol id="sm-515">
         <name>_rename</name>
         <value>0x3e8dff</value>
         <object_component_ref idref="oc-145"/>
      </symbol>
      <symbol id="sm-516">
         <name>_read</name>
         <value>0x3e8e42</value>
         <object_component_ref idref="oc-145"/>
      </symbol>
      <symbol id="sm-517">
         <name>_unlink</name>
         <value>0x3e8de7</value>
         <object_component_ref idref="oc-145"/>
      </symbol>
      <symbol id="sm-518">
         <name>_remove_device</name>
         <value>0x3e8e28</value>
         <object_component_ref idref="oc-145"/>
      </symbol>
      <symbol id="sm-519">
         <name>_open</name>
         <value>0x3e8e5a</value>
         <object_component_ref idref="oc-145"/>
      </symbol>
      <symbol id="sm-51a">
         <name>_lseek</name>
         <value>0x3e8ecc</value>
         <object_component_ref idref="oc-145"/>
      </symbol>
      <symbol id="sm-51b">
         <name>_close</name>
         <value>0x3e8ee4</value>
         <object_component_ref idref="oc-145"/>
      </symbol>
      <symbol id="sm-51c">
         <name>_write</name>
         <value>0x3e8d81</value>
         <object_component_ref idref="oc-145"/>
      </symbol>
      <symbol id="sm-52b">
         <name>___memcpy_ff</name>
         <value>0x3eab2c</value>
         <object_component_ref idref="oc-14c"/>
      </symbol>
      <symbol id="sm-539">
         <name>_printf</name>
         <value>0x3ea920</value>
         <object_component_ref idref="oc-151"/>
      </symbol>
      <symbol id="sm-54e">
         <name>_setvbuf</name>
         <value>0x3ea597</value>
         <object_component_ref idref="oc-156"/>
      </symbol>
      <symbol id="sm-55b">
         <name>_strchr</name>
         <value>0x3ead0b</value>
         <object_component_ref idref="oc-15b"/>
      </symbol>
      <symbol id="sm-567">
         <name>_strcmp</name>
         <value>0x3ead21</value>
         <object_component_ref idref="oc-160"/>
      </symbol>
      <symbol id="sm-575">
         <name>_strncpy</name>
         <value>0x3eaae9</value>
         <object_component_ref idref="oc-165"/>
      </symbol>
      <symbol id="sm-586">
         <name>_HOSTopen</name>
         <value>0x3e907b</value>
         <object_component_ref idref="oc-16a"/>
      </symbol>
      <symbol id="sm-587">
         <name>_HOSTread</name>
         <value>0x3e9045</value>
         <object_component_ref idref="oc-16a"/>
      </symbol>
      <symbol id="sm-588">
         <name>_HOSTgetenv</name>
         <value>0x3e90f9</value>
         <object_component_ref idref="oc-16a"/>
      </symbol>
      <symbol id="sm-589">
         <name>_HOSTtime</name>
         <value>0x3e8fdd</value>
         <object_component_ref idref="oc-16a"/>
      </symbol>
      <symbol id="sm-58a">
         <name>_HOSTrename</name>
         <value>0x3e9007</value>
         <object_component_ref idref="oc-16a"/>
      </symbol>
      <symbol id="sm-58b">
         <name>_HOSTclock</name>
         <value>0x3e9148</value>
         <object_component_ref idref="oc-16a"/>
      </symbol>
      <symbol id="sm-58c">
         <name>_HOSTwrite</name>
         <value>0x3e8f82</value>
         <object_component_ref idref="oc-16a"/>
      </symbol>
      <symbol id="sm-58d">
         <name>_HOSTlseek</name>
         <value>0x3e90b2</value>
         <object_component_ref idref="oc-16a"/>
      </symbol>
      <symbol id="sm-58e">
         <name>_HOSTunlink</name>
         <value>0x3e8fb8</value>
         <object_component_ref idref="oc-16a"/>
      </symbol>
      <symbol id="sm-58f">
         <name>_HOSTclose</name>
         <value>0x3e9121</value>
         <object_component_ref idref="oc-16a"/>
      </symbol>
      <symbol id="sm-597">
         <name>U$$MOD</name>
         <value>0x3ead1b</value>
         <object_component_ref idref="oc-170"/>
      </symbol>
      <symbol id="sm-598">
         <name>U$$DIV</name>
         <value>0x3ead16</value>
         <object_component_ref idref="oc-170"/>
      </symbol>
      <symbol id="sm-5a2">
         <name>U$$TOFS</name>
         <value>0x3eacc8</value>
         <object_component_ref idref="oc-174"/>
      </symbol>
      <symbol id="sm-5b8">
         <name>___TI_readmsg</name>
         <value>0x3ea1c3</value>
         <object_component_ref idref="oc-178"/>
      </symbol>
      <symbol id="sm-5b9">
         <name>C$$IO$$</name>
         <value>0x3ea1bf</value>
         <object_component_ref idref="oc-178"/>
      </symbol>
      <symbol id="sm-5ba">
         <name>__CIOBUF_</name>
         <value>0x9000</value>
         <object_component_ref idref="oc-17a"/>
      </symbol>
      <symbol id="sm-5bb">
         <name>___TI_writemsg</name>
         <value>0x3ea16f</value>
         <object_component_ref idref="oc-178"/>
      </symbol>
      <symbol id="sm-5c7">
         <name>__args_main</name>
         <value>0x3eac47</value>
         <object_component_ref idref="oc-17e"/>
      </symbol>
      <symbol id="sm-5c8">
         <name>__TI_args_main</name>
         <value>0x1</value>
      </symbol>
      <symbol id="sm-5d7">
         <name>___TI_closefile</name>
         <value>0x3ea755</value>
         <object_component_ref idref="oc-183"/>
      </symbol>
      <symbol id="sm-5d8">
         <name>_fclose</name>
         <value>0x3ea797</value>
         <object_component_ref idref="oc-183"/>
      </symbol>
      <symbol id="sm-5eb">
         <name>___TI_doflush</name>
         <value>0x3ea685</value>
         <object_component_ref idref="oc-188"/>
      </symbol>
      <symbol id="sm-5ec">
         <name>_fflush</name>
         <value>0x3ea6b4</value>
         <object_component_ref idref="oc-188"/>
      </symbol>
      <symbol id="sm-5fc">
         <name>_putchar</name>
         <value>0x3ea855</value>
         <object_component_ref idref="oc-18d"/>
      </symbol>
      <symbol id="sm-5fd">
         <name>_putc</name>
         <value>0x3ea80a</value>
         <object_component_ref idref="oc-18d"/>
      </symbol>
      <symbol id="sm-5fe">
         <name>_fputc</name>
         <value>0x3ea80a</value>
         <object_component_ref idref="oc-18d"/>
      </symbol>
      <symbol id="sm-618">
         <name>_puts</name>
         <value>0x3ea023</value>
         <object_component_ref idref="oc-192"/>
      </symbol>
      <symbol id="sm-619">
         <name>_fputs</name>
         <value>0x3e9f90</value>
         <object_component_ref idref="oc-192"/>
      </symbol>
      <symbol id="sm-62e">
         <name>___TI_rd_ok</name>
         <value>0x3ea72a</value>
         <object_component_ref idref="oc-198"/>
      </symbol>
      <symbol id="sm-62f">
         <name>___TI_wrt_ok</name>
         <value>0x3ea6f0</value>
         <object_component_ref idref="oc-198"/>
      </symbol>
      <symbol id="sm-63c">
         <name>_memchr</name>
         <value>0x3eacb8</value>
         <object_component_ref idref="oc-19d"/>
      </symbol>
      <symbol id="sm-682">
         <name>__sys_memory</name>
         <value>0x400</value>
         <object_component_ref idref="oc-1a6"/>
      </symbol>
      <symbol id="sm-683">
         <name>_chkheap</name>
         <value>0x3e9320</value>
         <object_component_ref idref="oc-1a2"/>
      </symbol>
      <symbol id="sm-684">
         <name>_realloc</name>
         <value>0x3e9234</value>
         <object_component_ref idref="oc-1a2"/>
      </symbol>
      <symbol id="sm-685">
         <name>_free_memory</name>
         <value>0x3e9304</value>
         <object_component_ref idref="oc-1a2"/>
      </symbol>
      <symbol id="sm-686">
         <name>_max_free</name>
         <value>0x3e92e4</value>
         <object_component_ref idref="oc-1a2"/>
      </symbol>
      <symbol id="sm-687">
         <name>_free</name>
         <value>0x3e9172</value>
         <object_component_ref idref="oc-1a2"/>
      </symbol>
      <symbol id="sm-688">
         <name>_calloc</name>
         <value>0x3e9322</value>
         <object_component_ref idref="oc-1a2"/>
      </symbol>
      <symbol id="sm-689">
         <name>_malloc</name>
         <value>0x3e91db</value>
         <object_component_ref idref="oc-1a2"/>
      </symbol>
      <symbol id="sm-68a">
         <name>_minit</name>
         <value>0x3e91b7</value>
         <object_component_ref idref="oc-1a2"/>
      </symbol>
      <symbol id="sm-792">
         <name>___TI_printfi</name>
         <value>0x3e880f</value>
         <object_component_ref idref="oc-1aa"/>
      </symbol>
      <symbol id="sm-79c">
         <name>_remove</name>
         <value>0x3ead5b</value>
         <object_component_ref idref="oc-1b1"/>
      </symbol>
      <symbol id="sm-7a7">
         <name>_strcpy</name>
         <value>0x3ead56</value>
         <object_component_ref idref="oc-1b6"/>
      </symbol>
      <symbol id="sm-7b2">
         <name>_strlen</name>
         <value>0x3ead4e</value>
         <object_component_ref idref="oc-1bb"/>
      </symbol>
      <symbol id="sm-7c3">
         <name>_atoi</name>
         <value>0x3ea94c</value>
         <object_component_ref idref="oc-1c0"/>
      </symbol>
      <symbol id="sm-7cb">
         <name>__ctypes_</name>
         <value>0x3ead5e</value>
         <object_component_ref idref="oc-213"/>
      </symbol>
      <symbol id="sm-7d7">
         <name>FD$$CMP</name>
         <value>0x3ea9d4</value>
         <object_component_ref idref="oc-1c7"/>
      </symbol>
      <symbol id="sm-7ea">
         <name>FD$$DIV</name>
         <value>0x3ea289</value>
         <object_component_ref idref="oc-1cb"/>
      </symbol>
      <symbol id="sm-7f8">
         <name>FD$$MPY</name>
         <value>0x3ea39b</value>
         <object_component_ref idref="oc-1cf"/>
      </symbol>
      <symbol id="sm-801">
         <name>FD$$NEG</name>
         <value>0x3ead3d</value>
         <object_component_ref idref="oc-1d3"/>
      </symbol>
      <symbol id="sm-809">
         <name>FD$$SUB</name>
         <value>0x3eacd8</value>
         <object_component_ref idref="oc-1d7"/>
      </symbol>
      <symbol id="sm-814">
         <name>FD$$TOI</name>
         <value>0x3eab0b</value>
         <object_component_ref idref="oc-1db"/>
      </symbol>
      <symbol id="sm-81f">
         <name>FD$$TOL</name>
         <value>0x3eab4d</value>
         <object_component_ref idref="oc-1df"/>
      </symbol>
      <symbol id="sm-82d">
         <name>_fseek</name>
         <value>0x3ea8dd</value>
         <object_component_ref idref="oc-1e3"/>
      </symbol>
      <symbol id="sm-839">
         <name>FS$$TOFD</name>
         <value>0x3eaba8</value>
         <object_component_ref idref="oc-1e8"/>
      </symbol>
      <symbol id="sm-841">
         <name>LL$$AND</name>
         <value>0x3eac79</value>
         <object_component_ref idref="oc-1ec"/>
      </symbol>
      <symbol id="sm-842">
         <name>LL$$OR</name>
         <value>0x3eac81</value>
         <object_component_ref idref="oc-1ec"/>
      </symbol>
      <symbol id="sm-843">
         <name>LL$$XOR</name>
         <value>0x3eac89</value>
         <object_component_ref idref="oc-1ec"/>
      </symbol>
      <symbol id="sm-84d">
         <name>ULL$$CMP</name>
         <value>0x3eab9c</value>
         <object_component_ref idref="oc-1f0"/>
      </symbol>
      <symbol id="sm-84e">
         <name>LL$$CMP</name>
         <value>0x3eab8a</value>
         <object_component_ref idref="oc-1f0"/>
      </symbol>
      <symbol id="sm-875">
         <name>ULL$$MOD</name>
         <value>0x3e9901</value>
         <object_component_ref idref="oc-1f4"/>
      </symbol>
      <symbol id="sm-876">
         <name>ULL$$DIV</name>
         <value>0x3e98d2</value>
         <object_component_ref idref="oc-1f4"/>
      </symbol>
      <symbol id="sm-877">
         <name>LL$$MOD</name>
         <value>0x3e9898</value>
         <object_component_ref idref="oc-1f4"/>
      </symbol>
      <symbol id="sm-878">
         <name>LL$$DIV</name>
         <value>0x3e985c</value>
         <object_component_ref idref="oc-1f4"/>
      </symbol>
      <symbol id="sm-880">
         <name>LL$$MPY</name>
         <value>0x3eac91</value>
         <object_component_ref idref="oc-1f8"/>
      </symbol>
      <symbol id="sm-88c">
         <name>_ltoa</name>
         <value>0x3ea97d</value>
         <object_component_ref idref="oc-1fc"/>
      </symbol>
      <symbol id="sm-898">
         <name>L$$TOFD</name>
         <value>0x3eabc4</value>
         <object_component_ref idref="oc-201"/>
      </symbol>
      <symbol id="sm-8a5">
         <name>_memccpy</name>
         <value>0x3eace6</value>
         <object_component_ref idref="oc-205"/>
      </symbol>
      <symbol id="sm-8b1">
         <name>_memset</name>
         <value>0x3eacff</value>
         <object_component_ref idref="oc-20a"/>
      </symbol>
      <symbol id="sm-8c8">
         <name>FD$$ADD</name>
         <value>0x3ea0d3</value>
         <object_component_ref idref="oc-20f"/>
      </symbol>
   </symbol_table>
   <title>Link successful</title>
</link_info>
