******************************************************************************
             TMS320C2000 Linker PC v6.2.0                      
******************************************************************************
>> Linked Mon May 15 10:57:07 2017

OUTPUT FILE NAME:   <WXCD_JS.out>
ENTRY POINT SYMBOL: "_c_int00"  address: 003eaa72


MEMORY CONFIGURATION

         name            origin    length      used     unused   attr    fill
----------------------  --------  ---------  --------  --------  ----  --------
PAGE 0:
  RAML0                 00008000   00000800  0000001f  000007e1  RWIX
  RAML1                 00008800   00000400  00000000  00000400  RWIX
  OTP                   003d7800   00000400  00000000  00000400  RWIX
  FLASHCDEFGH           003e8000   0000c000  00003378  00008c88  RWIX
  FLASHB2               003f5000   00001000  0000001f  00000fe1  RWIX
  FLASHA                003f6000   00001f80  00000000  00001f80  RWIX
  CSM_RSVD              003f7f80   00000076  00000000  00000076  RWIX
  BEGIN                 003f7ff6   00000002  00000002  00000000  RWIX
  CSM_PWL_P0            003f7ff8   00000008  00000000  00000008  RWIX
  IQTABLES              003fe000   00000b50  00000000  00000b50  RWIX
  IQTABLES2             003feb50   0000008c  00000000  0000008c  RWIX
  IQTABLES3             003febdc   000000aa  00000000  000000aa  RWIX
  ROM                   003ff27c   00000d44  00000000  00000d44  RWIX
  RESET                 003fffc0   00000002  00000000  00000002  RWIX
  VECTORS               003fffc2   0000003e  00000000  0000003e  RWIX

PAGE 1:
  BOOT_RSVD             00000000   00000050  00000000  00000050  RWIX
  RAMM0                 00000050   000003b0  00000300  000000b0  RWIX
  RAMM1                 00000400   00000400  00000400  00000000  RWIX
  DEV_EMU               00000880   00000105  00000004  00000101  RWIX
  SYS_PWR_CTL           00000985   00000003  00000003  00000000  RWIX
  FLASH_REGS            00000a80   00000060  00000008  00000058  RWIX
  CSM                   00000ae0   00000010  00000010  00000000  RWIX
  ADC_RESULT            00000b00   00000020  00000020  00000000  RWIX
  CPU_TIMER0            00000c00   00000008  00000008  00000000  RWIX
  CPU_TIMER1            00000c08   00000008  00000008  00000000  RWIX
  CPU_TIMER2            00000c10   00000008  00000008  00000000  RWIX
  PIE_CTRL              00000ce0   00000020  0000001a  00000006  RWIX
  PIE_VECT              00000d00   00000100  00000100  00000000  RWIX
  CLA1                  00001400   00000080  00000040  00000040  RWIX
  ECANA                 00006000   00000040  00000034  0000000c  RWIX
  ECANA_LAM             00006040   00000040  00000040  00000000  RWIX
  ECANA_MOTS            00006080   00000040  00000040  00000000  RWIX
  ECANA_MOTO            000060c0   00000040  00000040  00000000  RWIX
  ECANA_MBOX            00006100   00000100  00000100  00000000  RWIX
  COMP1                 00006400   00000020  00000014  0000000c  RWIX
  COMP2                 00006420   00000020  00000014  0000000c  RWIX
  COMP3                 00006440   00000020  00000014  0000000c  RWIX
  EPWM1                 00006800   00000040  00000040  00000000  RWIX
  EPWM2                 00006840   00000040  00000040  00000000  RWIX
  EPWM3                 00006880   00000040  00000040  00000000  RWIX
  EPWM4                 000068c0   00000040  00000040  00000000  RWIX
  EPWM5                 00006900   00000040  00000040  00000000  RWIX
  EPWM6                 00006940   00000040  00000040  00000000  RWIX
  EPWM7                 00006980   00000040  00000040  00000000  RWIX
  ECAP1                 00006a00   00000020  00000020  00000000  RWIX
  HRCAP1                00006ac0   00000020  00000020  00000000  RWIX
  HRCAP2                00006ae0   00000020  00000020  00000000  RWIX
  EQEP1                 00006b00   00000040  00000040  00000000  RWIX
  LINA                  00006c00   00000080  0000004a  00000036  RWIX
  GPIOCTRL              00006f80   00000040  00000040  00000000  RWIX
  GPIODAT               00006fc0   00000020  00000020  00000000  RWIX
  GPIOINT               00006fe0   00000020  0000000c  00000014  RWIX
  SYSTEM                00007010   00000020  00000020  00000000  RWIX
  SPIA                  00007040   00000010  00000010  00000000  RWIX
  SCIA                  00007050   00000010  00000010  00000000  RWIX
  NMIINTRUPT            00007060   00000010  00000010  00000000  RWIX
  XINTRUPT              00007070   00000010  00000010  00000000  RWIX
  ADC                   00007100   00000080  00000050  00000030  RWIX
  SPIB                  00007740   00000010  00000010  00000000  RWIX
  I2CA                  00007900   00000040  00000022  0000001e  RWIX
  RAML2                 00008c00   00000800  00000758  000000a8  RWIX
  RAML3                 00009400   00000600  00000120  000004e0  RWIX
  PARTID                003d7e80   00000001  00000001  00000000  RWIX
  FLASHB1               003f4000   00001000  00000000  00001000  RWIX
  CSM_PWL               003f7ff8   00000008  00000008  00000000  RWIX


SECTION ALLOCATION MAP

 output                                  attributes/
section   page    origin      length       input sections
--------  ----  ----------  ----------   ----------------
.pinit     0    003e8000    00000000     UNINITIALIZED

.text      0    003e8000    00002f37     
                  003e8000    000008fc     rts2800_ml.lib : _printfi.obj (.text)
                  003e88fc    0000026a     CANcomm.obj (.text)
                  003e8b66    00000203     DSP2803x_Adc.obj (.text)
                  003e8d69    00000201     rts2800_ml.lib : lowlev.obj (.text)
                  003e8f6a    000001f0                    : trgdrv.obj (.text)
                  003e915a    000001c7                    : memory.obj (.text)
                  003e9321    00000189     communicationSci.obj (.text)
                  003e94aa    00000180     ad.obj (.text:retain)
                  003e962a    0000017c     DSP2803x_DefaultIsr.obj (.text:retain)
                  003e97a6    0000015d     zm5168.obj (.text)
                  003e9903    00000137     DSP2803x_SysCtrl.obj (.text)
                  003e9a3a    00000107     rts2800_ml.lib : ll_div.obj (.text)
                  003e9b41    00000106     pid.obj (.text)
                  003e9c47    00000102     sim_spi.obj (.text)
                  003e9d49    000000ff     rts2800_ml.lib : fopen.obj (.text)
                  003e9e48    000000ed     DataScope_DP.obj (.text)
                  003e9f35    000000ca     hardiic.obj (.text)
                  003e9fff    000000c4     DSP2803x_EPwm.obj (.text)
                  003ea0c3    000000c1     CANcomm.obj (.text:retain)
                  003ea184    000000b6     GlobalVariableDefandInits.obj (.text)
                  003ea23a    000000a9     gpio.obj (.text)
                  003ea2e3    000000a8     ad.obj (.text)
                  003ea38b    000000a5     rts2800_ml.lib : fputs.obj (.text)
                  003ea430    0000009c                    : fd_add.obj (.text)
                  003ea4cc    0000008e                    : ankmsg.obj (.text)
                  003ea55a    0000008b                    : fd_div.obj (.text)
                  003ea5e5    00000083                    : fd_mpy.obj (.text)
                  003ea668    0000007b     communicationSci.obj (.text:retain)
                  003ea6e3    00000078     rts2800_ml.lib : fs_add.obj (.text)
                  003ea75b    00000078                    : setvbuf.obj (.text)
                  003ea7d3    00000076     DSP2803x_CpuTimers.obj (.text)
                  003ea849    0000006b     rts2800_ml.lib : fflush.obj (.text)
                  003ea8b4    00000065                    : _io_perm.obj (.text)
                  003ea919    0000005b                    : fclose.obj (.text)
                  003ea974    0000005a                    : fs_mpy.obj (.text)
                  003ea9ce    00000054     main.obj (.text)
                  003eaa22    00000050     rts2800_ml.lib : fputc.obj (.text)
                  003eaa72    00000044                    : boot.obj (.text)
                  003eaab6    0000003f     timer.obj (.text)
                  003eaaf5    0000003d     rts2800_ml.lib : fseek.obj (.text)
                  003eab32    00000032                    : printf.obj (.text)
                  003eab64    00000031                    : atoi.obj (.text)
                  003eab95    0000002c                    : ltoa.obj (.text)
                  003eabc1    0000002a                    : fd_cmp.obj (.text)
                  003eabeb    0000002a                    : l_div.obj (.text)
                  003eac15    00000029     pid.obj (.text:retain)
                  003eac3e    00000029     rts2800_ml.lib : fs_tol.obj (.text)
                  003eac67    00000028     DSP2803x_PieCtrl.obj (.text)
                  003eac8f    00000025     DSP2803x_PieVect.obj (.text)
                  003eacb4    00000025     rts2800_ml.lib : fs_toi.obj (.text)
                  003eacd9    00000022                    : strncpy.obj (.text)
                  003eacfb    00000021                    : fd_toi.obj (.text)
                  003ead1c    00000021                    : memcpy_ff.obj (.text)
                  003ead3d    0000001f     Exint.obj (.text)
                  003ead5c    0000001f     rts2800_ml.lib : fd_tol.obj (.text)
                  003ead7b    0000001e                    : ll_cmp.obj (.text)
                  003ead99    0000001c                    : fs_tofd.obj (.text)
                  003eadb5    0000001c                    : l_tofd.obj (.text)
                  003eadd1    0000001a     DSP2803x_Sci.obj (.text)
                  003eadeb    0000001a     rts2800_ml.lib : i_tofs.obj (.text)
                  003eae05    00000019     DSP2803x_I2C.obj (.text)
                  003eae1e    00000019     rts2800_ml.lib : args_main.obj (.text)
                  003eae37    00000019                    : exit.obj (.text)
                  003eae50    00000018                    : ll_aox.obj (.text)
                  003eae68    00000014                    : ll_mpy.obj (.text)
                  003eae7c    00000013     DSP2803x_Gpio.obj (.text)
                  003eae8f    00000012     timer.obj (.text:retain)
                  003eaea1    00000010     rts2800_ml.lib : memchr.obj (.text)
                  003eaeb1    0000000e                    : fd_sub.obj (.text)
                  003eaebf    0000000d                    : memccpy.obj (.text)
                  003eaecc    0000000c     Exint.obj (.text:retain)
                  003eaed8    0000000c     rts2800_ml.lib : memset.obj (.text)
                  003eaee4    0000000b                    : strchr.obj (.text)
                  003eaeef    0000000b                    : u_div.obj (.text)
                  003eaefa    0000000a                    : strcmp.obj (.text)
                  003eaf04    00000009     hardiic.obj (.text:retain)
                  003eaf0d    00000009     rts2800_ml.lib : _lock.obj (.text)
                  003eaf16    00000009                    : fd_neg.obj (.text)
                  003eaf1f    00000008     DSP2803x_CodeStartBranch.obj (.text)
                  003eaf27    00000008     rts2800_ml.lib : strlen.obj (.text)
                  003eaf2f    00000005                    : strcpy.obj (.text)
                  003eaf34    00000003                    : remove.obj (.text)

.econst    0    003eaf38    0000034e     
                  003eaf38    00000101     rts2800_ml.lib : ctype.obj (.econst:.string:__ctypes_)
                  003eb039    00000001     --HOLE-- [fill = 0]
                  003eb03a    00000100     DSP2803x_PieVect.obj (.econst)
                  003eb13a    000000db     CANcomm.obj (.econst:.string)
                  003eb215    00000001     --HOLE-- [fill = 0]
                  003eb216    00000024     hardiic.obj (.econst:.string)
                  003eb23a    00000024     rts2800_ml.lib : _printfi.obj (.econst:.string)
                  003eb25e    00000018                    : _printfi.obj (.econst)
                  003eb276    0000000e     communicationSci.obj (.econst:.string)
                  003eb284    00000002     rts2800_ml.lib : fputs.obj (.econst:.string)

.cinit     0    003eb286    000000f3     
                  003eb286    00000031     rts2800_ml.lib : lowlev.obj (.cinit)
                  003eb2b7    0000002d     hardiic.obj (.cinit)
                  003eb2e4    0000002a     rts2800_ml.lib : defs.obj (.cinit)
                  003eb30e    00000022     CANcomm.obj (.cinit)
                  003eb330    00000010     communicationSci.obj (.cinit)
                  003eb340    0000000a     rts2800_ml.lib : _lock.obj (.cinit)
                  003eb34a    0000000a                    : exit.obj (.cinit)
                  003eb354    00000008     main.obj (.cinit)
                  003eb35c    00000007     timer.obj (.cinit)
                  003eb363    00000004     DataScope_DP.obj (.cinit)
                  003eb367    00000004     pid.obj (.cinit)
                  003eb36b    00000004     rts2800_ml.lib : fopen.obj (.cinit)
                  003eb36f    00000004                    : memory.obj (.cinit)
                  003eb373    00000004     zm5168.obj (.cinit)
                  003eb377    00000002     --HOLE-- [fill = 0]

ramfuncs   0    003f5000    0000001f     RUN ADDR = 00008000
                  003f5000    0000001b     DSP2803x_SysCtrl.obj (ramfuncs)
                  003f501b    00000004     DSP2803x_usDelay.obj (ramfuncs)

codestart 
*          0    003f7ff6    00000002     
                  003f7ff6    00000002     DSP2803x_CodeStartBranch.obj (codestart)

.reset     0    003fffc0    00000002     DSECT
                  003fffc0    00000002     rts2800_ml.lib : boot.obj (.reset)

vectors    0    003fffc2    00000000     DSECT

.stack     1    00000050    00000300     UNINITIALIZED
                  00000050    00000300     --HOLE--

.sysmem    1    00000400    00000400     UNINITIALIZED
                  00000400    00000001     rts2800_ml.lib : memory.obj (.sysmem)
                  00000401    000003ff     --HOLE--

DevEmuRegsFile 
*          1    00000880    00000004     UNINITIALIZED
                  00000880    00000004     DSP2803x_GlobalVariableDefs.obj (DevEmuRegsFile)

SysPwrCtrlRegsFile 
*          1    00000985    00000003     UNINITIALIZED
                  00000985    00000003     DSP2803x_GlobalVariableDefs.obj (SysPwrCtrlRegsFile)

FlashRegsFile 
*          1    00000a80    00000008     UNINITIALIZED
                  00000a80    00000008     DSP2803x_GlobalVariableDefs.obj (FlashRegsFile)

CsmRegsFile 
*          1    00000ae0    00000010     UNINITIALIZED
                  00000ae0    00000010     DSP2803x_GlobalVariableDefs.obj (CsmRegsFile)

AdcResultFile 
*          1    00000b00    00000020     UNINITIALIZED
                  00000b00    00000020     DSP2803x_GlobalVariableDefs.obj (AdcResultFile)

CpuTimer0RegsFile 
*          1    00000c00    00000008     UNINITIALIZED
                  00000c00    00000008     DSP2803x_GlobalVariableDefs.obj (CpuTimer0RegsFile)

CpuTimer1RegsFile 
*          1    00000c08    00000008     UNINITIALIZED
                  00000c08    00000008     DSP2803x_GlobalVariableDefs.obj (CpuTimer1RegsFile)

CpuTimer2RegsFile 
*          1    00000c10    00000008     UNINITIALIZED
                  00000c10    00000008     DSP2803x_GlobalVariableDefs.obj (CpuTimer2RegsFile)

PieCtrlRegsFile 
*          1    00000ce0    0000001a     UNINITIALIZED
                  00000ce0    0000001a     DSP2803x_GlobalVariableDefs.obj (PieCtrlRegsFile)

PieVectTableFile 
*          1    00000d00    00000100     UNINITIALIZED
                  00000d00    00000100     DSP2803x_GlobalVariableDefs.obj (PieVectTableFile)

EmuKeyVar 
*          1    00000d00    00000001     UNINITIALIZED
                  00000d00    00000001     DSP2803x_GlobalVariableDefs.obj (EmuKeyVar)

EmuBModeVar 
*          1    00000d01    00000001     UNINITIALIZED
                  00000d01    00000001     DSP2803x_GlobalVariableDefs.obj (EmuBModeVar)

FlashCallbackVar 
*          1    00000d02    00000002     UNINITIALIZED
                  00000d02    00000002     DSP2803x_GlobalVariableDefs.obj (FlashCallbackVar)

FlashScalingVar 
*          1    00000d04    00000002     UNINITIALIZED
                  00000d04    00000002     DSP2803x_GlobalVariableDefs.obj (FlashScalingVar)

Cla1RegsFile 
*          1    00001400    00000040     UNINITIALIZED
                  00001400    00000040     DSP2803x_GlobalVariableDefs.obj (Cla1RegsFile)

ECanaRegsFile 
*          1    00006000    00000034     UNINITIALIZED
                  00006000    00000034     DSP2803x_GlobalVariableDefs.obj (ECanaRegsFile)

ECanaLAMRegsFile 
*          1    00006040    00000040     UNINITIALIZED
                  00006040    00000040     DSP2803x_GlobalVariableDefs.obj (ECanaLAMRegsFile)

ECanaMOTSRegsFile 
*          1    00006080    00000040     UNINITIALIZED
                  00006080    00000040     DSP2803x_GlobalVariableDefs.obj (ECanaMOTSRegsFile)

ECanaMOTORegsFile 
*          1    000060c0    00000040     UNINITIALIZED
                  000060c0    00000040     DSP2803x_GlobalVariableDefs.obj (ECanaMOTORegsFile)

ECanaMboxesFile 
*          1    00006100    00000100     UNINITIALIZED
                  00006100    00000100     DSP2803x_GlobalVariableDefs.obj (ECanaMboxesFile)

Comp1RegsFile 
*          1    00006400    00000014     UNINITIALIZED
                  00006400    00000014     DSP2803x_GlobalVariableDefs.obj (Comp1RegsFile)

Comp2RegsFile 
*          1    00006420    00000014     UNINITIALIZED
                  00006420    00000014     DSP2803x_GlobalVariableDefs.obj (Comp2RegsFile)

Comp3RegsFile 
*          1    00006440    00000014     UNINITIALIZED
                  00006440    00000014     DSP2803x_GlobalVariableDefs.obj (Comp3RegsFile)

EPwm1RegsFile 
*          1    00006800    00000040     UNINITIALIZED
                  00006800    00000040     DSP2803x_GlobalVariableDefs.obj (EPwm1RegsFile)

EPwm2RegsFile 
*          1    00006840    00000040     UNINITIALIZED
                  00006840    00000040     DSP2803x_GlobalVariableDefs.obj (EPwm2RegsFile)

EPwm3RegsFile 
*          1    00006880    00000040     UNINITIALIZED
                  00006880    00000040     DSP2803x_GlobalVariableDefs.obj (EPwm3RegsFile)

EPwm4RegsFile 
*          1    000068c0    00000040     UNINITIALIZED
                  000068c0    00000040     DSP2803x_GlobalVariableDefs.obj (EPwm4RegsFile)

EPwm5RegsFile 
*          1    00006900    00000040     UNINITIALIZED
                  00006900    00000040     DSP2803x_GlobalVariableDefs.obj (EPwm5RegsFile)

EPwm6RegsFile 
*          1    00006940    00000040     UNINITIALIZED
                  00006940    00000040     DSP2803x_GlobalVariableDefs.obj (EPwm6RegsFile)

EPwm7RegsFile 
*          1    00006980    00000040     UNINITIALIZED
                  00006980    00000040     DSP2803x_GlobalVariableDefs.obj (EPwm7RegsFile)

ECap1RegsFile 
*          1    00006a00    00000020     UNINITIALIZED
                  00006a00    00000020     DSP2803x_GlobalVariableDefs.obj (ECap1RegsFile)

HRCap1RegsFile 
*          1    00006ac0    00000020     UNINITIALIZED
                  00006ac0    00000020     DSP2803x_GlobalVariableDefs.obj (HRCap1RegsFile)

HRCap2RegsFile 
*          1    00006ae0    00000020     UNINITIALIZED
                  00006ae0    00000020     DSP2803x_GlobalVariableDefs.obj (HRCap2RegsFile)

EQep1RegsFile 
*          1    00006b00    00000040     UNINITIALIZED
                  00006b00    00000040     DSP2803x_GlobalVariableDefs.obj (EQep1RegsFile)

LinaRegsFile 
*          1    00006c00    0000004a     UNINITIALIZED
                  00006c00    0000004a     DSP2803x_GlobalVariableDefs.obj (LinaRegsFile)

GpioCtrlRegsFile 
*          1    00006f80    00000040     UNINITIALIZED
                  00006f80    00000040     DSP2803x_GlobalVariableDefs.obj (GpioCtrlRegsFile)

GpioDataRegsFile 
*          1    00006fc0    00000020     UNINITIALIZED
                  00006fc0    00000020     DSP2803x_GlobalVariableDefs.obj (GpioDataRegsFile)

GpioIntRegsFile 
*          1    00006fe0    0000000c     UNINITIALIZED
                  00006fe0    0000000c     DSP2803x_GlobalVariableDefs.obj (GpioIntRegsFile)

SysCtrlRegsFile 
*          1    00007010    00000020     UNINITIALIZED
                  00007010    00000020     DSP2803x_GlobalVariableDefs.obj (SysCtrlRegsFile)

SpiaRegsFile 
*          1    00007040    00000010     UNINITIALIZED
                  00007040    00000010     DSP2803x_GlobalVariableDefs.obj (SpiaRegsFile)

SciaRegsFile 
*          1    00007050    00000010     UNINITIALIZED
                  00007050    00000010     DSP2803x_GlobalVariableDefs.obj (SciaRegsFile)

NmiIntruptRegsFile 
*          1    00007060    00000010     UNINITIALIZED
                  00007060    00000010     DSP2803x_GlobalVariableDefs.obj (NmiIntruptRegsFile)

XIntruptRegsFile 
*          1    00007070    00000010     UNINITIALIZED
                  00007070    00000010     DSP2803x_GlobalVariableDefs.obj (XIntruptRegsFile)

AdcRegsFile 
*          1    00007100    00000050     UNINITIALIZED
                  00007100    00000050     DSP2803x_GlobalVariableDefs.obj (AdcRegsFile)

SpibRegsFile 
*          1    00007740    00000010     UNINITIALIZED
                  00007740    00000010     DSP2803x_GlobalVariableDefs.obj (SpibRegsFile)

I2caRegsFile 
*          1    00007900    00000022     UNINITIALIZED
                  00007900    00000022     DSP2803x_GlobalVariableDefs.obj (I2caRegsFile)

.ebss      1    00008c00    00000758     UNINITIALIZED
                  00008c00    00000388     GlobalVariableDefandInits.obj (.ebss)
                  00008f88    0000002e     DataScope_DP.obj (.ebss)
                  00008fb6    00000008     rts2800_ml.lib : memory.obj (.ebss)
                  00008fbe    00000001                    : fopen.obj (.ebss)
                  00008fbf    00000001     --HOLE--
                  00008fc0    00000160                    : defs.obj (.ebss)
                  00009120    0000001c     communicationSci.obj (.ebss)
                  0000913c    00000004     rts2800_ml.lib : _lock.obj (.ebss)
                  00009140    00000093     CANcomm.obj (.ebss)
                  000091d3    00000024     zm5168.obj (.ebss)
                  000091f7    00000008     rts2800_ml.lib : trgdrv.obj (.ebss)
                  000091ff    00000001     --HOLE--
                  00009200    00000088                    : lowlev.obj (.ebss)
                  00009288    00000022     pid.obj (.ebss)
                  000092aa    00000004     rts2800_ml.lib : exit.obj (.ebss)
                  000092ae    00000004     timer.obj (.ebss)
                  000092b2    00000003     main.obj (.ebss)
                  000092b5    0000000b     --HOLE--
                  000092c0    00000070     hardiic.obj (.ebss)
                  00009330    00000010     --HOLE--
                  00009340    00000018     DSP2803x_CpuTimers.obj (.ebss)

.cio       1    00009400    00000120     UNINITIALIZED
                  00009400    00000120     rts2800_ml.lib : ankmsg.obj (.cio)

PartIdRegsFile 
*          1    003d7e80    00000001     UNINITIALIZED
                  003d7e80    00000001     DSP2803x_GlobalVariableDefs.obj (PartIdRegsFile)

CsmPwlFile 
*          1    003f7ff8    00000008     UNINITIALIZED
                  003f7ff8    00000008     DSP2803x_GlobalVariableDefs.obj (CsmPwlFile)


GLOBAL DATA SYMBOLS: SORTED BY DATA PAGE

address     data page           name
--------    ----------------    ----
00000050       1 (00000040)     __stack

00000400      10 (00000400)     __sys_memory

00000880      22 (00000880)     _DevEmuRegs

00000985      26 (00000980)     _SysPwrCtrlRegs

00000a80      2a (00000a80)     _FlashRegs

00000ae0      2b (00000ac0)     _CsmRegs

00000b00      2c (00000b00)     _AdcResult

00000c00      30 (00000c00)     _CpuTimer0Regs
00000c08      30 (00000c00)     _CpuTimer1Regs
00000c10      30 (00000c00)     _CpuTimer2Regs

00000ce0      33 (00000cc0)     _PieCtrlRegs

00000d00      34 (00000d00)     _EmuKey
00000d00      34 (00000d00)     _PieVectTable
00000d01      34 (00000d00)     _EmuBMode
00000d02      34 (00000d00)     _Flash_CallbackPtr
00000d04      34 (00000d00)     _Flash_CPUScaleFactor

00001400      50 (00001400)     _Cla1Regs

00006000     180 (00006000)     _ECanaRegs

00006040     181 (00006040)     _ECanaLAMRegs

00006080     182 (00006080)     _ECanaMOTSRegs

000060c0     183 (000060c0)     _ECanaMOTORegs

00006100     184 (00006100)     _ECanaMboxes

00006400     190 (00006400)     _Comp1Regs
00006420     190 (00006400)     _Comp2Regs

00006440     191 (00006440)     _Comp3Regs

00006800     1a0 (00006800)     _EPwm1Regs

00006840     1a1 (00006840)     _EPwm2Regs

00006880     1a2 (00006880)     _EPwm3Regs

000068c0     1a3 (000068c0)     _EPwm4Regs

00006900     1a4 (00006900)     _EPwm5Regs

00006940     1a5 (00006940)     _EPwm6Regs

00006980     1a6 (00006980)     _EPwm7Regs

00006a00     1a8 (00006a00)     _ECap1Regs

00006ac0     1ab (00006ac0)     _HRCap1Regs
00006ae0     1ab (00006ac0)     _HRCap2Regs

00006b00     1ac (00006b00)     _EQep1Regs

00006c00     1b0 (00006c00)     _LinaRegs

00006f80     1be (00006f80)     _GpioCtrlRegs

00006fc0     1bf (00006fc0)     _GpioDataRegs
00006fe0     1bf (00006fc0)     _GpioIntRegs

00007010     1c0 (00007000)     _SysCtrlRegs

00007040     1c1 (00007040)     _SpiaRegs
00007050     1c1 (00007040)     _SciaRegs
00007060     1c1 (00007040)     _NmiIntruptRegs
00007070     1c1 (00007040)     _XIntruptRegs

00007100     1c4 (00007100)     _AdcRegs

00007740     1dd (00007740)     _SpibRegs

00007900     1e4 (00007900)     _I2caRegs

00008c00     230 (00008c00)     _ModuleCtlReg

00008c40     231 (00008c40)     _Sample

00008f88     23e (00008f80)     _temp3
00008f89     23e (00008f80)     _temp4
00008f8a     23e (00008f80)     _temp2
00008f8b     23e (00008f80)     _temp1
00008f8c     23e (00008f80)     _DataScope_OutPut_Buffer

00008fc0     23f (00008fc0)     ___TI_ft_end

00009000     240 (00009000)     __ftable

00009080     242 (00009080)     ___TI_tmpnams

00009120     244 (00009100)     _SciaRecTimeoutCount
00009121     244 (00009100)     _ModuleFault
00009122     244 (00009100)     _SciaReceiveCount
00009123     244 (00009100)     _SciaSendBuff
00009128     244 (00009100)     _SciaReceiveBuff
0000912d     244 (00009100)     _SciaResponseBuff
00009132     244 (00009100)     _DataBuff
0000913c     244 (00009100)     __unlock
0000913e     244 (00009100)     __lock

00009140     245 (00009140)     _lastSendMBox
00009142     245 (00009140)     _PtrCanRx
00009144     245 (00009140)     _PtrCanTx
00009146     245 (00009140)     _CANTxMsg

00009180     246 (00009180)     _CANRxMsg

000091d3     247 (000091c0)     _y
000091d4     247 (000091c0)     _x
000091d5     247 (000091c0)     _z
000091d6     247 (000091c0)     _zm5168_p2

00009288     24a (00009280)     _Send_Count
00009289     24a (00009280)     _xfeq
0000928a     24a (00009280)     _F_OUT
0000928b     24a (00009280)     _j
0000928c     24a (00009280)     _V_OUT
0000928e     24a (00009280)     _PID_V
0000929c     24a (00009280)     _PID_F
000092aa     24a (00009280)     ___TI_cleanup_ptr
000092ac     24a (00009280)     ___TI_dtors_ptr
000092ae     24a (00009280)     _timer0Base
000092b2     24a (00009280)     _Error
000092b3     24a (00009280)     _Tmp
000092b4     24a (00009280)     _key

000092c0     24b (000092c0)     _LigntVal
000092c1     24b (000092c0)     _keyVal
000092c2     24b (000092c0)     _PtrMsg
000092c6     24b (000092c0)     _IIC_ISR_String
000092d6     24b (000092c0)     _SEG7Table
000092e6     24b (000092c0)     _MCP79411

00009300     24c (00009300)     _TM1650
00009318     24c (00009300)     _AT24C02Msg

00009340     24d (00009340)     _CpuTimer1
00009348     24d (00009340)     _CpuTimer2
00009350     24d (00009340)     _CpuTimer0

00009400     250 (00009400)     __CIOBUF_

003d7e80    f5fa (003d7e80)     _PartIdRegs

003eaf38    fabc (003eaf00)     __ctypes_

003eb03a    fac0 (003eb000)     _PieVectTableInit

003f7ff8    fdff (003f7fc0)     _CsmPwl


GLOBAL SYMBOLS: SORTED ALPHABETICALLY BY Name 

address    name
--------   ----
003e8000   .text
003eae37   C$$EXIT
003ea51c   C$$IO$$
003ea430   FD$$ADD
003eabc1   FD$$CMP
003ea55a   FD$$DIV
003ea5e5   FD$$MPY
003eaf16   FD$$NEG
003eaeb1   FD$$SUB
003eacfb   FD$$TOI
003ead5c   FD$$TOL
003ea6e8   FS$$ADD
003ea974   FS$$MPY
003ea6e3   FS$$SUB
003ead99   FS$$TOFD
003eacb4   FS$$TOI
003eac3e   FS$$TOL
003eadeb   I$$TOFS
003eabeb   L$$DIV
003eabfa   L$$MOD
003eadb5   L$$TOFD
003eae50   LL$$AND
003ead7b   LL$$CMP
003e9a3a   LL$$DIV
003e9a76   LL$$MOD
003eae68   LL$$MPY
003eae58   LL$$OR
003eae60   LL$$XOR
003eaeef   U$$DIV
003eaef4   U$$MOD
003eac08   UL$$DIV
003eac0f   UL$$MOD
003ead8d   ULL$$CMP
003e9ab0   ULL$$DIV
003e9adf   ULL$$MOD
003e9689   _ADCINT1_ISR
003e968e   _ADCINT2_ISR
003e9742   _ADCINT3_ISR
003e9747   _ADCINT4_ISR
003e974c   _ADCINT5_ISR
003e9751   _ADCINT6_ISR
003e9756   _ADCINT7_ISR
003e975b   _ADCINT8_ISR
003e969d   _ADCINT9_ISR
003ea2e3   _ADC_Config
00009318   _AT24C02Msg
003e8bcd   _AdcChanSelect
003e8c42   _AdcConversion
003e8ba6   _AdcOffsetSelfCal
00007100   _AdcRegs
00000b00   _AdcResult
003ea38a   _ArbitramentProtect
003e8912   _CANInit
00009180   _CANRxMsg
00009146   _CANTxMsg
003e8a2d   _CAN_Init_Interrupt
003e8a77   _CAN_Send
003e9760   _CLA1_INT1_ISR
003e9765   _CLA1_INT2_ISR
003e976a   _CLA1_INT3_ISR
003e976f   _CLA1_INT4_ISR
003e9774   _CLA1_INT5_ISR
003e9779   _CLA1_INT6_ISR
003e977e   _CLA1_INT7_ISR
003e9783   _CLA1_INT8_ISR
00001400   _Cla1Regs
00006400   _Comp1Regs
00006420   _Comp2Regs
00006440   _Comp3Regs
003ea814   _ConfigCpuTimer
00009350   _CpuTimer0
00000c00   _CpuTimer0Regs
00009340   _CpuTimer1
00000c08   _CpuTimer1Regs
00009348   _CpuTimer2
00000c10   _CpuTimer2Regs
003f7ff8   _CsmPwl
00000ae0   _CsmRegs
003e99bb   _CsmUnlock
003e9634   _DATALOG_ISR
003ea2b8   _DIP_Scan
0000801b   _DSP28x_usDelay
00009132   _DataBuff
003e9c96   _DataFlash_SPI_BUSY_OrNot
003e9c84   _DataFlash_WriteDisable
003e9c72   _DataFlash_WriteEnable
003e9d16   _DataFlash_Write_Byte
003e9ee3   _DataScope_Data_Generate
003e9e6d   _DataScope_Get_Channel_Data
00008f8c   _DataScope_OutPut_Buffer
00000880   _DevEmuRegs
003e9927   _DisableDog
003e9738   _ECAN0INTA_ISR
003e973d   _ECAN1INTA_ISR
003e96f2   _ECAP1_INT_ISR
00006040   _ECanaLAMRegs
000060c0   _ECanaMOTORegs
00006080   _ECanaMOTSRegs
00006100   _ECanaMboxes
00006000   _ECanaRegs
00006a00   _ECap1Regs
003e9797   _EMPTY_ISR
003e963e   _EMUINT_ISR
003e96cf   _EPWM1_INT_ISR
003e96ac   _EPWM1_TZINT_ISR
003e96d4   _EPWM2_INT_ISR
003e96b1   _EPWM2_TZINT_ISR
003e96d9   _EPWM3_INT_ISR
003e96b6   _EPWM3_TZINT_ISR
003e96de   _EPWM4_INT_ISR
003e96bb   _EPWM4_TZINT_ISR
003e96e3   _EPWM5_INT_ISR
003e96c0   _EPWM5_TZINT_ISR
003e96e8   _EPWM6_INT_ISR
003e96c5   _EPWM6_TZINT_ISR
003e96ed   _EPWM7_INT_ISR
003e96ca   _EPWM7_TZINT_ISR
00006800   _EPwm1Regs
00006840   _EPwm2Regs
00006880   _EPwm3Regs
000068c0   _EPwm4Regs
00006900   _EPwm5Regs
00006940   _EPwm6Regs
00006980   _EPwm7Regs
003e9701   _EQEP1_INT_ISR
00006b00   _EQep1Regs
00000d01   _EmuBMode
00000d00   _EmuKey
003eac86   _EnableInterrupts
000092b2   _Error
003ead3d   _ExInt_Init
003e9a24   _ExtOscSel
0000928a   _F_OUT
00000a80   _FlashRegs
00000d04   _Flash_CPUScaleFactor
00000d02   _Flash_CallbackPtr
003e9e48   _Float2Byte
003ea23a   _GPIO_INit
00006f80   _GpioCtrlRegs
00006fc0   _GpioDataRegs
00006fe0   _GpioIntRegs
003e9130   _HOSTclock
003e9109   _HOSTclose
003e90e1   _HOSTgetenv
003e909a   _HOSTlseek
003e9063   _HOSTopen
003e902d   _HOSTread
003e8fef   _HOSTrename
003e8fc5   _HOSTtime
003e8fa0   _HOSTunlink
003e8f6a   _HOSTwrite
003e96f7   _HRCAP1_INT_ISR
003e96fc   _HRCAP2_INT_ISR
00006ac0   _HRCap1Regs
00006ae0   _HRCap2Regs
003e9f4b   _I2CA_Init
003e9fc3   _I2CA_Rxdata_STOP
003e9f97   _I2CA_Tx_STOP
003e971a   _I2CINT1A_ISR
003e971f   _I2CINT2A_ISR
00007900   _I2caRegs
000092c6   _IIC_ISR_String
003e9648   _ILLEGAL_ISR
003e962a   _INT13_ISR
003e962f   _INT14_ISR
003e8b66   _InitAdc
003e8b84   _InitAdcAio
003ea7d3   _InitCpuTimers
003e891b   _InitECana_1
003e9fff   _InitEPwm
003ea00f   _InitEPwm1Gpio
003ea021   _InitEPwm2Gpio
003ea033   _InitEPwm3Gpio
003ea047   _InitEPwm4Gpio
003ea05b   _InitEPwm5Gpio
003ea06d   _InitEPwm6Gpio
003ea07f   _InitEPwm7Gpio
003ea000   _InitEPwmGpio
003ea091   _InitEPwmSyncGpio
00008000   _InitFlash
003eae7c   _InitGpio
003eae05   _InitI2C
003eae06   _InitI2CGpio
003e9f35   _InitI2C_Gpio
003e997f   _InitPeripheralClocks
003eac67   _InitPieCtrl
003eac8f   _InitPieVectTable
003e992f   _InitPll
003eadd1   _InitSci
003eadd2   _InitSciGpio
003eadd5   _InitSciaGpio
003e9903   _InitSysCtrl
003ea0a2   _InitTzGpio
003e88fc   _Init_CANA_Gpio
003ea184   _Init_GlobalVariable
003e99ec   _IntOsc1Sel
003e99fc   _IntOsc2Sel
003e972e   _LIN0INTA_ISR
003e9733   _LIN1INTA_ISR
003e9792   _LUF_ISR
003e978d   _LVF_ISR
000092c0   _LigntVal
00006c00   _LinaRegs
003e981f   _LocalConfDeal
000092e6   _MCP79411
003e9fd0   _MCP79411_INit
00008c00   _ModuleCtlReg
00009121   _ModuleFault
003e94aa   _Module_ADCalibration_ISR
003ea668   _Module_SciaRxFIFO
003e9643   _NMI_ISR
00007060   _NmiIntruptRegs
003e9b57   _PID_Control_F
003e9bbb   _PID_Control_V
0000929c   _PID_F
003e9b41   _PID_Init
0000928e   _PID_V
003e979c   _PIE_RESERVED
003d7e80   _PartIdRegs
00000ce0   _PieCtrlRegs
00000d00   _PieVectTable
003eb03a   _PieVectTableInit
00009142   _PtrCanRx
00009144   _PtrCanTx
000092c2   _PtrMsg
003e9639   _RTOSINT_ISR
0000001f   _RamfuncsLoadSize
003f5000   _RamfuncsLoadStart
00008000   _RamfuncsRunStart
003e98ce   _ReadLocalConf
003e98e9   _ReadRemoteConf
003e98f5   _ResetDevice
003e9363   _ResponseSCI
003e98fc   _RestoreDevice
003e9724   _SCIRXINTA_ISR
003e9729   _SCITXINTA_ISR
003e9321   _SCI_Init
000092d6   _SEG7Table
003e9c47   _SPIGpio_Init
003e9706   _SPIRXINTA_ISR
003e9710   _SPIRXINTB_ISR
003e970b   _SPITXINTA_ISR
003e9715   _SPITXINTB_ISR
003e9cb3   _SPI_Flash_Read
003e9ce9   _SPI_Flash_ReadID
003e9c6f   _SPI_INit
003ea2db   _STOP_Scan
00008c40   _Sample
00009120   _SciaRecTimeoutCount
00009128   _SciaReceiveBuff
00009122   _SciaReceiveCount
00007050   _SciaRegs
0000912d   _SciaResponseBuff
00009123   _SciaSendBuff
003e98e4   _SearchDevice
003e9811   _SendAgreementFlag
003e9380   _SendRequestSCI
00009288   _Send_Count
003e991d   _ServiceDog
003e98de   _SetChanelNum
003e97a6   _SetupSCI
00007040   _SpiaRegs
00007740   _SpibRegs
00007010   _SysCtrlRegs
00000985   _SysPwrCtrlRegs
003e96a2   _TINT0_ISR
00009300   _TM1650
003eaab6   _Timer0_init
003eaad8   _Timer1_init
000092b3   _Tmp
003e967a   _USER10_ISR
003e967f   _USER11_ISR
003e9684   _USER12_ISR
003e964d   _USER1_ISR
003e9652   _USER2_ISR
003e9657   _USER3_ISR
003e965c   _USER4_ISR
003e9661   _USER5_ISR
003e9666   _USER6_ISR
003e966b   _USER7_ISR
003e9670   _USER8_ISR
003e9675   _USER9_ISR
003e9c23   _Upper_Uart
0000928c   _V_OUT
003e96a7   _WAKEINT_ISR
003e98ef   _WriteConf
003e9693   _XINT1_ISR
003e9698   _XINT2_ISR
003e9788   _XINT3_ISR
00007070   _XIntruptRegs
003e9a10   _XtalOscSel
003e97f7   _ZM5168_INit
00009400   __CIOBUF_
00000350   __STACK_END
00000300   __STACK_SIZE
00000400   __SYSMEM_SIZE
00000001   __TI_args_main
003e9dc1   ___TI_cleanup
000092aa   ___TI_cleanup_ptr
003ea919   ___TI_closefile
003ea849   ___TI_doflush
000092ac   ___TI_dtors_ptr
00008fc0   ___TI_ft_end
003e880f   ___TI_printfi
003ea8ee   ___TI_rd_ok
003ea520   ___TI_readmsg
00009080   ___TI_tmpnams
003ea4cc   ___TI_writemsg
003ea8b4   ___TI_wrt_ok
ffffffff   ___binit__
ffffffff   ___c_args__
003eb286   ___cinit__
003eaf37   ___etext__
003ead1c   ___memcpy_ff
ffffffff   ___pinit__
003e8000   ___text__
003eae1e   __args_main
003eaf38   __ctypes_
00009000   __ftable
0000913e   __lock
003eaf15   __nop
003eaf11   __register_lock
003eaf0d   __register_unlock
00000050   __stack
00000400   __sys_memory
0000913c   __unlock
003eae37   _abort
003e8efe   _add_device
003eab64   _atoi
003eaa72   _c_int00
003e930a   _calloc
003ea0c3   _canA_isr0
003ea0fb   _canA_isr1
003e8996   _canMailboxInit
003e9308   _chkheap
003e8ecc   _close
003eae8f   _cpu_timer0_isr
003eac15   _cpu_timer1_isr
003eae39   _exit
003ea95b   _fclose
003ea878   _fflush
003e9e2e   _fopen
003eaa22   _fputc
003ea38b   _fputs
003e915a   _free
003e92ec   _free_memory
003e9dde   _freopen
003eaaf5   _fseek
003e8ae4   _handleCANRxFIFO
003eaf04   _i2c_int1a_isr
0000928b   _j
000092b4   _key
000092c1   _keyVal
00009140   _lastSendMBox
003e8eb4   _lseek
003eab95   _ltoa
003ea9ce   _main
003e91c3   _malloc
003e92cc   _max_free
003eaebf   _memccpy
003eaea1   _memchr
003eaed8   _memset
003e919f   _minit
003e9468   _my_close
003e9490   _my_lseek
003e945f   _my_open
003e946d   _my_read
003e94a0   _my_rename
003e9499   _my_unlink
003e9476   _my_write
003e8e42   _open
003e942f   _open_uart_debug
003eab38   _printf
003eaa22   _putc
003eaa6d   _putchar
003ea41e   _puts
003e8e2a   _read
003e921c   _realloc
003eaf34   _remove
003e8e10   _remove_device
003e8de7   _rename
003e97a1   _rsvd_ISR
003e9423   _scia_xmit
003ea75b   _setvbuf
003eaee4   _strchr
003eaefa   _strcmp
003eaf2f   _strcpy
003eaf27   _strlen
003eacd9   _strncpy
00008f8b   _temp1
00008f8a   _temp2
00008f88   _temp3
00008f89   _temp4
000092ae   _timer0Base
003e8dcf   _unlink
003e8d69   _write
000091d4   _x
00009289   _xfeq
003eaecc   _xint1_isr
000091d3   _y
000091d5   _z
000091d6   _zm5168_p2
ffffffff   binit
003eb286   cinit
003f7ff6   code_start
003eaf37   etext
ffffffff   pinit


GLOBAL SYMBOLS: SORTED BY Symbol Address 

address    name
--------   ----
00000001   __TI_args_main
0000001f   _RamfuncsLoadSize
00000050   __stack
00000300   __STACK_SIZE
00000350   __STACK_END
00000400   __SYSMEM_SIZE
00000400   __sys_memory
00000880   _DevEmuRegs
00000985   _SysPwrCtrlRegs
00000a80   _FlashRegs
00000ae0   _CsmRegs
00000b00   _AdcResult
00000c00   _CpuTimer0Regs
00000c08   _CpuTimer1Regs
00000c10   _CpuTimer2Regs
00000ce0   _PieCtrlRegs
00000d00   _EmuKey
00000d00   _PieVectTable
00000d01   _EmuBMode
00000d02   _Flash_CallbackPtr
00000d04   _Flash_CPUScaleFactor
00001400   _Cla1Regs
00006000   _ECanaRegs
00006040   _ECanaLAMRegs
00006080   _ECanaMOTSRegs
000060c0   _ECanaMOTORegs
00006100   _ECanaMboxes
00006400   _Comp1Regs
00006420   _Comp2Regs
00006440   _Comp3Regs
00006800   _EPwm1Regs
00006840   _EPwm2Regs
00006880   _EPwm3Regs
000068c0   _EPwm4Regs
00006900   _EPwm5Regs
00006940   _EPwm6Regs
00006980   _EPwm7Regs
00006a00   _ECap1Regs
00006ac0   _HRCap1Regs
00006ae0   _HRCap2Regs
00006b00   _EQep1Regs
00006c00   _LinaRegs
00006f80   _GpioCtrlRegs
00006fc0   _GpioDataRegs
00006fe0   _GpioIntRegs
00007010   _SysCtrlRegs
00007040   _SpiaRegs
00007050   _SciaRegs
00007060   _NmiIntruptRegs
00007070   _XIntruptRegs
00007100   _AdcRegs
00007740   _SpibRegs
00007900   _I2caRegs
00008000   _InitFlash
00008000   _RamfuncsRunStart
0000801b   _DSP28x_usDelay
00008c00   _ModuleCtlReg
00008c40   _Sample
00008f88   _temp3
00008f89   _temp4
00008f8a   _temp2
00008f8b   _temp1
00008f8c   _DataScope_OutPut_Buffer
00008fc0   ___TI_ft_end
00009000   __ftable
00009080   ___TI_tmpnams
00009120   _SciaRecTimeoutCount
00009121   _ModuleFault
00009122   _SciaReceiveCount
00009123   _SciaSendBuff
00009128   _SciaReceiveBuff
0000912d   _SciaResponseBuff
00009132   _DataBuff
0000913c   __unlock
0000913e   __lock
00009140   _lastSendMBox
00009142   _PtrCanRx
00009144   _PtrCanTx
00009146   _CANTxMsg
00009180   _CANRxMsg
000091d3   _y
000091d4   _x
000091d5   _z
000091d6   _zm5168_p2
00009288   _Send_Count
00009289   _xfeq
0000928a   _F_OUT
0000928b   _j
0000928c   _V_OUT
0000928e   _PID_V
0000929c   _PID_F
000092aa   ___TI_cleanup_ptr
000092ac   ___TI_dtors_ptr
000092ae   _timer0Base
000092b2   _Error
000092b3   _Tmp
000092b4   _key
000092c0   _LigntVal
000092c1   _keyVal
000092c2   _PtrMsg
000092c6   _IIC_ISR_String
000092d6   _SEG7Table
000092e6   _MCP79411
00009300   _TM1650
00009318   _AT24C02Msg
00009340   _CpuTimer1
00009348   _CpuTimer2
00009350   _CpuTimer0
00009400   __CIOBUF_
003d7e80   _PartIdRegs
003e8000   .text
003e8000   ___text__
003e880f   ___TI_printfi
003e88fc   _Init_CANA_Gpio
003e8912   _CANInit
003e891b   _InitECana_1
003e8996   _canMailboxInit
003e8a2d   _CAN_Init_Interrupt
003e8a77   _CAN_Send
003e8ae4   _handleCANRxFIFO
003e8b66   _InitAdc
003e8b84   _InitAdcAio
003e8ba6   _AdcOffsetSelfCal
003e8bcd   _AdcChanSelect
003e8c42   _AdcConversion
003e8d69   _write
003e8dcf   _unlink
003e8de7   _rename
003e8e10   _remove_device
003e8e2a   _read
003e8e42   _open
003e8eb4   _lseek
003e8ecc   _close
003e8efe   _add_device
003e8f6a   _HOSTwrite
003e8fa0   _HOSTunlink
003e8fc5   _HOSTtime
003e8fef   _HOSTrename
003e902d   _HOSTread
003e9063   _HOSTopen
003e909a   _HOSTlseek
003e90e1   _HOSTgetenv
003e9109   _HOSTclose
003e9130   _HOSTclock
003e915a   _free
003e919f   _minit
003e91c3   _malloc
003e921c   _realloc
003e92cc   _max_free
003e92ec   _free_memory
003e9308   _chkheap
003e930a   _calloc
003e9321   _SCI_Init
003e9363   _ResponseSCI
003e9380   _SendRequestSCI
003e9423   _scia_xmit
003e942f   _open_uart_debug
003e945f   _my_open
003e9468   _my_close
003e946d   _my_read
003e9476   _my_write
003e9490   _my_lseek
003e9499   _my_unlink
003e94a0   _my_rename
003e94aa   _Module_ADCalibration_ISR
003e962a   _INT13_ISR
003e962f   _INT14_ISR
003e9634   _DATALOG_ISR
003e9639   _RTOSINT_ISR
003e963e   _EMUINT_ISR
003e9643   _NMI_ISR
003e9648   _ILLEGAL_ISR
003e964d   _USER1_ISR
003e9652   _USER2_ISR
003e9657   _USER3_ISR
003e965c   _USER4_ISR
003e9661   _USER5_ISR
003e9666   _USER6_ISR
003e966b   _USER7_ISR
003e9670   _USER8_ISR
003e9675   _USER9_ISR
003e967a   _USER10_ISR
003e967f   _USER11_ISR
003e9684   _USER12_ISR
003e9689   _ADCINT1_ISR
003e968e   _ADCINT2_ISR
003e9693   _XINT1_ISR
003e9698   _XINT2_ISR
003e969d   _ADCINT9_ISR
003e96a2   _TINT0_ISR
003e96a7   _WAKEINT_ISR
003e96ac   _EPWM1_TZINT_ISR
003e96b1   _EPWM2_TZINT_ISR
003e96b6   _EPWM3_TZINT_ISR
003e96bb   _EPWM4_TZINT_ISR
003e96c0   _EPWM5_TZINT_ISR
003e96c5   _EPWM6_TZINT_ISR
003e96ca   _EPWM7_TZINT_ISR
003e96cf   _EPWM1_INT_ISR
003e96d4   _EPWM2_INT_ISR
003e96d9   _EPWM3_INT_ISR
003e96de   _EPWM4_INT_ISR
003e96e3   _EPWM5_INT_ISR
003e96e8   _EPWM6_INT_ISR
003e96ed   _EPWM7_INT_ISR
003e96f2   _ECAP1_INT_ISR
003e96f7   _HRCAP1_INT_ISR
003e96fc   _HRCAP2_INT_ISR
003e9701   _EQEP1_INT_ISR
003e9706   _SPIRXINTA_ISR
003e970b   _SPITXINTA_ISR
003e9710   _SPIRXINTB_ISR
003e9715   _SPITXINTB_ISR
003e971a   _I2CINT1A_ISR
003e971f   _I2CINT2A_ISR
003e9724   _SCIRXINTA_ISR
003e9729   _SCITXINTA_ISR
003e972e   _LIN0INTA_ISR
003e9733   _LIN1INTA_ISR
003e9738   _ECAN0INTA_ISR
003e973d   _ECAN1INTA_ISR
003e9742   _ADCINT3_ISR
003e9747   _ADCINT4_ISR
003e974c   _ADCINT5_ISR
003e9751   _ADCINT6_ISR
003e9756   _ADCINT7_ISR
003e975b   _ADCINT8_ISR
003e9760   _CLA1_INT1_ISR
003e9765   _CLA1_INT2_ISR
003e976a   _CLA1_INT3_ISR
003e976f   _CLA1_INT4_ISR
003e9774   _CLA1_INT5_ISR
003e9779   _CLA1_INT6_ISR
003e977e   _CLA1_INT7_ISR
003e9783   _CLA1_INT8_ISR
003e9788   _XINT3_ISR
003e978d   _LVF_ISR
003e9792   _LUF_ISR
003e9797   _EMPTY_ISR
003e979c   _PIE_RESERVED
003e97a1   _rsvd_ISR
003e97a6   _SetupSCI
003e97f7   _ZM5168_INit
003e9811   _SendAgreementFlag
003e981f   _LocalConfDeal
003e98ce   _ReadLocalConf
003e98de   _SetChanelNum
003e98e4   _SearchDevice
003e98e9   _ReadRemoteConf
003e98ef   _WriteConf
003e98f5   _ResetDevice
003e98fc   _RestoreDevice
003e9903   _InitSysCtrl
003e991d   _ServiceDog
003e9927   _DisableDog
003e992f   _InitPll
003e997f   _InitPeripheralClocks
003e99bb   _CsmUnlock
003e99ec   _IntOsc1Sel
003e99fc   _IntOsc2Sel
003e9a10   _XtalOscSel
003e9a24   _ExtOscSel
003e9a3a   LL$$DIV
003e9a76   LL$$MOD
003e9ab0   ULL$$DIV
003e9adf   ULL$$MOD
003e9b41   _PID_Init
003e9b57   _PID_Control_F
003e9bbb   _PID_Control_V
003e9c23   _Upper_Uart
003e9c47   _SPIGpio_Init
003e9c6f   _SPI_INit
003e9c72   _DataFlash_WriteEnable
003e9c84   _DataFlash_WriteDisable
003e9c96   _DataFlash_SPI_BUSY_OrNot
003e9cb3   _SPI_Flash_Read
003e9ce9   _SPI_Flash_ReadID
003e9d16   _DataFlash_Write_Byte
003e9dc1   ___TI_cleanup
003e9dde   _freopen
003e9e2e   _fopen
003e9e48   _Float2Byte
003e9e6d   _DataScope_Get_Channel_Data
003e9ee3   _DataScope_Data_Generate
003e9f35   _InitI2C_Gpio
003e9f4b   _I2CA_Init
003e9f97   _I2CA_Tx_STOP
003e9fc3   _I2CA_Rxdata_STOP
003e9fd0   _MCP79411_INit
003e9fff   _InitEPwm
003ea000   _InitEPwmGpio
003ea00f   _InitEPwm1Gpio
003ea021   _InitEPwm2Gpio
003ea033   _InitEPwm3Gpio
003ea047   _InitEPwm4Gpio
003ea05b   _InitEPwm5Gpio
003ea06d   _InitEPwm6Gpio
003ea07f   _InitEPwm7Gpio
003ea091   _InitEPwmSyncGpio
003ea0a2   _InitTzGpio
003ea0c3   _canA_isr0
003ea0fb   _canA_isr1
003ea184   _Init_GlobalVariable
003ea23a   _GPIO_INit
003ea2b8   _DIP_Scan
003ea2db   _STOP_Scan
003ea2e3   _ADC_Config
003ea38a   _ArbitramentProtect
003ea38b   _fputs
003ea41e   _puts
003ea430   FD$$ADD
003ea4cc   ___TI_writemsg
003ea51c   C$$IO$$
003ea520   ___TI_readmsg
003ea55a   FD$$DIV
003ea5e5   FD$$MPY
003ea668   _Module_SciaRxFIFO
003ea6e3   FS$$SUB
003ea6e8   FS$$ADD
003ea75b   _setvbuf
003ea7d3   _InitCpuTimers
003ea814   _ConfigCpuTimer
003ea849   ___TI_doflush
003ea878   _fflush
003ea8b4   ___TI_wrt_ok
003ea8ee   ___TI_rd_ok
003ea919   ___TI_closefile
003ea95b   _fclose
003ea974   FS$$MPY
003ea9ce   _main
003eaa22   _fputc
003eaa22   _putc
003eaa6d   _putchar
003eaa72   _c_int00
003eaab6   _Timer0_init
003eaad8   _Timer1_init
003eaaf5   _fseek
003eab38   _printf
003eab64   _atoi
003eab95   _ltoa
003eabc1   FD$$CMP
003eabeb   L$$DIV
003eabfa   L$$MOD
003eac08   UL$$DIV
003eac0f   UL$$MOD
003eac15   _cpu_timer1_isr
003eac3e   FS$$TOL
003eac67   _InitPieCtrl
003eac86   _EnableInterrupts
003eac8f   _InitPieVectTable
003eacb4   FS$$TOI
003eacd9   _strncpy
003eacfb   FD$$TOI
003ead1c   ___memcpy_ff
003ead3d   _ExInt_Init
003ead5c   FD$$TOL
003ead7b   LL$$CMP
003ead8d   ULL$$CMP
003ead99   FS$$TOFD
003eadb5   L$$TOFD
003eadd1   _InitSci
003eadd2   _InitSciGpio
003eadd5   _InitSciaGpio
003eadeb   I$$TOFS
003eae05   _InitI2C
003eae06   _InitI2CGpio
003eae1e   __args_main
003eae37   C$$EXIT
003eae37   _abort
003eae39   _exit
003eae50   LL$$AND
003eae58   LL$$OR
003eae60   LL$$XOR
003eae68   LL$$MPY
003eae7c   _InitGpio
003eae8f   _cpu_timer0_isr
003eaea1   _memchr
003eaeb1   FD$$SUB
003eaebf   _memccpy
003eaecc   _xint1_isr
003eaed8   _memset
003eaee4   _strchr
003eaeef   U$$DIV
003eaef4   U$$MOD
003eaefa   _strcmp
003eaf04   _i2c_int1a_isr
003eaf0d   __register_unlock
003eaf11   __register_lock
003eaf15   __nop
003eaf16   FD$$NEG
003eaf27   _strlen
003eaf2f   _strcpy
003eaf34   _remove
003eaf37   ___etext__
003eaf37   etext
003eaf38   __ctypes_
003eb03a   _PieVectTableInit
003eb286   ___cinit__
003eb286   cinit
003f5000   _RamfuncsLoadStart
003f7ff6   code_start
003f7ff8   _CsmPwl
ffffffff   ___binit__
ffffffff   ___c_args__
ffffffff   ___pinit__
ffffffff   binit
ffffffff   pinit

[407 symbols]
