<?xml version="1.0"?>
<link_info>
   <banner>TMS320C2000 Linker PC v6.2.0</banner>
   <copyright>Copyright (c) 1996-2013 Texas Instruments Incorporated</copyright>
   <link_time>0x58db6bbf</link_time>
   <link_errors>0xc</link_errors>
   <output_file>WXCD_JS.out</output_file>
   <entry_point>
      <name>_c_int00</name>
      <address>0x3ea77f</address>
   </entry_point>
   <input_file_list>
      <input_file id="fl-2">
         <path>.\user\</path>
         <kind>object</kind>
         <file>zm5168.obj</file>
         <name>zm5168.obj</name>
      </input_file>
      <input_file id="fl-3">
         <path>.\user\</path>
         <kind>object</kind>
         <file>timer.obj</file>
         <name>timer.obj</name>
      </input_file>
      <input_file id="fl-4">
         <path>.\user\</path>
         <kind>object</kind>
         <file>sim_spi.obj</file>
         <name>sim_spi.obj</name>
      </input_file>
      <input_file id="fl-5">
         <path>.\user\</path>
         <kind>object</kind>
         <file>pwm.obj</file>
         <name>pwm.obj</name>
      </input_file>
      <input_file id="fl-6">
         <path>.\user\</path>
         <kind>object</kind>
         <file>printf_uart.obj</file>
         <name>printf_uart.obj</name>
      </input_file>
      <input_file id="fl-7">
         <path>.\user\</path>
         <kind>object</kind>
         <file>pid.obj</file>
         <name>pid.obj</name>
      </input_file>
      <input_file id="fl-8">
         <path>.\user\</path>
         <kind>object</kind>
         <file>main.obj</file>
         <name>main.obj</name>
      </input_file>
      <input_file id="fl-9">
         <path>.\user\</path>
         <kind>object</kind>
         <file>led.obj</file>
         <name>led.obj</name>
      </input_file>
      <input_file id="fl-a">
         <path>.\user\</path>
         <kind>object</kind>
         <file>ad.obj</file>
         <name>ad.obj</name>
      </input_file>
      <input_file id="fl-b">
         <path>.\user\</path>
         <kind>object</kind>
         <file>TM1650_IIC.obj</file>
         <name>TM1650_IIC.obj</name>
      </input_file>
      <input_file id="fl-c">
         <path>.\user\</path>
         <kind>object</kind>
         <file>Exint.obj</file>
         <name>Exint.obj</name>
      </input_file>
      <input_file id="fl-d">
         <path>.\user\</path>
         <kind>object</kind>
         <file>DataScope_DP.obj</file>
         <name>DataScope_DP.obj</name>
      </input_file>
      <input_file id="fl-e">
         <path>.\user\</path>
         <kind>object</kind>
         <file>CANcomm.obj</file>
         <name>CANcomm.obj</name>
      </input_file>
      <input_file id="fl-f">
         <path>.\</path>
         <kind>object</kind>
         <file>DSP2803x_usDelay.obj</file>
         <name>DSP2803x_usDelay.obj</name>
      </input_file>
      <input_file id="fl-10">
         <path>.\</path>
         <kind>object</kind>
         <file>DSP2803x_SysCtrl.obj</file>
         <name>DSP2803x_SysCtrl.obj</name>
      </input_file>
      <input_file id="fl-11">
         <path>.\</path>
         <kind>object</kind>
         <file>DSP2803x_Sci.obj</file>
         <name>DSP2803x_Sci.obj</name>
      </input_file>
      <input_file id="fl-12">
         <path>.\</path>
         <kind>object</kind>
         <file>DSP2803x_PieVect.obj</file>
         <name>DSP2803x_PieVect.obj</name>
      </input_file>
      <input_file id="fl-13">
         <path>.\</path>
         <kind>object</kind>
         <file>DSP2803x_PieCtrl.obj</file>
         <name>DSP2803x_PieCtrl.obj</name>
      </input_file>
      <input_file id="fl-14">
         <path>.\</path>
         <kind>object</kind>
         <file>DSP2803x_I2C.obj</file>
         <name>DSP2803x_I2C.obj</name>
      </input_file>
      <input_file id="fl-15">
         <path>.\</path>
         <kind>object</kind>
         <file>DSP2803x_Gpio.obj</file>
         <name>DSP2803x_Gpio.obj</name>
      </input_file>
      <input_file id="fl-16">
         <path>.\</path>
         <kind>object</kind>
         <file>DSP2803x_GlobalVariableDefs.obj</file>
         <name>DSP2803x_GlobalVariableDefs.obj</name>
      </input_file>
      <input_file id="fl-17">
         <path>.\</path>
         <kind>object</kind>
         <file>DSP2803x_EPwm.obj</file>
         <name>DSP2803x_EPwm.obj</name>
      </input_file>
      <input_file id="fl-18">
         <path>.\</path>
         <kind>object</kind>
         <file>DSP2803x_DefaultIsr.obj</file>
         <name>DSP2803x_DefaultIsr.obj</name>
      </input_file>
      <input_file id="fl-19">
         <path>.\</path>
         <kind>object</kind>
         <file>DSP2803x_CpuTimers.obj</file>
         <name>DSP2803x_CpuTimers.obj</name>
      </input_file>
      <input_file id="fl-1a">
         <path>.\</path>
         <kind>object</kind>
         <file>DSP2803x_CodeStartBranch.obj</file>
         <name>DSP2803x_CodeStartBranch.obj</name>
      </input_file>
      <input_file id="fl-1b">
         <path>.\</path>
         <kind>object</kind>
         <file>DSP2803x_Adc.obj</file>
         <name>DSP2803x_Adc.obj</name>
      </input_file>
      <input_file id="fl-2b">
         <path>C:\ti\ccsv5\tools\compiler\c2000_6.2.0\lib\</path>
         <kind>archive</kind>
         <file>rts2800_ml.lib</file>
         <name>boot.obj</name>
      </input_file>
      <input_file id="fl-2c">
         <path>C:\ti\ccsv5\tools\compiler\c2000_6.2.0\lib\</path>
         <kind>archive</kind>
         <file>rts2800_ml.lib</file>
         <name>defs.obj</name>
      </input_file>
      <input_file id="fl-2d">
         <path>C:\ti\ccsv5\tools\compiler\c2000_6.2.0\lib\</path>
         <kind>archive</kind>
         <file>rts2800_ml.lib</file>
         <name>exit.obj</name>
      </input_file>
      <input_file id="fl-2e">
         <path>C:\ti\ccsv5\tools\compiler\c2000_6.2.0\lib\</path>
         <kind>archive</kind>
         <file>rts2800_ml.lib</file>
         <name>fopen.obj</name>
      </input_file>
      <input_file id="fl-2f">
         <path>C:\ti\ccsv5\tools\compiler\c2000_6.2.0\lib\</path>
         <kind>archive</kind>
         <file>rts2800_ml.lib</file>
         <name>fs_add.obj</name>
      </input_file>
      <input_file id="fl-30">
         <path>C:\ti\ccsv5\tools\compiler\c2000_6.2.0\lib\</path>
         <kind>archive</kind>
         <file>rts2800_ml.lib</file>
         <name>fs_div.obj</name>
      </input_file>
      <input_file id="fl-31">
         <path>C:\ti\ccsv5\tools\compiler\c2000_6.2.0\lib\</path>
         <kind>archive</kind>
         <file>rts2800_ml.lib</file>
         <name>fs_mpy.obj</name>
      </input_file>
      <input_file id="fl-32">
         <path>C:\ti\ccsv5\tools\compiler\c2000_6.2.0\lib\</path>
         <kind>archive</kind>
         <file>rts2800_ml.lib</file>
         <name>fs_toi.obj</name>
      </input_file>
      <input_file id="fl-33">
         <path>C:\ti\ccsv5\tools\compiler\c2000_6.2.0\lib\</path>
         <kind>archive</kind>
         <file>rts2800_ml.lib</file>
         <name>fs_tol.obj</name>
      </input_file>
      <input_file id="fl-34">
         <path>C:\ti\ccsv5\tools\compiler\c2000_6.2.0\lib\</path>
         <kind>archive</kind>
         <file>rts2800_ml.lib</file>
         <name>i_tofs.obj</name>
      </input_file>
      <input_file id="fl-35">
         <path>C:\ti\ccsv5\tools\compiler\c2000_6.2.0\lib\</path>
         <kind>archive</kind>
         <file>rts2800_ml.lib</file>
         <name>l_div.obj</name>
      </input_file>
      <input_file id="fl-36">
         <path>C:\ti\ccsv5\tools\compiler\c2000_6.2.0\lib\</path>
         <kind>archive</kind>
         <file>rts2800_ml.lib</file>
         <name>_lock.obj</name>
      </input_file>
      <input_file id="fl-37">
         <path>C:\ti\ccsv5\tools\compiler\c2000_6.2.0\lib\</path>
         <kind>archive</kind>
         <file>rts2800_ml.lib</file>
         <name>lowlev.obj</name>
      </input_file>
      <input_file id="fl-38">
         <path>C:\ti\ccsv5\tools\compiler\c2000_6.2.0\lib\</path>
         <kind>archive</kind>
         <file>rts2800_ml.lib</file>
         <name>memcpy_ff.obj</name>
      </input_file>
      <input_file id="fl-39">
         <path>C:\ti\ccsv5\tools\compiler\c2000_6.2.0\lib\</path>
         <kind>archive</kind>
         <file>rts2800_ml.lib</file>
         <name>printf.obj</name>
      </input_file>
      <input_file id="fl-3a">
         <path>C:\ti\ccsv5\tools\compiler\c2000_6.2.0\lib\</path>
         <kind>archive</kind>
         <file>rts2800_ml.lib</file>
         <name>setvbuf.obj</name>
      </input_file>
      <input_file id="fl-3b">
         <path>C:\ti\ccsv5\tools\compiler\c2000_6.2.0\lib\</path>
         <kind>archive</kind>
         <file>rts2800_ml.lib</file>
         <name>strchr.obj</name>
      </input_file>
      <input_file id="fl-3c">
         <path>C:\ti\ccsv5\tools\compiler\c2000_6.2.0\lib\</path>
         <kind>archive</kind>
         <file>rts2800_ml.lib</file>
         <name>strcmp.obj</name>
      </input_file>
      <input_file id="fl-3d">
         <path>C:\ti\ccsv5\tools\compiler\c2000_6.2.0\lib\</path>
         <kind>archive</kind>
         <file>rts2800_ml.lib</file>
         <name>strncpy.obj</name>
      </input_file>
      <input_file id="fl-3e">
         <path>C:\ti\ccsv5\tools\compiler\c2000_6.2.0\lib\</path>
         <kind>archive</kind>
         <file>rts2800_ml.lib</file>
         <name>trgdrv.obj</name>
      </input_file>
      <input_file id="fl-3f">
         <path>C:\ti\ccsv5\tools\compiler\c2000_6.2.0\lib\</path>
         <kind>archive</kind>
         <file>rts2800_ml.lib</file>
         <name>u_div.obj</name>
      </input_file>
      <input_file id="fl-40">
         <path>C:\ti\ccsv5\tools\compiler\c2000_6.2.0\lib\</path>
         <kind>archive</kind>
         <file>rts2800_ml.lib</file>
         <name>u_tofs.obj</name>
      </input_file>
      <input_file id="fl-41">
         <path>C:\ti\ccsv5\tools\compiler\c2000_6.2.0\lib\</path>
         <kind>archive</kind>
         <file>rts2800_ml.lib</file>
         <name>ankmsg.obj</name>
      </input_file>
      <input_file id="fl-42">
         <path>C:\ti\ccsv5\tools\compiler\c2000_6.2.0\lib\</path>
         <kind>archive</kind>
         <file>rts2800_ml.lib</file>
         <name>args_main.obj</name>
      </input_file>
      <input_file id="fl-43">
         <path>C:\ti\ccsv5\tools\compiler\c2000_6.2.0\lib\</path>
         <kind>archive</kind>
         <file>rts2800_ml.lib</file>
         <name>fclose.obj</name>
      </input_file>
      <input_file id="fl-44">
         <path>C:\ti\ccsv5\tools\compiler\c2000_6.2.0\lib\</path>
         <kind>archive</kind>
         <file>rts2800_ml.lib</file>
         <name>fflush.obj</name>
      </input_file>
      <input_file id="fl-45">
         <path>C:\ti\ccsv5\tools\compiler\c2000_6.2.0\lib\</path>
         <kind>archive</kind>
         <file>rts2800_ml.lib</file>
         <name>fputc.obj</name>
      </input_file>
      <input_file id="fl-46">
         <path>C:\ti\ccsv5\tools\compiler\c2000_6.2.0\lib\</path>
         <kind>archive</kind>
         <file>rts2800_ml.lib</file>
         <name>fputs.obj</name>
      </input_file>
      <input_file id="fl-47">
         <path>C:\ti\ccsv5\tools\compiler\c2000_6.2.0\lib\</path>
         <kind>archive</kind>
         <file>rts2800_ml.lib</file>
         <name>_io_perm.obj</name>
      </input_file>
      <input_file id="fl-48">
         <path>C:\ti\ccsv5\tools\compiler\c2000_6.2.0\lib\</path>
         <kind>archive</kind>
         <file>rts2800_ml.lib</file>
         <name>memchr.obj</name>
      </input_file>
      <input_file id="fl-49">
         <path>C:\ti\ccsv5\tools\compiler\c2000_6.2.0\lib\</path>
         <kind>archive</kind>
         <file>rts2800_ml.lib</file>
         <name>memory.obj</name>
      </input_file>
      <input_file id="fl-4a">
         <path>C:\ti\ccsv5\tools\compiler\c2000_6.2.0\lib\</path>
         <kind>archive</kind>
         <file>rts2800_ml.lib</file>
         <name>_printfi.obj</name>
      </input_file>
      <input_file id="fl-4b">
         <path>C:\ti\ccsv5\tools\compiler\c2000_6.2.0\lib\</path>
         <kind>archive</kind>
         <file>rts2800_ml.lib</file>
         <name>remove.obj</name>
      </input_file>
      <input_file id="fl-4c">
         <path>C:\ti\ccsv5\tools\compiler\c2000_6.2.0\lib\</path>
         <kind>archive</kind>
         <file>rts2800_ml.lib</file>
         <name>strcpy.obj</name>
      </input_file>
      <input_file id="fl-4d">
         <path>C:\ti\ccsv5\tools\compiler\c2000_6.2.0\lib\</path>
         <kind>archive</kind>
         <file>rts2800_ml.lib</file>
         <name>strlen.obj</name>
      </input_file>
      <input_file id="fl-4e">
         <path>C:\ti\ccsv5\tools\compiler\c2000_6.2.0\lib\</path>
         <kind>archive</kind>
         <file>rts2800_ml.lib</file>
         <name>atoi.obj</name>
      </input_file>
      <input_file id="fl-4f">
         <path>C:\ti\ccsv5\tools\compiler\c2000_6.2.0\lib\</path>
         <kind>archive</kind>
         <file>rts2800_ml.lib</file>
         <name>ctype.obj</name>
      </input_file>
      <input_file id="fl-50">
         <path>C:\ti\ccsv5\tools\compiler\c2000_6.2.0\lib\</path>
         <kind>archive</kind>
         <file>rts2800_ml.lib</file>
         <name>fd_cmp.obj</name>
      </input_file>
      <input_file id="fl-51">
         <path>C:\ti\ccsv5\tools\compiler\c2000_6.2.0\lib\</path>
         <kind>archive</kind>
         <file>rts2800_ml.lib</file>
         <name>fd_div.obj</name>
      </input_file>
      <input_file id="fl-52">
         <path>C:\ti\ccsv5\tools\compiler\c2000_6.2.0\lib\</path>
         <kind>archive</kind>
         <file>rts2800_ml.lib</file>
         <name>fd_mpy.obj</name>
      </input_file>
      <input_file id="fl-53">
         <path>C:\ti\ccsv5\tools\compiler\c2000_6.2.0\lib\</path>
         <kind>archive</kind>
         <file>rts2800_ml.lib</file>
         <name>fd_neg.obj</name>
      </input_file>
      <input_file id="fl-54">
         <path>C:\ti\ccsv5\tools\compiler\c2000_6.2.0\lib\</path>
         <kind>archive</kind>
         <file>rts2800_ml.lib</file>
         <name>fd_sub.obj</name>
      </input_file>
      <input_file id="fl-55">
         <path>C:\ti\ccsv5\tools\compiler\c2000_6.2.0\lib\</path>
         <kind>archive</kind>
         <file>rts2800_ml.lib</file>
         <name>fd_toi.obj</name>
      </input_file>
      <input_file id="fl-56">
         <path>C:\ti\ccsv5\tools\compiler\c2000_6.2.0\lib\</path>
         <kind>archive</kind>
         <file>rts2800_ml.lib</file>
         <name>fd_tol.obj</name>
      </input_file>
      <input_file id="fl-57">
         <path>C:\ti\ccsv5\tools\compiler\c2000_6.2.0\lib\</path>
         <kind>archive</kind>
         <file>rts2800_ml.lib</file>
         <name>fseek.obj</name>
      </input_file>
      <input_file id="fl-58">
         <path>C:\ti\ccsv5\tools\compiler\c2000_6.2.0\lib\</path>
         <kind>archive</kind>
         <file>rts2800_ml.lib</file>
         <name>fs_tofd.obj</name>
      </input_file>
      <input_file id="fl-59">
         <path>C:\ti\ccsv5\tools\compiler\c2000_6.2.0\lib\</path>
         <kind>archive</kind>
         <file>rts2800_ml.lib</file>
         <name>ll_aox.obj</name>
      </input_file>
      <input_file id="fl-5a">
         <path>C:\ti\ccsv5\tools\compiler\c2000_6.2.0\lib\</path>
         <kind>archive</kind>
         <file>rts2800_ml.lib</file>
         <name>ll_cmp.obj</name>
      </input_file>
      <input_file id="fl-5b">
         <path>C:\ti\ccsv5\tools\compiler\c2000_6.2.0\lib\</path>
         <kind>archive</kind>
         <file>rts2800_ml.lib</file>
         <name>ll_div.obj</name>
      </input_file>
      <input_file id="fl-5c">
         <path>C:\ti\ccsv5\tools\compiler\c2000_6.2.0\lib\</path>
         <kind>archive</kind>
         <file>rts2800_ml.lib</file>
         <name>ll_mpy.obj</name>
      </input_file>
      <input_file id="fl-5d">
         <path>C:\ti\ccsv5\tools\compiler\c2000_6.2.0\lib\</path>
         <kind>archive</kind>
         <file>rts2800_ml.lib</file>
         <name>ltoa.obj</name>
      </input_file>
      <input_file id="fl-5e">
         <path>C:\ti\ccsv5\tools\compiler\c2000_6.2.0\lib\</path>
         <kind>archive</kind>
         <file>rts2800_ml.lib</file>
         <name>l_tofd.obj</name>
      </input_file>
      <input_file id="fl-5f">
         <path>C:\ti\ccsv5\tools\compiler\c2000_6.2.0\lib\</path>
         <kind>archive</kind>
         <file>rts2800_ml.lib</file>
         <name>memccpy.obj</name>
      </input_file>
      <input_file id="fl-60">
         <path>C:\ti\ccsv5\tools\compiler\c2000_6.2.0\lib\</path>
         <kind>archive</kind>
         <file>rts2800_ml.lib</file>
         <name>memset.obj</name>
      </input_file>
      <input_file id="fl-61">
         <path>C:\ti\ccsv5\tools\compiler\c2000_6.2.0\lib\</path>
         <kind>archive</kind>
         <file>rts2800_ml.lib</file>
         <name>fd_add.obj</name>
      </input_file>
   </input_file_list>
   <object_component_list>
      <object_component id="oc-f7">
         <name>PieVectTableFile</name>
         <uninitialized>true</uninitialized>
         <run_address>0xd00</run_address>
         <size>0x100</size>
         <input_file_ref idref="fl-16"/>
      </object_component>
      <object_component id="oc-ca">
         <name>EmuKeyVar</name>
         <uninitialized>true</uninitialized>
         <run_address>0xd00</run_address>
         <size>0x1</size>
         <input_file_ref idref="fl-16"/>
      </object_component>
      <object_component id="oc-c9">
         <name>EmuBModeVar</name>
         <uninitialized>true</uninitialized>
         <run_address>0xd01</run_address>
         <size>0x1</size>
         <input_file_ref idref="fl-16"/>
      </object_component>
      <object_component id="oc-cc">
         <name>FlashCallbackVar</name>
         <uninitialized>true</uninitialized>
         <run_address>0xd02</run_address>
         <size>0x2</size>
         <input_file_ref idref="fl-16"/>
      </object_component>
      <object_component id="oc-cd">
         <name>FlashScalingVar</name>
         <uninitialized>true</uninitialized>
         <run_address>0xd04</run_address>
         <size>0x2</size>
         <input_file_ref idref="fl-16"/>
      </object_component>
      <object_component id="oc-cf">
         <name>DevEmuRegsFile</name>
         <uninitialized>true</uninitialized>
         <run_address>0x880</run_address>
         <size>0x4</size>
         <input_file_ref idref="fl-16"/>
      </object_component>
      <object_component id="oc-ce">
         <name>SysPwrCtrlRegsFile</name>
         <uninitialized>true</uninitialized>
         <run_address>0x985</run_address>
         <size>0x3</size>
         <input_file_ref idref="fl-16"/>
      </object_component>
      <object_component id="oc-d0">
         <name>FlashRegsFile</name>
         <uninitialized>true</uninitialized>
         <run_address>0xa80</run_address>
         <size>0x8</size>
         <input_file_ref idref="fl-16"/>
      </object_component>
      <object_component id="oc-db">
         <name>CsmRegsFile</name>
         <uninitialized>true</uninitialized>
         <run_address>0xae0</run_address>
         <size>0x10</size>
         <input_file_ref idref="fl-16"/>
      </object_component>
      <object_component id="oc-e5">
         <name>AdcResultFile</name>
         <uninitialized>true</uninitialized>
         <run_address>0xb00</run_address>
         <size>0x20</size>
         <input_file_ref idref="fl-16"/>
      </object_component>
      <object_component id="oc-d3">
         <name>CpuTimer0RegsFile</name>
         <uninitialized>true</uninitialized>
         <run_address>0xc00</run_address>
         <size>0x8</size>
         <input_file_ref idref="fl-16"/>
      </object_component>
      <object_component id="oc-d2">
         <name>CpuTimer1RegsFile</name>
         <uninitialized>true</uninitialized>
         <run_address>0xc08</run_address>
         <size>0x8</size>
         <input_file_ref idref="fl-16"/>
      </object_component>
      <object_component id="oc-d4">
         <name>CpuTimer2RegsFile</name>
         <uninitialized>true</uninitialized>
         <run_address>0xc10</run_address>
         <size>0x8</size>
         <input_file_ref idref="fl-16"/>
      </object_component>
      <object_component id="oc-df">
         <name>PieCtrlRegsFile</name>
         <uninitialized>true</uninitialized>
         <run_address>0xce0</run_address>
         <size>0x1a</size>
         <input_file_ref idref="fl-16"/>
      </object_component>
      <object_component id="oc-e9">
         <name>Cla1RegsFile</name>
         <uninitialized>true</uninitialized>
         <run_address>0x1400</run_address>
         <size>0x40</size>
         <input_file_ref idref="fl-16"/>
      </object_component>
      <object_component id="oc-e7">
         <name>ECanaRegsFile</name>
         <uninitialized>true</uninitialized>
         <run_address>0x6000</run_address>
         <size>0x34</size>
         <input_file_ref idref="fl-16"/>
      </object_component>
      <object_component id="oc-ec">
         <name>ECanaLAMRegsFile</name>
         <uninitialized>true</uninitialized>
         <run_address>0x6040</run_address>
         <size>0x40</size>
         <input_file_ref idref="fl-16"/>
      </object_component>
      <object_component id="oc-f8">
         <name>ECanaMboxesFile</name>
         <uninitialized>true</uninitialized>
         <run_address>0x6100</run_address>
         <size>0x100</size>
         <input_file_ref idref="fl-16"/>
      </object_component>
      <object_component id="oc-eb">
         <name>ECanaMOTSRegsFile</name>
         <uninitialized>true</uninitialized>
         <run_address>0x6080</run_address>
         <size>0x40</size>
         <input_file_ref idref="fl-16"/>
      </object_component>
      <object_component id="oc-f4">
         <name>ECanaMOTORegsFile</name>
         <uninitialized>true</uninitialized>
         <run_address>0x60c0</run_address>
         <size>0x40</size>
         <input_file_ref idref="fl-16"/>
      </object_component>
      <object_component id="oc-e4">
         <name>ECap1RegsFile</name>
         <uninitialized>true</uninitialized>
         <run_address>0x6a00</run_address>
         <size>0x20</size>
         <input_file_ref idref="fl-16"/>
      </object_component>
      <object_component id="oc-e3">
         <name>HRCap1RegsFile</name>
         <uninitialized>true</uninitialized>
         <run_address>0x6ac0</run_address>
         <size>0x20</size>
         <input_file_ref idref="fl-16"/>
      </object_component>
      <object_component id="oc-e2">
         <name>HRCap2RegsFile</name>
         <uninitialized>true</uninitialized>
         <run_address>0x6ae0</run_address>
         <size>0x20</size>
         <input_file_ref idref="fl-16"/>
      </object_component>
      <object_component id="oc-f1">
         <name>EQep1RegsFile</name>
         <uninitialized>true</uninitialized>
         <run_address>0x6b00</run_address>
         <size>0x40</size>
         <input_file_ref idref="fl-16"/>
      </object_component>
      <object_component id="oc-f5">
         <name>LinaRegsFile</name>
         <uninitialized>true</uninitialized>
         <run_address>0x6c00</run_address>
         <size>0x4a</size>
         <input_file_ref idref="fl-16"/>
      </object_component>
      <object_component id="oc-f0">
         <name>GpioCtrlRegsFile</name>
         <uninitialized>true</uninitialized>
         <run_address>0x6f80</run_address>
         <size>0x40</size>
         <input_file_ref idref="fl-16"/>
      </object_component>
      <object_component id="oc-e1">
         <name>GpioDataRegsFile</name>
         <uninitialized>true</uninitialized>
         <run_address>0x6fc0</run_address>
         <size>0x20</size>
         <input_file_ref idref="fl-16"/>
      </object_component>
      <object_component id="oc-d5">
         <name>GpioIntRegsFile</name>
         <uninitialized>true</uninitialized>
         <run_address>0x6fe0</run_address>
         <size>0xc</size>
         <input_file_ref idref="fl-16"/>
      </object_component>
      <object_component id="oc-e0">
         <name>SysCtrlRegsFile</name>
         <uninitialized>true</uninitialized>
         <run_address>0x7010</run_address>
         <size>0x20</size>
         <input_file_ref idref="fl-16"/>
      </object_component>
      <object_component id="oc-d6">
         <name>SpiaRegsFile</name>
         <uninitialized>true</uninitialized>
         <run_address>0x7040</run_address>
         <size>0x10</size>
         <input_file_ref idref="fl-16"/>
      </object_component>
      <object_component id="oc-d7">
         <name>SpibRegsFile</name>
         <uninitialized>true</uninitialized>
         <run_address>0x7740</run_address>
         <size>0x10</size>
         <input_file_ref idref="fl-16"/>
      </object_component>
      <object_component id="oc-d9">
         <name>SciaRegsFile</name>
         <uninitialized>true</uninitialized>
         <run_address>0x7050</run_address>
         <size>0x10</size>
         <input_file_ref idref="fl-16"/>
      </object_component>
      <object_component id="oc-d8">
         <name>NmiIntruptRegsFile</name>
         <uninitialized>true</uninitialized>
         <run_address>0x7060</run_address>
         <size>0x10</size>
         <input_file_ref idref="fl-16"/>
      </object_component>
      <object_component id="oc-da">
         <name>XIntruptRegsFile</name>
         <uninitialized>true</uninitialized>
         <run_address>0x7070</run_address>
         <size>0x10</size>
         <input_file_ref idref="fl-16"/>
      </object_component>
      <object_component id="oc-f6">
         <name>AdcRegsFile</name>
         <uninitialized>true</uninitialized>
         <run_address>0x7100</run_address>
         <size>0x50</size>
         <input_file_ref idref="fl-16"/>
      </object_component>
      <object_component id="oc-e6">
         <name>I2caRegsFile</name>
         <uninitialized>true</uninitialized>
         <run_address>0x7900</run_address>
         <size>0x22</size>
         <input_file_ref idref="fl-16"/>
      </object_component>
      <object_component id="oc-dc">
         <name>Comp1RegsFile</name>
         <uninitialized>true</uninitialized>
         <run_address>0x6400</run_address>
         <size>0x14</size>
         <input_file_ref idref="fl-16"/>
      </object_component>
      <object_component id="oc-dd">
         <name>Comp2RegsFile</name>
         <uninitialized>true</uninitialized>
         <run_address>0x6420</run_address>
         <size>0x14</size>
         <input_file_ref idref="fl-16"/>
      </object_component>
      <object_component id="oc-de">
         <name>Comp3RegsFile</name>
         <uninitialized>true</uninitialized>
         <run_address>0x6440</run_address>
         <size>0x14</size>
         <input_file_ref idref="fl-16"/>
      </object_component>
      <object_component id="oc-e8">
         <name>EPwm1RegsFile</name>
         <uninitialized>true</uninitialized>
         <run_address>0x6800</run_address>
         <size>0x40</size>
         <input_file_ref idref="fl-16"/>
      </object_component>
      <object_component id="oc-ea">
         <name>EPwm2RegsFile</name>
         <uninitialized>true</uninitialized>
         <run_address>0x6840</run_address>
         <size>0x40</size>
         <input_file_ref idref="fl-16"/>
      </object_component>
      <object_component id="oc-ed">
         <name>EPwm3RegsFile</name>
         <uninitialized>true</uninitialized>
         <run_address>0x6880</run_address>
         <size>0x40</size>
         <input_file_ref idref="fl-16"/>
      </object_component>
      <object_component id="oc-f2">
         <name>EPwm4RegsFile</name>
         <uninitialized>true</uninitialized>
         <run_address>0x68c0</run_address>
         <size>0x40</size>
         <input_file_ref idref="fl-16"/>
      </object_component>
      <object_component id="oc-f3">
         <name>EPwm5RegsFile</name>
         <uninitialized>true</uninitialized>
         <run_address>0x6900</run_address>
         <size>0x40</size>
         <input_file_ref idref="fl-16"/>
      </object_component>
      <object_component id="oc-ef">
         <name>EPwm6RegsFile</name>
         <uninitialized>true</uninitialized>
         <run_address>0x6940</run_address>
         <size>0x40</size>
         <input_file_ref idref="fl-16"/>
      </object_component>
      <object_component id="oc-ee">
         <name>EPwm7RegsFile</name>
         <uninitialized>true</uninitialized>
         <run_address>0x6980</run_address>
         <size>0x40</size>
         <input_file_ref idref="fl-16"/>
      </object_component>
      <object_component id="oc-d1">
         <name>CsmPwlFile</name>
         <uninitialized>true</uninitialized>
         <run_address>0x3f7ff8</run_address>
         <size>0x8</size>
         <input_file_ref idref="fl-16"/>
      </object_component>
      <object_component id="oc-cb">
         <name>PartIdRegsFile</name>
         <uninitialized>true</uninitialized>
         <run_address>0x3d7e80</run_address>
         <size>0x1</size>
         <input_file_ref idref="fl-16"/>
      </object_component>
      <object_component id="oc-86">
         <name>.cinit</name>
         <load_address>0x3eb0e8</load_address>
         <run_address>0x3eb0e8</run_address>
         <size>0x48</size>
         <input_file_ref idref="fl-b"/>
      </object_component>
      <object_component id="oc-150">
         <name>.cinit</name>
         <load_address>0x3eb130</load_address>
         <run_address>0x3eb130</run_address>
         <size>0x31</size>
         <input_file_ref idref="fl-37"/>
      </object_component>
      <object_component id="oc-11a">
         <name>.cinit</name>
         <load_address>0x3eb161</load_address>
         <run_address>0x3eb161</run_address>
         <size>0x2a</size>
         <input_file_ref idref="fl-2c"/>
      </object_component>
      <object_component id="oc-9d">
         <name>.cinit</name>
         <load_address>0x3eb18b</load_address>
         <run_address>0x3eb18b</run_address>
         <size>0x22</size>
         <input_file_ref idref="fl-e"/>
      </object_component>
      <object_component id="oc-61">
         <name>.cinit</name>
         <load_address>0x3eb1ad</load_address>
         <run_address>0x3eb1ad</run_address>
         <size>0xb</size>
         <input_file_ref idref="fl-6"/>
      </object_component>
      <object_component id="oc-149">
         <name>.cinit</name>
         <load_address>0x3eb1b8</load_address>
         <run_address>0x3eb1b8</run_address>
         <size>0xa</size>
         <input_file_ref idref="fl-36"/>
      </object_component>
      <object_component id="oc-11f">
         <name>.cinit</name>
         <load_address>0x3eb1c2</load_address>
         <run_address>0x3eb1c2</run_address>
         <size>0xa</size>
         <input_file_ref idref="fl-2d"/>
      </object_component>
      <object_component id="oc-72">
         <name>.cinit</name>
         <load_address>0x3eb1cc</load_address>
         <run_address>0x3eb1cc</run_address>
         <size>0x8</size>
         <input_file_ref idref="fl-8"/>
      </object_component>
      <object_component id="oc-4d">
         <name>.cinit</name>
         <load_address>0x3eb1d4</load_address>
         <run_address>0x3eb1d4</run_address>
         <size>0x7</size>
         <input_file_ref idref="fl-3"/>
      </object_component>
      <object_component id="oc-96">
         <name>.cinit</name>
         <load_address>0x3eb1db</load_address>
         <run_address>0x3eb1db</run_address>
         <size>0x4</size>
         <input_file_ref idref="fl-d"/>
      </object_component>
      <object_component id="oc-6a">
         <name>.cinit</name>
         <load_address>0x3eb1df</load_address>
         <run_address>0x3eb1df</run_address>
         <size>0x4</size>
         <input_file_ref idref="fl-7"/>
      </object_component>
      <object_component id="oc-126">
         <name>.cinit</name>
         <load_address>0x3eb1e3</load_address>
         <run_address>0x3eb1e3</run_address>
         <size>0x4</size>
         <input_file_ref idref="fl-2e"/>
      </object_component>
      <object_component id="oc-1ad">
         <name>.cinit</name>
         <load_address>0x3eb1e7</load_address>
         <run_address>0x3eb1e7</run_address>
         <size>0x4</size>
         <input_file_ref idref="fl-49"/>
      </object_component>
      <object_component id="oc-1b3">
         <name>.text</name>
         <load_address>0x3e8000</load_address>
         <run_address>0x3e8000</run_address>
         <size>0x8fc</size>
         <input_file_ref idref="fl-4a"/>
      </object_component>
      <object_component id="oc-9b">
         <name>.text</name>
         <load_address>0x3e88fc</load_address>
         <run_address>0x3e88fc</run_address>
         <size>0x282</size>
         <input_file_ref idref="fl-e"/>
      </object_component>
      <object_component id="oc-10f">
         <name>.text</name>
         <load_address>0x3e8b7e</load_address>
         <run_address>0x3e8b7e</run_address>
         <size>0x203</size>
         <input_file_ref idref="fl-1b"/>
      </object_component>
      <object_component id="oc-14e">
         <name>.text</name>
         <load_address>0x3e8d81</load_address>
         <run_address>0x3e8d81</run_address>
         <size>0x201</size>
         <input_file_ref idref="fl-37"/>
      </object_component>
      <object_component id="oc-173">
         <name>.text</name>
         <load_address>0x3e8f82</load_address>
         <run_address>0x3e8f82</run_address>
         <size>0x1f0</size>
         <input_file_ref idref="fl-3e"/>
      </object_component>
      <object_component id="oc-1ab">
         <name>.text</name>
         <load_address>0x3e9172</load_address>
         <run_address>0x3e9172</run_address>
         <size>0x1c7</size>
         <input_file_ref idref="fl-49"/>
      </object_component>
      <object_component id="oc-100">
         <name>.text:retain</name>
         <load_address>0x3e9339</load_address>
         <run_address>0x3e9339</run_address>
         <size>0x17c</size>
         <input_file_ref idref="fl-18"/>
      </object_component>
      <object_component id="oc-5f">
         <name>.text</name>
         <load_address>0x3e94b5</load_address>
         <run_address>0x3e94b5</run_address>
         <size>0x147</size>
         <input_file_ref idref="fl-6"/>
      </object_component>
      <object_component id="oc-a8">
         <name>.text</name>
         <load_address>0x3e95fc</load_address>
         <run_address>0x3e95fc</run_address>
         <size>0x137</size>
         <input_file_ref idref="fl-10"/>
      </object_component>
      <object_component id="oc-68">
         <name>.text</name>
         <load_address>0x3e9733</load_address>
         <run_address>0x3e9733</run_address>
         <size>0x12b</size>
         <input_file_ref idref="fl-7"/>
      </object_component>
      <object_component id="oc-1fd">
         <name>.text</name>
         <load_address>0x3e985e</load_address>
         <run_address>0x3e985e</run_address>
         <size>0x107</size>
         <input_file_ref idref="fl-5b"/>
      </object_component>
      <object_component id="oc-124">
         <name>.text</name>
         <load_address>0x3e9965</load_address>
         <run_address>0x3e9965</run_address>
         <size>0xff</size>
         <input_file_ref idref="fl-2e"/>
      </object_component>
      <object_component id="oc-94">
         <name>.text</name>
         <load_address>0x3e9a64</load_address>
         <run_address>0x3e9a64</run_address>
         <size>0xed</size>
         <input_file_ref idref="fl-d"/>
      </object_component>
      <object_component id="oc-84">
         <name>.text</name>
         <load_address>0x3e9b51</load_address>
         <run_address>0x3e9b51</run_address>
         <size>0xca</size>
         <input_file_ref idref="fl-b"/>
      </object_component>
      <object_component id="oc-fa">
         <name>.text</name>
         <load_address>0x3e9c1b</load_address>
         <run_address>0x3e9c1b</run_address>
         <size>0xc4</size>
         <input_file_ref idref="fl-17"/>
      </object_component>
      <object_component id="oc-9f">
         <name>.text:retain</name>
         <load_address>0x3e9cdf</load_address>
         <run_address>0x3e9cdf</run_address>
         <size>0xc1</size>
         <input_file_ref idref="fl-e"/>
      </object_component>
      <object_component id="oc-7d">
         <name>.text</name>
         <load_address>0x3e9da0</load_address>
         <run_address>0x3e9da0</run_address>
         <size>0xaf</size>
         <input_file_ref idref="fl-a"/>
      </object_component>
      <object_component id="oc-19b">
         <name>.text</name>
         <load_address>0x3e9e4f</load_address>
         <run_address>0x3e9e4f</run_address>
         <size>0xa5</size>
         <input_file_ref idref="fl-46"/>
      </object_component>
      <object_component id="oc-218">
         <name>.text</name>
         <load_address>0x3e9ef4</load_address>
         <run_address>0x3e9ef4</run_address>
         <size>0x9c</size>
         <input_file_ref idref="fl-61"/>
      </object_component>
      <object_component id="oc-70">
         <name>.text</name>
         <load_address>0x3e9f90</load_address>
         <run_address>0x3e9f90</run_address>
         <size>0x9b</size>
         <input_file_ref idref="fl-8"/>
      </object_component>
      <object_component id="oc-181">
         <name>.text</name>
         <load_address>0x3ea02b</load_address>
         <run_address>0x3ea02b</run_address>
         <size>0x8e</size>
         <input_file_ref idref="fl-41"/>
      </object_component>
      <object_component id="oc-1d4">
         <name>.text</name>
         <load_address>0x3ea0b9</load_address>
         <run_address>0x3ea0b9</run_address>
         <size>0x8b</size>
         <input_file_ref idref="fl-51"/>
      </object_component>
      <object_component id="oc-77">
         <name>.text</name>
         <load_address>0x3ea144</load_address>
         <run_address>0x3ea144</run_address>
         <size>0x87</size>
         <input_file_ref idref="fl-9"/>
      </object_component>
      <object_component id="oc-80">
         <name>.text:retain</name>
         <load_address>0x3ea1cb</load_address>
         <run_address>0x3ea1cb</run_address>
         <size>0x84</size>
         <input_file_ref idref="fl-a"/>
      </object_component>
      <object_component id="oc-1d8">
         <name>.text</name>
         <load_address>0x3ea24f</load_address>
         <run_address>0x3ea24f</run_address>
         <size>0x83</size>
         <input_file_ref idref="fl-52"/>
      </object_component>
      <object_component id="oc-12f">
         <name>.text</name>
         <load_address>0x3ea2d2</load_address>
         <run_address>0x3ea2d2</run_address>
         <size>0x83</size>
         <input_file_ref idref="fl-30"/>
      </object_component>
      <object_component id="oc-59">
         <name>.text</name>
         <load_address>0x3ea355</load_address>
         <run_address>0x3ea355</run_address>
         <size>0x7e</size>
         <input_file_ref idref="fl-5"/>
      </object_component>
      <object_component id="oc-12b">
         <name>.text</name>
         <load_address>0x3ea3d3</load_address>
         <run_address>0x3ea3d3</run_address>
         <size>0x78</size>
         <input_file_ref idref="fl-2f"/>
      </object_component>
      <object_component id="oc-15f">
         <name>.text</name>
         <load_address>0x3ea44b</load_address>
         <run_address>0x3ea44b</run_address>
         <size>0x78</size>
         <input_file_ref idref="fl-3a"/>
      </object_component>
      <object_component id="oc-104">
         <name>.text</name>
         <load_address>0x3ea4c3</load_address>
         <run_address>0x3ea4c3</run_address>
         <size>0x76</size>
         <input_file_ref idref="fl-19"/>
      </object_component>
      <object_component id="oc-45">
         <name>.text</name>
         <load_address>0x3ea539</load_address>
         <run_address>0x3ea539</run_address>
         <size>0x71</size>
         <input_file_ref idref="fl-2"/>
      </object_component>
      <object_component id="oc-191">
         <name>.text</name>
         <load_address>0x3ea5aa</load_address>
         <run_address>0x3ea5aa</run_address>
         <size>0x6b</size>
         <input_file_ref idref="fl-44"/>
      </object_component>
      <object_component id="oc-1a1">
         <name>.text</name>
         <load_address>0x3ea615</load_address>
         <run_address>0x3ea615</run_address>
         <size>0x65</size>
         <input_file_ref idref="fl-47"/>
      </object_component>
      <object_component id="oc-18c">
         <name>.text</name>
         <load_address>0x3ea67a</load_address>
         <run_address>0x3ea67a</run_address>
         <size>0x5b</size>
         <input_file_ref idref="fl-43"/>
      </object_component>
      <object_component id="oc-133">
         <name>.text</name>
         <load_address>0x3ea6d5</load_address>
         <run_address>0x3ea6d5</run_address>
         <size>0x5a</size>
         <input_file_ref idref="fl-31"/>
      </object_component>
      <object_component id="oc-196">
         <name>.text</name>
         <load_address>0x3ea72f</load_address>
         <run_address>0x3ea72f</run_address>
         <size>0x50</size>
         <input_file_ref idref="fl-45"/>
      </object_component>
      <object_component id="oc-44">
         <name>.text</name>
         <load_address>0x3ea77f</load_address>
         <run_address>0x3ea77f</run_address>
         <size>0x44</size>
         <input_file_ref idref="fl-2b"/>
      </object_component>
      <object_component id="oc-4b">
         <name>.text</name>
         <load_address>0x3ea7c3</load_address>
         <run_address>0x3ea7c3</run_address>
         <size>0x3f</size>
         <input_file_ref idref="fl-3"/>
      </object_component>
      <object_component id="oc-1ec">
         <name>.text</name>
         <load_address>0x3ea802</load_address>
         <run_address>0x3ea802</run_address>
         <size>0x3d</size>
         <input_file_ref idref="fl-57"/>
      </object_component>
      <object_component id="oc-15a">
         <name>.text</name>
         <load_address>0x3ea83f</load_address>
         <run_address>0x3ea83f</run_address>
         <size>0x32</size>
         <input_file_ref idref="fl-39"/>
      </object_component>
      <object_component id="oc-1c9">
         <name>.text</name>
         <load_address>0x3ea871</load_address>
         <run_address>0x3ea871</run_address>
         <size>0x31</size>
         <input_file_ref idref="fl-4e"/>
      </object_component>
      <object_component id="oc-205">
         <name>.text</name>
         <load_address>0x3ea8a2</load_address>
         <run_address>0x3ea8a2</run_address>
         <size>0x2c</size>
         <input_file_ref idref="fl-5d"/>
      </object_component>
      <object_component id="oc-8d">
         <name>.text</name>
         <load_address>0x3ea8ce</load_address>
         <run_address>0x3ea8ce</run_address>
         <size>0x2b</size>
         <input_file_ref idref="fl-c"/>
      </object_component>
      <object_component id="oc-53">
         <name>.text</name>
         <load_address>0x3ea8f9</load_address>
         <run_address>0x3ea8f9</run_address>
         <size>0x2b</size>
         <input_file_ref idref="fl-4"/>
      </object_component>
      <object_component id="oc-1d0">
         <name>.text</name>
         <load_address>0x3ea924</load_address>
         <run_address>0x3ea924</run_address>
         <size>0x2a</size>
         <input_file_ref idref="fl-50"/>
      </object_component>
      <object_component id="oc-143">
         <name>.text</name>
         <load_address>0x3ea94e</load_address>
         <run_address>0x3ea94e</run_address>
         <size>0x2a</size>
         <input_file_ref idref="fl-35"/>
      </object_component>
      <object_component id="oc-13b">
         <name>.text</name>
         <load_address>0x3ea978</load_address>
         <run_address>0x3ea978</run_address>
         <size>0x29</size>
         <input_file_ref idref="fl-33"/>
      </object_component>
      <object_component id="oc-b9">
         <name>.text</name>
         <load_address>0x3ea9a1</load_address>
         <run_address>0x3ea9a1</run_address>
         <size>0x28</size>
         <input_file_ref idref="fl-13"/>
      </object_component>
      <object_component id="oc-b3">
         <name>.text</name>
         <load_address>0x3ea9c9</load_address>
         <run_address>0x3ea9c9</run_address>
         <size>0x25</size>
         <input_file_ref idref="fl-12"/>
      </object_component>
      <object_component id="oc-6c">
         <name>.text:retain</name>
         <load_address>0x3ea9ee</load_address>
         <run_address>0x3ea9ee</run_address>
         <size>0x25</size>
         <input_file_ref idref="fl-7"/>
      </object_component>
      <object_component id="oc-63">
         <name>.text:retain</name>
         <load_address>0x3eaa13</load_address>
         <run_address>0x3eaa13</run_address>
         <size>0x25</size>
         <input_file_ref idref="fl-6"/>
      </object_component>
      <object_component id="oc-137">
         <name>.text</name>
         <load_address>0x3eaa38</load_address>
         <run_address>0x3eaa38</run_address>
         <size>0x25</size>
         <input_file_ref idref="fl-32"/>
      </object_component>
      <object_component id="oc-16e">
         <name>.text</name>
         <load_address>0x3eaa5d</load_address>
         <run_address>0x3eaa5d</run_address>
         <size>0x22</size>
         <input_file_ref idref="fl-3d"/>
      </object_component>
      <object_component id="oc-1e4">
         <name>.text</name>
         <load_address>0x3eaa7f</load_address>
         <run_address>0x3eaa7f</run_address>
         <size>0x21</size>
         <input_file_ref idref="fl-55"/>
      </object_component>
      <object_component id="oc-155">
         <name>.text</name>
         <load_address>0x3eaaa0</load_address>
         <run_address>0x3eaaa0</run_address>
         <size>0x21</size>
         <input_file_ref idref="fl-38"/>
      </object_component>
      <object_component id="oc-1e8">
         <name>.text</name>
         <load_address>0x3eaac1</load_address>
         <run_address>0x3eaac1</run_address>
         <size>0x1f</size>
         <input_file_ref idref="fl-56"/>
      </object_component>
      <object_component id="oc-1f9">
         <name>.text</name>
         <load_address>0x3eaae0</load_address>
         <run_address>0x3eaae0</run_address>
         <size>0x1e</size>
         <input_file_ref idref="fl-5a"/>
      </object_component>
      <object_component id="oc-1f1">
         <name>.text</name>
         <load_address>0x3eaafe</load_address>
         <run_address>0x3eaafe</run_address>
         <size>0x1c</size>
         <input_file_ref idref="fl-58"/>
      </object_component>
      <object_component id="oc-20a">
         <name>.text</name>
         <load_address>0x3eab1a</load_address>
         <run_address>0x3eab1a</run_address>
         <size>0x1c</size>
         <input_file_ref idref="fl-5e"/>
      </object_component>
      <object_component id="oc-ae">
         <name>.text</name>
         <load_address>0x3eab36</load_address>
         <run_address>0x3eab36</run_address>
         <size>0x1a</size>
         <input_file_ref idref="fl-11"/>
      </object_component>
      <object_component id="oc-4f">
         <name>.text:retain</name>
         <load_address>0x3eab50</load_address>
         <run_address>0x3eab50</run_address>
         <size>0x1a</size>
         <input_file_ref idref="fl-3"/>
      </object_component>
      <object_component id="oc-13f">
         <name>.text</name>
         <load_address>0x3eab6a</load_address>
         <run_address>0x3eab6a</run_address>
         <size>0x1a</size>
         <input_file_ref idref="fl-34"/>
      </object_component>
      <object_component id="oc-be">
         <name>.text</name>
         <load_address>0x3eab84</load_address>
         <run_address>0x3eab84</run_address>
         <size>0x19</size>
         <input_file_ref idref="fl-14"/>
      </object_component>
      <object_component id="oc-187">
         <name>.text</name>
         <load_address>0x3eab9d</load_address>
         <run_address>0x3eab9d</run_address>
         <size>0x19</size>
         <input_file_ref idref="fl-42"/>
      </object_component>
      <object_component id="oc-11d">
         <name>.text</name>
         <load_address>0x3eabb6</load_address>
         <run_address>0x3eabb6</run_address>
         <size>0x19</size>
         <input_file_ref idref="fl-2d"/>
      </object_component>
      <object_component id="oc-1f5">
         <name>.text</name>
         <load_address>0x3eabcf</load_address>
         <run_address>0x3eabcf</run_address>
         <size>0x18</size>
         <input_file_ref idref="fl-59"/>
      </object_component>
      <object_component id="oc-201">
         <name>.text</name>
         <load_address>0x3eabe7</load_address>
         <run_address>0x3eabe7</run_address>
         <size>0x14</size>
         <input_file_ref idref="fl-5c"/>
      </object_component>
      <object_component id="oc-c3">
         <name>.text</name>
         <load_address>0x3eabfb</load_address>
         <run_address>0x3eabfb</run_address>
         <size>0x13</size>
         <input_file_ref idref="fl-15"/>
      </object_component>
      <object_component id="oc-1a6">
         <name>.text</name>
         <load_address>0x3eac0e</load_address>
         <run_address>0x3eac0e</run_address>
         <size>0x10</size>
         <input_file_ref idref="fl-48"/>
      </object_component>
      <object_component id="oc-17d">
         <name>.text</name>
         <load_address>0x3eac1e</load_address>
         <run_address>0x3eac1e</run_address>
         <size>0x10</size>
         <input_file_ref idref="fl-40"/>
      </object_component>
      <object_component id="oc-1e0">
         <name>.text</name>
         <load_address>0x3eac2e</load_address>
         <run_address>0x3eac2e</run_address>
         <size>0xe</size>
         <input_file_ref idref="fl-54"/>
      </object_component>
      <object_component id="oc-20e">
         <name>.text</name>
         <load_address>0x3eac3c</load_address>
         <run_address>0x3eac3c</run_address>
         <size>0xd</size>
         <input_file_ref idref="fl-5f"/>
      </object_component>
      <object_component id="oc-90">
         <name>.text:retain</name>
         <load_address>0x3eac49</load_address>
         <run_address>0x3eac49</run_address>
         <size>0xc</size>
         <input_file_ref idref="fl-c"/>
      </object_component>
      <object_component id="oc-213">
         <name>.text</name>
         <load_address>0x3eac55</load_address>
         <run_address>0x3eac55</run_address>
         <size>0xc</size>
         <input_file_ref idref="fl-60"/>
      </object_component>
      <object_component id="oc-164">
         <name>.text</name>
         <load_address>0x3eac61</load_address>
         <run_address>0x3eac61</run_address>
         <size>0xb</size>
         <input_file_ref idref="fl-3b"/>
      </object_component>
      <object_component id="oc-179">
         <name>.text</name>
         <load_address>0x3eac6c</load_address>
         <run_address>0x3eac6c</run_address>
         <size>0xb</size>
         <input_file_ref idref="fl-3f"/>
      </object_component>
      <object_component id="oc-169">
         <name>.text</name>
         <load_address>0x3eac77</load_address>
         <run_address>0x3eac77</run_address>
         <size>0xa</size>
         <input_file_ref idref="fl-3c"/>
      </object_component>
      <object_component id="oc-88">
         <name>.text:retain</name>
         <load_address>0x3eac81</load_address>
         <run_address>0x3eac81</run_address>
         <size>0x9</size>
         <input_file_ref idref="fl-b"/>
      </object_component>
      <object_component id="oc-147">
         <name>.text</name>
         <load_address>0x3eac8a</load_address>
         <run_address>0x3eac8a</run_address>
         <size>0x9</size>
         <input_file_ref idref="fl-36"/>
      </object_component>
      <object_component id="oc-1dc">
         <name>.text</name>
         <load_address>0x3eac93</load_address>
         <run_address>0x3eac93</run_address>
         <size>0x9</size>
         <input_file_ref idref="fl-53"/>
      </object_component>
      <object_component id="oc-10a">
         <name>.text</name>
         <load_address>0x3eac9c</load_address>
         <run_address>0x3eac9c</run_address>
         <size>0x8</size>
         <input_file_ref idref="fl-1a"/>
      </object_component>
      <object_component id="oc-1c4">
         <name>.text</name>
         <load_address>0x3eaca4</load_address>
         <run_address>0x3eaca4</run_address>
         <size>0x8</size>
         <input_file_ref idref="fl-4d"/>
      </object_component>
      <object_component id="oc-1bf">
         <name>.text</name>
         <load_address>0x3eacac</load_address>
         <run_address>0x3eacac</run_address>
         <size>0x5</size>
         <input_file_ref idref="fl-4c"/>
      </object_component>
      <object_component id="oc-1ba">
         <name>.text</name>
         <load_address>0x3eacb1</load_address>
         <run_address>0x3eacb1</run_address>
         <size>0x3</size>
         <input_file_ref idref="fl-4b"/>
      </object_component>
      <object_component id="oc-10b">
         <name>codestart</name>
         <load_address>0x3f7ff6</load_address>
         <run_address>0x3f7ff6</run_address>
         <size>0x2</size>
         <input_file_ref idref="fl-1a"/>
      </object_component>
      <object_component id="oc-aa">
         <name>ramfuncs</name>
         <load_address>0x3f5000</load_address>
         <run_address>0x8000</run_address>
         <size>0x1b</size>
         <input_file_ref idref="fl-10"/>
      </object_component>
      <object_component id="oc-a4">
         <name>ramfuncs</name>
         <load_address>0x3f501b</load_address>
         <run_address>0x801b</run_address>
         <size>0x4</size>
         <input_file_ref idref="fl-f"/>
      </object_component>
      <object_component id="oc-114">
         <name>.stack</name>
         <uninitialized>true</uninitialized>
         <run_address>0x50</run_address>
         <size>0x0</size>
         <input_file_ref idref="fl-2b"/>
      </object_component>
      <object_component id="oc-26a">
         <name>.stack</name>
         <uninitialized>true</uninitialized>
         <run_address>0x50</run_address>
         <size>0x0</size>
      </object_component>
      <object_component id="oc-47">
         <name>.ebss</name>
         <uninitialized>true</uninitialized>
         <run_address>0x8ffc</run_address>
         <size>0x3</size>
         <input_file_ref idref="fl-2"/>
      </object_component>
      <object_component id="oc-4e">
         <name>.ebss</name>
         <uninitialized>true</uninitialized>
         <run_address>0x8ef8</run_address>
         <size>0x8</size>
         <input_file_ref idref="fl-3"/>
      </object_component>
      <object_component id="oc-55">
         <name>.ebss</name>
         <uninitialized>true</uninitialized>
         <run_address>0x8ff9</run_address>
         <size>0x3</size>
         <input_file_ref idref="fl-4"/>
      </object_component>
      <object_component id="oc-5b">
         <name>.ebss</name>
         <uninitialized>true</uninitialized>
         <run_address>0x8ff6</run_address>
         <size>0x3</size>
         <input_file_ref idref="fl-5"/>
      </object_component>
      <object_component id="oc-62">
         <name>.ebss</name>
         <uninitialized>true</uninitialized>
         <run_address>0x8d60</run_address>
         <size>0x1b</size>
         <input_file_ref idref="fl-6"/>
      </object_component>
      <object_component id="oc-6b">
         <name>.ebss</name>
         <uninitialized>true</uninitialized>
         <run_address>0x8ed4</run_address>
         <size>0x24</size>
         <input_file_ref idref="fl-7"/>
      </object_component>
      <object_component id="oc-73">
         <name>.ebss</name>
         <uninitialized>true</uninitialized>
         <run_address>0x8fb9</run_address>
         <size>0x6</size>
         <input_file_ref idref="fl-8"/>
      </object_component>
      <object_component id="oc-79">
         <name>.ebss</name>
         <uninitialized>true</uninitialized>
         <run_address>0x8ff3</run_address>
         <size>0x3</size>
         <input_file_ref idref="fl-9"/>
      </object_component>
      <object_component id="oc-7f">
         <name>.ebss</name>
         <uninitialized>true</uninitialized>
         <run_address>0x8fd8</run_address>
         <size>0x13</size>
         <input_file_ref idref="fl-a"/>
      </object_component>
      <object_component id="oc-87">
         <name>.ebss</name>
         <uninitialized>true</uninitialized>
         <run_address>0x8d80</run_address>
         <size>0xb0</size>
         <input_file_ref idref="fl-b"/>
      </object_component>
      <object_component id="oc-8f">
         <name>.ebss</name>
         <uninitialized>true</uninitialized>
         <run_address>0x8ff0</run_address>
         <size>0x3</size>
         <input_file_ref idref="fl-c"/>
      </object_component>
      <object_component id="oc-97">
         <name>.ebss</name>
         <uninitialized>true</uninitialized>
         <run_address>0x8f88</run_address>
         <size>0x31</size>
         <input_file_ref idref="fl-d"/>
      </object_component>
      <object_component id="oc-9e">
         <name>.ebss</name>
         <uninitialized>true</uninitialized>
         <run_address>0x8e40</run_address>
         <size>0x93</size>
         <input_file_ref idref="fl-e"/>
      </object_component>
      <object_component id="oc-106">
         <name>.ebss</name>
         <uninitialized>true</uninitialized>
         <run_address>0x8fc0</run_address>
         <size>0x18</size>
         <input_file_ref idref="fl-19"/>
      </object_component>
      <object_component id="oc-11b">
         <name>.ebss</name>
         <uninitialized>true</uninitialized>
         <run_address>0x8c00</run_address>
         <size>0x160</size>
         <input_file_ref idref="fl-2c"/>
      </object_component>
      <object_component id="oc-120">
         <name>.ebss</name>
         <uninitialized>true</uninitialized>
         <run_address>0x8fec</run_address>
         <size>0x4</size>
         <input_file_ref idref="fl-2d"/>
      </object_component>
      <object_component id="oc-127">
         <name>.ebss</name>
         <uninitialized>true</uninitialized>
         <run_address>0x8d7b</run_address>
         <size>0x1</size>
         <input_file_ref idref="fl-2e"/>
      </object_component>
      <object_component id="oc-14a">
         <name>.ebss</name>
         <uninitialized>true</uninitialized>
         <run_address>0x8d7c</run_address>
         <size>0x4</size>
         <input_file_ref idref="fl-36"/>
      </object_component>
      <object_component id="oc-151">
         <name>.ebss</name>
         <uninitialized>true</uninitialized>
         <run_address>0x8f00</run_address>
         <size>0x88</size>
         <input_file_ref idref="fl-37"/>
      </object_component>
      <object_component id="oc-175">
         <name>.ebss</name>
         <uninitialized>true</uninitialized>
         <run_address>0x8e38</run_address>
         <size>0x8</size>
         <input_file_ref idref="fl-3e"/>
      </object_component>
      <object_component id="oc-1ae">
         <name>.ebss</name>
         <uninitialized>true</uninitialized>
         <run_address>0x8e30</run_address>
         <size>0x8</size>
         <input_file_ref idref="fl-49"/>
      </object_component>
      <object_component id="oc-21c">
         <name>.econst:.string:__ctypes_</name>
         <load_address>0x3eacb4</load_address>
         <run_address>0x3eacb4</run_address>
         <size>0x101</size>
         <input_file_ref idref="fl-4f"/>
      </object_component>
      <object_component id="oc-b5">
         <name>.econst</name>
         <load_address>0x3eadb6</load_address>
         <run_address>0x3eadb6</run_address>
         <size>0x100</size>
         <input_file_ref idref="fl-12"/>
      </object_component>
      <object_component id="oc-64">
         <name>.econst:.string</name>
         <load_address>0x3eaeb6</load_address>
         <run_address>0x3eaeb6</run_address>
         <size>0xf4</size>
         <input_file_ref idref="fl-6"/>
      </object_component>
      <object_component id="oc-a0">
         <name>.econst:.string</name>
         <load_address>0x3eafaa</load_address>
         <run_address>0x3eafaa</run_address>
         <size>0xdb</size>
         <input_file_ref idref="fl-e"/>
      </object_component>
      <object_component id="oc-89">
         <name>.econst:.string</name>
         <load_address>0x3eb086</load_address>
         <run_address>0x3eb086</run_address>
         <size>0x24</size>
         <input_file_ref idref="fl-b"/>
      </object_component>
      <object_component id="oc-1b6">
         <name>.econst:.string</name>
         <load_address>0x3eb0aa</load_address>
         <run_address>0x3eb0aa</run_address>
         <size>0x24</size>
         <input_file_ref idref="fl-4a"/>
      </object_component>
      <object_component id="oc-1b5">
         <name>.econst</name>
         <load_address>0x3eb0ce</load_address>
         <run_address>0x3eb0ce</run_address>
         <size>0x18</size>
         <input_file_ref idref="fl-4a"/>
      </object_component>
      <object_component id="oc-19d">
         <name>.econst:.string</name>
         <load_address>0x3eb0e6</load_address>
         <run_address>0x3eb0e6</run_address>
         <size>0x2</size>
         <input_file_ref idref="fl-46"/>
      </object_component>
      <object_component id="oc-115">
         <name>.reset</name>
         <load_address>0x3fffc0</load_address>
         <run_address>0x3fffc0</run_address>
         <size>0x2</size>
         <input_file_ref idref="fl-2b"/>
      </object_component>
      <object_component id="oc-46">
         <name>.debug_info</name>
         <load_address>0x0</load_address>
         <run_address>0x0</run_address>
         <size>0x42b3</size>
         <input_file_ref idref="fl-2"/>
      </object_component>
      <object_component id="oc-4c">
         <name>.debug_info</name>
         <load_address>0x42b3</load_address>
         <run_address>0x42b3</run_address>
         <size>0x2171</size>
         <input_file_ref idref="fl-3"/>
      </object_component>
      <object_component id="oc-54">
         <name>.debug_info</name>
         <load_address>0x6424</load_address>
         <run_address>0x6424</run_address>
         <size>0x1790</size>
         <input_file_ref idref="fl-4"/>
      </object_component>
      <object_component id="oc-5a">
         <name>.debug_info</name>
         <load_address>0x7bb4</load_address>
         <run_address>0x7bb4</run_address>
         <size>0x2377</size>
         <input_file_ref idref="fl-5"/>
      </object_component>
      <object_component id="oc-60">
         <name>.debug_info</name>
         <load_address>0x9f2b</load_address>
         <run_address>0x9f2b</run_address>
         <size>0x385a</size>
         <input_file_ref idref="fl-6"/>
      </object_component>
      <object_component id="oc-69">
         <name>.debug_info</name>
         <load_address>0xd785</load_address>
         <run_address>0xd785</run_address>
         <size>0x361f</size>
         <input_file_ref idref="fl-7"/>
      </object_component>
      <object_component id="oc-71">
         <name>.debug_info</name>
         <load_address>0x10da4</load_address>
         <run_address>0x10da4</run_address>
         <size>0x3bb1</size>
         <input_file_ref idref="fl-8"/>
      </object_component>
      <object_component id="oc-78">
         <name>.debug_info</name>
         <load_address>0x14955</load_address>
         <run_address>0x14955</run_address>
         <size>0x1800</size>
         <input_file_ref idref="fl-9"/>
      </object_component>
      <object_component id="oc-7e">
         <name>.debug_info</name>
         <load_address>0x16155</load_address>
         <run_address>0x16155</run_address>
         <size>0x348b</size>
         <input_file_ref idref="fl-a"/>
      </object_component>
      <object_component id="oc-85">
         <name>.debug_info</name>
         <load_address>0x195e0</load_address>
         <run_address>0x195e0</run_address>
         <size>0x3926</size>
         <input_file_ref idref="fl-b"/>
      </object_component>
      <object_component id="oc-8e">
         <name>.debug_info</name>
         <load_address>0x1cf06</load_address>
         <run_address>0x1cf06</run_address>
         <size>0x3010</size>
         <input_file_ref idref="fl-c"/>
      </object_component>
      <object_component id="oc-95">
         <name>.debug_info</name>
         <load_address>0x1ff16</load_address>
         <run_address>0x1ff16</run_address>
         <size>0x73e</size>
         <input_file_ref idref="fl-d"/>
      </object_component>
      <object_component id="oc-9c">
         <name>.debug_info</name>
         <load_address>0x20654</load_address>
         <run_address>0x20654</run_address>
         <size>0x78d5</size>
         <input_file_ref idref="fl-e"/>
      </object_component>
      <object_component id="oc-a5">
         <name>.debug_info</name>
         <load_address>0x27f29</load_address>
         <run_address>0x27f29</run_address>
         <size>0x178</size>
         <input_file_ref idref="fl-f"/>
      </object_component>
      <object_component id="oc-a9">
         <name>.debug_info</name>
         <load_address>0x280a1</load_address>
         <run_address>0x280a1</run_address>
         <size>0x257d</size>
         <input_file_ref idref="fl-10"/>
      </object_component>
      <object_component id="oc-af">
         <name>.debug_info</name>
         <load_address>0x2a61e</load_address>
         <run_address>0x2a61e</run_address>
         <size>0x1742</size>
         <input_file_ref idref="fl-11"/>
      </object_component>
      <object_component id="oc-b4">
         <name>.debug_info</name>
         <load_address>0x2bd60</load_address>
         <run_address>0x2bd60</run_address>
         <size>0x228a</size>
         <input_file_ref idref="fl-12"/>
      </object_component>
      <object_component id="oc-ba">
         <name>.debug_info</name>
         <load_address>0x2dfea</load_address>
         <run_address>0x2dfea</run_address>
         <size>0xbd4</size>
         <input_file_ref idref="fl-13"/>
      </object_component>
      <object_component id="oc-bf">
         <name>.debug_info</name>
         <load_address>0x2ebbe</load_address>
         <run_address>0x2ebbe</run_address>
         <size>0x1649</size>
         <input_file_ref idref="fl-14"/>
      </object_component>
      <object_component id="oc-c4">
         <name>.debug_info</name>
         <load_address>0x30207</load_address>
         <run_address>0x30207</run_address>
         <size>0x156b</size>
         <input_file_ref idref="fl-15"/>
      </object_component>
      <object_component id="oc-c8">
         <name>.debug_info</name>
         <load_address>0x31772</load_address>
         <run_address>0x31772</run_address>
         <size>0x13a34</size>
         <input_file_ref idref="fl-16"/>
      </object_component>
      <object_component id="oc-fb">
         <name>.debug_info</name>
         <load_address>0x451a6</load_address>
         <run_address>0x451a6</run_address>
         <size>0x1f19</size>
         <input_file_ref idref="fl-17"/>
      </object_component>
      <object_component id="oc-ff">
         <name>.debug_info</name>
         <load_address>0x470bf</load_address>
         <run_address>0x470bf</run_address>
         <size>0x497c</size>
         <input_file_ref idref="fl-18"/>
      </object_component>
      <object_component id="oc-105">
         <name>.debug_info</name>
         <load_address>0x4ba3b</load_address>
         <run_address>0x4ba3b</run_address>
         <size>0xa38</size>
         <input_file_ref idref="fl-19"/>
      </object_component>
      <object_component id="oc-10c">
         <name>.debug_info</name>
         <load_address>0x4c473</load_address>
         <run_address>0x4c473</run_address>
         <size>0x1fd</size>
         <input_file_ref idref="fl-1a"/>
      </object_component>
      <object_component id="oc-110">
         <name>.debug_info</name>
         <load_address>0x4c670</load_address>
         <run_address>0x4c670</run_address>
         <size>0x448b</size>
         <input_file_ref idref="fl-1b"/>
      </object_component>
      <object_component id="oc-116">
         <name>.debug_info</name>
         <load_address>0x50afb</load_address>
         <run_address>0x50afb</run_address>
         <size>0xde</size>
         <input_file_ref idref="fl-2b"/>
      </object_component>
      <object_component id="oc-119">
         <name>.debug_info</name>
         <load_address>0x50bd9</load_address>
         <run_address>0x50bd9</run_address>
         <size>0x3a7</size>
         <input_file_ref idref="fl-2c"/>
      </object_component>
      <object_component id="oc-11e">
         <name>.debug_info</name>
         <load_address>0x50f80</load_address>
         <run_address>0x50f80</run_address>
         <size>0x3d6</size>
         <input_file_ref idref="fl-2d"/>
      </object_component>
      <object_component id="oc-125">
         <name>.debug_info</name>
         <load_address>0x51356</load_address>
         <run_address>0x51356</run_address>
         <size>0x850</size>
         <input_file_ref idref="fl-2e"/>
      </object_component>
      <object_component id="oc-12c">
         <name>.debug_info</name>
         <load_address>0x51ba6</load_address>
         <run_address>0x51ba6</run_address>
         <size>0xc0</size>
         <input_file_ref idref="fl-2f"/>
      </object_component>
      <object_component id="oc-130">
         <name>.debug_info</name>
         <load_address>0x51c66</load_address>
         <run_address>0x51c66</run_address>
         <size>0xc0</size>
         <input_file_ref idref="fl-30"/>
      </object_component>
      <object_component id="oc-134">
         <name>.debug_info</name>
         <load_address>0x51d26</load_address>
         <run_address>0x51d26</run_address>
         <size>0xc0</size>
         <input_file_ref idref="fl-31"/>
      </object_component>
      <object_component id="oc-138">
         <name>.debug_info</name>
         <load_address>0x51de6</load_address>
         <run_address>0x51de6</run_address>
         <size>0xcc</size>
         <input_file_ref idref="fl-32"/>
      </object_component>
      <object_component id="oc-13c">
         <name>.debug_info</name>
         <load_address>0x51eb2</load_address>
         <run_address>0x51eb2</run_address>
         <size>0xcc</size>
         <input_file_ref idref="fl-33"/>
      </object_component>
      <object_component id="oc-140">
         <name>.debug_info</name>
         <load_address>0x51f7e</load_address>
         <run_address>0x51f7e</run_address>
         <size>0xc6</size>
         <input_file_ref idref="fl-34"/>
      </object_component>
      <object_component id="oc-144">
         <name>.debug_info</name>
         <load_address>0x52044</load_address>
         <run_address>0x52044</run_address>
         <size>0x14b</size>
         <input_file_ref idref="fl-35"/>
      </object_component>
      <object_component id="oc-148">
         <name>.debug_info</name>
         <load_address>0x5218f</load_address>
         <run_address>0x5218f</run_address>
         <size>0x3fc</size>
         <input_file_ref idref="fl-36"/>
      </object_component>
      <object_component id="oc-14f">
         <name>.debug_info</name>
         <load_address>0x5258b</load_address>
         <run_address>0x5258b</run_address>
         <size>0x1254</size>
         <input_file_ref idref="fl-37"/>
      </object_component>
      <object_component id="oc-156">
         <name>.debug_info</name>
         <load_address>0x537df</load_address>
         <run_address>0x537df</run_address>
         <size>0x3a3</size>
         <input_file_ref idref="fl-38"/>
      </object_component>
      <object_component id="oc-15b">
         <name>.debug_info</name>
         <load_address>0x53b82</load_address>
         <run_address>0x53b82</run_address>
         <size>0x630</size>
         <input_file_ref idref="fl-39"/>
      </object_component>
      <object_component id="oc-160">
         <name>.debug_info</name>
         <load_address>0x541b2</load_address>
         <run_address>0x541b2</run_address>
         <size>0x510</size>
         <input_file_ref idref="fl-3a"/>
      </object_component>
      <object_component id="oc-165">
         <name>.debug_info</name>
         <load_address>0x546c2</load_address>
         <run_address>0x546c2</run_address>
         <size>0x38b</size>
         <input_file_ref idref="fl-3b"/>
      </object_component>
      <object_component id="oc-16a">
         <name>.debug_info</name>
         <load_address>0x54a4d</load_address>
         <run_address>0x54a4d</run_address>
         <size>0x37d</size>
         <input_file_ref idref="fl-3c"/>
      </object_component>
      <object_component id="oc-16f">
         <name>.debug_info</name>
         <load_address>0x54dca</load_address>
         <run_address>0x54dca</run_address>
         <size>0x3a9</size>
         <input_file_ref idref="fl-3d"/>
      </object_component>
      <object_component id="oc-174">
         <name>.debug_info</name>
         <load_address>0x55173</load_address>
         <run_address>0x55173</run_address>
         <size>0xd72</size>
         <input_file_ref idref="fl-3e"/>
      </object_component>
      <object_component id="oc-17a">
         <name>.debug_info</name>
         <load_address>0x55ee5</load_address>
         <run_address>0x55ee5</run_address>
         <size>0xeb</size>
         <input_file_ref idref="fl-3f"/>
      </object_component>
      <object_component id="oc-17e">
         <name>.debug_info</name>
         <load_address>0x55fd0</load_address>
         <run_address>0x55fd0</run_address>
         <size>0xc0</size>
         <input_file_ref idref="fl-40"/>
      </object_component>
      <object_component id="oc-182">
         <name>.debug_info</name>
         <load_address>0x56090</load_address>
         <run_address>0x56090</run_address>
         <size>0x4b5</size>
         <input_file_ref idref="fl-41"/>
      </object_component>
      <object_component id="oc-188">
         <name>.debug_info</name>
         <load_address>0x56545</load_address>
         <run_address>0x56545</run_address>
         <size>0x3bd</size>
         <input_file_ref idref="fl-42"/>
      </object_component>
      <object_component id="oc-18d">
         <name>.debug_info</name>
         <load_address>0x56902</load_address>
         <run_address>0x56902</run_address>
         <size>0x5cb</size>
         <input_file_ref idref="fl-43"/>
      </object_component>
      <object_component id="oc-192">
         <name>.debug_info</name>
         <load_address>0x56ecd</load_address>
         <run_address>0x56ecd</run_address>
         <size>0x543</size>
         <input_file_ref idref="fl-44"/>
      </object_component>
      <object_component id="oc-197">
         <name>.debug_info</name>
         <load_address>0x57410</load_address>
         <run_address>0x57410</run_address>
         <size>0x566</size>
         <input_file_ref idref="fl-45"/>
      </object_component>
      <object_component id="oc-19c">
         <name>.debug_info</name>
         <load_address>0x57976</load_address>
         <run_address>0x57976</run_address>
         <size>0x71d</size>
         <input_file_ref idref="fl-46"/>
      </object_component>
      <object_component id="oc-1a2">
         <name>.debug_info</name>
         <load_address>0x58093</load_address>
         <run_address>0x58093</run_address>
         <size>0x4cc</size>
         <input_file_ref idref="fl-47"/>
      </object_component>
      <object_component id="oc-1a7">
         <name>.debug_info</name>
         <load_address>0x5855f</load_address>
         <run_address>0x5855f</run_address>
         <size>0x398</size>
         <input_file_ref idref="fl-48"/>
      </object_component>
      <object_component id="oc-1ac">
         <name>.debug_info</name>
         <load_address>0x588f7</load_address>
         <run_address>0x588f7</run_address>
         <size>0x9f7</size>
         <input_file_ref idref="fl-49"/>
      </object_component>
      <object_component id="oc-1b4">
         <name>.debug_info</name>
         <load_address>0x592ee</load_address>
         <run_address>0x592ee</run_address>
         <size>0x1e9a</size>
         <input_file_ref idref="fl-4a"/>
      </object_component>
      <object_component id="oc-1bb">
         <name>.debug_info</name>
         <load_address>0x5b188</load_address>
         <run_address>0x5b188</run_address>
         <size>0x337</size>
         <input_file_ref idref="fl-4b"/>
      </object_component>
      <object_component id="oc-1c0">
         <name>.debug_info</name>
         <load_address>0x5b4bf</load_address>
         <run_address>0x5b4bf</run_address>
         <size>0x381</size>
         <input_file_ref idref="fl-4c"/>
      </object_component>
      <object_component id="oc-1c5">
         <name>.debug_info</name>
         <load_address>0x5b840</load_address>
         <run_address>0x5b840</run_address>
         <size>0x366</size>
         <input_file_ref idref="fl-4d"/>
      </object_component>
      <object_component id="oc-1ca">
         <name>.debug_info</name>
         <load_address>0x5bba6</load_address>
         <run_address>0x5bba6</run_address>
         <size>0x34f</size>
         <input_file_ref idref="fl-4e"/>
      </object_component>
      <object_component id="oc-1ce">
         <name>.debug_info</name>
         <load_address>0x5bef5</load_address>
         <run_address>0x5bef5</run_address>
         <size>0x2c0</size>
         <input_file_ref idref="fl-4f"/>
      </object_component>
      <object_component id="oc-1d1">
         <name>.debug_info</name>
         <load_address>0x5c1b5</load_address>
         <run_address>0x5c1b5</run_address>
         <size>0xcc</size>
         <input_file_ref idref="fl-50"/>
      </object_component>
      <object_component id="oc-1d5">
         <name>.debug_info</name>
         <load_address>0x5c281</load_address>
         <run_address>0x5c281</run_address>
         <size>0xc0</size>
         <input_file_ref idref="fl-51"/>
      </object_component>
      <object_component id="oc-1d9">
         <name>.debug_info</name>
         <load_address>0x5c341</load_address>
         <run_address>0x5c341</run_address>
         <size>0xc0</size>
         <input_file_ref idref="fl-52"/>
      </object_component>
      <object_component id="oc-1dd">
         <name>.debug_info</name>
         <load_address>0x5c401</load_address>
         <run_address>0x5c401</run_address>
         <size>0xc0</size>
         <input_file_ref idref="fl-53"/>
      </object_component>
      <object_component id="oc-1e1">
         <name>.debug_info</name>
         <load_address>0x5c4c1</load_address>
         <run_address>0x5c4c1</run_address>
         <size>0xce</size>
         <input_file_ref idref="fl-54"/>
      </object_component>
      <object_component id="oc-1e5">
         <name>.debug_info</name>
         <load_address>0x5c58f</load_address>
         <run_address>0x5c58f</run_address>
         <size>0xc0</size>
         <input_file_ref idref="fl-55"/>
      </object_component>
      <object_component id="oc-1e9">
         <name>.debug_info</name>
[...]
      </symbol>
      <symbol id="sm-3cc">
         <name>_SCIRXINTA_ISR</name>
         <value>0x3e9433</value>
         <object_component_ref idref="oc-100"/>
      </symbol>
      <symbol id="sm-3cd">
         <name>_rsvd_ISR</name>
         <value>0x3e94b0</value>
         <object_component_ref idref="oc-100"/>
      </symbol>
      <symbol id="sm-3ce">
         <name>_HRCAP1_INT_ISR</name>
         <value>0x3e9406</value>
         <object_component_ref idref="oc-100"/>
      </symbol>
      <symbol id="sm-3da">
         <name>_CpuTimer2</name>
         <value>0x8fc8</value>
         <object_component_ref idref="oc-106"/>
      </symbol>
      <symbol id="sm-3db">
         <name>_CpuTimer0</name>
         <value>0x8fd0</value>
         <object_component_ref idref="oc-106"/>
      </symbol>
      <symbol id="sm-3dc">
         <name>_CpuTimer1</name>
         <value>0x8fc0</value>
         <object_component_ref idref="oc-106"/>
      </symbol>
      <symbol id="sm-3dd">
         <name>_InitCpuTimers</name>
         <value>0x3ea4c3</value>
         <object_component_ref idref="oc-104"/>
      </symbol>
      <symbol id="sm-3de">
         <name>_ConfigCpuTimer</name>
         <value>0x3ea504</value>
         <object_component_ref idref="oc-104"/>
      </symbol>
      <symbol id="sm-3e9">
         <name>code_start</name>
         <value>0x3f7ff6</value>
         <object_component_ref idref="oc-10b"/>
      </symbol>
      <symbol id="sm-3f6">
         <name>_InitAdc</name>
         <value>0x3e8b7e</value>
         <object_component_ref idref="oc-10f"/>
      </symbol>
      <symbol id="sm-3f7">
         <name>_InitAdcAio</name>
         <value>0x3e8b9c</value>
         <object_component_ref idref="oc-10f"/>
      </symbol>
      <symbol id="sm-3f8">
         <name>_AdcOffsetSelfCal</name>
         <value>0x3e8bbe</value>
         <object_component_ref idref="oc-10f"/>
      </symbol>
      <symbol id="sm-3f9">
         <name>_AdcChanSelect</name>
         <value>0x3e8be5</value>
         <object_component_ref idref="oc-10f"/>
      </symbol>
      <symbol id="sm-3fa">
         <name>_AdcConversion</name>
         <value>0x3e8c5a</value>
         <object_component_ref idref="oc-10f"/>
      </symbol>
      <symbol id="sm-40e">
         <name>_c_int00</name>
         <value>0x3ea77f</value>
         <object_component_ref idref="oc-44"/>
      </symbol>
      <symbol id="sm-40f">
         <name>__stack</name>
         <value>0x50</value>
         <object_component_ref idref="oc-114"/>
      </symbol>
      <symbol id="sm-419">
         <name>___TI_ft_end</name>
         <value>0x8c00</value>
         <object_component_ref idref="oc-11b"/>
      </symbol>
      <symbol id="sm-41a">
         <name>___TI_tmpnams</name>
         <value>0x8cc0</value>
         <object_component_ref idref="oc-11b"/>
      </symbol>
      <symbol id="sm-41b">
         <name>__ftable</name>
         <value>0x8c40</value>
         <object_component_ref idref="oc-11b"/>
      </symbol>
      <symbol id="sm-42c">
         <name>C$$EXIT</name>
         <value>0x3eabb6</value>
         <object_component_ref idref="oc-11d"/>
      </symbol>
      <symbol id="sm-42d">
         <name>_exit</name>
         <value>0x3eabb8</value>
         <object_component_ref idref="oc-11d"/>
      </symbol>
      <symbol id="sm-42e">
         <name>___TI_cleanup_ptr</name>
         <value>0x8fec</value>
         <object_component_ref idref="oc-120"/>
      </symbol>
      <symbol id="sm-42f">
         <name>_abort</name>
         <value>0x3eabb6</value>
         <object_component_ref idref="oc-11d"/>
      </symbol>
      <symbol id="sm-430">
         <name>___TI_dtors_ptr</name>
         <value>0x8fee</value>
         <object_component_ref idref="oc-120"/>
      </symbol>
      <symbol id="sm-463">
         <name>_fopen</name>
         <value>0x3e9a4a</value>
         <object_component_ref idref="oc-124"/>
      </symbol>
      <symbol id="sm-464">
         <name>___TI_cleanup</name>
         <value>0x3e99dd</value>
         <object_component_ref idref="oc-124"/>
      </symbol>
      <symbol id="sm-465">
         <name>_freopen</name>
         <value>0x3e99fa</value>
         <object_component_ref idref="oc-124"/>
      </symbol>
      <symbol id="sm-47b">
         <name>FS$$ADD</name>
         <value>0x3ea3d8</value>
         <object_component_ref idref="oc-12b"/>
      </symbol>
      <symbol id="sm-47c">
         <name>FS$$SUB</name>
         <value>0x3ea3d3</value>
         <object_component_ref idref="oc-12b"/>
      </symbol>
      <symbol id="sm-489">
         <name>FS$$DIV</name>
         <value>0x3ea2d2</value>
         <object_component_ref idref="oc-12f"/>
      </symbol>
      <symbol id="sm-496">
         <name>FS$$MPY</name>
         <value>0x3ea6d5</value>
         <object_component_ref idref="oc-133"/>
      </symbol>
      <symbol id="sm-4a3">
         <name>FS$$TOI</name>
         <value>0x3eaa38</value>
         <object_component_ref idref="oc-137"/>
      </symbol>
      <symbol id="sm-4b2">
         <name>FS$$TOL</name>
         <value>0x3ea978</value>
         <object_component_ref idref="oc-13b"/>
      </symbol>
      <symbol id="sm-4bd">
         <name>I$$TOFS</name>
         <value>0x3eab6a</value>
         <object_component_ref idref="oc-13f"/>
      </symbol>
      <symbol id="sm-4c5">
         <name>UL$$MOD</name>
         <value>0x3ea972</value>
         <object_component_ref idref="oc-143"/>
      </symbol>
      <symbol id="sm-4c6">
         <name>L$$MOD</name>
         <value>0x3ea95d</value>
         <object_component_ref idref="oc-143"/>
      </symbol>
      <symbol id="sm-4c7">
         <name>L$$DIV</name>
         <value>0x3ea94e</value>
         <object_component_ref idref="oc-143"/>
      </symbol>
      <symbol id="sm-4c8">
         <name>UL$$DIV</name>
         <value>0x3ea96b</value>
         <object_component_ref idref="oc-143"/>
      </symbol>
      <symbol id="sm-4d6">
         <name>__unlock</name>
         <value>0x8d7c</value>
         <object_component_ref idref="oc-14a"/>
      </symbol>
      <symbol id="sm-4d7">
         <name>__lock</name>
         <value>0x8d7e</value>
         <object_component_ref idref="oc-14a"/>
      </symbol>
      <symbol id="sm-4d8">
         <name>__register_lock</name>
         <value>0x3eac8e</value>
         <object_component_ref idref="oc-147"/>
      </symbol>
      <symbol id="sm-4d9">
         <name>__nop</name>
         <value>0x3eac92</value>
         <object_component_ref idref="oc-147"/>
      </symbol>
      <symbol id="sm-4da">
         <name>__register_unlock</name>
         <value>0x3eac8a</value>
         <object_component_ref idref="oc-147"/>
      </symbol>
      <symbol id="sm-50f">
         <name>_add_device</name>
         <value>0x3e8f16</value>
         <object_component_ref idref="oc-14e"/>
      </symbol>
      <symbol id="sm-510">
         <name>_rename</name>
         <value>0x3e8dff</value>
         <object_component_ref idref="oc-14e"/>
      </symbol>
      <symbol id="sm-511">
         <name>_read</name>
         <value>0x3e8e42</value>
         <object_component_ref idref="oc-14e"/>
      </symbol>
      <symbol id="sm-512">
         <name>_unlink</name>
         <value>0x3e8de7</value>
         <object_component_ref idref="oc-14e"/>
      </symbol>
      <symbol id="sm-513">
         <name>_remove_device</name>
         <value>0x3e8e28</value>
         <object_component_ref idref="oc-14e"/>
      </symbol>
      <symbol id="sm-514">
         <name>_open</name>
         <value>0x3e8e5a</value>
         <object_component_ref idref="oc-14e"/>
      </symbol>
      <symbol id="sm-515">
         <name>_lseek</name>
         <value>0x3e8ecc</value>
         <object_component_ref idref="oc-14e"/>
      </symbol>
      <symbol id="sm-516">
         <name>_close</name>
         <value>0x3e8ee4</value>
         <object_component_ref idref="oc-14e"/>
      </symbol>
      <symbol id="sm-517">
         <name>_write</name>
         <value>0x3e8d81</value>
         <object_component_ref idref="oc-14e"/>
      </symbol>
      <symbol id="sm-526">
         <name>___memcpy_ff</name>
         <value>0x3eaaa0</value>
         <object_component_ref idref="oc-155"/>
      </symbol>
      <symbol id="sm-534">
         <name>_printf</name>
         <value>0x3ea845</value>
         <object_component_ref idref="oc-15a"/>
      </symbol>
      <symbol id="sm-549">
         <name>_setvbuf</name>
         <value>0x3ea44b</value>
         <object_component_ref idref="oc-15f"/>
      </symbol>
      <symbol id="sm-556">
         <name>_strchr</name>
         <value>0x3eac61</value>
         <object_component_ref idref="oc-164"/>
      </symbol>
      <symbol id="sm-562">
         <name>_strcmp</name>
         <value>0x3eac77</value>
         <object_component_ref idref="oc-169"/>
      </symbol>
      <symbol id="sm-570">
         <name>_strncpy</name>
         <value>0x3eaa5d</value>
         <object_component_ref idref="oc-16e"/>
      </symbol>
      <symbol id="sm-581">
         <name>_HOSTopen</name>
         <value>0x3e907b</value>
         <object_component_ref idref="oc-173"/>
      </symbol>
      <symbol id="sm-582">
         <name>_HOSTread</name>
         <value>0x3e9045</value>
         <object_component_ref idref="oc-173"/>
      </symbol>
      <symbol id="sm-583">
         <name>_HOSTgetenv</name>
         <value>0x3e90f9</value>
         <object_component_ref idref="oc-173"/>
      </symbol>
      <symbol id="sm-584">
         <name>_HOSTtime</name>
         <value>0x3e8fdd</value>
         <object_component_ref idref="oc-173"/>
      </symbol>
      <symbol id="sm-585">
         <name>_HOSTrename</name>
         <value>0x3e9007</value>
         <object_component_ref idref="oc-173"/>
      </symbol>
      <symbol id="sm-586">
         <name>_HOSTclock</name>
         <value>0x3e9148</value>
         <object_component_ref idref="oc-173"/>
      </symbol>
      <symbol id="sm-587">
         <name>_HOSTwrite</name>
         <value>0x3e8f82</value>
         <object_component_ref idref="oc-173"/>
      </symbol>
      <symbol id="sm-588">
         <name>_HOSTlseek</name>
         <value>0x3e90b2</value>
         <object_component_ref idref="oc-173"/>
      </symbol>
      <symbol id="sm-589">
         <name>_HOSTunlink</name>
         <value>0x3e8fb8</value>
         <object_component_ref idref="oc-173"/>
      </symbol>
      <symbol id="sm-58a">
         <name>_HOSTclose</name>
         <value>0x3e9121</value>
         <object_component_ref idref="oc-173"/>
      </symbol>
      <symbol id="sm-592">
         <name>U$$MOD</name>
         <value>0x3eac71</value>
         <object_component_ref idref="oc-179"/>
      </symbol>
      <symbol id="sm-593">
         <name>U$$DIV</name>
         <value>0x3eac6c</value>
         <object_component_ref idref="oc-179"/>
      </symbol>
      <symbol id="sm-59d">
         <name>U$$TOFS</name>
         <value>0x3eac1e</value>
         <object_component_ref idref="oc-17d"/>
      </symbol>
      <symbol id="sm-5b3">
         <name>___TI_readmsg</name>
         <value>0x3ea07f</value>
         <object_component_ref idref="oc-181"/>
      </symbol>
      <symbol id="sm-5b4">
         <name>C$$IO$$</name>
         <value>0x3ea07b</value>
         <object_component_ref idref="oc-181"/>
      </symbol>
      <symbol id="sm-5b5">
         <name>__CIOBUF_</name>
         <value>0x9000</value>
         <object_component_ref idref="oc-183"/>
      </symbol>
      <symbol id="sm-5b6">
         <name>___TI_writemsg</name>
         <value>0x3ea02b</value>
         <object_component_ref idref="oc-181"/>
      </symbol>
      <symbol id="sm-5c2">
         <name>__args_main</name>
         <value>0x3eab9d</value>
         <object_component_ref idref="oc-187"/>
      </symbol>
      <symbol id="sm-5c3">
         <name>__TI_args_main</name>
         <value>0x1</value>
      </symbol>
      <symbol id="sm-5d2">
         <name>___TI_closefile</name>
         <value>0x3ea67a</value>
         <object_component_ref idref="oc-18c"/>
      </symbol>
      <symbol id="sm-5d3">
         <name>_fclose</name>
         <value>0x3ea6bc</value>
         <object_component_ref idref="oc-18c"/>
      </symbol>
      <symbol id="sm-5e6">
         <name>___TI_doflush</name>
         <value>0x3ea5aa</value>
         <object_component_ref idref="oc-191"/>
      </symbol>
      <symbol id="sm-5e7">
         <name>_fflush</name>
         <value>0x3ea5d9</value>
         <object_component_ref idref="oc-191"/>
      </symbol>
      <symbol id="sm-5f7">
         <name>_putchar</name>
         <value>0x3ea77a</value>
         <object_component_ref idref="oc-196"/>
      </symbol>
      <symbol id="sm-5f8">
         <name>_putc</name>
         <value>0x3ea72f</value>
         <object_component_ref idref="oc-196"/>
      </symbol>
      <symbol id="sm-5f9">
         <name>_fputc</name>
         <value>0x3ea72f</value>
         <object_component_ref idref="oc-196"/>
      </symbol>
      <symbol id="sm-613">
         <name>_puts</name>
         <value>0x3e9ee2</value>
         <object_component_ref idref="oc-19b"/>
      </symbol>
      <symbol id="sm-614">
         <name>_fputs</name>
         <value>0x3e9e4f</value>
         <object_component_ref idref="oc-19b"/>
      </symbol>
      <symbol id="sm-629">
         <name>___TI_rd_ok</name>
         <value>0x3ea64f</value>
         <object_component_ref idref="oc-1a1"/>
      </symbol>
      <symbol id="sm-62a">
         <name>___TI_wrt_ok</name>
         <value>0x3ea615</value>
         <object_component_ref idref="oc-1a1"/>
      </symbol>
      <symbol id="sm-637">
         <name>_memchr</name>
         <value>0x3eac0e</value>
         <object_component_ref idref="oc-1a6"/>
      </symbol>
      <symbol id="sm-67d">
         <name>__sys_memory</name>
         <value>0x400</value>
         <object_component_ref idref="oc-1af"/>
      </symbol>
      <symbol id="sm-67e">
         <name>_chkheap</name>
         <value>0x3e9320</value>
         <object_component_ref idref="oc-1ab"/>
      </symbol>
      <symbol id="sm-67f">
         <name>_realloc</name>
         <value>0x3e9234</value>
         <object_component_ref idref="oc-1ab"/>
      </symbol>
      <symbol id="sm-680">
         <name>_free_memory</name>
         <value>0x3e9304</value>
         <object_component_ref idref="oc-1ab"/>
      </symbol>
      <symbol id="sm-681">
         <name>_max_free</name>
         <value>0x3e92e4</value>
         <object_component_ref idref="oc-1ab"/>
      </symbol>
      <symbol id="sm-682">
         <name>_free</name>
         <value>0x3e9172</value>
         <object_component_ref idref="oc-1ab"/>
      </symbol>
      <symbol id="sm-683">
         <name>_calloc</name>
         <value>0x3e9322</value>
         <object_component_ref idref="oc-1ab"/>
      </symbol>
      <symbol id="sm-684">
         <name>_malloc</name>
         <value>0x3e91db</value>
         <object_component_ref idref="oc-1ab"/>
      </symbol>
      <symbol id="sm-685">
         <name>_minit</name>
         <value>0x3e91b7</value>
         <object_component_ref idref="oc-1ab"/>
      </symbol>
      <symbol id="sm-78d">
         <name>___TI_printfi</name>
         <value>0x3e880f</value>
         <object_component_ref idref="oc-1b3"/>
      </symbol>
      <symbol id="sm-797">
         <name>_remove</name>
         <value>0x3eacb1</value>
         <object_component_ref idref="oc-1ba"/>
      </symbol>
      <symbol id="sm-7a2">
         <name>_strcpy</name>
         <value>0x3eacac</value>
         <object_component_ref idref="oc-1bf"/>
      </symbol>
      <symbol id="sm-7ad">
         <name>_strlen</name>
         <value>0x3eaca4</value>
         <object_component_ref idref="oc-1c4"/>
      </symbol>
      <symbol id="sm-7be">
         <name>_atoi</name>
         <value>0x3ea871</value>
         <object_component_ref idref="oc-1c9"/>
      </symbol>
      <symbol id="sm-7c6">
         <name>__ctypes_</name>
         <value>0x3eacb4</value>
         <object_component_ref idref="oc-21c"/>
      </symbol>
      <symbol id="sm-7d2">
         <name>FD$$CMP</name>
         <value>0x3ea924</value>
         <object_component_ref idref="oc-1d0"/>
      </symbol>
      <symbol id="sm-7e5">
         <name>FD$$DIV</name>
         <value>0x3ea0b9</value>
         <object_component_ref idref="oc-1d4"/>
      </symbol>
      <symbol id="sm-7f3">
         <name>FD$$MPY</name>
         <value>0x3ea24f</value>
         <object_component_ref idref="oc-1d8"/>
      </symbol>
      <symbol id="sm-7fc">
         <name>FD$$NEG</name>
         <value>0x3eac93</value>
         <object_component_ref idref="oc-1dc"/>
      </symbol>
      <symbol id="sm-804">
         <name>FD$$SUB</name>
         <value>0x3eac2e</value>
         <object_component_ref idref="oc-1e0"/>
      </symbol>
      <symbol id="sm-80f">
         <name>FD$$TOI</name>
         <value>0x3eaa7f</value>
         <object_component_ref idref="oc-1e4"/>
      </symbol>
      <symbol id="sm-81a">
         <name>FD$$TOL</name>
         <value>0x3eaac1</value>
         <object_component_ref idref="oc-1e8"/>
      </symbol>
      <symbol id="sm-828">
         <name>_fseek</name>
         <value>0x3ea802</value>
         <object_component_ref idref="oc-1ec"/>
      </symbol>
      <symbol id="sm-834">
         <name>FS$$TOFD</name>
         <value>0x3eaafe</value>
         <object_component_ref idref="oc-1f1"/>
      </symbol>
      <symbol id="sm-83c">
         <name>LL$$AND</name>
         <value>0x3eabcf</value>
         <object_component_ref idref="oc-1f5"/>
      </symbol>
      <symbol id="sm-83d">
         <name>LL$$OR</name>
         <value>0x3eabd7</value>
         <object_component_ref idref="oc-1f5"/>
      </symbol>
      <symbol id="sm-83e">
         <name>LL$$XOR</name>
         <value>0x3eabdf</value>
         <object_component_ref idref="oc-1f5"/>
      </symbol>
      <symbol id="sm-848">
         <name>ULL$$CMP</name>
         <value>0x3eaaf2</value>
         <object_component_ref idref="oc-1f9"/>
      </symbol>
      <symbol id="sm-849">
         <name>LL$$CMP</name>
         <value>0x3eaae0</value>
         <object_component_ref idref="oc-1f9"/>
      </symbol>
      <symbol id="sm-870">
         <name>ULL$$MOD</name>
         <value>0x3e9903</value>
         <object_component_ref idref="oc-1fd"/>
      </symbol>
      <symbol id="sm-871">
         <name>ULL$$DIV</name>
         <value>0x3e98d4</value>
         <object_component_ref idref="oc-1fd"/>
      </symbol>
      <symbol id="sm-872">
         <name>LL$$MOD</name>
         <value>0x3e989a</value>
         <object_component_ref idref="oc-1fd"/>
      </symbol>
      <symbol id="sm-873">
         <name>LL$$DIV</name>
         <value>0x3e985e</value>
         <object_component_ref idref="oc-1fd"/>
      </symbol>
      <symbol id="sm-87b">
         <name>LL$$MPY</name>
         <value>0x3eabe7</value>
         <object_component_ref idref="oc-201"/>
      </symbol>
      <symbol id="sm-887">
         <name>_ltoa</name>
         <value>0x3ea8a2</value>
         <object_component_ref idref="oc-205"/>
      </symbol>
      <symbol id="sm-893">
         <name>L$$TOFD</name>
         <value>0x3eab1a</value>
         <object_component_ref idref="oc-20a"/>
      </symbol>
      <symbol id="sm-8a0">
         <name>_memccpy</name>
         <value>0x3eac3c</value>
         <object_component_ref idref="oc-20e"/>
      </symbol>
      <symbol id="sm-8ac">
         <name>_memset</name>
         <value>0x3eac55</value>
         <object_component_ref idref="oc-213"/>
      </symbol>
      <symbol id="sm-8c3">
         <name>FD$$ADD</name>
         <value>0x3e9ef4</value>
         <object_component_ref idref="oc-218"/>
      </symbol>
   </symbol_table>
   <title>Link errors: red sections failed placement</title>
</link_info>
